Mon 21 Mar 14:56:19 GMT 2022


                 *********************************************
                 *                                           *
                 *               s  T  D  A                  *
                 *                                           *
                 *                S. Grimme                  *
                 * Mulliken Center for Theoretical Chemistry *
                 *             Universitaet Bonn             *
                 *              Version 1.6.2                *
                 *       Tue Sep 10 14:44:30 CET 2020        *
                 *********************************************
 
 Please cite as:
 S. Grimme, J. Chem. Phys. 138 (2013) 244104
 
 With contributions from:
 C. Bannwarth, P. Shushkov, M. de Wergifosse
 
======================================================================
 
 reading an xTB output...
 
 reading: wfn.xtb
======================================================================
                    M O / A O    I N P U T 
======================================================================
atom  #          x             y             z            charge
  C   1      2.25841148   -0.84489647    0.19312999         6.00
  C   2      0.88779325    1.24948680   -0.23035759         6.00
  C   3     -1.81602664    1.26517152   -0.26871903         6.00
  N   4     -3.19968398    3.25278528   -0.67179757         7.00
  C   5     -5.64744600    2.42640812   -0.54367416         6.00
  C   6     -7.93458132    3.68685533   -0.81768442         6.00
  C   7    -10.11173458    2.27428518   -0.57277594         6.00
  C   8    -10.04275958   -0.31407245   -0.07067575         6.00
  C   9     -7.78699372   -1.60437733    0.20881472         6.00
  C  10     -5.60417128   -0.19426383   -0.03571582         6.00
  O  11     -3.15168494   -0.90952510    0.13473746         8.00
  C  12      4.98755370   -1.02177482    0.26304985         6.00
  C  13      6.57567939    1.05541194   -0.11829684         6.00
  C  14      9.16838339    0.78215757   -0.03136945         6.00
  C  15     10.24023595   -1.56204747    0.43652669         6.00
  C  16      8.69406217   -3.63999012    0.81862928         6.00
  C  17      6.09984639   -3.37316082    0.73302470         6.00
  H  18      1.25496700   -2.59894010    0.51967464         1.00
  H  19      1.72324109    3.07609590   -0.57296491         1.00
  H  20     -7.97747809    5.68561846   -1.20526721         1.00
  H  21    -11.92530458    3.18796768   -0.77346483         1.00
  H  22    -11.79907088   -1.33698111    0.10431287         1.00
  H  23     -7.72482174   -3.60370739    0.59658648         1.00
  H  24      5.77386867    2.89335940   -0.48471471         1.00
  H  25     10.36779245    2.40675497   -0.33032410         1.00
  H  26     12.26961264   -1.76651582    0.50266710         1.00
  H  27      9.51760474   -5.47189046    1.18410228         1.00
  H  28      4.90251603   -5.00059281    1.03235729         1.00

 # atoms          =   28
 # mos            =  130
 # primitive  aos = 1001
 # contracted aos =  191

 spherical AO basis
======================================================================
                    A O   I N T E G R A L S
======================================================================
 memory needed for AO int data:   1 Mb
 done.
  
Restricted MOs found... RKS-sTD-DFT will be performed
  
======================================================================
                    s T D A
======================================================================
 spectral range up to (eV)     :    10.0000000000000     
 occ MO cut-off (eV)           :   -35.9366321437661     
 virtMO cut-off (eV)           :    13.0407346155751     
 perturbation thr              :   1.000000000000000E-004
 triplet                       :  F
 MOs in TDA :          101
 oMOs in TDA:           40
 vMOs in TDA:           61
 sorting MOs ...
 reading and transforming R..V..L AO ints ...
 ints done.
 S^1/2 ...
 S^1/2 orthogonalized MO coefficients done.

 SCF atom population (using active MOs):
  3.903  3.969  3.504  5.110  3.916  3.983  4.006  4.004  3.932  3.565
  5.197  4.079  3.950  4.002  3.982  4.002  3.965  0.998  0.999  0.976
  1.002  0.999  0.962  1.023  0.989  0.993  0.990  1.000
 
 # electrons in TDA:  80.000
 
 
 ax(DF)   :   0.500000000000000     
 s^K      :    2.00000000000000     
 beta  (J):    4.00000000000000     
 alpha (K):    2.00000000000000     
 
 hardness table read.
 setting up gammas ...
 memory needed for q data (Mb)                      0
 computing q(ij,n) ...
 
          78 CSF included by energy.
 
        2362 considered in PT2.
 ordered frontier orbitals
         eV     # centers
  30   -19.602     7.3
  31   -19.194    19.2
  32   -19.062    20.6
  33   -19.014     9.6
  34   -18.745    13.2
  35   -17.867     8.0
  36   -17.619     2.9
  37   -16.427     4.3
  38   -16.296    10.2
  39   -15.860     4.8
  40   -14.959    11.9
 
  41    -7.937     9.8
  42    -5.991    10.8
  43    -5.961     6.4
  44    -5.443     5.3
  45    -5.106    13.8
  46    -4.804    11.4
  47    -4.774    10.2
  48    -4.276    11.8
  49    -4.134    14.4
  50    -3.694    10.2
  51    -3.597     9.2
 
             lowest CSF states
       eV     nm      excitation i->a               eV
    1  4.29   289.0       40 ->  41     gap,J,K:   7.023   3.809   0.538   Kshft:   0.001  locality: 0.961
    2  5.19   238.7       39 ->  41     gap,J,K:   7.923   3.176   0.211   Kshft:   0.024  locality: 0.697
    3  5.35   231.6       37 ->  41     gap,J,K:   8.490   3.710   0.282   Kshft:   0.008  locality: 0.804
    4  5.64   219.9       38 ->  41     gap,J,K:   8.359   3.732   0.505   Kshft:   0.001  locality: 0.974
    5  6.20   200.1       40 ->  42     gap,J,K:   8.968   3.544   0.386   Kshft:   0.002  locality: 0.974
    6  6.26   198.1       36 ->  41     gap,J,K:   9.682   3.924   0.000   Kshft:   0.500  locality: 0.813
    7  6.34   195.7       40 ->  43     gap,J,K:   8.998   3.216   0.273   Kshft:   0.009  locality: 0.795
    8  6.49   190.9       40 ->  44     gap,J,K:   9.516   3.839   0.408   Kshft:   0.002  locality: 0.902
    9  6.78   182.8       39 ->  47     gap,J,K:  11.086   4.804   0.000   Kshft:   0.500  locality: 0.984
   10  7.01   176.9       39 ->  44     gap,J,K:  10.417   4.898   0.745   Kshft:   0.000  locality: 1.001
   11  7.06   175.5       37 ->  45     gap,J,K:  11.321   4.758   0.000   Kshft:   0.500  locality: 0.990
   12  7.06   175.5       35 ->  41     gap,J,K:   9.930   3.905   0.519   Kshft:   0.001  locality: 0.988
   13  7.13   173.8       40 ->  47     gap,J,K:  10.185   3.553   0.000   Kshft:   0.500  locality: 0.837
   14  7.24   171.4       40 ->  45     gap,J,K:   9.853   3.118   0.000   Kshft:   0.500  locality: 0.755
   15  7.30   169.9       39 ->  42     gap,J,K:   9.869   3.411   0.419   Kshft:   0.002  locality: 0.816
   16  7.34   168.9       40 ->  46     gap,J,K:  10.155   3.675   0.429   Kshft:   0.001  locality: 0.993
   17  7.44   166.6       38 ->  43     gap,J,K:  10.334   3.584   0.345   Kshft:   0.004  locality: 0.917
   18  7.45   166.3       37 ->  43     gap,J,K:  10.466   4.648   0.818   Kshft:   0.000  locality: 0.988
   19  7.47   166.0       34 ->  41     gap,J,K:  10.808   3.838   0.000   Kshft:   0.500  locality: 0.892
   20  7.50   165.2       38 ->  42     gap,J,K:  10.304   3.508   0.352   Kshft:   0.003  locality: 0.998
   21  7.77   159.7       37 ->  42     gap,J,K:  10.436   3.468   0.398   Kshft:   0.002  locality: 0.819
   22  7.82   158.5       40 ->  48     gap,J,K:  10.683   3.362   0.000   Kshft:   0.500  locality: 0.844
   23  7.94   156.2       40 ->  51     gap,J,K:  11.362   3.828   0.181   Kshft:   0.042  locality: 0.955
   24  7.94   156.1       39 ->  46     gap,J,K:  11.056   3.610   0.242   Kshft:   0.014  locality: 0.849
   25  7.98   155.5       32 ->  41     gap,J,K:  11.125   3.649   0.000   Kshft:   0.500  locality: 0.958
 
 selecting CSF ...
 average/max PT2 energy lowering (eV):     0.017     0.070
         812 CSF included by PT.
         890 CSF in total.
 sTD-DFT procedure...
 setting up A+B and A-B matrices
  calculating (A-B)^0.5 ...
 estimated time (min)     0.03
  calculating (A+B)*(A-B)^0.5 ...
 calculate eigenvalues of (A-B)^0.5*(A+B)*(A-B)^0.5 ...
  rpa vectors ok
   98 roots found, lowest/highest eigenvalue :    3.864   9.994   0
 writing spectral data to tda.dat ...
 
 excitation energies, transition moments and TDA amplitudes
 state    eV      nm       fL         Rv
    1    3.864   320.9     1.3347    -0.0223     0.90(  40->  41)  0.03(  38->  42)  0.03(  39->  41)
    2    4.530   273.7     0.0071     0.0001     0.62(  37->  41)  0.12(  40->  43)  0.09(  38->  43)
    3    4.572   271.2     0.1675    -0.0087     0.56(  39->  41)  0.10(  40->  44)  0.06(  39->  44)
    4    5.054   245.3     0.0112     0.0140     0.78(  38->  41)  0.12(  39->  41)  0.02(  39->  44)
    5    5.378   230.5     0.0233    -0.0043     0.33(  40->  42)  0.16(  39->  41)  0.09(  40->  43)
    6    5.758   215.3     0.0072    -0.0374     0.84(  36->  41)  0.05(  36->  42)  0.02(  36->  46)
    7    5.786   214.3     0.0194     0.0654     0.31(  40->  44)  0.29(  40->  42)  0.10(  37->  41)
    8    5.878   210.9     0.1976    -0.0204     0.41(  40->  43)  0.21(  37->  41)  0.14(  40->  44)
    9    6.210   199.7     0.2072    -0.0132     0.21(  39->  44)  0.15(  37->  43)  0.13(  40->  46)
   10    6.356   195.1     0.0500     0.3399     0.56(  35->  41)  0.27(  40->  46)  0.02(  37->  43)
   11    6.373   194.5     0.0001    -0.3365     0.47(  40->  45)  0.26(  40->  47)  0.13(  38->  45)
   12    6.468   191.7     0.0004     0.0155     0.49(  40->  47)  0.19(  40->  45)  0.14(  38->  45)
   13    6.629   187.0     0.2143    19.9543     0.41(  39->  47)  0.18(  39->  42)  0.11(  40->  44)
   14    6.630   187.0     0.1631   -19.9383     0.54(  39->  47)  0.14(  39->  42)  0.08(  40->  44)
   15    6.748   183.7     0.0263    -0.0014     0.32(  37->  43)  0.23(  39->  44)  0.11(  40->  42)
   16    6.895   179.8     0.0000     0.2091     0.90(  37->  45)  0.03(  37->  48)  0.02(  40->  48)
   17    6.897   179.8     0.0582    -0.2315     0.23(  40->  43)  0.15(  37->  42)  0.13(  35->  43)
   18    6.965   178.0     0.5290    -0.0259     0.21(  40->  46)  0.19(  39->  44)  0.18(  40->  51)
   19    7.036   176.2     0.0000     0.0273     0.79(  34->  41)  0.08(  27->  41)  0.04(  32->  41)
   20    7.102   174.6     0.0001    -0.0055     0.58(  40->  48)  0.11(  38->  48)  0.08(  38->  45)
   21    7.273   170.5     0.0000    -0.0027     0.62(  40->  49)  0.07(  38->  49)  0.05(  40->  48)
   22    7.372   168.2     0.1459     0.0589     0.37(  38->  42)  0.13(  40->  51)  0.12(  33->  41)
   23    7.475   165.9     0.0005     0.0268     0.67(  32->  41)  0.07(  34->  41)  0.05(  31->  41)
   24    7.520   164.9     0.3118     0.0115     0.26(  37->  42)  0.26(  38->  43)  0.13(  37->  46)
   25    7.555   164.1     0.0000    -0.0606     0.68(  40->  50)  0.15(  38->  50)  0.05(  38->  49)
   26    7.634   162.4     0.0016    -0.2070     0.33(  36->  42)  0.32(  31->  41)  0.10(  36->  46)
   27    7.657   161.9     0.0000     0.0273     0.78(  39->  50)  0.06(  39->  49)  0.03(  40->  50)
   28    7.672   161.6     0.0480     0.2103     0.38(  33->  41)  0.12(  29->  41)  0.09(  38->  42)
   29    7.713   160.8     0.1504    -0.0814     0.22(  40->  51)  0.13(  40->  46)  0.08(  35->  41)
   30    7.764   159.7     0.1370     0.0217     0.46(  38->  44)  0.09(  35->  44)  0.08(  39->  42)
   31    7.828   158.4     0.0001     0.0075     0.43(  37->  48)  0.25(  37->  49)  0.05(  40->  53)
   32    7.855   157.8     0.0484     0.0528     0.29(  39->  46)  0.13(  39->  51)  0.11(  39->  42)
   33    7.900   156.9     0.0029    -0.0324     0.75(  36->  44)  0.12(  31->  41)  0.05(  36->  46)
   34    7.957   155.8     0.0000    -0.0069     0.23(  40->  52)  0.20(  38->  49)  0.18(  40->  53)
   35    8.016   154.7     0.0063     0.1052     0.33(  28->  41)  0.18(  29->  41)  0.14(  33->  41)
   36    8.040   154.2     0.0001    -0.0974     0.23(  31->  41)  0.21(  27->  41)  0.15(  36->  42)
   37    8.064   153.8     0.0520    -0.0317     0.36(  29->  41)  0.28(  28->  41)  0.08(  40->  54)
   38    8.112   152.8     0.0000     0.0072     0.24(  40->  52)  0.21(  40->  53)  0.13(  38->  48)
   39    8.173   151.7     0.0005     0.2234     0.45(  27->  41)  0.11(  32->  41)  0.09(  31->  42)
   40    8.194   151.3     0.0024    -0.2169     0.21(  39->  43)  0.15(  40->  54)  0.14(  40->  55)
   41    8.195   151.3     0.0000     0.0512     0.23(  39->  53)  0.20(  39->  52)  0.16(  39->  49)
   42    8.206   151.1     0.0021    -0.0732     0.62(  39->  43)  0.09(  39->  42)  0.06(  40->  54)
   43    8.267   150.0     0.0000     0.0004     0.40(  37->  49)  0.25(  37->  48)  0.12(  37->  53)
   44    8.284   149.7     0.0058    -0.0137     0.40(  38->  46)  0.13(  40->  55)  0.11(  28->  41)
   45    8.311   149.2     0.0025     0.0091     0.66(  34->  43)  0.22(  34->  42)  0.06(  32->  43)
   46    8.406   147.5     0.0005     0.0010     0.28(  38->  45)  0.18(  40->  45)  0.12(  35->  45)
   47    8.467   146.4     0.0139     0.0078     0.36(  35->  43)  0.18(  38->  43)  0.14(  35->  42)
   48    8.573   144.6     0.0015     0.0023     0.69(  39->  55)  0.10(  39->  46)  0.04(  39->  54)
   49    8.597   144.2     0.0033     0.0155     0.24(  38->  54)  0.24(  40->  55)  0.18(  40->  54)
   50    8.640   143.5     0.0008     0.0185     0.41(  40->  56)  0.15(  38->  53)  0.06(  38->  52)
   51    8.687   142.7     0.0011    -0.0186     0.22(  35->  42)  0.21(  40->  57)  0.12(  35->  43)
   52    8.715   142.3     0.0000     0.0248     0.62(  30->  41)  0.22(  30->  42)  0.07(  30->  43)
   53    8.747   141.7     0.0000     0.0003     0.43(  32->  43)  0.26(  31->  43)  0.13(  32->  42)
   54    8.753   141.7     0.0010    -0.0002     0.63(  37->  54)  0.10(  37->  51)  0.06(  37->  42)
   55    8.822   140.5     0.0034     0.0023     0.19(  40->  57)  0.16(  36->  47)  0.14(  38->  46)
   56    8.871   139.8     0.0543     0.0250     0.34(  37->  46)  0.21(  37->  51)  0.18(  37->  42)
   57    8.922   139.0     0.0000    -0.0146     0.18(  39->  45)  0.17(  39->  56)  0.09(  38->  47)
   58    8.950   138.5     0.0001    -0.0080     0.16(  39->  45)  0.14(  39->  56)  0.10(  35->  45)
   59    8.978   138.1     0.0108    -0.0400     0.50(  36->  47)  0.08(  40->  57)  0.08(  33->  44)
   60    8.980   138.1     0.0002     0.1107     0.28(  40->  59)  0.20(  38->  52)  0.09(  38->  48)
   61    8.986   138.0     0.0282     0.3430     0.35(  36->  46)  0.32(  36->  51)  0.05(  36->  42)
   62    8.993   137.9     0.0221    -0.4674     0.29(  33->  44)  0.13(  33->  42)  0.11(  36->  47)
   63    9.073   136.7     0.0003     0.0094     0.45(  37->  52)  0.25(  37->  53)  0.07(  37->  59)
   64    9.179   135.1     0.0096    -0.0070     0.20(  38->  51)  0.13(  33->  44)  0.06(  35->  46)
   65    9.199   134.8     0.0021    -0.0021     0.21(  38->  47)  0.11(  35->  47)  0.11(  40->  47)
   66    9.208   134.6     0.0019     0.0118     0.40(  31->  44)  0.21(  32->  44)  0.09(  31->  42)
   67    9.276   133.7     0.0049     0.0040     0.56(  39->  60)  0.04(  40->  63)  0.04(  38->  57)
   68    9.319   133.0     0.0008     0.0024     0.22(  39->  59)  0.08(  39->  52)  0.08(  39->  48)
   69    9.336   132.8     0.0059    -0.0018     0.20(  40->  60)  0.18(  40->  58)  0.08(  38->  60)
   70    9.341   132.7     0.0004    -0.0125     0.13(  40->  59)  0.12(  39->  59)  0.07(  38->  49)
   71    9.351   132.6     0.0012     0.0026     0.22(  28->  43)  0.19(  34->  45)  0.17(  40->  58)
   72    9.379   132.2     0.0016    -0.0056     0.20(  34->  45)  0.18(  40->  58)  0.11(  38->  57)
   73    9.412   131.7     0.0000     0.3479     0.38(  26->  41)  0.08(  34->  46)  0.08(  22->  41)
   74    9.413   131.7     0.0019    -0.3798     0.37(  40->  60)  0.10(  38->  58)  0.06(  33->  44)
   75    9.445   131.3     0.0025     0.0011     0.42(  34->  45)  0.14(  28->  43)  0.05(  37->  57)
   76    9.491   130.6     0.0002     0.0002     0.27(  37->  56)  0.15(  37->  53)  0.10(  40->  61)
   77    9.519   130.2     0.0001    -0.0195     0.25(  25->  41)  0.17(  34->  42)  0.08(  34->  46)
   78    9.564   129.6     0.0111     0.0448     0.19(  36->  48)  0.16(  36->  45)  0.09(  36->  49)
   79    9.583   129.4     0.0048     0.0161     0.19(  37->  51)  0.19(  37->  44)  0.16(  37->  58)
   80    9.594   129.2     0.0311    -0.0881     0.18(  29->  42)  0.15(  29->  44)  0.07(  35->  44)
   81    9.616   128.9     0.0011     0.0219     0.77(  30->  44)  0.03(  30->  42)  0.03(  30->  46)
   82    9.627   128.8     0.0014    -0.0230     0.12(  31->  42)  0.11(  32->  46)  0.09(  31->  44)
   83    9.639   128.6     0.0021     0.0316     0.13(  35->  48)  0.10(  38->  49)  0.10(  35->  45)
   84    9.663   128.3     0.0246     0.1058     0.31(  39->  51)  0.10(  39->  63)  0.10(  29->  44)
   85    9.682   128.1     0.0036     0.0012     0.13(  37->  44)  0.11(  38->  51)  0.11(  39->  51)
   86    9.698   127.8     0.0001     0.0175     0.37(  39->  45)  0.16(  39->  62)  0.13(  39->  48)
   87    9.708   127.7     0.0019    -0.0295     0.31(  40->  62)  0.17(  35->  45)  0.06(  38->  56)
   88    9.722   127.5     0.0004     0.0136     0.37(  37->  44)  0.18(  37->  58)  0.09(  37->  46)
   89    9.737   127.3     0.0001    -0.0205     0.23(  40->  61)  0.15(  38->  59)  0.07(  40->  59)
   90    9.763   127.0     0.0152    -0.0188     0.50(  32->  45)  0.29(  31->  45)  0.03(  27->  45)
   91    9.804   126.5     0.0128    -0.0153     0.29(  37->  57)  0.20(  37->  58)  0.12(  37->  44)
   92    9.807   126.4     0.0006     0.0119     0.28(  25->  41)  0.12(  23->  41)  0.09(  34->  42)
   93    9.851   125.9     0.0062     0.0176     0.17(  40->  65)  0.08(  29->  44)  0.08(  37->  58)
   94    9.920   125.0     0.0000     0.0008     0.76(  36->  43)  0.19(  36->  42)  0.01(  27->  43)
   95    9.929   124.9     0.0002     0.0017     0.29(  39->  48)  0.12(  39->  61)  0.12(  39->  49)
   96    9.950   124.6     0.0003     0.0011     0.29(  23->  41)  0.16(  25->  41)  0.14(  26->  41)
   97    9.988   124.1     0.0709    -0.0124     0.52(  36->  50)  0.07(  36->  49)  0.05(  31->  47)
   98    9.994   124.1     0.0003     0.0198     0.27(  33->  47)  0.08(  35->  48)  0.07(  38->  47)

  alpha tensor

           1         2         3
 
    1 257.87840
    2 -46.33343  77.74812
    3  12.32571 -15.27805   5.10268
 trace alpha_L[0] / au:   113.576398887848     
 sum rule f_L           4.29837647622734     
 
 SOS specific optical rotation 
 including Lorentz factor for common solvent (n=1.4)
 lambda [eV] alpha[grad*cm^3*g^-1*dm^-1]
 632.8  1.96       -0.26
 589.3  2.10       -0.32        0.00 ##
 579.0  2.14       -0.34
 546.0  2.27       -0.42
 436.0  2.84       -1.07
 365.0  3.40       -3.61
 
 sTD-DFT done.
Mon 21 Mar 14:56:21 GMT 2022
