Mon 21 Mar 14:26:25 GMT 2022


                 *********************************************
                 *                                           *
                 *               s  T  D  A                  *
                 *                                           *
                 *                S. Grimme                  *
                 * Mulliken Center for Theoretical Chemistry *
                 *             Universitaet Bonn             *
                 *              Version 1.6.2                *
                 *       Tue Sep 10 14:44:30 CET 2020        *
                 *********************************************
 
 Please cite as:
 S. Grimme, J. Chem. Phys. 138 (2013) 244104
 
 With contributions from:
 C. Bannwarth, P. Shushkov, M. de Wergifosse
 
======================================================================
 
 reading an xTB output...
 
 reading: wfn.xtb
======================================================================
                    M O / A O    I N P U T 
======================================================================
atom  #          x             y             z            charge
  O   1     -4.51361043   -0.02305466    5.96321921         8.00
  C   2     -2.50955606    0.32144238    4.92575966         6.00
  N   3     -0.31293862    0.45485704    6.37990378         7.00
  C   4      2.11913868    0.81976312    5.60417128         6.00
  O   5      3.89604799    0.87116366    7.06077204         8.00
  N   6      2.40089682    1.10832427    3.03452193         7.00
  C   7      4.98282938    1.59001541    2.11460334         6.00
  O   8      5.01287603    2.02332957   -0.46921895         8.00
  C   9      6.43754042    0.13095801   -1.75347671         6.00
  C  10      4.69615796   -1.87971040   -2.93096495         6.00
  O  11      6.05732756   -3.79683738   -4.14492490         8.00
  C  12      8.24638610   -0.98908256    0.21353903         6.00
  O  13     10.49875046    0.38720485    0.26475061         8.00
  C  14      6.74348705   -0.68842716    2.69153667         6.00
  O  15      8.38717068   -0.26116013    4.69823666         8.00
  C  16      0.38437026    1.03840441    1.44507343         6.00
  C  17     -2.02918772    0.63872737    2.22099491         6.00
  C  18     -4.09371332    0.53422553    0.43709361         6.00
  C  19     -6.60950548    0.32427697    0.91859578         6.00
  C  20     -8.12317597    0.27041978   -1.29937556         6.00
  C  21    -10.74762736    0.08031335   -1.51480432         6.00
  C  22    -11.83818821    0.06330582   -3.87620587         6.00
  C  23    -10.35891074    0.23243629   -6.05222530         6.00
  C  24     -7.76242728    0.42329861   -5.89556702         6.00
  C  25     -6.66317370    0.44181793   -3.51885869         6.00
  S  26     -3.45668671    0.66858504   -2.82721899        16.00
  H  27     -0.55879196    0.24812102    8.27133048         1.00
  H  28      5.67012271    3.28132014    3.11445734         1.00
  H  29      7.51562907    1.09925358   -3.23086446         1.00
  H  30      3.59954999   -2.81871523   -1.45319926         1.00
  H  31      3.37731822   -0.94165044   -4.23279715         1.00
  H  32      7.07475601   -3.06778111   -5.46943382         1.00
  H  33      8.63189019   -2.98822364   -0.19596458         1.00
  H  34     11.04147975    0.46279388    2.01161327         1.00
  H  35      5.57582539   -2.37878702    3.01921515         1.00
  H  36      7.36312819    0.13001315    6.17581337         1.00
  H  37      0.84489647    1.34340618   -0.51948566         1.00
  H  38     -7.36426202    0.20900369    2.79981797         1.00
  H  39    -11.88486444   -0.05026671    0.17347684         1.00
  H  40    -13.86529724   -0.08239205   -4.05686367         1.00
  H  41    -11.25747543    0.21448390   -7.88355872         1.00
  H  42     -6.60799370    0.55520148   -7.57080907         1.00

 # atoms          =   42
 # mos            =  193
 # primitive  aos = 1512
 # contracted aos =  288

 spherical AO basis
======================================================================
                    A O   I N T E G R A L S
======================================================================
 memory needed for AO int data:   3 Mb
 done.
  
Restricted MOs found... RKS-sTD-DFT will be performed
  
======================================================================
                    s T D A
======================================================================
 spectral range up to (eV)     :    10.0000000000000     
 occ MO cut-off (eV)           :   -35.1065607698541     
 virtMO cut-off (eV)           :    13.7074513262354     
 perturbation thr              :   1.000000000000000E-004
 triplet                       :  F
 MOs in TDA :          151
 oMOs in TDA:           63
 vMOs in TDA:           88
 sorting MOs ...
 reading and transforming R..V..L AO ints ...
 ints done.
 S^1/2 ...
 S^1/2 orthogonalized MO coefficients done.

 SCF atom population (using active MOs):
  5.528  3.042  4.809  2.933  5.453  4.771  3.300  5.207  3.513  3.454
  5.413  3.534  5.772  3.412  5.488  3.663  3.994  4.037  4.050  4.099
  3.983  4.018  4.010  4.017  4.113  5.543  0.859  0.898  0.900  0.931
  0.955  0.779  0.929  0.855  0.909  0.820  1.013  1.007  0.991  1.000
  1.002  0.998
 
 # electrons in TDA: 126.000
 
 
 ax(DF)   :   0.500000000000000     
 s^K      :    2.00000000000000     
 beta  (J):    4.00000000000000     
 alpha (K):    2.00000000000000     
 
 hardness table read.
 setting up gammas ...
 memory needed for q data (Mb)                      2
 computing q(ij,n) ...
 
         122 CSF included by energy.
 
        5422 considered in PT2.
 ordered frontier orbitals
         eV     # centers
  53   -17.976    12.8
  54   -17.715     4.7
  55   -17.650     5.6
  56   -17.522     7.5
  57   -17.472     8.4
  58   -17.052     6.1
  59   -16.929    10.7
  60   -16.792    16.6
  61   -16.233    11.0
  62   -15.026     5.0
  63   -14.293     9.5
 
  64    -7.107     8.4
  65    -5.981     7.8
  66    -5.458    10.9
  67    -5.389    20.1
  68    -5.195     8.6
  69    -4.852    24.9
  70    -4.621    19.3
  71    -4.487    28.3
  72    -4.374    24.7
  73    -4.084    14.1
  74    -3.939    24.3
 
             lowest CSF states
       eV     nm      excitation i->a               eV
    1  4.48   277.0       63 ->  64     gap,J,K:   7.186   4.047   0.668   Kshft:   0.000  locality: 0.976
    2  4.74   261.4       62 ->  64     gap,J,K:   7.920   3.719   0.266   Kshft:   0.010  locality: 0.871
    3  5.12   242.2       63 ->  65     gap,J,K:   8.312   3.978   0.392   Kshft:   0.002  locality: 0.971
    4  5.69   217.8       63 ->  66     gap,J,K:   8.835   3.586   0.210   Kshft:   0.025  locality: 0.941
    5  5.92   209.4       62 ->  65     gap,J,K:   9.045   3.643   0.254   Kshft:   0.012  locality: 0.864
    6  6.08   203.9       63 ->  68     gap,J,K:   9.097   3.544   0.257   Kshft:   0.011  locality: 0.915
    7  6.11   202.8       63 ->  67     gap,J,K:   8.903   3.313   0.077   Kshft:   0.370  locality: 0.878
    8  6.17   200.9       61 ->  64     gap,J,K:   9.127   3.769   0.405   Kshft:   0.002  locality: 0.976
    9  6.52   190.1       62 ->  66     gap,J,K:   9.569   3.782   0.367   Kshft:   0.003  locality: 0.964
   10  6.54   189.6       59 ->  64     gap,J,K:   9.822   3.678   0.172   Kshft:   0.052  locality: 0.900
   11  6.66   186.1       62 ->  67     gap,J,K:   9.637   3.361   0.163   Kshft:   0.062  locality: 0.865
   12  6.69   185.3       58 ->  64     gap,J,K:   9.945   3.783   0.015   Kshft:   0.500  locality: 0.897
   13  6.73   184.3       63 ->  69     gap,J,K:   9.440   3.266   0.027   Kshft:   0.497  locality: 0.895
   14  6.99   177.3       63 ->  72     gap,J,K:   9.919   3.313   0.161   Kshft:   0.064  locality: 0.893
   15  7.01   176.8       62 ->  68     gap,J,K:   9.831   3.207   0.165   Kshft:   0.060  locality: 0.804
   16  7.05   175.9       60 ->  64     gap,J,K:   9.685   3.132   0.085   Kshft:   0.326  locality: 0.806
   17  7.15   173.4       61 ->  65     gap,J,K:  10.252   3.656   0.274   Kshft:   0.009  locality: 0.958
   18  7.20   172.2       63 ->  71     gap,J,K:   9.806   3.177   0.049   Kshft:   0.473  locality: 0.888
   19  7.23   171.4       62 ->  69     gap,J,K:  10.174   3.465   0.012   Kshft:   0.500  locality: 0.923
   20  7.25   170.9       63 ->  70     gap,J,K:   9.671   2.922   0.002   Kshft:   0.500  locality: 0.751
   21  7.37   168.3       57 ->  64     gap,J,K:  10.365   3.402   0.119   Kshft:   0.166  locality: 0.816
   22  7.38   167.9       55 ->  64     gap,J,K:  10.543   3.585   0.109   Kshft:   0.207  locality: 0.820
   23  7.40   167.5       54 ->  64     gap,J,K:  10.608   3.711   0.003   Kshft:   0.500  locality: 0.946
   24  7.42   167.1       63 ->  75     gap,J,K:  10.538   3.621   0.002   Kshft:   0.500  locality: 0.869
   25  7.57   163.7       63 ->  74     gap,J,K:  10.354   3.165   0.160   Kshft:   0.066  locality: 0.837
 
 selecting CSF ...
 average/max PT2 energy lowering (eV):     0.029     0.171
         958 CSF included by PT.
        1080 CSF in total.
 sTD-DFT procedure...
 setting up A+B and A-B matrices
  calculating (A-B)^0.5 ...
 estimated time (min)     0.05
  calculating (A+B)*(A-B)^0.5 ...
 calculate eigenvalues of (A-B)^0.5*(A+B)*(A-B)^0.5 ...
  rpa vectors ok
  141 roots found, lowest/highest eigenvalue :    3.809   9.996   0
 writing spectral data to tda.dat ...
 
 excitation energies, transition moments and TDA amplitudes
 state    eV      nm       fL         Rv
    1    3.809   325.5     0.8296     1.6876     0.91(  63->  64)  0.04(  62->  64)  0.01(  61->  65)
    2    4.186   296.2     0.0549     2.3958     0.75(  62->  64)  0.05(  63->  66)  0.05(  62->  65)
    3    4.584   270.5     0.1138     2.3339     0.89(  63->  65)  0.02(  62->  66)  0.01(  61->  64)
    4    4.999   248.0     0.1115   -13.6777     0.38(  63->  66)  0.11(  62->  64)  0.11(  62->  65)
    5    5.344   232.0     0.2062   -14.3521     0.38(  62->  65)  0.25(  63->  66)  0.08(  62->  66)
    6    5.486   226.0     0.0120   -23.3596     0.40(  63->  68)  0.24(  63->  67)  0.11(  61->  64)
    7    5.574   222.4     0.0516     6.1509     0.50(  61->  64)  0.10(  62->  65)  0.08(  63->  67)
    8    5.730   216.4     0.0047    23.5963     0.32(  58->  64)  0.20(  58->  65)  0.11(  59->  64)
    9    5.753   215.5     0.0388   -10.4067     0.28(  63->  68)  0.28(  63->  67)  0.06(  62->  66)
   10    5.867   211.3     0.0066     5.2742     0.29(  62->  67)  0.26(  62->  69)  0.12(  62->  68)
   11    6.110   202.9     0.2537   -16.8694     0.32(  62->  66)  0.17(  62->  65)  0.13(  62->  67)
   12    6.169   201.0     0.0155    -4.5907     0.40(  63->  69)  0.16(  63->  71)  0.08(  62->  69)
   13    6.278   197.5     0.0779    57.7823     0.32(  63->  72)  0.16(  59->  64)  0.07(  63->  70)
   14    6.407   193.5     0.0042     0.5235     0.20(  61->  65)  0.12(  60->  64)  0.11(  57->  64)
   15    6.424   193.0     0.0690   -10.4830     0.24(  59->  64)  0.11(  61->  65)  0.11(  63->  70)
   16    6.517   190.2     0.0173   -10.1004     0.11(  58->  65)  0.10(  63->  70)  0.09(  60->  64)
   17    6.538   189.6     0.0269     2.4325     0.34(  55->  64)  0.20(  57->  64)  0.10(  55->  65)
   18    6.646   186.6     0.0342    19.4254     0.22(  62->  71)  0.18(  62->  67)  0.10(  62->  69)
   19    6.671   185.9     0.0720   -52.0657     0.09(  63->  70)  0.09(  63->  72)  0.07(  63->  73)
   20    6.684   185.5     0.0317    17.0657     0.18(  58->  64)  0.17(  54->  64)  0.10(  56->  64)
   21    6.845   181.1     0.0083    -7.5224     0.19(  63->  75)  0.09(  63->  71)  0.08(  63->  74)
   22    6.917   179.2     0.0492    37.6830     0.19(  63->  75)  0.09(  60->  67)  0.06(  63->  74)
   23    6.942   178.6     0.0794     2.4452     0.20(  63->  75)  0.14(  63->  76)  0.14(  62->  68)
   24    6.967   178.0     0.0176     8.2366     0.27(  60->  64)  0.12(  58->  64)  0.07(  63->  74)
   25    7.013   176.8     0.0110   -19.4975     0.43(  54->  64)  0.23(  53->  64)  0.09(  52->  64)
   26    7.072   175.3     0.0037    -9.2064     0.11(  60->  67)  0.09(  63->  71)  0.09(  63->  73)
   27    7.092   174.8     0.0590    26.6105     0.16(  61->  65)  0.15(  63->  74)  0.14(  62->  68)
   28    7.210   172.0     0.0152   -82.1193     0.20(  61->  66)  0.06(  57->  64)  0.06(  63->  74)
   29    7.334   169.1     0.0128     7.0588     0.37(  62->  75)  0.05(  63->  79)  0.05(  63->  76)
   30    7.355   168.6     0.0537    39.8439     0.25(  62->  75)  0.11(  57->  64)  0.09(  55->  64)
   31    7.443   166.6     0.1874   -30.6432     0.17(  63->  79)  0.08(  61->  68)  0.08(  63->  77)
   32    7.469   166.0     0.0894    43.3554     0.21(  55->  64)  0.10(  57->  64)  0.09(  57->  65)
   33    7.483   165.7     0.1812    -4.6106     0.14(  55->  65)  0.11(  55->  68)  0.08(  63->  76)
   34    7.532   164.6     0.0649    56.2596     0.11(  63->  78)  0.07(  63->  82)  0.05(  61->  68)
   35    7.602   163.1     0.0749   -65.4190     0.16(  59->  65)  0.10(  59->  66)  0.05(  62->  72)
   36    7.645   162.2     0.0127    18.1309     0.09(  63->  69)  0.09(  61->  67)  0.06(  60->  70)
   37    7.699   161.0     0.0356    27.1730     0.06(  61->  68)  0.05(  62->  76)  0.05(  59->  65)
   38    7.727   160.5     0.0017     0.9182     0.25(  63->  70)  0.24(  63->  73)  0.04(  63->  72)
   39    7.763   159.7     0.0055    -8.5150     0.12(  61->  67)  0.07(  62->  77)  0.06(  59->  65)
   40    7.792   159.1     0.0044   -41.8025     0.13(  55->  70)  0.13(  55->  73)  0.12(  57->  70)
   41    7.832   158.3     0.0371    31.9872     0.06(  61->  68)  0.06(  62->  76)  0.04(  59->  66)
   42    7.856   157.8     0.0049    -3.0002     0.19(  63->  82)  0.09(  63->  80)  0.08(  51->  64)
   43    7.903   156.9     0.0336    -6.7151     0.17(  62->  76)  0.10(  62->  72)  0.06(  62->  71)
   44    7.927   156.4     0.0544   -78.7791     0.06(  62->  72)  0.05(  59->  66)  0.04(  59->  67)
   45    7.954   155.9     0.0376   -26.7532     0.04(  57->  66)  0.03(  59->  69)  0.03(  63->  79)
   46    7.980   155.4     0.0430    30.2495     0.10(  59->  69)  0.07(  61->  69)  0.07(  59->  67)
   47    7.988   155.2     0.0081    52.1617     0.21(  49->  64)  0.15(  50->  64)  0.15(  54->  65)
   48    8.006   154.9     0.0297    -7.4660     0.07(  59->  65)  0.05(  58->  70)  0.05(  63->  83)
   49    8.042   154.2     0.0917   -63.7201     0.11(  63->  81)  0.05(  62->  72)  0.05(  63->  83)
   50    8.085   153.4     0.0334    90.3737     0.07(  62->  70)  0.07(  63->  83)  0.06(  63->  80)
   51    8.097   153.1     0.0117   -11.4585     0.05(  60->  68)  0.05(  61->  68)  0.04(  62->  70)
   52    8.121   152.7     0.0031     4.1510     0.37(  56->  64)  0.13(  51->  64)  0.09(  52->  64)
   53    8.168   151.8     0.0237   -28.1131     0.06(  63->  79)  0.05(  63->  81)  0.05(  63->  80)
   54    8.196   151.3     0.0052   -68.9677     0.07(  57->  65)  0.06(  55->  68)  0.05(  55->  65)
   55    8.218   150.9     0.0070     4.3297     0.07(  58->  68)  0.05(  61->  67)  0.04(  58->  66)
   56    8.223   150.8     0.0163   -21.5627     0.07(  60->  71)  0.07(  57->  68)  0.04(  60->  68)
   57    8.259   150.1     0.0447    15.6580     0.05(  58->  68)  0.05(  58->  66)  0.04(  56->  66)
   58    8.289   149.6     0.0196   -23.1361     0.07(  52->  64)  0.06(  61->  68)  0.05(  51->  64)
   59    8.330   148.8     0.0023    14.5485     0.13(  62->  70)  0.12(  63->  83)  0.08(  62->  69)
   60    8.383   147.9     0.0152    32.0793     0.09(  62->  80)  0.05(  54->  66)  0.04(  51->  64)
   61    8.391   147.8     0.0248   -40.1891     0.13(  62->  80)  0.10(  54->  66)  0.05(  58->  68)
   62    8.404   147.5     0.0332    12.1020     0.06(  54->  66)  0.06(  53->  64)  0.06(  51->  64)
   63    8.413   147.4     0.0082   -65.5474     0.13(  62->  70)  0.09(  63->  83)  0.08(  61->  77)
   64    8.426   147.1     0.0098     5.6063     0.13(  53->  64)  0.04(  62->  70)  0.04(  57->  68)
   65    8.456   146.6     0.0211    61.7715     0.17(  54->  65)  0.06(  49->  64)  0.05(  48->  64)
   66    8.476   146.3     0.0062    12.4869     0.12(  62->  71)  0.09(  62->  72)  0.07(  62->  82)
   67    8.555   144.9     0.0524   -96.4920     0.08(  47->  64)  0.05(  56->  70)  0.03(  51->  67)
   68    8.598   144.2     0.0188    47.9012     0.09(  61->  69)  0.08(  62->  83)  0.05(  62->  81)
   69    8.604   144.1     0.0191    49.6437     0.05(  60->  65)  0.04(  53->  70)  0.03(  58->  68)
   70    8.646   143.4     0.0256   -36.9052     0.28(  48->  64)  0.12(  48->  65)  0.06(  47->  64)
   71    8.650   143.3     0.0352    68.4122     0.16(  60->  65)  0.07(  48->  64)  0.05(  51->  64)
   72    8.662   143.1     0.0064    18.8775     0.12(  48->  64)  0.05(  48->  65)  0.04(  61->  71)
   73    8.683   142.8     0.0215     6.0329     0.05(  48->  64)  0.05(  56->  70)  0.04(  56->  68)
   74    8.715   142.3     0.1358   164.9375     0.15(  63->  85)  0.07(  63->  84)  0.04(  61->  74)
   75    8.736   141.9     0.0146   -44.5871     0.14(  62->  83)  0.08(  59->  75)  0.03(  61->  70)
   76    8.760   141.5     0.1049  -218.9498     0.04(  53->  70)  0.04(  63->  85)  0.04(  52->  70)
   77    8.805   140.8     0.0237   -27.3512     0.09(  60->  65)  0.06(  57->  74)  0.05(  56->  72)
   78    8.824   140.5     0.0419    -3.8684     0.06(  58->  67)  0.05(  58->  73)  0.05(  47->  64)
   79    8.865   139.9     0.0004    -6.2392     0.09(  63->  87)  0.07(  63->  77)  0.06(  63->  82)
   80    8.888   139.5     0.0459    62.3234     0.04(  62->  82)  0.04(  58->  67)  0.04(  59->  68)
   81    8.899   139.3     0.0090    19.8853     0.18(  49->  66)  0.18(  58->  66)  0.12(  50->  66)
   82    8.922   139.0     0.0120    14.6774     0.14(  62->  73)  0.05(  63->  78)  0.04(  59->  67)
   83    8.935   138.8     0.0745    42.2672     0.13(  62->  73)  0.06(  62->  70)  0.06(  47->  64)
   84    8.947   138.6     0.0200    37.5135     0.13(  47->  64)  0.13(  62->  85)  0.05(  61->  72)
   85    8.985   138.0     0.0156   -24.6054     0.04(  50->  64)  0.04(  60->  78)  0.04(  59->  71)
   86    9.006   137.7     0.0050    20.1313     0.06(  61->  72)  0.05(  61->  70)  0.04(  63->  83)
   87    9.028   137.3     0.0356   -46.2788     0.10(  50->  64)  0.08(  49->  64)  0.06(  62->  85)
   88    9.042   137.1     0.0140    35.6565     0.09(  63->  85)  0.06(  62->  85)  0.05(  58->  72)
   89    9.055   136.9     0.0097    -0.9515     0.08(  63->  81)  0.07(  62->  73)  0.04(  63->  87)
   90    9.064   136.8     0.0325   -41.7439     0.04(  58->  72)  0.03(  44->  64)  0.03(  61->  70)
   91    9.106   136.2     0.0020    -1.2297     0.06(  63->  85)  0.04(  61->  76)  0.03(  63->  88)
   92    9.121   135.9     0.0206     7.7551     0.13(  50->  64)  0.09(  49->  64)  0.04(  46->  64)
   93    9.141   135.6     0.0224   -14.0257     0.07(  61->  70)  0.05(  54->  69)  0.03(  61->  73)
   94    9.151   135.5     0.0099    -5.8871     0.07(  50->  64)  0.05(  62->  74)  0.05(  49->  64)
   95    9.157   135.4     0.0054     5.3477     0.12(  63->  87)  0.06(  63->  82)  0.04(  62->  74)
   96    9.173   135.2     0.0068    17.0992     0.10(  61->  75)  0.05(  63->  83)  0.04(  59->  67)
   97    9.211   134.6     0.0114    14.7534     0.11(  62->  73)  0.07(  63->  87)  0.06(  62->  74)
   98    9.224   134.4     0.0014     6.5918     0.06(  53->  72)  0.04(  61->  74)  0.03(  56->  70)
   99    9.247   134.1     0.0025    -8.1288     0.07(  63->  81)  0.06(  63->  80)  0.05(  62->  73)
  100    9.247   134.1     0.0027     2.0729     0.04(  56->  71)  0.04(  61->  74)  0.03(  63->  78)
  101    9.312   133.1     0.0147   -14.6361     0.09(  62->  74)  0.05(  62->  85)  0.05(  60->  68)
  102    9.335   132.8     0.0007     4.5953     0.41(  48->  66)  0.18(  48->  67)  0.09(  48->  68)
  103    9.352   132.6     0.0107    12.9204     0.05(  61->  71)  0.05(  61->  69)  0.04(  51->  66)
  104    9.359   132.5     0.0087     2.0728     0.11(  52->  66)  0.11(  51->  66)  0.06(  45->  64)
  105    9.375   132.2     0.0037   -15.5699     0.26(  45->  64)  0.06(  63->  90)  0.04(  50->  64)
  106    9.387   132.1     0.0220     0.9113     0.12(  45->  64)  0.10(  63->  90)  0.02(  48->  66)
  107    9.406   131.8     0.0422    -0.2952     0.06(  63->  90)  0.06(  62->  85)  0.04(  52->  73)
  108    9.436   131.4     0.0217     2.3140     0.04(  56->  70)  0.04(  50->  67)  0.03(  52->  71)
  109    9.460   131.1     0.0023     5.0524     0.06(  61->  76)  0.06(  59->  75)  0.03(  63->  90)
  110    9.474   130.9     0.0188    -8.6174     0.04(  56->  65)  0.04(  56->  68)  0.03(  60->  76)
  111    9.504   130.5     0.0033     8.5482     0.12(  62->  87)  0.09(  57->  67)  0.05(  61->  73)
  112    9.517   130.3     0.0050    -0.3318     0.06(  54->  66)  0.04(  55->  67)  0.04(  50->  66)
  113    9.530   130.1     0.0038    -5.8678     0.09(  55->  67)  0.04(  55->  66)  0.04(  58->  66)
  114    9.535   130.0     0.0175    15.5953     0.10(  56->  68)  0.06(  56->  65)  0.05(  62->  87)
  115    9.551   129.8     0.0053    -6.4354     0.04(  50->  69)  0.04(  55->  67)  0.04(  57->  70)
  116    9.591   129.3     0.0064   -11.1687     0.21(  63->  90)  0.05(  61->  76)  0.03(  49->  69)
  117    9.612   129.0     0.0117    10.3511     0.07(  63->  84)  0.05(  63->  81)  0.03(  63->  90)
  118    9.618   128.9     0.0048     9.8818     0.12(  63->  88)  0.07(  63->  86)  0.06(  56->  65)
  119    9.640   128.6     0.0034   -20.6386     0.10(  54->  68)  0.05(  54->  71)  0.04(  54->  67)
  120    9.661   128.3     0.0028    -0.3172     0.06(  54->  68)  0.05(  49->  69)  0.03(  54->  67)
  121    9.681   128.1     0.0091    20.3184     0.06(  51->  65)  0.04(  52->  65)  0.03(  63->  93)
  122    9.685   128.0     0.0020     1.8022     0.06(  63->  89)  0.05(  62->  87)  0.04(  62->  78)
  123    9.716   127.6     0.0190   -20.4957     0.18(  58->  69)  0.05(  58->  75)  0.04(  58->  67)
  124    9.733   127.4     0.0043    -4.4196     0.06(  63->  84)  0.06(  60->  76)  0.04(  51->  65)
  125    9.749   127.2     0.0039    -0.6588     0.06(  52->  65)  0.05(  57->  68)  0.04(  57->  65)
  126    9.778   126.8     0.0014     2.2427     0.13(  61->  75)  0.07(  59->  75)  0.07(  63->  89)
  127    9.795   126.6     0.0102     0.3012     0.06(  56->  65)  0.05(  60->  76)  0.03(  52->  67)
  128    9.812   126.4     0.0361    24.2429     0.04(  52->  72)  0.03(  59->  74)  0.03(  52->  74)
  129    9.838   126.0     0.0155   -21.2579     0.05(  49->  65)  0.05(  45->  64)  0.05(  58->  76)
  130    9.852   125.8     0.0009     4.7443     0.05(  44->  64)  0.03(  53->  65)  0.03(  61->  74)
  131    9.855   125.8     0.0088    31.2331     0.03(  61->  73)  0.03(  63->  88)  0.02(  63->  89)
  132    9.882   125.5     0.0138    -1.9967     0.08(  44->  64)  0.06(  46->  64)  0.03(  60->  76)
  133    9.899   125.2     0.0046   -12.7842     0.03(  59->  76)  0.03(  57->  72)  0.03(  61->  73)
  134    9.907   125.2     0.0103    -5.8775     0.03(  51->  69)  0.03(  57->  69)  0.02(  61->  69)
  135    9.922   125.0     0.0191    15.8352     0.05(  61->  71)  0.05(  52->  69)  0.04(  46->  64)
  136    9.927   124.9     0.0142   -41.1713     0.05(  56->  77)  0.04(  60->  77)  0.04(  61->  71)
  137    9.944   124.7     0.0392    31.7767     0.04(  59->  71)  0.03(  61->  71)  0.03(  59->  68)
  138    9.955   124.5     0.0018     5.7617     0.07(  60->  66)  0.05(  62->  88)  0.04(  62->  90)
  139    9.972   124.3     0.0384   -14.2980     0.04(  59->  76)  0.03(  50->  70)  0.02(  63->  86)
  140    9.979   124.2     0.0302    -6.6062     0.08(  44->  64)  0.06(  46->  64)  0.05(  43->  64)
  141    9.996   124.0     0.0010    15.7606     0.07(  60->  66)  0.04(  62->  88)  0.04(  59->  76)

  alpha tensor

           1         2         3
 
    1 194.65097
    2  14.96924  11.13733
    3  58.54434   0.39621 104.67240
 trace alpha_L[0] / au:   103.486898519208     
 sum rule f_L           4.97776935722349     
 
 SOS specific optical rotation 
 including Lorentz factor for common solvent (n=1.4)
 lambda [eV] alpha[grad*cm^3*g^-1*dm^-1]
 632.8  1.96     -111.16
 589.3  2.10     -130.11        0.00 ##
 579.0  2.14     -135.31
 546.0  2.27     -154.29
 436.0  2.84     -254.75
 365.0  3.40     -312.31
 
 sTD-DFT done.
Mon 21 Mar 14:26:29 GMT 2022
