Mon 21 Mar 14:21:20 GMT 2022


                 *********************************************
                 *                                           *
                 *               s  T  D  A                  *
                 *                                           *
                 *                S. Grimme                  *
                 * Mulliken Center for Theoretical Chemistry *
                 *             Universitaet Bonn             *
                 *              Version 1.6.2                *
                 *       Tue Sep 10 14:44:30 CET 2020        *
                 *********************************************
 
 Please cite as:
 S. Grimme, J. Chem. Phys. 138 (2013) 244104
 
 With contributions from:
 C. Bannwarth, P. Shushkov, M. de Wergifosse
 
======================================================================
 
 reading an xTB output...
 
 reading: wfn.xtb
======================================================================
                    M O / A O    I N P U T 
======================================================================
atom  #          x             y             z            charge
  O   1     -2.98671186   -5.83301709   -2.44738408         8.00
  C   2     -2.48990291   -3.77888498   -1.58699185         6.00
  N   3      0.02872383   -3.06475754   -1.27896652         7.00
  C   4      0.87513209   -0.83903832   -0.34638677         6.00
  N   5     -0.75494552    0.90461181    0.37567752         7.00
  C   6     -3.34009062    0.47148662    0.18651595         6.00
  C   7     -5.09602397    2.29374936    0.94354017         6.00
  C   8     -7.65055551    1.82207376    0.73718209         6.00
  C   9     -8.54477382   -0.45806957   -0.22034205         6.00
  C  10     -6.84647711   -2.27636388   -0.97472064         6.00
  C  11     -4.25377311   -1.83171136   -0.77970093         6.00
  B  12      0.20598013    3.57970787    1.49420631         5.00
  F  13     -0.74266230    3.78323135    3.89831566         9.00
  F  14     -0.73812696    5.43447388   -0.05121157         9.00
  O  15      2.92680755    3.70386286    1.54825247         8.00
  C  16      4.44520235    1.90238711    0.80502325         6.00
  C  17      7.06190587    2.32738648    0.98870462         6.00
  C  18      8.75585621    0.51551724    0.24150698         6.00
  C  19      7.90188906   -1.78938150   -0.71696203         6.00
  C  20      5.35869587   -2.24764004   -0.91481633         6.00
  C  21      3.56572389   -0.42934574   -0.16610691         6.00
  H  22      1.31128084   -4.37792811   -1.82282965         1.00
  H  23     -4.46069810    4.07217045    1.69035986         1.00
  H  24     -8.97260778    3.25618678    1.33301268         1.00
  H  25    -10.54996203   -0.79519668   -0.36868553         1.00
  H  26     -7.44948866   -4.07311531   -1.72834335         1.00
  H  27      7.67001968    4.12224819    1.73533534         1.00
  H  28     10.75915469    0.86738421    0.39325197         1.00
  H  29      9.24113784   -3.20988850   -1.30221015         1.00
  H  30      4.76985727   -4.05270627   -1.66484856         1.00

 # atoms          =   30
 # mos            =  146
 # primitive  aos = 1131
 # contracted aos =  213

 spherical AO basis
======================================================================
                    A O   I N T E G R A L S
======================================================================
 memory needed for AO int data:   1 Mb
 done.
  
Restricted MOs found... RKS-sTD-DFT will be performed
  
======================================================================
                    s T D A
======================================================================
 spectral range up to (eV)     :    10.0000000000000     
 occ MO cut-off (eV)           :   -36.1436863971078     
 virtMO cut-off (eV)           :    12.4691795381015     
 perturbation thr              :   1.000000000000000E-004
 triplet                       :  F
 MOs in TDA :          113
 oMOs in TDA:           50
 vMOs in TDA:           63
 sorting MOs ...
 reading and transforming R..V..L AO ints ...
 ints done.
 S^1/2 ...
 S^1/2 orthogonalized MO coefficients done.

 SCF atom population (using active MOs):
  5.484  3.052  4.848  3.659  5.128  3.845  3.964  3.969  3.986  3.920
  3.941  2.600  7.029  7.028  5.499  3.390  3.941  3.949  4.005  3.913
  3.944  0.942  1.098  0.989  0.987  0.980  0.942  0.980  0.983  1.007
 
 # electrons in TDA: 100.000
 
 
 ax(DF)   :   0.500000000000000     
 s^K      :    2.00000000000000     
 beta  (J):    4.00000000000000     
 alpha (K):    2.00000000000000     
 
 hardness table read.
 setting up gammas ...
 memory needed for q data (Mb)                      1
 computing q(ij,n) ...
 
          92 CSF included by energy.
 
        3058 considered in PT2.
 ordered frontier orbitals
         eV     # centers
  40   -19.936     6.8
  41   -19.836    14.0
  42   -19.346     7.0
  43   -19.224    23.0
  44   -18.358     6.3
  45   -18.334    16.8
  46   -17.670     3.3
  47   -17.103     6.9
  48   -16.686     5.5
  49   -16.086    12.5
  50   -15.531    11.5
 
  51    -8.144     8.7
  52    -7.259     7.5
  53    -6.130     6.7
  54    -5.915     9.6
  55    -5.756    10.5
  56    -5.059    16.0
  57    -5.045    11.9
  58    -4.807    17.7
  59    -4.656     9.8
  60    -4.054    12.9
  61    -3.803    11.6
 
             lowest CSF states
       eV     nm      excitation i->a               eV
    1  4.13   300.5       50 ->  51     gap,J,K:   7.387   4.090   0.414   Kshft:   0.002  locality: 0.981
    2  4.93   251.2       49 ->  51     gap,J,K:   7.942   3.961   0.476   Kshft:   0.001  locality: 0.980
    3  5.28   234.7       50 ->  52     gap,J,K:   8.271   3.518   0.259   Kshft:   0.011  locality: 0.804
    4  5.44   227.9       48 ->  51     gap,J,K:   8.542   3.507   0.182   Kshft:   0.041  locality: 0.787
    5  5.68   218.1       47 ->  51     gap,J,K:   8.959   4.139   0.431   Kshft:   0.001  locality: 0.963
    6  5.85   211.9       49 ->  52     gap,J,K:   8.826   3.631   0.326   Kshft:   0.004  locality: 0.856
    7  6.09   203.5       46 ->  52     gap,J,K:  10.410   4.818   0.000   Kshft:   0.500  locality: 0.920
    8  6.13   202.2       48 ->  52     gap,J,K:   9.427   4.547   0.627   Kshft:   0.000  locality: 0.972
    9  6.26   198.0       46 ->  51     gap,J,K:   9.526   3.765   0.000   Kshft:   0.500  locality: 0.754
   10  6.44   192.6       50 ->  53     gap,J,K:   9.401   4.003   0.520   Kshft:   0.001  locality: 0.947
   11  6.49   190.9       50 ->  55     gap,J,K:   9.775   3.781   0.000   Kshft:   0.500  locality: 0.881
   12  6.62   187.3       45 ->  51     gap,J,K:  10.190   4.072   0.000   Kshft:   0.500  locality: 0.951
   13  6.72   184.4       50 ->  54     gap,J,K:   9.615   3.813   0.459   Kshft:   0.001  locality: 0.983
   14  6.95   178.4       49 ->  53     gap,J,K:   9.956   3.833   0.412   Kshft:   0.002  locality: 0.935
   15  7.00   177.1       44 ->  51     gap,J,K:  10.214   3.976   0.381   Kshft:   0.002  locality: 0.888
   16  7.09   175.0       49 ->  55     gap,J,K:  10.330   3.743   0.000   Kshft:   0.500  locality: 0.900
   17  7.10   174.5       47 ->  52     gap,J,K:   9.844   3.133   0.169   Kshft:   0.054  locality: 0.694
   18  7.19   172.4       44 ->  52     gap,J,K:  11.098   4.637   0.363   Kshft:   0.003  locality: 0.987
   19  7.20   172.1       50 ->  57     gap,J,K:  10.486   3.893   0.303   Kshft:   0.006  locality: 0.968
   20  7.23   171.5       49 ->  54     gap,J,K:  10.171   3.743   0.399   Kshft:   0.002  locality: 0.995
   21  7.49   165.5       47 ->  53     gap,J,K:  10.973   4.333   0.425   Kshft:   0.002  locality: 0.993
   22  7.57   163.7       47 ->  55     gap,J,K:  11.347   4.273   0.000   Kshft:   0.500  locality: 0.965
   23  7.59   163.3       50 ->  56     gap,J,K:  10.472   3.378   0.000   Kshft:   0.500  locality: 0.876
   24  7.64   162.4       50 ->  58     gap,J,K:  10.724   3.588   0.000   Kshft:   0.500  locality: 0.958
   25  7.64   162.3       50 ->  59     gap,J,K:  10.875   3.709   0.093   Kshft:   0.285  locality: 0.902
 
 selecting CSF ...
 average/max PT2 energy lowering (eV):     0.020     0.064
         999 CSF included by PT.
        1091 CSF in total.
 sTD-DFT procedure...
 setting up A+B and A-B matrices
  calculating (A-B)^0.5 ...
 estimated time (min)     0.05
  calculating (A+B)*(A-B)^0.5 ...
 calculate eigenvalues of (A-B)^0.5*(A+B)*(A-B)^0.5 ...
  rpa vectors ok
  102 roots found, lowest/highest eigenvalue :    3.589   9.996   0
 writing spectral data to tda.dat ...
 
 excitation energies, transition moments and TDA amplitudes
 state    eV      nm       fL         Rv
    1    3.589   345.4     0.3407    -0.1621     0.84(  50->  51)  0.10(  49->  51)  0.02(  49->  54)
    2    4.279   289.8     0.1039    -0.1512     0.34(  50->  52)  0.27(  49->  51)  0.17(  49->  52)
    3    4.379   283.1     0.1985     0.0993     0.47(  49->  51)  0.14(  50->  52)  0.09(  49->  52)
    4    4.975   249.2     0.2466     0.0604     0.52(  47->  51)  0.20(  48->  51)  0.08(  48->  52)
    5    5.282   234.7     0.0583    -0.3431     0.52(  48->  51)  0.21(  47->  51)  0.12(  50->  52)
    6    5.522   224.5     0.2225    -0.0945     0.53(  48->  52)  0.10(  50->  52)  0.08(  49->  52)
    7    5.657   219.2     0.0015    -0.0692     0.75(  46->  52)  0.13(  46->  51)  0.04(  46->  59)
    8    5.701   217.5     0.1099     0.0142     0.43(  50->  53)  0.10(  47->  51)  0.08(  47->  53)
    9    5.870   211.2     0.0407    -0.8759     0.36(  49->  52)  0.20(  50->  52)  0.12(  48->  52)
   10    5.921   209.4     0.0021    -5.1647     0.62(  50->  55)  0.26(  49->  55)  0.03(  50->  56)
   11    5.942   208.7     0.5274     5.7709     0.38(  50->  54)  0.17(  49->  53)  0.08(  49->  54)
   12    6.049   205.0     0.0002     1.6312     0.74(  46->  51)  0.13(  46->  52)  0.08(  45->  51)
   13    6.305   196.6     0.1968    -1.7332     0.30(  44->  51)  0.13(  50->  54)  0.13(  50->  57)
   14    6.364   194.8     0.0051    -0.6466     0.82(  45->  51)  0.07(  46->  51)  0.02(  43->  51)
   15    6.419   193.1     0.0675     2.5424     0.25(  44->  52)  0.17(  49->  54)  0.09(  48->  54)
   16    6.644   186.6     0.0002    -2.6292     0.39(  50->  56)  0.15(  50->  55)  0.13(  49->  58)
   17    6.707   184.9     0.2218     1.1316     0.36(  44->  51)  0.17(  44->  52)  0.08(  50->  57)
   18    6.747   183.8     0.1124     2.8702     0.38(  49->  53)  0.17(  50->  54)  0.07(  47->  53)
   19    6.752   183.6     0.0002    -1.9767     0.36(  50->  58)  0.33(  49->  56)  0.12(  47->  55)
   20    6.912   179.4     0.0000    -1.2237     0.31(  49->  55)  0.13(  49->  58)  0.12(  47->  55)
   21    6.935   178.8     0.1229    -0.1528     0.34(  47->  52)  0.09(  49->  52)  0.08(  49->  53)
   22    7.069   175.4     0.0067     0.1701     0.23(  50->  57)  0.13(  49->  57)  0.11(  47->  53)
   23    7.189   172.5     0.1842   -20.4670     0.26(  44->  52)  0.22(  47->  52)  0.16(  50->  59)
   24    7.191   172.4     0.0041    19.4258     0.36(  47->  55)  0.20(  48->  56)  0.08(  50->  58)
   25    7.263   170.7     0.0245     0.9833     0.26(  50->  59)  0.26(  49->  54)  0.09(  50->  62)
   26    7.307   169.7     0.0001    -2.2808     0.45(  48->  56)  0.15(  48->  58)  0.06(  50->  58)
   27    7.330   169.2     0.0002    -1.0084     0.50(  45->  52)  0.23(  43->  51)  0.16(  43->  52)
   28    7.348   168.7     0.1592     3.1285     0.18(  49->  54)  0.11(  50->  59)  0.10(  47->  53)
   29    7.449   166.5     0.2200     0.8800     0.59(  42->  51)  0.08(  47->  54)  0.06(  47->  53)
   30    7.481   165.7     0.0001    -0.8634     0.50(  43->  51)  0.17(  45->  52)  0.09(  43->  52)
   31    7.505   165.2     0.0000     0.4717     0.41(  50->  60)  0.23(  49->  60)  0.05(  50->  61)
   32    7.560   164.0     0.0197    -1.1874     0.42(  49->  59)  0.14(  50->  62)  0.07(  49->  62)
   33    7.643   162.2     0.1794     2.3442     0.37(  49->  57)  0.14(  50->  57)  0.11(  47->  53)
   34    7.725   160.5     0.0003    -0.2691     0.31(  47->  58)  0.14(  47->  56)  0.10(  49->  58)
   35    7.796   159.0     0.0900    -0.7648     0.25(  47->  54)  0.14(  48->  57)  0.14(  47->  57)
   36    7.929   156.4     0.0005     0.0051     0.42(  50->  61)  0.32(  49->  61)  0.06(  48->  61)
   37    7.986   155.3     0.1173     0.0103     0.38(  48->  59)  0.09(  48->  57)  0.06(  47->  57)
   38    8.062   153.8     0.0006    -3.9339     0.16(  45->  53)  0.15(  43->  53)  0.14(  45->  54)
   39    8.080   153.4     0.0879     5.6079     0.30(  46->  55)  0.29(  39->  51)  0.08(  39->  52)
   40    8.134   152.4     0.0013    -0.3135     0.24(  45->  53)  0.15(  46->  54)  0.14(  46->  57)
   41    8.172   151.7     0.0006    -2.6812     0.36(  38->  51)  0.23(  41->  51)  0.11(  35->  51)
   42    8.196   151.3     0.0432    -1.4395     0.37(  39->  51)  0.29(  46->  55)  0.07(  46->  56)
   43    8.272   149.9     0.0031     2.5178     0.38(  40->  51)  0.13(  41->  52)  0.11(  45->  53)
   44    8.320   149.0     0.0051   -10.4933     0.12(  50->  66)  0.09(  50->  59)  0.09(  48->  53)
   45    8.321   149.0     0.0020    11.0887     0.23(  48->  55)  0.19(  48->  61)  0.10(  48->  60)
   46    8.380   147.9     0.0022     0.8361     0.24(  46->  54)  0.14(  46->  53)  0.13(  40->  51)
   47    8.396   147.7     0.0085     0.0542     0.29(  39->  52)  0.28(  48->  53)  0.09(  48->  54)
   48    8.420   147.2     0.0696    -0.6225     0.29(  39->  52)  0.25(  48->  53)  0.12(  48->  59)
   49    8.445   146.8     0.0006    -0.1118     0.40(  50->  64)  0.19(  49->  64)  0.10(  50->  65)
   50    8.506   145.8     0.0205    -0.0167     0.32(  50->  63)  0.22(  49->  63)  0.07(  48->  57)
   51    8.533   145.3     0.0002     0.0161     0.37(  47->  60)  0.18(  49->  60)  0.05(  48->  60)
   52    8.551   145.0     0.0155     0.4739     0.11(  50->  62)  0.11(  47->  62)  0.10(  47->  59)
   53    8.580   144.5     0.0003     0.1120     0.29(  48->  55)  0.28(  48->  61)  0.07(  50->  65)
   54    8.609   144.0     0.0240    -0.5563     0.17(  48->  57)  0.12(  48->  63)  0.10(  47->  59)
   55    8.631   143.7     0.0052     0.1788     0.91(  37->  51)  0.01(  37->  53)  0.01(  44->  54)
   56    8.663   143.1     0.0000    -1.1567     0.42(  35->  51)  0.14(  38->  51)  0.09(  40->  51)
   57    8.721   142.2     0.0000     1.3839     0.17(  50->  65)  0.14(  48->  61)  0.10(  49->  58)
   58    8.742   141.8     0.0467    13.4533     0.34(  44->  54)  0.12(  44->  57)  0.10(  48->  57)
   59    8.745   141.8     0.0107   -14.4850     0.13(  35->  51)  0.12(  41->  52)  0.09(  40->  52)
   60    8.785   141.1     0.0037     0.9077     0.70(  36->  51)  0.03(  38->  51)  0.03(  43->  52)
   61    8.786   141.1     0.0010    -0.4303     0.19(  36->  51)  0.13(  38->  51)  0.11(  40->  52)
   62    8.849   140.1     0.0331     0.7318     0.39(  42->  53)  0.10(  47->  57)  0.08(  42->  54)
   63    8.853   140.1     0.0007     0.4426     0.20(  49->  56)  0.14(  50->  58)  0.13(  50->  65)
   64    8.868   139.8     0.0013    -6.8917     0.16(  41->  52)  0.16(  41->  51)  0.13(  46->  59)
   65    8.872   139.7     0.0364     6.5533     0.15(  50->  66)  0.12(  47->  57)  0.09(  49->  62)
   66    8.949   138.5     0.0184     0.2912     0.51(  45->  55)  0.14(  43->  55)  0.09(  46->  56)
   67    8.976   138.1     0.0004    -0.0905     0.21(  50->  56)  0.17(  49->  65)  0.16(  49->  58)
   68    8.979   138.1     0.0407    -0.3087     0.20(  47->  57)  0.10(  50->  67)  0.09(  42->  53)
   69    9.002   137.7     0.0008    -0.0181     0.44(  45->  54)  0.12(  43->  51)  0.07(  43->  57)
   70    9.028   137.3     0.0068    -0.0022     0.35(  50->  67)  0.08(  49->  67)  0.08(  42->  53)
   71    9.156   135.4     0.0184    -0.3362     0.28(  46->  56)  0.20(  46->  58)  0.07(  48->  63)
   72    9.170   135.2     0.0000     0.0449     0.31(  44->  55)  0.12(  47->  64)  0.07(  44->  56)
   73    9.198   134.8     0.0011     0.3245     0.45(  48->  63)  0.06(  48->  59)  0.06(  48->  66)
   74    9.203   134.7     0.0004    -0.5751     0.23(  45->  57)  0.22(  34->  51)  0.10(  35->  51)
   75    9.291   133.4     0.0011     0.3400     0.37(  48->  65)  0.16(  48->  64)  0.05(  48->  55)
   76    9.350   132.6     0.0047     0.2652     0.21(  46->  53)  0.17(  46->  59)  0.16(  34->  51)
   77    9.359   132.5     0.0024     0.0189     0.16(  47->  62)  0.13(  47->  66)  0.11(  49->  66)
   78    9.377   132.2     0.0002    -0.0230     0.20(  46->  54)  0.19(  46->  53)  0.15(  34->  51)
   79    9.380   132.2     0.0007     0.0159     0.37(  50->  68)  0.17(  49->  68)  0.06(  44->  55)
   80    9.458   131.1     0.0668     3.6736     0.34(  44->  57)  0.10(  44->  53)  0.07(  47->  59)
   81    9.502   130.5     0.0006    -1.0459     0.27(  47->  64)  0.11(  42->  55)  0.09(  44->  55)
   82    9.510   130.4     0.0083     0.3759     0.17(  49->  62)  0.15(  50->  66)  0.10(  50->  69)
   83    9.536   130.0     0.0030    -3.0138     0.18(  34->  51)  0.17(  45->  57)  0.10(  46->  57)
   84    9.594   129.2     0.0069    -0.4923     0.31(  42->  55)  0.09(  50->  60)  0.07(  49->  60)
   85    9.594   129.2     0.0002    -1.1442     0.16(  31->  51)  0.12(  46->  53)  0.11(  38->  53)
   86    9.612   129.0     0.0105     2.0093     0.41(  44->  53)  0.16(  44->  54)  0.10(  44->  57)
   87    9.646   128.5     0.0274     0.0133     0.48(  45->  56)  0.14(  43->  58)  0.08(  43->  56)
   88    9.670   128.2     0.0003    -0.2426     0.29(  40->  52)  0.17(  43->  52)  0.09(  38->  52)
   89    9.682   128.1     0.0090     0.4825     0.22(  50->  69)  0.20(  50->  71)  0.18(  49->  69)
   90    9.690   128.0     0.0058     0.2967     0.17(  44->  56)  0.13(  42->  55)  0.10(  48->  65)
   91    9.708   127.7     0.0006    -0.4769     0.56(  31->  51)  0.06(  38->  53)  0.03(  46->  54)
   92    9.734   127.4     0.0286    -0.4384     0.18(  44->  59)  0.17(  28->  51)  0.06(  39->  54)
   93    9.778   126.8     0.0375     0.8368     0.47(  45->  58)  0.16(  43->  56)  0.05(  45->  55)
   94    9.779   126.8     0.0035     0.9042     0.20(  40->  52)  0.16(  33->  52)  0.12(  45->  59)
   95    9.816   126.3     0.0042    -0.1926     0.14(  42->  54)  0.11(  50->  71)  0.10(  50->  69)
   96    9.836   126.1     0.0000    -1.8460     0.21(  44->  56)  0.13(  44->  58)  0.09(  49->  60)
   97    9.911   125.1     0.0008     0.0376     0.17(  42->  54)  0.10(  42->  52)  0.07(  44->  57)
   98    9.927   124.9     0.0120     0.0416     0.21(  42->  52)  0.16(  28->  51)  0.15(  48->  62)
   99    9.964   124.4     0.0018    -0.0337     0.39(  48->  58)  0.14(  48->  56)  0.10(  48->  55)
  100    9.969   124.4     0.0049    -0.2286     0.15(  42->  52)  0.12(  44->  59)  0.11(  28->  51)
  101    9.978   124.3     0.0000    -0.2529     0.24(  43->  53)  0.15(  35->  53)  0.09(  45->  53)
  102    9.996   124.0     0.0050     0.4171     0.22(  37->  52)  0.09(  48->  62)  0.08(  42->  52)

  alpha tensor

           1         2         3
 
    1 183.81317
    2  -4.28818  80.27106
    3  -1.19874  32.86271  15.11633
 trace alpha_L[0] / au:   93.0668522851532     
 sum rule f_L           4.34328137840895     
 
 SOS specific optical rotation 
 including Lorentz factor for common solvent (n=1.4)
 lambda [eV] alpha[grad*cm^3*g^-1*dm^-1]
 632.8  1.96       -3.51
 589.3  2.10       -4.35        0.00 ##
 579.0  2.14       -4.60
 546.0  2.27       -5.57
 436.0  2.84      -14.05
 365.0  3.40      -65.10
 
 sTD-DFT done.
Mon 21 Mar 14:21:23 GMT 2022
