Mon 21 Mar 14:42:38 GMT 2022


                 *********************************************
                 *                                           *
                 *               s  T  D  A                  *
                 *                                           *
                 *                S. Grimme                  *
                 * Mulliken Center for Theoretical Chemistry *
                 *             Universitaet Bonn             *
                 *              Version 1.6.2                *
                 *       Tue Sep 10 14:44:30 CET 2020        *
                 *********************************************
 
 Please cite as:
 S. Grimme, J. Chem. Phys. 138 (2013) 244104
 
 With contributions from:
 C. Bannwarth, P. Shushkov, M. de Wergifosse
 
======================================================================
 
 reading an xTB output...
 
 reading: wfn.xtb
======================================================================
                    M O / A O    I N P U T 
======================================================================
atom  #          x             y             z            charge
  F   1      3.52226020   -5.98702975    1.21150331         9.00
  B   2      2.61878222   -4.44198982   -0.65781360         5.00
  F   3      3.27772966   -5.34792444   -2.99786125         9.00
  O   4     -0.13794999   -4.22089188   -0.46373875         8.00
  C   5     -1.39121624   -2.12178430   -0.19029540         6.00
  C   6     -4.15437353   -2.44020312   -0.07388828         6.00
  C   7     -5.28499656   -4.22731695   -1.64481747         6.00
  C   8     -7.87014166   -4.58919947   -1.57981089         6.00
  C   9     -9.34752941   -3.20119576    0.07691185         6.00
  C  10     -8.22692192   -1.46264788    1.68298993         6.00
  C  11     -5.64498936   -1.07582098    1.61477082         6.00
  C  12     -0.24887691    0.23092451   -0.01965315         6.00
  C  13     -1.68469068    2.62218373    0.06217198         6.00
  C  14     -1.27424221    4.37622735    1.97740923         6.00
  C  15     -2.59988496    6.62934760    2.01085738         6.00
  C  16     -4.34429098    7.15658114    0.13473746         6.00
  C  17     -4.75832994    5.42124580   -1.78125568         6.00
  C  18     -3.43552178    3.17020425   -1.82358554         6.00
  C  19      2.40958956    0.31142684   -0.09335246         6.00
  S  20      4.16457805    3.09234754    0.05140055        16.00
  C  21      6.94757745    1.33339063   -0.22260972         6.00
  C  22      9.41858310    2.18773573   -0.26210499         6.00
  C  23     11.32399378    0.41573971   -0.49661998         6.00
  C  24     10.77143791   -2.15013019   -0.68842716         6.00
  C  25      8.31063678   -3.01241214   -0.64874292         6.00
  C  26      6.37763611   -1.24910885   -0.41025950         6.00
  N  27      3.83198628   -1.73533534   -0.33315868         7.00
  H  28     -4.10977599   -5.30446074   -2.91660303         1.00
  H  29     -8.73393539   -5.96265229   -2.81682550         1.00
  H  30    -11.36726850   -3.48692232    0.13152493         1.00
  H  31     -9.37001715   -0.40704697    3.00296351         1.00
  H  32     -4.77968384    0.24830999    2.90035139         1.00
  H  33      0.05782561    3.95746408    3.46670225         1.00
  H  34     -2.27296237    7.97256481    3.51186670         1.00
  H  35     -5.37872697    8.91497114    0.16402821         1.00
  H  36     -6.11175167    5.82753688   -3.25354117         1.00
  H  37     -3.74657067    1.82131787   -3.32327205         1.00
  H  38      9.82827569    4.17818407   -0.11489534         1.00
  H  39     13.26625411    1.03538085   -0.53214683         1.00
  H  40     12.29682470   -3.49032383   -0.87154161         1.00
  H  41      7.85067748   -4.98925445   -0.79576360         1.00

 # atoms          =   41
 # mos            =  195
 # primitive  aos = 1510
 # contracted aos =  286

 spherical AO basis
======================================================================
                    A O   I N T E G R A L S
======================================================================
 memory needed for AO int data:   3 Mb
 done.
  
Restricted MOs found... RKS-sTD-DFT will be performed
  
======================================================================
                    s T D A
======================================================================
 spectral range up to (eV)     :    10.0000000000000     
 occ MO cut-off (eV)           :   -35.8720714639607     
 virtMO cut-off (eV)           :    13.3429357629795     
 perturbation thr              :   1.000000000000000E-004
 triplet                       :  F
 MOs in TDA :          153
 oMOs in TDA:           65
 vMOs in TDA:           88
 sorting MOs ...
 reading and transforming R..V..L AO ints ...
 ints done.
 S^1/2 ...
 S^1/2 orthogonalized MO coefficients done.

 SCF atom population (using active MOs):
  7.051  2.625  7.055  5.471  3.343  3.996  3.926  3.989  3.980  3.989
  3.923  4.051  4.057  4.004  3.991  3.994  3.986  3.963  3.886  5.472
  4.120  4.019  4.002  4.014  3.954  3.990  5.193  0.973  0.988  0.993
  0.988  1.006  1.019  0.990  0.994  0.989  0.988  0.995  0.998  0.993
  1.041
 
 # electrons in TDA: 130.000
 
 
 ax(DF)   :   0.500000000000000     
 s^K      :    2.00000000000000     
 beta  (J):    4.00000000000000     
 alpha (K):    2.00000000000000     
 
 hardness table read.
 setting up gammas ...
 memory needed for q data (Mb)                      2
 computing q(ij,n) ...
 
         162 CSF included by energy.
 
        5558 considered in PT2.
 ordered frontier orbitals
         eV     # centers
  55   -18.961    14.8
  56   -18.373    15.2
  57   -18.159     3.8
  58   -17.888     4.8
  59   -17.128    14.0
  60   -16.673     9.0
  61   -16.511     8.1
  62   -16.443     7.0
  63   -16.214    12.3
  64   -15.704     5.4
  65   -14.657    10.1
 
  66    -7.872     8.2
  67    -6.451    10.9
  68    -6.163     7.0
  69    -6.017    10.8
  70    -5.963     9.8
  71    -5.755     6.1
  72    -5.656    25.3
  73    -5.233     9.4
  74    -5.183    22.0
  75    -4.824    23.7
  76    -4.398    23.3
 
             lowest CSF states
       eV     nm      excitation i->a               eV
    1  3.83   323.4       65 ->  66     gap,J,K:   6.785   4.083   0.566   Kshft:   0.000  locality: 0.989
    2  5.00   248.1       65 ->  67     gap,J,K:   8.206   3.600   0.167   Kshft:   0.057  locality: 0.920
    3  5.01   247.7       64 ->  66     gap,J,K:   7.832   3.375   0.270   Kshft:   0.009  locality: 0.765
    4  5.27   235.1       63 ->  66     gap,J,K:   8.342   3.461   0.169   Kshft:   0.055  locality: 0.899
    5  5.49   225.9       62 ->  66     gap,J,K:   8.571   3.482   0.176   Kshft:   0.047  locality: 0.825
    6  5.71   217.0       65 ->  68     gap,J,K:   8.494   3.307   0.076   Kshft:   0.373  locality: 0.783
    7  5.72   216.6       65 ->  69     gap,J,K:   8.640   3.308   0.166   Kshft:   0.058  locality: 0.848
    8  5.73   216.5       61 ->  66     gap,J,K:   8.638   3.343   0.106   Kshft:   0.219  locality: 0.801
    9  5.74   215.9       60 ->  66     gap,J,K:   8.800   3.486   0.199   Kshft:   0.030  locality: 0.842
   10  5.81   213.5       65 ->  70     gap,J,K:   8.694   3.269   0.150   Kshft:   0.083  locality: 0.833
   11  5.92   209.4       65 ->  71     gap,J,K:   8.902   3.510   0.259   Kshft:   0.011  locality: 0.836
   12  6.09   203.7       65 ->  72     gap,J,K:   9.001   3.464   0.025   Kshft:   0.498  locality: 0.931
   13  6.11   202.9       59 ->  66     gap,J,K:   9.256   3.735   0.292   Kshft:   0.007  locality: 0.962
   14  6.41   193.4       65 ->  73     gap,J,K:   9.424   3.659   0.321   Kshft:   0.005  locality: 0.930
   15  6.57   188.7       64 ->  71     gap,J,K:   9.948   4.487   0.555   Kshft:   0.001  locality: 1.001
   16  6.62   187.2       64 ->  67     gap,J,K:   9.253   3.017   0.164   Kshft:   0.061  locality: 0.722
   17  6.69   185.2       58 ->  66     gap,J,K:  10.016   3.778   0.217   Kshft:   0.021  locality: 0.850
   18  6.79   182.6       65 ->  74     gap,J,K:   9.474   3.196   0.006   Kshft:   0.500  locality: 0.889
   19  6.88   180.3       57 ->  66     gap,J,K:  10.287   3.925   0.007   Kshft:   0.500  locality: 0.922
   20  6.91   179.4       63 ->  67     gap,J,K:   9.763   3.601   0.374   Kshft:   0.003  locality: 0.988
   21  6.94   178.7       61 ->  67     gap,J,K:  10.059   3.791   0.332   Kshft:   0.004  locality: 0.958
   22  7.05   175.9       63 ->  68     gap,J,K:  10.051   3.594   0.293   Kshft:   0.007  locality: 0.913
   23  7.13   174.0       62 ->  67     gap,J,K:   9.992   3.252   0.163   Kshft:   0.063  locality: 0.814
   24  7.13   173.9       64 ->  73     gap,J,K:  10.470   4.037   0.347   Kshft:   0.003  locality: 0.961
   25  7.22   171.6       61 ->  69     gap,J,K:  10.494   3.780   0.248   Kshft:   0.013  locality: 0.959
 
 selecting CSF ...
 average/max PT2 energy lowering (eV):     0.026     0.141
        1286 CSF included by PT.
        1448 CSF in total.
 sTD-DFT procedure...
 setting up A+B and A-B matrices
  calculating (A-B)^0.5 ...
 estimated time (min)     0.13
  calculating (A+B)*(A-B)^0.5 ...
 calculate eigenvalues of (A-B)^0.5*(A+B)*(A-B)^0.5 ...
  rpa vectors ok
  178 roots found, lowest/highest eigenvalue :    3.283   9.991   0
 writing spectral data to tda.dat ...
 
 excitation energies, transition moments and TDA amplitudes
 state    eV      nm       fL         Rv
    1    3.283   377.7     0.7885   -12.8475     0.95(  65->  66)  0.01(  65->  67)  0.01(  63->  67)
    2    4.362   284.3     0.0072    -0.9265     0.62(  64->  66)  0.09(  65->  67)  0.07(  65->  71)
    3    4.635   267.5     0.1732   -16.4799     0.50(  65->  67)  0.12(  63->  66)  0.10(  62->  66)
    4    4.700   263.8     0.0874    35.6035     0.31(  62->  66)  0.22(  65->  67)  0.09(  65->  70)
    5    4.895   253.3     0.0071    -0.3739     0.26(  65->  68)  0.16(  63->  68)  0.13(  61->  67)
    6    4.921   252.0     0.0154   -11.0358     0.51(  63->  66)  0.07(  65->  69)  0.07(  64->  66)
    7    5.157   240.4     0.0805     2.4490     0.19(  63->  66)  0.11(  65->  71)  0.10(  59->  66)
    8    5.243   236.5     0.0375    -5.1142     0.29(  60->  66)  0.25(  65->  69)  0.11(  61->  66)
    9    5.448   227.6     0.1251     8.4095     0.26(  60->  66)  0.20(  65->  71)  0.17(  65->  69)
   10    5.565   222.8     0.0288   -12.7782     0.33(  61->  66)  0.19(  65->  68)  0.16(  60->  66)
   11    5.578   222.3     0.0007   -12.4351     0.47(  59->  66)  0.16(  65->  71)  0.06(  65->  69)
   12    5.616   220.8     0.0241     8.2444     0.50(  65->  70)  0.13(  65->  69)  0.10(  62->  66)
   13    5.689   218.0     0.0021    -3.1563     0.39(  65->  72)  0.12(  59->  66)  0.10(  61->  66)
   14    5.769   214.9     0.0680   -30.3915     0.27(  65->  68)  0.15(  65->  73)  0.07(  65->  72)
   15    5.824   212.9     0.0387    30.9144     0.25(  65->  73)  0.20(  65->  72)  0.09(  64->  71)
   16    6.142   201.9     0.0234    -3.6633     0.13(  62->  66)  0.12(  60->  70)  0.08(  62->  69)
   17    6.168   201.0     0.0554    -3.1836     0.35(  65->  74)  0.09(  63->  72)  0.08(  65->  73)
   18    6.209   199.7     0.0608   -15.9868     0.14(  63->  67)  0.14(  58->  66)  0.12(  64->  67)
   19    6.234   198.9     0.1100    55.7281     0.21(  64->  74)  0.14(  65->  74)  0.13(  64->  71)
   20    6.277   197.5     0.0618    13.9243     0.22(  58->  66)  0.12(  64->  67)  0.09(  63->  67)
   21    6.339   195.6     0.0663    53.3450     0.20(  58->  66)  0.19(  65->  73)  0.09(  64->  67)
   22    6.354   195.1     0.5108   -95.1028     0.11(  64->  73)  0.11(  64->  74)  0.10(  64->  67)
   23    6.542   189.5     0.0421   -38.5045     0.48(  57->  66)  0.13(  58->  66)  0.11(  56->  66)
   24    6.558   189.1     0.1729    52.6782     0.16(  62->  70)  0.15(  62->  68)  0.11(  62->  69)
   25    6.640   186.7     0.0120     7.2551     0.29(  65->  75)  0.09(  63->  72)  0.09(  65->  74)
   26    6.719   184.5     0.0278    29.5405     0.26(  64->  67)  0.19(  64->  73)  0.06(  63->  67)
   27    6.767   183.2     0.0204    27.2526     0.23(  61->  72)  0.10(  62->  72)  0.10(  60->  72)
   28    6.849   181.0     0.0304   -12.3733     0.17(  56->  66)  0.12(  65->  76)  0.08(  65->  75)
   29    6.867   180.5     0.0289    14.2649     0.16(  62->  74)  0.15(  65->  77)  0.11(  62->  72)
   30    6.881   180.2     0.0042    55.4204     0.41(  56->  66)  0.10(  57->  66)  0.06(  65->  76)
   31    6.914   179.3     0.1518   -70.9495     0.20(  63->  67)  0.15(  65->  77)  0.05(  61->  68)
   32    6.942   178.6     0.0277   -81.1156     0.19(  65->  77)  0.14(  63->  67)  0.06(  62->  72)
   33    7.008   176.9     0.3325    -5.3667     0.24(  63->  68)  0.13(  61->  67)  0.13(  62->  67)
   34    7.109   174.4     0.0583   -21.9927     0.31(  62->  67)  0.18(  61->  67)  0.13(  60->  67)
   35    7.113   174.3     0.3404   -20.9294     0.32(  60->  67)  0.14(  61->  68)  0.08(  62->  67)
   36    7.159   173.2     0.2005   123.5255     0.26(  63->  69)  0.08(  60->  67)  0.08(  63->  68)
   37    7.204   172.1     0.0465    18.1106     0.08(  65->  78)  0.07(  63->  69)  0.06(  61->  67)
   38    7.233   171.4     0.0894   -11.4902     0.22(  65->  80)  0.15(  65->  78)  0.11(  63->  71)
   39    7.253   171.0     0.0247   -67.5325     0.13(  63->  71)  0.09(  65->  78)  0.06(  64->  78)
   40    7.262   170.7     0.0510    -8.8713     0.34(  62->  68)  0.17(  60->  68)  0.10(  62->  67)
   41    7.303   169.8     0.0589   -29.6783     0.11(  65->  80)  0.08(  64->  76)  0.08(  64->  78)
   42    7.322   169.3     0.2744    73.4405     0.18(  61->  69)  0.08(  63->  70)  0.06(  62->  70)
   43    7.365   168.3     0.0273     5.3168     0.28(  60->  68)  0.12(  61->  69)  0.12(  62->  68)
   44    7.391   167.8     0.0463   -10.3029     0.23(  63->  70)  0.22(  59->  67)  0.10(  60->  70)
   45    7.417   167.2     0.2415   -69.0471     0.18(  60->  69)  0.17(  59->  67)  0.13(  60->  70)
   46    7.442   166.6     0.1064    32.6140     0.14(  61->  70)  0.10(  65->  76)  0.05(  62->  70)
   47    7.453   166.3     0.3005   -52.7748     0.27(  60->  69)  0.10(  62->  70)  0.07(  60->  67)
   48    7.488   165.6     0.0454    50.3356     0.23(  61->  70)  0.10(  63->  72)  0.09(  65->  76)
   49    7.515   165.0     0.0311   -39.9071     0.42(  64->  68)  0.10(  61->  70)  0.05(  60->  68)
   50    7.522   164.8     0.0383    -1.5980     0.15(  64->  68)  0.11(  63->  70)  0.10(  60->  70)
   51    7.565   163.9     0.0168   -19.8844     0.16(  65->  81)  0.09(  65->  78)  0.07(  65->  80)
   52    7.613   162.9     0.1224     3.9831     0.38(  55->  66)  0.08(  64->  69)  0.06(  60->  70)
   53    7.619   162.7     0.0139     9.7514     0.21(  55->  66)  0.16(  64->  69)  0.07(  64->  70)
   54    7.636   162.4     0.0056   -16.3757     0.40(  54->  66)  0.17(  53->  66)  0.06(  56->  67)
   55    7.704   160.9     0.0185    66.7288     0.15(  63->  73)  0.08(  65->  82)  0.05(  58->  71)
   56    7.734   160.3     0.0051    92.0249     0.11(  64->  69)  0.10(  64->  70)  0.08(  65->  83)
   57    7.790   159.2     0.0172  -132.7651     0.19(  65->  79)  0.09(  65->  83)  0.07(  63->  72)
   58    7.831   158.3     0.0045   -34.7069     0.15(  65->  79)  0.09(  64->  81)  0.08(  64->  78)
   59    7.880   157.3     0.0131    11.9562     0.26(  65->  82)  0.15(  65->  83)  0.05(  61->  77)
   60    7.918   156.6     0.0022     2.1582     0.16(  61->  76)  0.13(  65->  82)  0.08(  61->  77)
   61    7.967   155.6     0.0084    26.8368     0.12(  65->  81)  0.09(  62->  77)  0.07(  59->  68)
   62    7.989   155.2     0.0193   -29.8504     0.19(  62->  77)  0.13(  62->  79)  0.05(  60->  72)
   63    8.003   154.9     0.0757    95.8166     0.43(  59->  68)  0.09(  58->  71)  0.06(  59->  70)
   64    8.038   154.3     0.1096   -79.2705     0.26(  58->  71)  0.06(  63->  73)  0.05(  52->  66)
   65    8.088   153.3     0.0104   -36.3793     0.14(  59->  72)  0.08(  63->  74)  0.06(  65->  76)
   66    8.135   152.4     0.0213    -1.6919     0.22(  52->  66)  0.12(  65->  85)  0.04(  64->  70)
   67    8.139   152.3     0.0047     2.2679     0.43(  64->  70)  0.21(  64->  69)  0.15(  64->  68)
   68    8.157   152.0     0.0402    93.0438     0.14(  48->  66)  0.10(  51->  66)  0.06(  56->  71)
   69    8.192   151.4     0.0004   -11.1758     0.08(  61->  75)  0.08(  61->  79)  0.07(  62->  72)
   70    8.196   151.3     0.0053    24.3743     0.11(  64->  82)  0.09(  64->  77)  0.08(  64->  85)
   71    8.217   150.9     0.0081    12.3974     0.07(  52->  66)  0.06(  65->  85)  0.06(  60->  77)
   72    8.240   150.5     0.0159    -1.8449     0.08(  62->  72)  0.06(  53->  66)  0.06(  62->  75)
   73    8.247   150.3     0.0214    -9.4545     0.07(  62->  72)  0.07(  51->  66)  0.06(  53->  66)
   74    8.259   150.1     0.0015    -6.2692     0.13(  65->  84)  0.09(  54->  66)  0.08(  53->  66)
   75    8.302   149.3     0.0456   -44.9194     0.12(  58->  67)  0.11(  58->  73)  0.08(  51->  66)
   76    8.376   148.0     0.0393    20.1446     0.11(  63->  73)  0.10(  59->  69)  0.07(  64->  84)
   77    8.390   147.8     0.0095   -38.4111     0.12(  64->  84)  0.07(  64->  81)  0.04(  64->  72)
   78    8.396   147.7     0.0097    43.3766     0.09(  63->  76)  0.08(  59->  76)  0.07(  65->  83)
   79    8.407   147.5     0.0341    31.7709     0.07(  52->  66)  0.06(  45->  66)  0.05(  57->  71)
   80    8.434   147.0     0.0077   -17.7361     0.31(  55->  70)  0.23(  55->  69)  0.15(  55->  68)
   81    8.452   146.7     0.0060    -1.2169     0.09(  58->  73)  0.06(  56->  71)  0.05(  58->  67)
   82    8.477   146.3     0.0030     4.8012     0.31(  49->  66)  0.14(  50->  66)  0.04(  45->  66)
   83    8.501   145.8     0.0081     8.8585     0.04(  65->  79)  0.04(  59->  69)  0.04(  54->  70)
   84    8.503   145.8     0.0028     4.1734     0.18(  57->  67)  0.11(  45->  66)  0.07(  50->  66)
   85    8.513   145.6     0.0034   -12.8930     0.07(  59->  70)  0.06(  52->  68)  0.06(  53->  68)
   86    8.539   145.2     0.0008    18.0992     0.14(  54->  68)  0.10(  59->  70)  0.10(  52->  68)
   87    8.560   144.8     0.0225     4.1796     0.18(  57->  67)  0.09(  51->  66)  0.05(  46->  66)
   88    8.571   144.6     0.0070     2.6148     0.17(  50->  66)  0.12(  49->  66)  0.08(  59->  71)
   89    8.591   144.3     0.0125     2.6959     0.40(  46->  66)  0.05(  45->  66)  0.04(  53->  66)
   90    8.599   144.2     0.0048    -3.3191     0.29(  46->  66)  0.17(  45->  66)  0.04(  53->  66)
   91    8.607   144.1     0.0070   -21.4792     0.07(  61->  77)  0.05(  63->  77)  0.05(  65->  81)
   92    8.617   143.9     0.0267   -10.3402     0.09(  52->  67)  0.06(  65->  86)  0.06(  65->  85)
   93    8.644   143.4     0.0147    -4.8697     0.12(  59->  71)  0.08(  50->  66)  0.06(  63->  71)
   94    8.658   143.2     0.0078    -4.9292     0.08(  61->  74)  0.07(  60->  77)  0.05(  61->  77)
   95    8.675   142.9     0.0025    -2.1945     0.45(  51->  68)  0.10(  52->  68)  0.05(  57->  68)
   96    8.699   142.5     0.0010    34.5637     0.14(  58->  72)  0.10(  58->  74)  0.09(  57->  67)
   97    8.717   142.2     0.0020    -0.8494     0.07(  63->  74)  0.06(  63->  77)  0.05(  65->  81)
   98    8.729   142.0     0.0061    -7.0739     0.12(  51->  67)  0.08(  50->  66)  0.07(  51->  66)
   99    8.742   141.8     0.0017    -2.5155     0.13(  62->  82)  0.08(  62->  76)  0.07(  62->  81)
  100    8.761   141.5     0.0070    -8.9497     0.60(  44->  66)  0.02(  44->  73)  0.02(  59->  70)
  101    8.765   141.5     0.0044    -3.3698     0.11(  59->  70)  0.07(  44->  66)  0.07(  58->  72)
  102    8.807   140.8     0.0102   -12.6728     0.16(  44->  66)  0.10(  59->  73)  0.05(  62->  73)
  103    8.816   140.6     0.0046    -1.7218     0.11(  59->  72)  0.06(  59->  70)  0.05(  63->  74)
  104    8.860   139.9     0.0242    14.5080     0.09(  64->  77)  0.07(  64->  85)  0.06(  62->  73)
  105    8.882   139.6     0.0026     1.0560     0.06(  59->  73)  0.05(  65->  87)  0.04(  58->  73)
  106    8.891   139.5     0.0006    -1.5907     0.06(  62->  71)  0.05(  62->  73)  0.04(  47->  66)
  107    8.910   139.2     0.0033    -0.2465     0.19(  47->  67)  0.15(  47->  66)  0.04(  57->  69)
  108    8.937   138.7     0.0057   -19.2656     0.10(  65->  84)  0.05(  65->  79)  0.04(  65->  87)
  109    8.961   138.4     0.0404   -11.9674     0.20(  62->  73)  0.15(  57->  71)  0.04(  62->  80)
  110    8.974   138.2     0.0255    -0.9879     0.20(  56->  67)  0.06(  59->  73)  0.05(  62->  71)
  111    8.988   137.9     0.0172   -37.0838     0.07(  58->  73)  0.07(  58->  67)  0.07(  56->  67)
  112    9.011   137.6     0.0071   -17.2945     0.21(  47->  68)  0.16(  57->  68)  0.06(  61->  80)
  113    9.029   137.3     0.0079     4.0392     0.14(  61->  71)  0.07(  57->  71)  0.06(  60->  71)
  114    9.035   137.2     0.0019    -4.5165     0.06(  57->  71)  0.06(  61->  71)  0.05(  64->  75)
  115    9.054   136.9     0.0063    -2.3231     0.07(  57->  72)  0.06(  58->  67)  0.05(  64->  75)
  116    9.069   136.7     0.0365    28.1272     0.19(  57->  72)  0.05(  64->  75)  0.04(  56->  74)
  117    9.084   136.5     0.0192    -4.0264     0.19(  60->  73)  0.11(  61->  73)  0.06(  61->  80)
  118    9.108   136.1     0.0055   -20.5745     0.38(  43->  66)  0.09(  47->  67)  0.03(  47->  66)
  119    9.143   135.6     0.0013     1.5737     0.09(  62->  72)  0.08(  62->  85)  0.06(  62->  86)
  120    9.150   135.5     0.0002    13.4801     0.07(  57->  68)  0.05(  60->  73)  0.05(  61->  80)
  121    9.161   135.3     0.0030     0.0306     0.11(  57->  69)  0.08(  56->  67)  0.07(  47->  68)
  122    9.179   135.1     0.0002    -2.8730     0.24(  64->  75)  0.10(  65->  89)  0.07(  64->  76)
  123    9.194   134.9     0.0071     3.9562     0.21(  65->  90)  0.04(  63->  83)  0.04(  56->  72)
  124    9.244   134.1     0.0041   -15.2782     0.08(  65->  88)  0.06(  64->  76)  0.06(  65->  84)
  125    9.260   133.9     0.0044   -14.1460     0.21(  47->  66)  0.06(  61->  73)  0.03(  64->  76)
  126    9.271   133.7     0.0103     4.3656     0.06(  55->  69)  0.06(  47->  66)  0.04(  55->  73)
  127    9.274   133.7     0.0004    -1.2245     0.07(  62->  71)  0.06(  65->  89)  0.06(  64->  76)
  128    9.290   133.5     0.0109    11.3457     0.09(  47->  66)  0.07(  55->  69)  0.07(  55->  73)
  129    9.314   133.1     0.0033     1.1522     0.08(  65->  93)  0.04(  49->  70)  0.04(  52->  71)
  130    9.327   132.9     0.0103     0.7901     0.08(  62->  71)  0.08(  49->  70)  0.05(  49->  69)
  131    9.345   132.7     0.0076     1.2154     0.10(  52->  71)  0.06(  61->  71)  0.05(  60->  71)
  132    9.368   132.4     0.0021    -1.9408     0.08(  56->  73)  0.07(  57->  68)  0.06(  50->  71)
  133    9.369   132.3     0.0028     9.0828     0.10(  56->  72)  0.08(  65->  93)  0.07(  56->  74)
  134    9.377   132.2     0.0010     2.2170     0.18(  57->  68)  0.06(  47->  68)  0.04(  47->  69)
  135    9.394   132.0     0.0071    -1.8822     0.07(  57->  72)  0.06(  56->  72)  0.05(  65->  92)
  136    9.415   131.7     0.0016     7.1667     0.20(  62->  71)  0.10(  61->  71)  0.05(  61->  73)
  137    9.417   131.7     0.0025     2.9247     0.09(  60->  71)  0.06(  50->  71)  0.04(  64->  93)
  138    9.434   131.4     0.0004    -7.4755     0.25(  50->  71)  0.17(  49->  71)  0.03(  43->  66)
  139    9.454   131.1     0.0146     3.8015     0.06(  64->  80)  0.03(  64->  85)  0.03(  64->  83)
  140    9.467   131.0     0.0004    -0.3492     0.13(  61->  82)  0.08(  61->  75)  0.07(  61->  83)
  141    9.475   130.9     0.0039    -4.9387     0.06(  60->  71)  0.05(  57->  73)  0.05(  65->  88)
  142    9.491   130.6     0.0031     8.0687     0.16(  60->  71)  0.04(  65->  87)  0.03(  54->  72)
  143    9.498   130.5     0.0056     1.9857     0.09(  62->  89)  0.05(  62->  85)  0.04(  62->  77)
  144    9.516   130.3     0.0012    -0.0581     0.19(  60->  71)  0.06(  60->  73)  0.03(  57->  73)
  145    9.536   130.0     0.0149     9.5910     0.15(  58->  68)  0.06(  64->  93)  0.05(  64->  97)
  146    9.545   129.9     0.0023    -0.5067     0.52(  58->  68)  0.05(  58->  69)  0.04(  64->  68)
  147    9.552   129.8     0.0043     2.8155     0.04(  65->  93)  0.03(  64->  80)  0.03(  63->  79)
  148    9.575   129.5     0.0023    -2.7943     0.13(  52->  72)  0.07(  53->  72)  0.06(  59->  74)
  149    9.592   129.3     0.0038   -12.6368     0.07(  54->  72)  0.06(  53->  72)  0.05(  63->  75)
  150    9.612   129.0     0.0112    -5.6277     0.04(  59->  77)  0.04(  63->  80)  0.03(  57->  69)
  151    9.626   128.8     0.0025    -7.1955     0.14(  55->  74)  0.14(  55->  72)  0.12(  55->  75)
  152    9.634   128.7     0.0037     1.1293     0.03(  64->  92)  0.03(  59->  77)  0.03(  55->  74)
  153    9.647   128.5     0.0027    -0.3686     0.05(  62->  76)  0.03(  62->  75)  0.03(  61->  76)
  154    9.659   128.4     0.0006    -1.3164     0.10(  62->  76)  0.10(  62->  87)  0.07(  61->  75)
  155    9.674   128.2     0.0049    -3.6549     0.10(  61->  74)  0.06(  62->  75)  0.05(  61->  84)
  156    9.689   128.0     0.0204     7.3298     0.06(  63->  75)  0.03(  64->  77)  0.02(  52->  72)
  157    9.700   127.8     0.0015     7.6356     0.06(  65->  92)  0.03(  53->  72)  0.03(  65->  94)
  158    9.723   127.5     0.0057   -16.3809     0.08(  65->  97)  0.04(  61->  74)  0.03(  61->  86)
  159    9.739   127.3     0.0026     4.8924     0.08(  65->  99)  0.05(  65->  97)  0.03(  52->  72)
  160    9.750   127.2     0.0070     4.2673     0.05(  60->  74)  0.04(  61->  79)  0.03(  63->  75)
  161    9.758   127.1     0.0079     2.2574     0.19(  51->  72)  0.06(  53->  72)  0.06(  51->  75)
  162    9.782   126.7     0.0024     0.6113     0.07(  62->  86)  0.04(  51->  72)  0.03(  63->  82)
  163    9.794   126.6     0.0058   -24.2126     0.07(  58->  69)  0.04(  65->  95)  0.03(  53->  73)
  164    9.807   126.4     0.0018    -3.6175     0.14(  62->  86)  0.06(  60->  86)  0.03(  62->  80)
  165    9.809   126.4     0.0035    -7.2849     0.16(  56->  68)  0.12(  58->  69)  0.05(  58->  70)
  166    9.830   126.1     0.0061    -2.9450     0.30(  56->  68)  0.03(  56->  72)  0.03(  58->  69)
  167    9.851   125.9     0.0054    -5.8117     0.04(  51->  72)  0.02(  60->  80)  0.02(  63->  76)
  168    9.871   125.6     0.0015    -7.6909     0.12(  57->  69)  0.09(  56->  70)  0.08(  57->  70)
  169    9.881   125.5     0.0042    -2.1621     0.05(  63->  83)  0.04(  58->  72)  0.04(  58->  76)
  170    9.892   125.3     0.0032     2.1660     0.08(  63->  83)  0.05(  65->  90)  0.04(  65->  92)
  171    9.912   125.1     0.0051   -10.4239     0.30(  42->  66)  0.05(  65->  92)  0.04(  56->  69)
  172    9.914   125.1     0.0163     0.5587     0.08(  65->  95)  0.03(  42->  66)  0.03(  51->  72)
  173    9.935   124.8     0.0068    -3.5011     0.04(  63->  83)  0.03(  65->  95)  0.03(  59->  74)
  174    9.945   124.7     0.0096   -10.0104     0.14(  42->  66)  0.06(  65->  92)  0.05(  41->  66)
  175    9.959   124.5     0.0051    -3.2256     0.07(  61->  80)  0.05(  62->  80)  0.04(  57->  73)
  176    9.964   124.4     0.0082     3.1328     0.06(  65->  94)  0.05(  62->  74)  0.05(  65->  95)
  177    9.967   124.4     0.0005    -1.0883     0.05(  62->  74)  0.03(  65->  89)  0.03(  65->  95)
  178    9.991   124.1     0.0069   -17.1001     0.07(  50->  74)  0.04(  60->  74)  0.03(  60->  78)

  alpha tensor

           1         2         3
 
    1 262.01464
    2  20.93925 131.47402
    3   1.28510  24.37239  43.89845
 trace alpha_L[0] / au:   145.795706393087     
 sum rule f_L           6.58267830341482     
 
 SOS specific optical rotation 
 including Lorentz factor for common solvent (n=1.4)
 lambda [eV] alpha[grad*cm^3*g^-1*dm^-1]
 632.8  1.96     -463.45
 589.3  2.10     -559.74        0.00 ##
 579.0  2.14     -587.73
 546.0  2.27     -696.84
 436.0  2.84    -1744.08
 365.0  3.40     5490.38
 
 sTD-DFT done.
Mon 21 Mar 14:42:43 GMT 2022
