Mon 21 Mar 13:59:13 GMT 2022


                 *********************************************
                 *                                           *
                 *               s  T  D  A                  *
                 *                                           *
                 *                S. Grimme                  *
                 * Mulliken Center for Theoretical Chemistry *
                 *             Universitaet Bonn             *
                 *              Version 1.6.2                *
                 *       Tue Sep 10 14:44:30 CET 2020        *
                 *********************************************
 
 Please cite as:
 S. Grimme, J. Chem. Phys. 138 (2013) 244104
 
 With contributions from:
 C. Bannwarth, P. Shushkov, M. de Wergifosse
 
======================================================================
 
 reading an xTB output...
 
 reading: wfn.xtb
======================================================================
                    M O / A O    I N P U T 
======================================================================
atom  #          x             y             z            charge
  C   1     -0.67047477   -6.20907255    1.60513322         6.00
  C   2     -2.36536997   -4.00489620    1.11493831         6.00
  C   3     -4.95731808   -4.22391544    1.26895097         6.00
  C   4     -6.55413651   -2.18981443    0.78348038         6.00
  O   5     -9.06936175   -2.62369551    1.06089215         8.00
  C   6     -5.55182587    0.16138260    0.07993541         6.00
  C   7     -7.28508251    2.39730634   -0.36263841         6.00
  C   8     -6.16447502    4.38964441   -2.12726450         6.00
  C   9     -7.98012371    3.60125074    2.18131066         6.00
  C  10     -2.95458652    0.36641786   -0.10525774         6.00
  C  11     -1.33754803   -1.66371473    0.38890560         6.00
  N  12      1.24646324   -1.44129398    0.35829204         7.00
  C  13      2.45947832    0.00661404   -1.12514283         6.00
  C  14      5.18257342    0.23130246   -0.94505195         6.00
  C  15      6.50632644    1.74138246   -2.66394667         6.00
  C  16      9.09543997    1.96512601   -2.50691044         6.00
  C  17     10.38631176    0.67085271   -0.61661758         6.00
  N  18     13.08616323    0.90045441   -0.44843197         7.00
  O  19     14.15499222   -0.25246739    1.22321961         8.00
  O  20     14.14327592    2.23327813   -1.98912553         8.00
  C  21      9.10205401   -0.84262880    1.11323756         6.00
  C  22      6.51653096   -1.05390016    0.94486297         6.00
  H  23     -1.58944850   -7.57950181    2.82759694         1.00
  H  24     -0.18991746   -7.14089642   -0.16856355         1.00
  H  25      1.08035633   -5.56410909    2.46439161         1.00
  H  26     -5.81808825   -5.99364379    1.80336547         1.00
  H  27    -10.02367335   -1.11323756    0.69900963         1.00
  H  28     -9.02306346    1.71454835   -1.27632091         1.00
  H  29     -4.62170275    5.39989190   -1.22246372         1.00
  H  30     -5.47359121    3.52244917   -3.85787553         1.00
  H  31     -7.61068229    5.76498695   -2.62180578         1.00
  H  32     -8.82747683    2.22855381    3.45687568         1.00
  H  33     -9.30727825    5.14723554    1.90635554         1.00
  H  34     -6.28919693    4.34447996    3.08365480         1.00
  H  35     -2.11630409    2.16770464   -0.56200450         1.00
  H  36      1.55656726    1.10851324   -2.63333311         1.00
  H  37      5.48700827    2.73670112   -4.12564969         1.00
  H  38     10.14896218    3.12144932   -3.81592361         1.00
  H  39     10.16389102   -1.81961712    2.55490948         1.00
  H  40      5.46452053   -2.20531018    2.25519895         1.00

 # atoms          =   40
 # mos            =  176
 # primitive  aos = 1382
 # contracted aos =  266

 spherical AO basis
======================================================================
                    A O   I N T E G R A L S
======================================================================
 memory needed for AO int data:   2 Mb
 done.
  
Restricted MOs found... RKS-sTD-DFT will be performed
  
======================================================================
                    s T D A
======================================================================
 spectral range up to (eV)     :    10.0000000000000     
 occ MO cut-off (eV)           :   -36.7989375646030     
 virtMO cut-off (eV)           :    13.3604285961332     
 perturbation thr              :   1.000000000000000E-004
 triplet                       :  F
 MOs in TDA :          139
 oMOs in TDA:           55
 vMOs in TDA:           84
 sorting MOs ...
 reading and transforming R..V..L AO ints ...
 ints done.
 S^1/2 ...
 S^1/2 orthogonalized MO coefficients done.

 SCF atom population (using active MOs):
  3.907  4.081  3.984  3.796  6.140  4.038  4.082  3.898  3.886  3.911
  4.001  5.135  3.830  4.073  3.977  3.909  3.939  2.902  5.226  5.224
  3.907  3.962  1.026  1.004  1.066  0.979  0.973  1.022  1.035  1.013
  1.016  1.027  1.013  1.011  1.037  0.989  0.993  0.986  0.985  1.018
 
 # electrons in TDA: 110.000
 
 
 ax(DF)   :   0.500000000000000     
 s^K      :    2.00000000000000     
 beta  (J):    4.00000000000000     
 alpha (K):    2.00000000000000     
 
 hardness table read.
 setting up gammas ...
 memory needed for q data (Mb)                      2
 computing q(ij,n) ...
 
         105 CSF included by energy.
 
        4515 considered in PT2.
 ordered frontier orbitals
         eV     # centers
  45   -19.326    17.7
  46   -18.839     2.5
  47   -18.747     8.8
  48   -18.443    16.9
  49   -18.205     4.2
  50   -18.151    15.9
  51   -17.063     7.0
  52   -17.032     8.1
  53   -16.630     5.0
  54   -15.889     5.0
  55   -14.640     8.9
 
  56    -8.799     9.9
  57    -7.109     8.3
  58    -6.510     4.5
  59    -5.737     5.3
  60    -5.346    20.4
  61    -5.207    23.4
  62    -5.151    21.3
  63    -4.622    20.1
  64    -4.396    27.1
  65    -4.166    31.1
  66    -4.128    23.2
 
             lowest CSF states
       eV     nm      excitation i->a               eV
    1  3.64   340.7       55 ->  56     gap,J,K:   5.841   2.723   0.254   Kshft:   0.012  locality: 0.614
    2  4.66   266.2       53 ->  56     gap,J,K:   7.831   3.558   0.138   Kshft:   0.107  locality: 0.765
    3  5.00   248.1       55 ->  57     gap,J,K:   7.530   3.241   0.353   Kshft:   0.003  locality: 0.778
    4  5.07   244.5       52 ->  56     gap,J,K:   8.233   3.934   0.385   Kshft:   0.002  locality: 0.929
    5  5.08   244.0       51 ->  56     gap,J,K:   8.264   4.037   0.426   Kshft:   0.002  locality: 0.937
    6  5.17   239.9       49 ->  56     gap,J,K:   9.406   4.743   0.003   Kshft:   0.500  locality: 0.927
    7  5.26   235.6       54 ->  56     gap,J,K:   7.090   2.399   0.050   Kshft:   0.471  locality: 0.513
    8  5.43   228.4       55 ->  59     gap,J,K:   8.902   4.594   0.561   Kshft:   0.001  locality: 0.982
    9  5.82   213.2       46 ->  56     gap,J,K:  10.040   4.725   0.000   Kshft:   0.500  locality: 0.888
   10  6.04   205.4       55 ->  58     gap,J,K:   8.130   2.663   0.051   Kshft:   0.469  locality: 0.556
   11  6.05   204.8       53 ->  57     gap,J,K:   9.521   3.923   0.098   Kshft:   0.259  locality: 0.897
   12  6.15   201.7       54 ->  57     gap,J,K:   8.780   3.018   0.134   Kshft:   0.117  locality: 0.687
   13  6.20   200.1       55 ->  60     gap,J,K:   9.294   3.644   0.269   Kshft:   0.009  locality: 0.934
   14  6.25   198.3       55 ->  61     gap,J,K:   9.433   3.614   0.202   Kshft:   0.028  locality: 0.922
   15  6.51   190.4       52 ->  57     gap,J,K:   9.922   3.798   0.164   Kshft:   0.061  locality: 0.954
   16  6.54   189.5       51 ->  57     gap,J,K:   9.954   3.816   0.180   Kshft:   0.044  locality: 0.943
   17  6.70   185.2       50 ->  56     gap,J,K:   9.352   3.112   0.216   Kshft:   0.022  locality: 0.774
   18  6.73   184.2       53 ->  58     gap,J,K:  10.120   3.793   0.120   Kshft:   0.161  locality: 0.754
   19  6.90   179.7       55 ->  62     gap,J,K:   9.488   3.146   0.031   Kshft:   0.495  locality: 0.806
   20  6.95   178.5       54 ->  59     gap,J,K:  10.152   4.932   0.864   Kshft:   0.000  locality: 1.000
   21  7.08   175.0       55 ->  63     gap,J,K:  10.017   3.441   0.003   Kshft:   0.500  locality: 0.868
   22  7.24   171.4       55 ->  64     gap,J,K:  10.243   3.525   0.009   Kshft:   0.500  locality: 0.933
   23  7.29   170.0       43 ->  56     gap,J,K:  10.653   3.882   0.011   Kshft:   0.500  locality: 0.940
   24  7.32   169.3       55 ->  66     gap,J,K:  10.512   3.572   0.156   Kshft:   0.072  locality: 0.930
   25  7.32   169.3       54 ->  60     gap,J,K:  10.543   3.623   0.180   Kshft:   0.043  locality: 0.881
 
 selecting CSF ...
 average/max PT2 energy lowering (eV):     0.030     0.224
         848 CSF included by PT.
         953 CSF in total.
 sTD-DFT procedure...
 setting up A+B and A-B matrices
  calculating (A-B)^0.5 ...
 estimated time (min)     0.04
  calculating (A+B)*(A-B)^0.5 ...
 calculate eigenvalues of (A-B)^0.5*(A+B)*(A-B)^0.5 ...
  rpa vectors ok
  123 roots found, lowest/highest eigenvalue :    2.958   9.990   0
 writing spectral data to tda.dat ...
 
 excitation energies, transition moments and TDA amplitudes
 state    eV      nm       fL         Rv
    1    2.958   419.2     0.5215   183.8548     0.67(  55->  56)  0.13(  55->  57)  0.07(  53->  56)
    2    4.038   307.1     0.2527   -88.3259     0.31(  53->  56)  0.25(  52->  56)  0.22(  51->  56)
    3    4.079   304.0     0.3667   -71.5669     0.30(  53->  56)  0.26(  51->  56)  0.16(  52->  56)
    4    4.193   295.7     0.0006    -0.0311     0.72(  49->  56)  0.21(  49->  57)  0.02(  50->  56)
    5    4.267   290.5     0.0251    -4.4675     0.44(  55->  59)  0.25(  54->  56)  0.21(  54->  57)
    6    4.679   265.0     0.0041    22.3722     0.66(  46->  56)  0.22(  46->  57)  0.04(  55->  57)
    7    4.705   263.5     0.1087   -20.8168     0.68(  55->  57)  0.08(  53->  56)  0.06(  55->  56)
    8    4.792   258.7     0.0894    39.3359     0.36(  52->  56)  0.31(  51->  56)  0.09(  50->  56)
    9    5.047   245.6     0.1354    -0.5833     0.46(  54->  56)  0.41(  55->  59)  0.07(  54->  57)
   10    5.415   228.9     0.0023    -1.0792     0.43(  55->  60)  0.37(  55->  61)  0.06(  55->  62)
   11    5.650   219.5     0.0289     3.0514     0.53(  55->  58)  0.15(  51->  57)  0.09(  52->  58)
   12    5.808   213.5     0.0329     6.0554     0.21(  54->  59)  0.21(  55->  61)  0.13(  52->  57)
   13    6.035   205.4     0.0243     3.5196     0.24(  51->  57)  0.19(  55->  58)  0.17(  53->  57)
   14    6.052   204.9     0.0049   -32.6848     0.29(  53->  57)  0.16(  52->  57)  0.12(  55->  58)
   15    6.195   200.1     0.1501   -16.0384     0.17(  50->  56)  0.17(  55->  60)  0.10(  54->  59)
   16    6.286   197.2     0.0754   -37.7630     0.23(  55->  62)  0.11(  55->  64)  0.08(  50->  56)
   17    6.353   195.2     0.1665    17.7817     0.48(  54->  57)  0.19(  54->  56)  0.08(  54->  60)
   18    6.502   190.7     0.1390   -13.9311     0.15(  52->  58)  0.15(  50->  56)  0.14(  50->  57)
   19    6.565   188.8     0.0348     6.9629     0.25(  53->  58)  0.23(  55->  63)  0.10(  51->  57)
   20    6.608   187.6     0.3435    17.1986     0.20(  54->  59)  0.11(  50->  56)  0.09(  55->  62)
   21    6.617   187.4     0.1277   -23.6488     0.28(  55->  63)  0.19(  53->  58)  0.08(  51->  57)
   22    6.649   186.5     0.0469   -19.3257     0.62(  43->  56)  0.15(  45->  56)  0.04(  44->  56)
   23    6.743   183.9     0.2125    23.4939     0.26(  54->  60)  0.24(  54->  61)  0.07(  51->  58)
   24    6.889   180.0     0.0185    -1.8331     0.21(  51->  58)  0.13(  54->  59)  0.09(  52->  58)
   25    7.002   177.1     0.0063     5.9384     0.20(  52->  58)  0.16(  53->  58)  0.14(  51->  58)
   26    7.026   176.5     0.0255    24.2394     0.16(  55->  66)  0.12(  55->  63)  0.10(  55->  67)
   27    7.066   175.5     0.0780    21.4446     0.37(  48->  56)  0.12(  48->  57)  0.07(  55->  64)
   28    7.127   174.0     0.0178     8.1065     0.36(  53->  59)  0.09(  55->  64)  0.08(  55->  66)
   29    7.144   173.5     0.0311    -4.4435     0.24(  53->  59)  0.18(  55->  66)  0.12(  55->  64)
   30    7.246   171.1     0.0331   -26.6106     0.24(  55->  65)  0.21(  55->  67)  0.05(  55->  63)
   31    7.271   170.5     0.2981   -51.4608     0.71(  40->  56)  0.07(  40->  57)  0.05(  52->  58)
   32    7.334   169.0     0.1085     1.2161     0.24(  42->  56)  0.07(  53->  59)  0.05(  55->  65)
   33    7.363   168.4     0.1477   -16.4082     0.23(  54->  61)  0.13(  54->  60)  0.09(  54->  66)
   34    7.412   167.3     0.0163    -1.2188     0.13(  51->  62)  0.11(  54->  64)  0.10(  54->  63)
   35    7.442   166.6     0.0133    41.9892     0.16(  51->  62)  0.14(  54->  64)  0.13(  52->  62)
   36    7.499   165.3     0.0112    22.5026     0.34(  49->  57)  0.16(  49->  56)  0.07(  49->  60)
   37    7.514   165.0     0.0470   -52.9680     0.11(  55->  65)  0.11(  52->  62)  0.10(  55->  68)
   38    7.657   161.9     0.0196   -27.7116     0.16(  53->  62)  0.12(  54->  58)  0.09(  55->  68)
   39    7.670   161.6     0.0041    -1.4866     0.81(  54->  58)  0.03(  53->  62)  0.03(  55->  69)
   40    7.723   160.5     0.0386   -64.6182     0.22(  55->  69)  0.20(  53->  60)  0.07(  55->  71)
   41    7.766   159.7     0.0016     5.8036     0.23(  54->  64)  0.22(  54->  62)  0.19(  54->  63)
   42    7.821   158.5     0.0014     3.0251     0.14(  55->  67)  0.14(  53->  60)  0.12(  55->  68)
   43    7.901   156.9     0.0035     9.2497     0.39(  50->  59)  0.24(  52->  59)  0.17(  51->  59)
   44    7.922   156.5     0.0003     0.9368     0.94(  49->  58)  0.02(  50->  58)  0.01(  48->  58)
   45    7.957   155.8     0.0307    26.1048     0.14(  55->  68)  0.13(  53->  61)  0.08(  55->  69)
   46    8.045   154.1     0.0187     2.5744     0.18(  50->  57)  0.15(  37->  56)  0.07(  33->  56)
   47    8.062   153.8     0.0104    -7.0193     0.36(  55->  72)  0.15(  47->  56)  0.15(  55->  71)
   48    8.085   153.4     0.0065     0.9860     0.22(  53->  63)  0.14(  55->  70)  0.06(  52->  63)
   49    8.109   152.9     0.0023    -4.7462     0.13(  37->  56)  0.12(  47->  56)  0.08(  38->  56)
   50    8.154   152.0     0.0023     1.3847     0.22(  47->  56)  0.05(  41->  56)  0.05(  47->  57)
   51    8.223   150.8     0.0181   -51.0728     0.08(  52->  61)  0.07(  55->  70)  0.06(  52->  63)
   52    8.275   149.8     0.0377    54.1550     0.20(  51->  63)  0.10(  55->  70)  0.09(  52->  63)
   53    8.290   149.6     0.0562   -31.9255     0.12(  51->  61)  0.10(  52->  60)  0.07(  53->  61)
   54    8.330   148.8     0.0047    -4.7542     0.35(  46->  57)  0.19(  46->  56)  0.13(  43->  58)
   55    8.346   148.6     0.0070     0.2914     0.50(  43->  58)  0.12(  45->  58)  0.08(  46->  58)
   56    8.366   148.2     0.0685   -15.5941     0.13(  43->  57)  0.11(  45->  57)  0.09(  30->  56)
   57    8.390   147.8     0.0536    -9.7033     0.13(  54->  67)  0.13(  55->  73)  0.05(  54->  65)
   58    8.409   147.4     0.0421    38.8230     0.17(  54->  67)  0.13(  53->  63)  0.07(  54->  65)
   59    8.441   146.9     0.0094    16.8759     0.31(  43->  57)  0.10(  30->  56)  0.08(  41->  56)
   60    8.470   146.4     0.0219    -7.3699     0.43(  55->  73)  0.09(  53->  63)  0.05(  54->  67)
   61    8.496   145.9     0.0007    -0.2650     0.22(  54->  70)  0.16(  54->  63)  0.10(  54->  65)
   62    8.523   145.5     0.0172    -3.1933     0.15(  48->  59)  0.14(  55->  71)  0.09(  55->  72)
   63    8.545   145.1     0.0183    -5.8967     0.46(  48->  59)  0.07(  55->  71)  0.03(  55->  72)
   64    8.613   143.9     0.0072    -7.0714     0.12(  54->  68)  0.07(  48->  59)  0.06(  53->  62)
   65    8.643   143.4     0.0165     9.0137     0.17(  53->  66)  0.07(  50->  57)  0.05(  51->  61)
   66    8.698   142.5     0.0029     4.4802     0.22(  55->  74)  0.04(  55->  73)  0.04(  55->  69)
   67    8.705   142.4     0.0035   -14.2255     0.12(  54->  72)  0.09(  55->  74)  0.07(  54->  71)
   68    8.741   141.8     0.0129   -12.1921     0.16(  54->  68)  0.08(  53->  61)  0.08(  53->  62)
   69    8.781   141.2     0.0055     6.1773     0.13(  53->  65)  0.11(  54->  72)  0.06(  54->  67)
   70    8.789   141.1     0.0100    -1.1831     0.10(  53->  65)  0.08(  45->  56)  0.07(  42->  56)
   71    8.823   140.5     0.0522    -5.5665     0.48(  50->  58)  0.10(  42->  58)  0.05(  52->  58)
   72    8.837   140.3     0.0132     6.7901     0.08(  41->  56)  0.06(  45->  56)  0.06(  52->  60)
   73    8.848   140.1     0.0130   -12.3903     0.17(  55->  75)  0.10(  53->  69)  0.06(  55->  76)
   74    8.871   139.8     0.0084    -8.5677     0.27(  44->  56)  0.11(  45->  56)  0.08(  48->  57)
   75    8.893   139.4     0.0139    -7.5905     0.23(  44->  56)  0.19(  46->  58)  0.12(  41->  56)
   76    8.911   139.1     0.0060    16.8588     0.65(  46->  58)  0.05(  43->  58)  0.04(  44->  56)
   77    8.926   138.9     0.0017    -5.2498     0.20(  55->  78)  0.11(  55->  76)  0.05(  48->  57)
   78    8.986   138.0     0.0169    19.1714     0.07(  54->  71)  0.04(  47->  61)  0.04(  54->  69)
   79    9.021   137.4     0.0195    14.3174     0.08(  47->  61)  0.07(  47->  62)  0.06(  47->  59)
   80    9.058   136.9     0.0084   -12.1975     0.13(  53->  66)  0.08(  47->  61)  0.05(  52->  61)
   81    9.079   136.6     0.0186     1.9798     0.10(  54->  69)  0.09(  54->  71)  0.07(  50->  60)
   82    9.094   136.3     0.0127   -29.4481     0.15(  53->  64)  0.08(  55->  79)  0.06(  48->  61)
   83    9.136   135.7     0.0022    -0.3975     0.14(  55->  75)  0.07(  55->  80)  0.07(  53->  69)
   84    9.159   135.4     0.0192     2.1751     0.09(  42->  57)  0.08(  36->  56)  0.06(  51->  69)
   85    9.171   135.2     0.0034    -2.5374     0.15(  51->  69)  0.14(  52->  69)  0.05(  52->  64)
   86    9.192   134.9     0.0050   -26.5724     0.10(  51->  68)  0.09(  52->  64)  0.07(  52->  68)
   87    9.212   134.6     0.0098    -2.1225     0.13(  50->  59)  0.07(  51->  64)  0.06(  52->  59)
   88    9.264   133.8     0.0063    -5.9125     0.19(  28->  56)  0.09(  30->  56)  0.05(  55->  77)
   89    9.271   133.7     0.0112    19.0052     0.11(  40->  57)  0.05(  38->  56)  0.05(  50->  59)
   90    9.281   133.6     0.2263    34.2247     0.41(  40->  57)  0.05(  30->  56)  0.05(  40->  60)
   91    9.299   133.3     0.0007    -0.9321     0.09(  54->  73)  0.09(  54->  68)  0.08(  54->  64)
   92    9.300   133.3     0.0067     6.2427     0.25(  28->  56)  0.11(  37->  57)  0.11(  38->  56)
   93    9.327   132.9     0.0023     4.3312     0.13(  55->  76)  0.08(  55->  75)  0.05(  54->  66)
   94    9.353   132.6     0.0053    -8.0201     0.23(  30->  56)  0.11(  38->  56)  0.08(  43->  57)
   95    9.364   132.4     0.0101    -8.5118     0.18(  30->  56)  0.08(  33->  56)  0.07(  28->  56)
   96    9.368   132.4     0.0018    -3.1121     0.12(  55->  79)  0.05(  55->  70)  0.04(  36->  56)
   97    9.390   132.0     0.0065    -3.6562     0.10(  54->  72)  0.07(  55->  77)  0.06(  55->  78)
   98    9.398   131.9     0.0433     6.8366     0.08(  54->  66)  0.08(  54->  71)  0.07(  54->  73)
   99    9.432   131.5     0.0087   -11.7429     0.13(  47->  59)  0.10(  55->  84)  0.07(  49->  62)
  100    9.448   131.2     0.0107    21.2931     0.36(  47->  59)  0.06(  54->  73)  0.05(  47->  61)
  101    9.487   130.7     0.0235    12.2407     0.44(  49->  62)  0.12(  49->  60)  0.08(  49->  64)
  102    9.499   130.5     0.0035     2.8936     0.59(  51->  59)  0.22(  52->  59)  0.02(  50->  59)
  103    9.556   129.7     0.0024    -1.4115     0.19(  42->  58)  0.06(  50->  58)  0.05(  48->  58)
  104    9.564   129.6     0.0061     8.8723     0.14(  34->  56)  0.12(  39->  56)  0.08(  42->  58)
  105    9.580   129.4     0.0252     8.8441     0.11(  53->  65)  0.05(  55->  82)  0.05(  53->  69)
  106    9.593   129.2     0.0160     9.8203     0.11(  44->  61)  0.06(  48->  60)  0.06(  44->  62)
  107    9.624   128.8     0.0163    14.1005     0.09(  39->  56)  0.05(  34->  56)  0.05(  34->  57)
  108    9.660   128.3     0.0054     4.8280     0.10(  47->  57)  0.05(  54->  73)  0.05(  53->  67)
  109    9.668   128.2     0.0041    -7.2451     0.29(  47->  57)  0.10(  47->  56)  0.06(  47->  60)
  110    9.690   128.0     0.0013     2.1534     0.07(  53->  67)  0.05(  54->  75)  0.04(  53->  65)
  111    9.731   127.4     0.0024     7.0657     0.12(  48->  58)  0.09(  42->  57)  0.08(  37->  58)
  112    9.750   127.2     0.0204   -19.7100     0.09(  45->  61)  0.06(  53->  61)  0.05(  45->  60)
  113    9.764   127.0     0.0020    -1.9222     0.17(  48->  58)  0.13(  37->  58)  0.08(  36->  58)
  114    9.802   126.5     0.0008     7.2308     0.19(  39->  56)  0.06(  55->  84)  0.04(  34->  56)
  115    9.819   126.3     0.0012     4.2689     0.23(  39->  56)  0.07(  34->  56)  0.03(  39->  57)
  116    9.830   126.1     0.0080    15.7746     0.07(  39->  56)  0.04(  55->  76)  0.03(  55->  79)
  117    9.852   125.8     0.0109     6.6829     0.28(  54->  78)  0.11(  54->  76)  0.06(  54->  74)
  118    9.873   125.6     0.0047    -7.8176     0.24(  45->  59)  0.09(  44->  59)  0.06(  43->  59)
  119    9.888   125.4     0.0018    -0.6169     0.09(  55->  85)  0.05(  55->  82)  0.04(  53->  67)
  120    9.920   125.0     0.0016    -3.5316     0.11(  55->  82)  0.07(  55->  77)  0.05(  55->  85)
  121    9.936   124.8     0.0064   -20.0974     0.23(  46->  62)  0.11(  43->  62)  0.07(  46->  60)
  122    9.971   124.3     0.0253     0.6970     0.08(  53->  67)  0.03(  48->  65)  0.03(  47->  67)
  123    9.990   124.1     0.0144    82.8189     0.04(  47->  64)  0.03(  34->  57)  0.03(  34->  56)

  alpha tensor

           1         2         3
 
    1 294.19072
    2  38.13434  64.74879
    3 -23.97903 -34.59348  39.36166
 trace alpha_L[0] / au:   132.767056865192     
 sum rule f_L           5.06775015740535     
 
 SOS specific optical rotation 
 including Lorentz factor for common solvent (n=1.4)
 lambda [eV] alpha[grad*cm^3*g^-1*dm^-1]
 632.8  1.96     3715.87
 589.3  2.10     5087.57        0.00 ##
 579.0  2.14     5538.99
 546.0  2.27     7554.27
 436.0  2.84    84520.77
 365.0  3.40   -46180.30
 
 sTD-DFT done.
Mon 21 Mar 13:59:16 GMT 2022
