Mon 21 Mar 14:06:16 GMT 2022


                 *********************************************
                 *                                           *
                 *               s  T  D  A                  *
                 *                                           *
                 *                S. Grimme                  *
                 * Mulliken Center for Theoretical Chemistry *
                 *             Universitaet Bonn             *
                 *              Version 1.6.2                *
                 *       Tue Sep 10 14:44:30 CET 2020        *
                 *********************************************
 
 Please cite as:
 S. Grimme, J. Chem. Phys. 138 (2013) 244104
 
 With contributions from:
 C. Bannwarth, P. Shushkov, M. de Wergifosse
 
======================================================================
 
 reading an xTB output...
 
 reading: wfn.xtb
======================================================================
                    M O / A O    I N P U T 
======================================================================
atom  #          x             y             z            charge
  C   1     11.11404523   -1.93810293   -0.80955860         6.00
  O   2      8.82426429   -2.46533647    0.44314074         8.00
  C   3      6.95078999   -0.71866278    0.36282738         6.00
  C   4      7.10518060    1.61212521   -0.84659723         6.00
  C   5      5.04348959    3.20176268   -0.78839367         6.00
  C   6      2.80492023    2.54564983    0.42556628         6.00
  C   7      0.68597052    4.33635414    0.27722280         6.00
  O   8      0.95771311    6.54223124   -0.29271855         8.00
  C   9     -1.88556855    3.34897233    0.85982531         6.00
  C  10     -3.17795213    1.81224719   -0.67538805         6.00
  C  11     -2.16260238    0.69523018   -3.06116707         6.00
  O  12     -0.10809232    0.96772866   -4.02454935         8.00
  N  13     -4.06328874   -0.80010997   -4.00886463         7.00
  C  14     -6.19546652   -0.74511894   -2.49349339         6.00
  C  15     -8.47636575   -1.96909444   -2.79962899         6.00
  C  16    -10.31922649   -1.58548007   -0.96886249         6.00
  C  17     -9.88402261   -0.03118048    1.09471824         6.00
  C  18     -7.58668277    1.19884214    1.39556261         6.00
  C  19     -5.73361750    0.83903832   -0.40950361         6.00
  C  20      2.66697023    0.20106684    1.68506863         6.00
  O  21      0.49926560   -0.32541081    2.95156296         8.00
  C  22      0.24547540   -2.68548955    4.15569634         6.00
  C  23      4.73962165   -1.39272802    1.63574678         6.00
  H  24     10.81962592   -1.65842349   -2.83647865         1.00
  H  25     12.30173798   -3.59218006   -0.51419443         1.00
  H  26     12.04738087   -0.27419924   -0.01190527         1.00
  H  27      8.78987128    2.18546806   -1.83586876         1.00
  H  28      5.10566157    5.00947452   -1.73042205         1.00
  H  29     -2.76504701    4.11279956    2.54016962         1.00
  H  30     -3.91607908   -1.77369678   -5.63780840         1.00
  H  31     -8.82388635   -3.18003083   -4.40400632         1.00
  H  32    -12.12410375   -2.51730394   -1.16293735         1.00
  H  33    -11.35536323    0.22790095    2.48366682         1.00
  H  34     -7.25692559    2.41223517    3.00088481         1.00
  H  35      1.62403048   -2.91244563    5.68051620         1.00
  H  36      0.43841642   -4.24470243    2.81210119         1.00
  H  37     -1.65539993   -2.69701687    4.94446795         1.00
  H  38      4.72601563   -3.20554213    2.56303531         1.00

 # atoms          =   38
 # mos            =  175
 # primitive  aos = 1357
 # contracted aos =  259

 spherical AO basis
======================================================================
                    A O   I N T E G R A L S
======================================================================
 memory needed for AO int data:   2 Mb
 done.
  
Restricted MOs found... RKS-sTD-DFT will be performed
  
======================================================================
                    s T D A
======================================================================
 spectral range up to (eV)     :    10.0000000000000     
 occ MO cut-off (eV)           :   -35.6477608544724     
 virtMO cut-off (eV)           :    13.2675964982748     
 perturbation thr              :   1.000000000000000E-004
 triplet                       :  F
 MOs in TDA :          136
 oMOs in TDA:           54
 vMOs in TDA:           82
 sorting MOs ...
 reading and transforming R..V..L AO ints ...
 ints done.
 S^1/2 ...
 S^1/2 orthogonalized MO coefficients done.

 SCF atom population (using active MOs):
  3.506  5.199  3.447  3.932  3.883  3.951  3.065  5.413  3.750  3.895
  3.073  5.490  4.922  3.900  3.989  4.002  4.026  3.938  4.015  3.385
  5.205  3.487  3.881  0.988  0.976  0.990  0.998  0.974  0.941  0.886
  0.983  0.999  0.999  0.998  0.991  0.983  0.979  0.961
 
 # electrons in TDA: 108.000
 
 
 ax(DF)   :   0.500000000000000     
 s^K      :    2.00000000000000     
 beta  (J):    4.00000000000000     
 alpha (K):    2.00000000000000     
 
 hardness table read.
 setting up gammas ...
 memory needed for q data (Mb)                      1
 computing q(ij,n) ...
 
         133 CSF included by energy.
 
        4295 considered in PT2.
 ordered frontier orbitals
         eV     # centers
  44   -18.842    11.1
  45   -18.588    13.2
  46   -18.077     5.4
  47   -17.860     8.2
  48   -17.552     6.4
  49   -17.023     4.5
  50   -16.122     5.5
  51   -15.726     7.1
  52   -15.455     4.5
  53   -15.016     6.6
  54   -14.732     8.6
 
  55    -7.648     8.1
  56    -6.742     8.6
  57    -5.844     5.8
  58    -5.340     4.9
  59    -5.074    23.6
  60    -4.952    19.2
  61    -4.930    12.3
  62    -4.632    15.8
  63    -4.327    17.0
  64    -4.216    17.1
  65    -3.940    29.1
 
             lowest CSF states
       eV     nm      excitation i->a               eV
    1  3.57   347.2       54 ->  55     gap,J,K:   7.085   4.085   0.282   Kshft:   0.008  locality: 0.901
    2  4.26   291.0       53 ->  55     gap,J,K:   7.368   3.528   0.112   Kshft:   0.196  locality: 0.782
    3  4.54   273.2       50 ->  55     gap,J,K:   8.475   4.488   0.028   Kshft:   0.497  locality: 0.934
    4  4.95   250.4       51 ->  55     gap,J,K:   8.078   4.058   0.465   Kshft:   0.001  locality: 0.913
    5  5.01   247.7       53 ->  56     gap,J,K:   8.274   4.265   0.498   Kshft:   0.001  locality: 0.953
    6  5.10   243.2       52 ->  55     gap,J,K:   7.807   3.258   0.067   Kshft:   0.415  locality: 0.689
    7  5.24   236.4       54 ->  56     gap,J,K:   7.990   3.178   0.106   Kshft:   0.219  locality: 0.707
    8  5.27   235.2       52 ->  56     gap,J,K:   8.712   4.144   0.350   Kshft:   0.003  locality: 0.884
    9  5.33   232.4       50 ->  56     gap,J,K:   9.380   4.569   0.012   Kshft:   0.500  locality: 0.959
   10  5.39   229.9       49 ->  55     gap,J,K:   9.375   4.495   0.007   Kshft:   0.500  locality: 0.931
   11  5.52   224.8       54 ->  57     gap,J,K:   8.888   4.582   0.604   Kshft:   0.000  locality: 0.976
   12  6.18   200.5       53 ->  58     gap,J,K:   9.676   4.761   0.634   Kshft:   0.000  locality: 0.995
   13  6.21   199.6       51 ->  56     gap,J,K:   8.984   3.201   0.108   Kshft:   0.212  locality: 0.726
   14  6.51   190.5       48 ->  55     gap,J,K:   9.904   4.353   0.478   Kshft:   0.001  locality: 0.973
   15  6.61   187.7       51 ->  57     gap,J,K:   9.882   4.527   0.625   Kshft:   0.000  locality: 0.983
   16  6.65   186.5       52 ->  58     gap,J,K:  10.115   4.953   0.742   Kshft:   0.000  locality: 0.988
   17  6.68   185.6       49 ->  56     gap,J,K:  10.281   4.143   0.022   Kshft:   0.499  locality: 0.866
   18  6.84   181.2       54 ->  61     gap,J,K:   9.802   3.839   0.438   Kshft:   0.001  locality: 0.958
   19  6.97   177.9       46 ->  55     gap,J,K:  10.429   3.896   0.205   Kshft:   0.027  locality: 0.847
   20  7.00   177.1       54 ->  60     gap,J,K:   9.780   3.251   0.093   Kshft:   0.286  locality: 0.854
   21  7.01   176.9       54 ->  59     gap,J,K:   9.659   3.216   0.038   Kshft:   0.490  locality: 0.835
   22  7.15   173.4       53 ->  59     gap,J,K:   9.943   3.302   0.004   Kshft:   0.500  locality: 0.861
   23  7.25   170.9       54 ->  64     gap,J,K:  10.517   3.798   0.017   Kshft:   0.500  locality: 0.955
   24  7.25   170.9       53 ->  57     gap,J,K:   9.172   2.488   0.043   Kshft:   0.484  locality: 0.532
   25  7.25   170.9       54 ->  58     gap,J,K:   9.393   2.707   0.042   Kshft:   0.485  locality: 0.563
 
 selecting CSF ...
 average/max PT2 energy lowering (eV):     0.024     0.179
         933 CSF included by PT.
        1066 CSF in total.
 sTD-DFT procedure...
 setting up A+B and A-B matrices
  calculating (A-B)^0.5 ...
 estimated time (min)     0.05
  calculating (A+B)*(A-B)^0.5 ...
 calculate eigenvalues of (A-B)^0.5*(A+B)*(A-B)^0.5 ...
  rpa vectors ok
  150 roots found, lowest/highest eigenvalue :    3.181  10.000   0
 writing spectral data to tda.dat ...
 
 excitation energies, transition moments and TDA amplitudes
 state    eV      nm       fL         Rv
    1    3.181   389.8     0.0450   -54.0278     0.92(  54->  55)  0.02(  54->  56)  0.01(  53->  56)
    2    3.850   322.1     0.1121    37.4522     0.70(  53->  55)  0.10(  50->  55)  0.06(  53->  56)
    3    4.079   304.0     0.0622   -50.4630     0.49(  50->  55)  0.15(  51->  55)  0.08(  53->  56)
    4    4.245   292.1     0.0185    32.3070     0.34(  53->  56)  0.16(  52->  56)  0.12(  53->  55)
    5    4.314   287.4     0.0500    -3.6736     0.37(  51->  55)  0.22(  54->  57)  0.10(  50->  55)
    6    4.617   268.5     0.4233   130.5029     0.24(  52->  56)  0.21(  54->  57)  0.15(  53->  56)
    7    4.732   262.0     0.0034     5.4440     0.30(  50->  56)  0.30(  49->  55)  0.12(  52->  55)
    8    4.866   254.8     0.0899   -78.4671     0.32(  54->  56)  0.15(  53->  56)  0.11(  54->  57)
    9    5.166   240.0     0.2635   -33.1048     0.21(  51->  55)  0.20(  54->  56)  0.12(  54->  57)
   10    5.183   239.2     0.1702    10.9991     0.46(  52->  55)  0.12(  54->  56)  0.07(  54->  57)
   11    5.333   232.5     0.0076    13.3998     0.43(  49->  55)  0.26(  50->  56)  0.06(  50->  55)
   12    5.592   221.7     0.3229    24.5390     0.38(  53->  58)  0.23(  52->  56)  0.08(  52->  58)
   13    5.631   220.2     0.0144    -6.3402     0.34(  54->  60)  0.15(  54->  59)  0.11(  54->  62)
   14    5.725   216.6     0.0184    -3.0790     0.36(  54->  61)  0.33(  51->  57)  0.13(  54->  59)
   15    5.948   208.5     0.1015    52.5731     0.46(  51->  56)  0.17(  48->  55)  0.14(  54->  56)
   16    6.083   203.8     0.1097   -78.7650     0.23(  52->  58)  0.19(  53->  59)  0.10(  53->  60)
   17    6.094   203.4     0.1069    -6.4012     0.22(  52->  58)  0.14(  53->  60)  0.12(  53->  59)
   18    6.242   198.6     0.0271   -40.5437     0.19(  54->  64)  0.13(  48->  55)  0.09(  54->  63)
   19    6.267   197.8     0.0311   -37.3237     0.25(  54->  64)  0.14(  48->  55)  0.09(  51->  56)
   20    6.319   196.2     0.1866    69.5137     0.20(  52->  59)  0.09(  52->  62)  0.09(  53->  62)
   21    6.328   195.9     0.1655     6.8008     0.23(  51->  57)  0.16(  54->  61)  0.12(  52->  59)
   22    6.637   186.8     0.0055    -9.0575     0.29(  51->  60)  0.23(  51->  59)  0.10(  51->  62)
   23    6.642   186.7     0.0665    -2.3041     0.59(  49->  56)  0.07(  49->  55)  0.06(  50->  56)
   24    6.694   185.2     0.1528   -10.0121     0.40(  46->  55)  0.16(  51->  61)  0.10(  48->  57)
   25    6.852   181.0     0.1830     5.9395     0.26(  53->  63)  0.18(  47->  56)  0.11(  53->  64)
   26    6.864   180.6     0.0243    12.2666     0.17(  52->  60)  0.14(  52->  59)  0.10(  52->  61)
   27    6.916   179.3     0.2871    39.9326     0.12(  46->  55)  0.10(  51->  61)  0.10(  53->  63)
   28    6.942   178.6     0.0015    -1.0691     0.17(  54->  63)  0.17(  54->  65)  0.12(  54->  62)
   29    6.959   178.2     0.0581    -4.1607     0.17(  47->  55)  0.17(  47->  56)  0.16(  51->  61)
   30    7.011   176.9     0.1000   -50.1230     0.28(  53->  57)  0.17(  50->  57)  0.09(  49->  57)
   31    7.039   176.1     0.0078     6.6065     0.21(  52->  62)  0.12(  53->  62)  0.10(  53->  59)
   32    7.104   174.5     0.0106     3.4063     0.50(  54->  58)  0.23(  50->  58)  0.08(  51->  58)
   33    7.209   172.0     0.0268    -7.4466     0.15(  54->  68)  0.12(  54->  70)  0.08(  50->  58)
   34    7.254   170.9     0.0089    24.1947     0.26(  53->  65)  0.14(  53->  66)  0.08(  52->  66)
   35    7.275   170.4     0.0249    -4.6456     0.33(  50->  58)  0.24(  54->  58)  0.08(  52->  63)
   36    7.289   170.1     0.0305    -3.9928     0.19(  50->  58)  0.17(  52->  63)  0.13(  52->  64)
   37    7.326   169.2     0.0172   -63.0209     0.16(  53->  57)  0.10(  50->  57)  0.08(  51->  63)
   38    7.357   168.5     0.0699    58.4610     0.17(  53->  57)  0.10(  51->  63)  0.09(  50->  57)
   39    7.500   165.3     0.0161    24.7404     0.14(  53->  67)  0.13(  44->  55)  0.08(  47->  55)
   40    7.525   164.8     0.0126   -11.3013     0.41(  44->  55)  0.09(  45->  55)  0.05(  44->  56)
   41    7.556   164.1     0.0101    10.4666     0.28(  47->  55)  0.24(  47->  56)  0.07(  45->  55)
   42    7.612   162.9     0.0136     5.0362     0.35(  45->  56)  0.18(  45->  55)  0.13(  44->  55)
   43    7.626   162.6     0.0380    12.9087     0.17(  48->  57)  0.11(  51->  64)  0.08(  54->  59)
   44    7.643   162.2     0.0646    -8.6903     0.32(  48->  57)  0.11(  51->  64)  0.09(  46->  57)
   45    7.669   161.7     0.0382   -29.6006     0.12(  46->  57)  0.08(  53->  67)  0.06(  50->  59)
   46    7.707   160.9     0.0030    -6.7340     0.11(  53->  69)  0.10(  53->  67)  0.08(  50->  63)
   47    7.717   160.7     0.0179    -7.1122     0.07(  48->  56)  0.06(  50->  59)  0.06(  50->  63)
   48    7.750   160.0     0.0008    -1.3360     0.51(  48->  56)  0.10(  51->  56)  0.03(  54->  72)
   49    7.768   159.6     0.0147    14.6887     0.13(  53->  61)  0.13(  50->  57)  0.09(  50->  61)
   50    7.831   158.3     0.0138    -4.7592     0.13(  54->  73)  0.11(  51->  65)  0.05(  51->  66)
   51    7.835   158.2     0.0286   -12.1840     0.11(  50->  63)  0.07(  52->  67)  0.05(  46->  57)
   52    7.862   157.7     0.0028     1.1735     0.77(  52->  57)  0.04(  50->  57)  0.02(  53->  57)
   53    7.909   156.8     0.0379     7.3372     0.10(  53->  68)  0.07(  52->  66)  0.06(  53->  71)
   54    7.925   156.4     0.0381     1.5701     0.11(  52->  66)  0.09(  52->  65)  0.09(  46->  57)
   55    7.973   155.5     0.0480   -44.9110     0.08(  54->  59)  0.08(  51->  65)  0.08(  54->  73)
   56    8.001   155.0     0.0175    44.0734     0.14(  46->  57)  0.09(  48->  57)  0.08(  54->  73)
   57    8.048   154.0     0.0594    30.8253     0.10(  53->  64)  0.09(  53->  70)  0.07(  53->  68)
   58    8.094   153.2     0.0145    77.6056     0.08(  50->  64)  0.06(  50->  65)  0.05(  50->  59)
   59    8.130   152.5     0.0124   -48.9533     0.12(  54->  74)  0.08(  49->  57)  0.07(  53->  61)
   60    8.150   152.1     0.0234   -26.8184     0.19(  53->  61)  0.11(  49->  57)  0.08(  50->  57)
   61    8.160   151.9     0.0111    22.2685     0.08(  52->  69)  0.08(  52->  68)  0.07(  52->  66)
   62    8.197   151.3     0.0004    -0.1708     0.69(  51->  58)  0.06(  54->  58)  0.05(  48->  58)
   63    8.220   150.8     0.0215     0.8391     0.14(  54->  60)  0.08(  54->  62)  0.06(  54->  65)
   64    8.240   150.5     0.0625    14.2529     0.60(  47->  58)  0.06(  49->  58)  0.03(  50->  64)
   65    8.264   150.0     0.0042    -3.6659     0.32(  49->  57)  0.13(  50->  61)  0.10(  53->  61)
   66    8.344   148.6     0.0511   -32.1643     0.10(  53->  69)  0.08(  38->  55)  0.08(  52->  67)
   67    8.365   148.2     0.0023     5.3277     0.07(  54->  73)  0.07(  54->  60)  0.06(  54->  62)
   68    8.407   147.5     0.0027    12.6992     0.21(  38->  55)  0.05(  51->  70)  0.04(  54->  70)
   69    8.418   147.3     0.0023   -19.6033     0.21(  51->  70)  0.15(  38->  55)  0.05(  51->  71)
   70    8.461   146.5     0.0260    22.2821     0.15(  42->  55)  0.11(  45->  55)  0.11(  45->  56)
   71    8.463   146.5     0.0083   -16.6955     0.14(  52->  69)  0.14(  52->  68)  0.07(  38->  55)
   72    8.503   145.8     0.0057   -16.9209     0.06(  54->  74)  0.06(  51->  67)  0.06(  51->  62)
   73    8.520   145.5     0.0136     0.4704     0.16(  50->  60)  0.11(  50->  66)  0.08(  41->  55)
   74    8.532   145.3     0.0190    13.5094     0.08(  52->  67)  0.08(  41->  55)  0.06(  53->  68)
   75    8.559   144.9     0.0028    -8.1673     0.21(  41->  55)  0.12(  49->  58)  0.07(  50->  60)
   76    8.601   144.1     0.0075    11.2040     0.13(  53->  64)  0.06(  53->  69)  0.06(  53->  63)
   77    8.617   143.9     0.0184   -18.6444     0.06(  54->  75)  0.06(  51->  73)  0.05(  54->  78)
   78    8.626   143.7     0.0128    -2.7762     0.65(  49->  58)  0.07(  41->  55)  0.06(  47->  58)
   79    8.666   143.1     0.0058    14.0731     0.66(  44->  57)  0.03(  50->  57)  0.02(  45->  57)
   80    8.707   142.4     0.0395    -8.4341     0.12(  52->  61)  0.09(  50->  62)  0.06(  44->  57)
   81    8.714   142.3     0.0117     9.7667     0.48(  42->  55)  0.06(  36->  55)  0.06(  45->  55)
   82    8.746   141.8     0.0126    -3.7093     0.08(  53->  62)  0.06(  53->  60)  0.03(  51->  70)
   83    8.757   141.6     0.0274     6.8467     0.18(  36->  55)  0.13(  52->  61)  0.07(  52->  60)
   84    8.769   141.4     0.0246   -13.3333     0.24(  48->  61)  0.10(  52->  61)  0.05(  52->  60)
   85    8.786   141.1     0.0035    -3.9241     0.17(  36->  55)  0.09(  45->  55)  0.07(  52->  61)
   86    8.801   140.9     0.0022   -13.3966     0.25(  43->  55)  0.07(  54->  78)  0.07(  39->  55)
   87    8.825   140.5     0.0030     0.6233     0.28(  43->  55)  0.08(  39->  55)  0.03(  50->  59)
   88    8.863   139.9     0.0097    -6.9132     0.11(  51->  69)  0.05(  54->  78)  0.05(  51->  63)
   89    8.894   139.4     0.0104     2.4372     0.09(  36->  55)  0.06(  53->  76)  0.05(  50->  61)
   90    8.900   139.3     0.0053     2.5074     0.09(  45->  58)  0.07(  53->  65)  0.07(  50->  62)
   91    8.904   139.3     0.0040   -10.4909     0.67(  45->  58)  0.03(  53->  76)  0.02(  40->  58)
   92    8.934   138.8     0.0105     3.9115     0.13(  54->  78)  0.06(  53->  76)  0.05(  48->  59)
   93    8.955   138.4     0.0068    11.0567     0.23(  53->  76)  0.04(  53->  77)  0.04(  53->  75)
   94    8.976   138.1     0.0189     7.5049     0.45(  46->  56)  0.06(  53->  75)  0.03(  46->  60)
   95    8.995   137.8     0.0219     5.6934     0.18(  46->  56)  0.08(  53->  75)  0.05(  50->  62)
   96    9.018   137.5     0.0032    37.7663     0.10(  49->  59)  0.06(  49->  63)  0.05(  54->  71)
   97    9.030   137.3     0.0467    11.0640     0.08(  50->  62)  0.05(  49->  59)  0.05(  51->  59)
   98    9.048   137.0     0.0080   -35.8037     0.05(  54->  78)  0.05(  51->  64)  0.05(  48->  60)
   99    9.083   136.5     0.0051    52.7750     0.06(  52->  72)  0.05(  47->  60)  0.04(  48->  59)
  100    9.103   136.2     0.0012   -74.2064     0.07(  48->  60)  0.06(  46->  59)  0.06(  46->  60)
  101    9.125   135.9     0.0060    23.3428     0.12(  52->  64)  0.09(  52->  62)  0.06(  47->  59)
  102    9.149   135.5     0.0041     1.3400     0.10(  46->  59)  0.08(  46->  62)  0.07(  46->  60)
  103    9.176   135.1     0.0035     1.6857     0.07(  42->  56)  0.06(  50->  62)  0.05(  52->  71)
  104    9.184   135.0     0.0066    -1.4312     0.13(  42->  56)  0.09(  52->  64)  0.06(  52->  71)
  105    9.193   134.9     0.0232   -17.1577     0.10(  54->  66)  0.06(  46->  59)  0.06(  48->  60)
  106    9.229   134.3     0.0017    -0.5805     0.06(  49->  61)  0.05(  43->  56)  0.05(  49->  59)
  107    9.251   134.0     0.0083    -5.1965     0.11(  49->  61)  0.09(  42->  56)  0.09(  54->  80)
  108    9.262   133.9     0.0054    11.8315     0.31(  46->  61)  0.08(  43->  56)  0.05(  46->  60)
  109    9.281   133.6     0.0006     8.0802     0.26(  43->  56)  0.05(  46->  61)  0.04(  52->  62)
  110    9.295   133.4     0.0004     4.4306     0.10(  46->  61)  0.07(  54->  66)  0.06(  54->  80)
  111    9.314   133.1     0.0022    -2.1676     0.22(  43->  56)  0.07(  53->  77)  0.05(  52->  75)
  112    9.351   132.6     0.0124    19.6740     0.11(  54->  66)  0.10(  51->  60)  0.08(  54->  65)
  113    9.373   132.3     0.0122    21.4693     0.08(  43->  59)  0.07(  47->  62)  0.04(  50->  62)
  114    9.399   131.9     0.0053   -17.5045     0.07(  51->  74)  0.07(  46->  64)  0.06(  48->  64)
  115    9.422   131.6     0.0044   -11.1996     0.04(  52->  75)  0.03(  52->  62)  0.03(  52->  64)
  116    9.430   131.5     0.0039    -2.0795     0.10(  44->  61)  0.08(  41->  57)  0.07(  34->  55)
  117    9.443   131.3     0.0063     4.2913     0.10(  49->  63)  0.07(  36->  56)  0.06(  53->  79)
  118    9.470   130.9     0.0068    -5.6703     0.07(  36->  56)  0.05(  40->  56)  0.05(  48->  64)
  119    9.482   130.8     0.0014    27.3391     0.04(  52->  75)  0.04(  49->  60)  0.03(  53->  75)
  120    9.492   130.6     0.0048    11.4225     0.07(  52->  76)  0.06(  53->  79)  0.04(  40->  56)
  121    9.520   130.2     0.0022     2.7068     0.15(  52->  76)  0.12(  41->  57)  0.05(  49->  62)
  122    9.524   130.2     0.0046   -17.1952     0.07(  48->  63)  0.06(  39->  56)  0.03(  45->  60)
  123    9.543   129.9     0.0048    -6.5492     0.15(  41->  57)  0.07(  42->  56)  0.04(  37->  55)
  124    9.553   129.8     0.0076     8.4064     0.15(  41->  57)  0.10(  52->  76)  0.04(  52->  65)
  125    9.578   129.4     0.0010     7.6739     0.04(  44->  61)  0.04(  54->  83)  0.04(  54->  75)
  126    9.590   129.3     0.0046    13.5368     0.05(  49->  64)  0.05(  53->  79)  0.05(  41->  57)
  127    9.593   129.2     0.0168   -14.2208     0.17(  53->  79)  0.07(  45->  60)  0.07(  52->  76)
  128    9.602   129.1     0.0021   -25.4424     0.14(  41->  57)  0.05(  40->  56)  0.05(  42->  56)
  129    9.636   128.7     0.0055    -4.6448     0.22(  54->  83)  0.07(  38->  57)  0.06(  54->  84)
  130    9.644   128.6     0.0199    28.2352     0.09(  45->  60)  0.09(  45->  59)  0.07(  40->  56)
  131    9.682   128.1     0.0093   -14.3355     0.11(  51->  75)  0.09(  51->  73)  0.05(  51->  68)
  132    9.695   127.9     0.0143     7.6232     0.08(  39->  56)  0.08(  44->  59)  0.06(  44->  60)
  133    9.732   127.4     0.0166   -16.9679     0.06(  50->  67)  0.06(  50->  64)  0.04(  44->  60)
  134    9.762   127.0     0.0415    -1.7514     0.07(  53->  77)  0.05(  44->  60)  0.03(  44->  62)
  135    9.772   126.9     0.0020    -9.0900     0.07(  43->  58)  0.04(  46->  64)  0.04(  48->  58)
  136    9.783   126.7     0.0210   -34.3023     0.08(  44->  56)  0.06(  43->  58)  0.05(  47->  63)
  137    9.798   126.5     0.0152     2.6319     0.06(  53->  81)  0.06(  49->  64)  0.04(  53->  66)
  138    9.811   126.4     0.0242    35.2725     0.07(  48->  58)  0.05(  46->  64)  0.04(  44->  62)
  139    9.824   126.2     0.0126     2.4227     0.07(  52->  77)  0.06(  53->  78)  0.06(  53->  77)
  140    9.856   125.8     0.0084     0.3835     0.09(  53->  70)  0.06(  42->  59)  0.05(  42->  62)
  141    9.861   125.7     0.0076    -9.5056     0.22(  48->  58)  0.07(  42->  58)  0.03(  50->  68)
  142    9.871   125.6     0.0020     2.4190     0.11(  48->  58)  0.06(  54->  68)  0.03(  52->  72)
  143    9.887   125.4     0.0014     8.6350     0.09(  54->  68)  0.06(  54->  69)  0.05(  52->  72)
  144    9.908   125.1     0.0072     5.5599     0.08(  50->  68)  0.07(  49->  65)  0.06(  53->  70)
  145    9.921   125.0     0.0041     5.7425     0.09(  54->  69)  0.09(  54->  68)  0.06(  54->  67)
  146    9.927   124.9     0.0187     6.2665     0.16(  44->  61)  0.15(  36->  56)  0.10(  44->  56)
  147    9.967   124.4     0.0111    -5.9932     0.08(  44->  56)  0.07(  36->  56)  0.03(  48->  62)
  148    9.975   124.3     0.0074     0.8848     0.08(  52->  75)  0.08(  53->  77)  0.04(  53->  84)
  149    9.982   124.2     0.0187     3.1070     0.10(  49->  60)  0.06(  48->  64)  0.05(  36->  56)
  150   10.000   124.0     0.0013    -4.4808     0.08(  49->  60)  0.05(  54->  81)  0.04(  50->  66)

  alpha tensor

           1         2         3
 
    1 166.91791
    2  10.70950  72.32959
    3 -11.46622   9.23029  56.77945
 trace alpha_L[0] / au:   98.6756495476066     
 sum rule f_L           4.91889928446289     
 
 SOS specific optical rotation 
 including Lorentz factor for common solvent (n=1.4)
 lambda [eV] alpha[grad*cm^3*g^-1*dm^-1]
 632.8  1.96     -520.90
 589.3  2.10     -714.70        0.00 ##
 579.0  2.14     -777.42
 546.0  2.27    -1050.01
 436.0  2.84    -6026.30
 365.0  3.40    22955.21
 
 sTD-DFT done.
Mon 21 Mar 14:06:19 GMT 2022
