Mon 21 Mar 14:59:10 GMT 2022


                 *********************************************
                 *                                           *
                 *               s  T  D  A                  *
                 *                                           *
                 *                S. Grimme                  *
                 * Mulliken Center for Theoretical Chemistry *
                 *             Universitaet Bonn             *
                 *              Version 1.6.2                *
                 *       Tue Sep 10 14:44:30 CET 2020        *
                 *********************************************
 
 Please cite as:
 S. Grimme, J. Chem. Phys. 138 (2013) 244104
 
 With contributions from:
 C. Bannwarth, P. Shushkov, M. de Wergifosse
 
======================================================================
 
 reading an xTB output...
 
 reading: wfn.xtb
======================================================================
                    M O / A O    I N P U T 
======================================================================
atom  #          x             y             z            charge
  C   1      9.62305145   -2.38010983    0.90083236         6.00
  C   2      7.03129231   -3.44761602    0.26097115         6.00
  N   3      5.20411629   -1.43354611    0.26569547         7.00
  C   4      2.71667002   -1.65086459   -0.18594903         6.00
  C   5      1.65653377   -4.04061202   -0.76042572         6.00
  C   6     -0.84886490   -4.31462229   -1.24721913         6.00
  C   7     -2.52146133   -2.22477436   -1.21414892         6.00
  N   8     -4.98112863   -2.51976058   -1.79864116         7.00
  C   9     -6.30166912   -4.87001274   -2.13898080         6.00
  C  10     -6.92660149   -6.15653817    0.37548855         6.00
  C  11     -1.53445747    0.19501972   -0.60868073         6.00
  C  12      1.09698591    0.48452573   -0.09429732         6.00
  C  13      2.15920087    2.93228776    0.54178443         6.00
  O  14      4.43839934    3.28415473    0.97358681         8.00
  C  15      0.41914122    5.09073273    0.68634846         6.00
  C  16      1.36608289    7.47027565    1.31165878         6.00
  C  17     -0.22053102    9.53272255    1.46434864         6.00
  C  18     -2.78791269    9.24907469    0.99078332         6.00
  C  19     -3.74505889    6.90581451    0.36830759         6.00
  C  20     -2.15901190    4.80595103    0.21051547         6.00
  C  21     -3.23936822    2.34212634   -0.47734477         6.00
  O  22     -5.54256621    2.19964100   -0.90045441         8.00
  H  23     11.02825167   -3.87790662    0.90196620         1.00
  H  24     10.17107198   -0.96376023   -0.48301395         1.00
  H  25      9.59300481   -1.50327699    2.75862194         1.00
  H  26      6.51199562   -4.89495713    1.65728966         1.00
  H  27      7.09459813   -4.35449550   -1.60626706         1.00
  H  28      5.78747469    0.36282738    0.67689984         1.00
  H  29      2.87276139   -5.67522497   -0.81125935         1.00
  H  30     -1.57659836   -6.16844344   -1.67769870         1.00
  H  31     -6.02085585   -0.90555667   -1.57130713         1.00
  H  32     -5.19674636   -6.14746749   -3.33290966         1.00
  H  33     -8.05495686   -4.43839934   -3.14072453         1.00
  H  34     -8.07139747   -4.90780726    1.53804795         1.00
  H  35     -5.20506115   -6.60175760    1.40557816         1.00
  H  36     -7.97067508   -7.89357426    0.04365267         1.00
  H  37      3.36749164    7.64488633    1.67051774         1.00
  H  38      0.53139094   11.36707953    1.95076410         1.00
  H  39     -4.03248620   10.86308962    1.10832427         1.00
  H  40     -5.73248367    6.64049699   -0.01171630         1.00

 # atoms          =   40
 # mos            =  174
 # primitive  aos = 1382
 # contracted aos =  266

 spherical AO basis
======================================================================
                    A O   I N T E G R A L S
======================================================================
 memory needed for AO int data:   2 Mb
 done.
  
Restricted MOs found... RKS-sTD-DFT will be performed
  
======================================================================
                    s T D A
======================================================================
 spectral range up to (eV)     :    10.0000000000000     
 occ MO cut-off (eV)           :   -36.3809620495202     
 virtMO cut-off (eV)           :    14.6924616665543     
 perturbation thr              :   1.000000000000000E-004
 triplet                       :  F
 MOs in TDA :          142
 oMOs in TDA:           54
 vMOs in TDA:           88
 sorting MOs ...
 reading and transforming R..V..L AO ints ...
 ints done.
 S^1/2 ...
 S^1/2 orthogonalized MO coefficients done.

 SCF atom population (using active MOs):
  3.921  3.896  4.920  3.758  3.910  3.910  3.749  4.936  3.890  3.906
  3.954  3.950  3.190  5.576  3.926  3.918  3.979  3.979  3.918  3.927
  3.184  5.565  1.017  1.009  1.009  1.014  1.014  0.998  1.015  1.023
  0.990  1.029  1.005  1.009  1.028  1.018  0.989  0.991  0.991  0.989
 
 # electrons in TDA: 108.000
 
 
 ax(DF)   :   0.500000000000000     
 s^K      :    2.00000000000000     
 beta  (J):    4.00000000000000     
 alpha (K):    2.00000000000000     
 
 hardness table read.
 setting up gammas ...
 memory needed for q data (Mb)                      2
 computing q(ij,n) ...
 
         132 CSF included by energy.
 
        4620 considered in PT2.
 ordered frontier orbitals
         eV     # centers
  44   -19.184    16.1
  45   -18.911    13.6
  46   -18.823    17.6
  47   -18.102    10.3
  48   -16.715     9.9
  49   -16.584     6.2
  50   -16.363     4.8
  51   -16.129     7.6
  52   -15.738     9.8
  53   -15.542     7.9
  54   -13.308    11.5
 
  55    -8.381    14.7
  56    -6.646     8.0
  57    -5.819     8.6
  58    -5.044    22.8
  59    -4.980    19.4
  60    -4.804    18.0
  61    -4.710     8.4
  62    -4.140    18.9
  63    -3.984    20.7
  64    -3.869    14.2
  65    -3.748    26.0
 
             lowest CSF states
       eV     nm      excitation i->a               eV
    1  2.54   488.9       54 ->  55     gap,J,K:   4.927   4.136   0.873   Kshft:   0.000  locality: 0.991
    2  3.61   343.5       54 ->  56     gap,J,K:   6.661   3.599   0.269   Kshft:   0.009  locality: 0.824
    3  3.78   327.8       52 ->  55     gap,J,K:   7.357   4.114   0.020   Kshft:   0.499  locality: 0.977
    4  4.10   302.4       53 ->  55     gap,J,K:   7.161   3.940   0.439   Kshft:   0.001  locality: 0.961
    5  4.16   297.8       51 ->  55     gap,J,K:   7.748   4.051   0.224   Kshft:   0.019  locality: 0.984
    6  4.32   287.3       54 ->  57     gap,J,K:   7.489   3.888   0.356   Kshft:   0.003  locality: 0.923
    7  4.58   270.8       49 ->  55     gap,J,K:   8.203   4.126   0.001   Kshft:   0.500  locality: 0.959
    8  4.91   252.4       50 ->  55     gap,J,K:   7.981   3.585   0.252   Kshft:   0.012  locality: 0.793
    9  4.92   251.9       54 ->  58     gap,J,K:   8.263   3.728   0.161   Kshft:   0.065  locality: 0.946
   10  4.97   249.3       54 ->  59     gap,J,K:   8.328   3.760   0.182   Kshft:   0.042  locality: 0.934
   11  5.29   234.4       48 ->  55     gap,J,K:   8.334   3.864   0.408   Kshft:   0.002  locality: 0.941
   12  5.59   221.9       52 ->  56     gap,J,K:   9.092   4.014   0.005   Kshft:   0.500  locality: 0.911
   13  5.74   215.9       54 ->  60     gap,J,K:   8.503   3.316   0.029   Kshft:   0.496  locality: 0.841
   14  5.91   209.9       54 ->  63     gap,J,K:   9.324   3.803   0.161   Kshft:   0.065  locality: 0.979
   15  6.14   202.1       54 ->  64     gap,J,K:   9.438   3.713   0.186   Kshft:   0.038  locality: 0.944
   16  6.18   200.6       53 ->  56     gap,J,K:   8.895   3.181   0.095   Kshft:   0.275  locality: 0.741
   17  6.20   200.1       54 ->  61     gap,J,K:   8.598   2.901   0.000   Kshft:   0.500  locality: 0.627
   18  6.25   198.5       51 ->  56     gap,J,K:   9.482   3.701   0.223   Kshft:   0.019  locality: 0.859
   19  6.33   195.9       54 ->  62     gap,J,K:   9.167   3.346   0.003   Kshft:   0.500  locality: 0.850
   20  6.36   194.9       49 ->  56     gap,J,K:   9.937   4.075   0.000   Kshft:   0.500  locality: 0.906
   21  6.39   194.1       50 ->  56     gap,J,K:   9.716   4.661   0.666   Kshft:   0.000  locality: 0.985
   22  6.44   192.4       52 ->  57     gap,J,K:   9.919   3.988   0.007   Kshft:   0.500  locality: 0.939
   23  6.48   191.2       47 ->  55     gap,J,K:   9.721   3.791   0.273   Kshft:   0.009  locality: 0.923
   24  6.50   190.7       53 ->  57     gap,J,K:   9.723   3.606   0.141   Kshft:   0.100  locality: 0.871
   25  6.53   190.0       48 ->  56     gap,J,K:  10.069   4.269   0.362   Kshft:   0.003  locality: 0.993
 
 selecting CSF ...
 average/max PT2 energy lowering (eV):     0.027     0.199
        1049 CSF included by PT.
        1181 CSF in total.
 sTD-DFT procedure...
 setting up A+B and A-B matrices
  calculating (A-B)^0.5 ...
 estimated time (min)     0.07
  calculating (A+B)*(A-B)^0.5 ...
 calculate eigenvalues of (A-B)^0.5*(A+B)*(A-B)^0.5 ...
  rpa vectors ok
  145 roots found, lowest/highest eigenvalue :    1.627   9.991   0
 writing spectral data to tda.dat ...
 
 excitation energies, transition moments and TDA amplitudes
 state    eV      nm       fL         Rv
    1    1.627   762.2     0.2219   -10.0731     0.99(  54->  55)  0.00(  54->  57)  0.00(  50->  57)
    2    3.173   390.7     0.0120    18.9905     0.43(  54->  56)  0.36(  53->  55)  0.12(  51->  55)
    3    3.379   366.9     0.0136    38.5434     0.46(  54->  56)  0.29(  52->  55)  0.17(  53->  55)
    4    3.545   349.8     0.0087   -31.1971     0.51(  52->  55)  0.24(  51->  55)  0.09(  53->  55)
    5    3.838   323.0     0.0171    -0.4708     0.94(  54->  57)  0.02(  54->  64)  0.01(  51->  56)
    6    4.067   304.8     0.0600    -6.3262     0.31(  49->  55)  0.30(  51->  55)  0.17(  53->  55)
    7    4.109   301.7     0.0429    -2.5391     0.44(  49->  55)  0.19(  51->  55)  0.13(  53->  55)
    8    4.378   283.2     0.0239    -0.2349     0.77(  50->  55)  0.07(  50->  57)  0.06(  51->  56)
    9    4.576   270.9     0.0142    14.0114     0.63(  54->  58)  0.26(  54->  59)  0.04(  53->  60)
   10    4.626   268.0     0.1176   -12.7678     0.52(  54->  59)  0.18(  54->  58)  0.15(  48->  55)
   11    4.895   253.3     0.1916   -25.1321     0.64(  48->  55)  0.10(  54->  59)  0.09(  54->  58)
   12    5.228   237.2     0.0233    13.8456     0.73(  54->  60)  0.10(  53->  58)  0.07(  53->  59)
   13    5.409   229.2     0.4680   -34.2004     0.30(  53->  56)  0.27(  51->  56)  0.16(  54->  64)
   14    5.571   222.6     0.1840    -1.0205     0.78(  54->  63)  0.04(  48->  55)  0.02(  54->  60)
   15    5.620   220.6     0.0189     5.0619     0.71(  52->  56)  0.19(  49->  55)  0.03(  53->  56)
   16    5.855   211.8     0.0717    24.5349     0.35(  48->  56)  0.19(  54->  64)  0.08(  50->  55)
   17    5.900   210.1     0.0141   -20.8429     0.33(  54->  62)  0.32(  50->  56)  0.18(  54->  61)
   18    5.906   209.9     0.0630    20.5726     0.54(  50->  56)  0.19(  54->  62)  0.10(  54->  61)
   19    5.937   208.8     0.0708    14.5767     0.38(  47->  55)  0.32(  54->  64)  0.07(  48->  56)
   20    6.058   204.7     0.0047    -8.5019     0.53(  54->  61)  0.22(  54->  62)  0.05(  54->  68)
   21    6.084   203.8     0.0095    -5.3583     0.26(  52->  57)  0.23(  53->  57)  0.21(  49->  56)
   22    6.160   201.3     0.0014    -6.0801     0.49(  49->  56)  0.20(  53->  57)  0.07(  54->  68)
   23    6.195   200.1     0.0971    13.3107     0.43(  47->  55)  0.16(  54->  64)  0.14(  53->  56)
   24    6.250   198.4     0.0791    -2.0385     0.42(  54->  68)  0.33(  52->  57)  0.05(  49->  56)
   25    6.298   196.9     0.0139   -66.6598     0.58(  54->  65)  0.13(  53->  62)  0.05(  53->  58)
   26    6.397   193.8     0.0689   -36.5708     0.32(  51->  56)  0.19(  53->  56)  0.14(  54->  66)
   27    6.421   193.1     0.2085    -9.1496     0.35(  53->  57)  0.25(  52->  57)  0.20(  54->  68)
   28    6.435   192.7     0.0358    36.4883     0.53(  54->  66)  0.06(  53->  63)  0.05(  51->  56)
   29    6.840   181.3     0.3715    -2.5341     0.66(  51->  57)  0.03(  54->  69)  0.02(  53->  58)
   30    6.849   181.0     0.1093   -67.7542     0.28(  53->  59)  0.08(  51->  57)  0.06(  54->  69)
   31    6.864   180.6     0.0796    59.7185     0.28(  53->  58)  0.08(  54->  65)  0.08(  51->  57)
   32    6.915   179.3     0.1477    99.7544     0.25(  50->  57)  0.17(  49->  57)  0.12(  52->  58)
   33    6.927   179.0     0.0697   -25.0343     0.43(  54->  69)  0.17(  50->  57)  0.07(  48->  56)
   34    7.063   175.5     0.0088     9.7901     0.54(  54->  67)  0.08(  53->  58)  0.05(  46->  55)
   35    7.080   175.1     0.0143    -1.3737     0.25(  46->  55)  0.15(  54->  67)  0.11(  53->  59)
   36    7.164   173.1     0.0069   -12.2758     0.18(  46->  55)  0.11(  52->  59)  0.10(  52->  58)
   37    7.187   172.5     0.0195    -4.8785     0.66(  48->  57)  0.06(  54->  70)  0.03(  54->  73)
   38    7.221   171.7     0.0062    -1.8440     0.16(  54->  70)  0.15(  44->  55)  0.12(  54->  75)
   39    7.256   170.9     0.0020     7.6725     0.76(  50->  61)  0.06(  54->  72)  0.03(  54->  69)
   40    7.277   170.4     0.0008   -10.5540     0.39(  48->  61)  0.36(  51->  61)  0.14(  53->  61)
   41    7.285   170.2     0.0055     0.7661     0.30(  49->  57)  0.16(  44->  55)  0.10(  46->  55)
   42    7.296   169.9     0.0022    -4.3339     0.22(  49->  57)  0.16(  43->  55)  0.11(  45->  55)
   43    7.368   168.3     0.0045     9.2214     0.30(  44->  55)  0.23(  43->  55)  0.05(  41->  55)
   44    7.461   166.2     0.0166    -0.4558     0.25(  51->  58)  0.18(  51->  59)  0.07(  53->  60)
   45    7.506   165.2     0.0141     1.6280     0.24(  54->  73)  0.10(  54->  71)  0.09(  53->  60)
   46    7.516   165.0     0.0761    37.1357     0.28(  54->  73)  0.16(  42->  55)  0.09(  51->  59)
   47    7.541   164.4     0.0659   -47.0392     0.25(  54->  71)  0.16(  42->  55)  0.15(  51->  59)
   48    7.572   163.7     0.0626    51.8141     0.19(  42->  55)  0.15(  51->  58)  0.11(  53->  60)
   49    7.576   163.7     0.0436   -19.7288     0.23(  54->  71)  0.17(  42->  55)  0.11(  54->  73)
   50    7.671   161.6     0.0015     4.2526     0.22(  45->  55)  0.15(  54->  74)  0.07(  46->  55)
   51    7.687   161.3     0.0068     0.8205     0.19(  54->  74)  0.17(  45->  55)  0.09(  53->  60)
   52    7.766   159.7     0.0061    18.7450     0.44(  52->  61)  0.15(  52->  58)  0.06(  49->  60)
   53    7.796   159.0     0.0027    -3.0842     0.25(  54->  75)  0.15(  54->  76)  0.14(  54->  72)
   54    7.819   158.6     0.0004    -1.9744     0.29(  52->  63)  0.12(  52->  68)  0.07(  43->  55)
   55    7.845   158.0     0.0022    -5.8564     0.20(  45->  55)  0.16(  43->  55)  0.15(  52->  63)
   56    7.900   156.9     0.0014    -4.4426     0.28(  52->  59)  0.28(  52->  58)  0.25(  52->  61)
   57    7.968   155.6     0.0006    -1.2816     0.35(  54->  72)  0.22(  54->  74)  0.07(  54->  75)
   58    7.982   155.3     0.0392   -17.3028     0.46(  52->  60)  0.11(  49->  58)  0.07(  49->  59)
   59    8.006   154.9     0.0038    -2.6396     0.24(  40->  55)  0.15(  36->  55)  0.15(  38->  55)
   60    8.037   154.3     0.0008     8.1153     0.44(  46->  56)  0.14(  45->  56)  0.07(  49->  59)
   61    8.070   153.6     0.0025     2.1583     0.33(  54->  70)  0.32(  54->  76)  0.06(  54->  75)
   62    8.119   152.7     0.0528    -5.6171     0.20(  53->  63)  0.12(  51->  63)  0.09(  42->  56)
   63    8.191   151.4     0.0092    27.9704     0.52(  41->  55)  0.07(  43->  55)  0.07(  49->  59)
   64    8.200   151.2     0.0338     1.9838     0.18(  54->  77)  0.15(  53->  62)  0.07(  53->  74)
   65    8.222   150.8     0.2415   -25.6484     0.21(  50->  59)  0.18(  50->  58)  0.08(  53->  62)
   66    8.292   149.5     0.0630    -6.5249     0.19(  53->  63)  0.10(  53->  73)  0.08(  42->  56)
   67    8.306   149.3     0.0287    19.7624     0.30(  50->  67)  0.10(  50->  65)  0.06(  54->  78)
   68    8.333   148.8     0.0208   -36.4906     0.30(  53->  64)  0.11(  50->  67)  0.07(  51->  64)
   69    8.375   148.0     0.0643    19.3955     0.14(  49->  61)  0.06(  54->  77)  0.06(  52->  65)
   70    8.395   147.7     0.0133   -17.3716     0.18(  52->  64)  0.13(  49->  63)  0.06(  52->  66)
   71    8.430   147.1     0.0050     3.1264     0.16(  54->  77)  0.10(  49->  61)  0.07(  50->  67)
   72    8.453   146.7     0.0047     7.0579     0.21(  51->  60)  0.16(  51->  67)  0.11(  48->  67)
   73    8.470   146.4     0.0234    -9.0283     0.28(  42->  56)  0.07(  38->  55)  0.06(  51->  63)
   74    8.498   145.9     0.0051    -5.0002     0.23(  51->  60)  0.10(  48->  67)  0.09(  48->  60)
   75    8.504   145.8     0.0156    -4.8404     0.24(  38->  55)  0.15(  40->  55)  0.06(  42->  56)
   76    8.505   145.8     0.0110   -16.5445     0.14(  48->  59)  0.13(  42->  56)  0.11(  48->  58)
   77    8.517   145.6     0.0059    -0.6925     0.17(  54->  82)  0.16(  54->  78)  0.11(  54->  80)
   78    8.562   144.8     0.0180     6.5856     0.33(  39->  55)  0.10(  37->  55)  0.09(  38->  55)
   79    8.601   144.2     0.0028    84.2231     0.20(  52->  62)  0.13(  54->  78)  0.06(  53->  65)
   80    8.608   144.0     0.0036   -28.6155     0.29(  52->  62)  0.08(  54->  79)  0.05(  49->  60)
   81    8.671   143.0     0.0012    -4.3119     0.13(  54->  79)  0.11(  54->  80)  0.08(  54->  78)
   82    8.714   142.3     0.0040    -4.7012     0.39(  52->  64)  0.24(  49->  63)  0.04(  49->  68)
   83    8.743   141.8     0.0142     1.7517     0.17(  51->  64)  0.14(  53->  66)  0.09(  52->  64)
   84    8.786   141.1     0.0009    -0.1268     0.13(  53->  65)  0.09(  54->  80)  0.08(  53->  61)
   85    8.799   140.9     0.0010    -3.1768     0.20(  54->  82)  0.10(  54->  80)  0.09(  54->  83)
   86    8.821   140.6     0.0164     3.1829     0.30(  47->  56)  0.13(  53->  66)  0.08(  51->  64)
   87    8.831   140.4     0.0037     2.3363     0.38(  41->  56)  0.11(  40->  56)  0.07(  39->  56)
   88    8.835   140.3     0.0038     3.5884     0.19(  54->  81)  0.11(  37->  55)  0.06(  53->  68)
   89    8.848   140.1     0.0018    -3.3767     0.27(  53->  61)  0.13(  48->  61)  0.06(  54->  79)
   90    8.889   139.5     0.0073     5.2771     0.19(  37->  55)  0.17(  39->  55)  0.07(  40->  55)
   91    8.918   139.0     0.0733   -16.8520     0.21(  50->  64)  0.11(  47->  57)  0.10(  51->  70)
   92    8.957   138.4     0.0030     7.8274     0.42(  50->  70)  0.06(  50->  63)  0.05(  50->  68)
   93    8.988   137.9     0.0093    14.5953     0.23(  50->  64)  0.09(  54->  81)  0.06(  47->  57)
   94    8.999   137.8     0.0010    -4.6205     0.14(  52->  70)  0.10(  52->  65)  0.06(  49->  61)
   95    9.011   137.6     0.0003    -1.1730     0.11(  52->  70)  0.09(  52->  65)  0.07(  49->  62)
   96    9.031   137.3     0.0056    -3.9402     0.27(  34->  55)  0.21(  35->  55)  0.04(  46->  57)
   97    9.051   137.0     0.0058    -4.6892     0.12(  54->  83)  0.08(  34->  55)  0.05(  35->  55)
   98    9.067   136.7     0.0260    -9.5575     0.12(  50->  64)  0.08(  51->  70)  0.07(  51->  62)
   99    9.096   136.3     0.0281     4.6121     0.20(  47->  57)  0.16(  51->  62)  0.06(  51->  68)
  100    9.122   135.9     0.0011     7.0168     0.31(  48->  64)  0.08(  51->  62)  0.06(  47->  56)
  101    9.129   135.8     0.0098   -21.0594     0.09(  47->  57)  0.08(  51->  62)  0.05(  48->  64)
  102    9.175   135.1     0.0019    -2.2580     0.08(  52->  69)  0.08(  45->  60)  0.08(  47->  58)
  103    9.185   135.0     0.0003    16.7164     0.10(  47->  59)  0.08(  54->  83)  0.06(  49->  64)
  104    9.193   134.9     0.0070    -2.8824     0.18(  49->  64)  0.09(  48->  64)  0.08(  52->  70)
  105    9.238   134.2     0.0197    -8.8460     0.16(  48->  64)  0.15(  53->  64)  0.12(  51->  64)
  106    9.257   133.9     0.0000     1.9785     0.39(  50->  72)  0.16(  50->  69)  0.05(  54->  83)
  107    9.266   133.8     0.0053     2.4234     0.27(  52->  66)  0.11(  49->  66)  0.10(  52->  68)
  108    9.287   133.5     0.0006    10.0280     0.22(  48->  72)  0.16(  51->  72)  0.12(  51->  69)
  109    9.313   133.1     0.0010     5.9275     0.14(  49->  61)  0.13(  49->  59)  0.09(  52->  60)
  110    9.325   133.0     0.0040    -7.0574     0.33(  52->  67)  0.14(  49->  61)  0.04(  52->  69)
  111    9.367   132.4     0.0055    -0.9150     0.14(  53->  69)  0.11(  51->  61)  0.09(  54->  84)
  112    9.378   132.2     0.0078     3.2174     0.15(  52->  68)  0.08(  49->  58)  0.06(  49->  68)
  113    9.398   131.9     0.0035     2.9574     0.25(  36->  55)  0.13(  37->  55)  0.05(  40->  55)
  114    9.414   131.7     0.0007     0.3017     0.12(  52->  68)  0.11(  36->  55)  0.07(  52->  69)
  115    9.429   131.5     0.0189    29.3214     0.14(  51->  68)  0.05(  47->  57)  0.05(  51->  73)
  116    9.455   131.1     0.0056   -10.9305     0.25(  54->  85)  0.07(  54->  84)  0.06(  54->  79)
  117    9.482   130.8     0.0011    -0.0284     0.50(  50->  58)  0.26(  50->  59)  0.06(  50->  72)
  118    9.503   130.5     0.0237   -10.9174     0.21(  54->  84)  0.15(  50->  63)  0.09(  50->  59)
  119    9.512   130.3     0.0083    15.3002     0.17(  49->  64)  0.15(  35->  55)  0.08(  34->  55)
  120    9.533   130.1     0.0100     4.7294     0.12(  51->  61)  0.07(  54->  88)  0.05(  50->  63)
  121    9.539   130.0     0.0106    -9.1141     0.10(  50->  63)  0.08(  54->  88)  0.07(  46->  57)
  122    9.542   129.9     0.0052    11.7459     0.14(  34->  55)  0.11(  46->  57)  0.09(  33->  55)
  123    9.569   129.6     0.0023     0.9601     0.43(  33->  55)  0.06(  30->  55)  0.05(  49->  64)
  124    9.597   129.2     0.0016   -12.7159     0.15(  48->  58)  0.10(  53->  69)  0.08(  54->  88)
  125    9.610   129.0     0.0034     6.7811     0.11(  48->  63)  0.10(  54->  84)  0.08(  54->  85)
  126    9.623   128.8     0.0050   -10.5045     0.28(  54->  88)  0.10(  51->  65)  0.07(  48->  63)
  127    9.638   128.6     0.0028     2.0690     0.20(  51->  65)  0.16(  48->  59)  0.10(  48->  58)
  128    9.659   128.4     0.0108    -6.7325     0.26(  49->  60)  0.08(  49->  70)  0.08(  49->  67)
  129    9.685   128.0     0.0139   -17.3698     0.15(  49->  70)  0.13(  49->  60)  0.09(  52->  66)
  130    9.709   127.7     0.0027    -2.9029     0.09(  48->  58)  0.08(  48->  59)  0.06(  53->  71)
  131    9.719   127.6     0.0057    -1.2272     0.63(  42->  57)  0.09(  51->  66)  0.04(  42->  55)
  132    9.752   127.1     0.0002    -2.0065     0.32(  51->  66)  0.13(  42->  57)  0.08(  51->  68)
  133    9.775   126.8     0.0033     1.1231     0.27(  53->  73)  0.10(  51->  66)  0.05(  54->  81)
  134    9.780   126.8     0.0006     3.9690     0.11(  35->  55)  0.10(  34->  55)  0.09(  33->  55)
  135    9.816   126.3     0.0027    -3.0103     0.09(  47->  58)  0.08(  53->  71)  0.08(  32->  55)
  136    9.864   125.7     0.0167   -30.6861     0.26(  32->  55)  0.05(  47->  60)  0.04(  36->  56)
  137    9.879   125.5     0.0019     4.1789     0.15(  54->  87)  0.08(  47->  59)  0.06(  36->  56)
  138    9.902   125.2     0.0106    36.2486     0.14(  52->  71)  0.06(  49->  69)  0.05(  39->  60)
  139    9.914   125.1     0.0131   -19.3154     0.20(  54->  87)  0.05(  46->  61)  0.04(  32->  55)
  140    9.918   125.0     0.0268     7.0461     0.15(  46->  61)  0.08(  49->  67)  0.07(  45->  61)
  141    9.932   124.8     0.0277    26.8410     0.13(  46->  61)  0.11(  49->  67)  0.07(  52->  72)
  142    9.937   124.8     0.0275   -23.2816     0.23(  46->  61)  0.09(  45->  61)  0.06(  53->  74)
  143    9.952   124.6     0.0015    -4.8122     0.64(  50->  60)  0.03(  54->  86)  0.02(  48->  58)
  144    9.956   124.5     0.0066    -1.8150     0.25(  54->  86)  0.10(  53->  67)  0.10(  50->  60)
  145    9.991   124.1     0.0041     2.3855     0.10(  54->  87)  0.09(  47->  59)  0.06(  47->  58)

  alpha tensor

           1         2         3
 
    1 138.17888
    2 -23.32503 271.19988
    3  18.05191  46.39373  16.10902
 trace alpha_L[0] / au:   141.829260561454     
 sum rule f_L           4.52426091505406     
 
 SOS specific optical rotation 
 including Lorentz factor for common solvent (n=1.4)
 lambda [eV] alpha[grad*cm^3*g^-1*dm^-1]
 632.8  1.96     1728.34
 589.3  2.10     1561.56        0.00 ##
 579.0  2.14     1554.46
 546.0  2.27     1610.97
 436.0  2.84     4402.40
 365.0  3.40  -171760.93
 
 sTD-DFT done.
Mon 21 Mar 14:59:14 GMT 2022
