Mon 21 Mar 14:11:59 GMT 2022


                 *********************************************
                 *                                           *
                 *               s  T  D  A                  *
                 *                                           *
                 *                S. Grimme                  *
                 * Mulliken Center for Theoretical Chemistry *
                 *             Universitaet Bonn             *
                 *              Version 1.6.2                *
                 *       Tue Sep 10 14:44:30 CET 2020        *
                 *********************************************
 
 Please cite as:
 S. Grimme, J. Chem. Phys. 138 (2013) 244104
 
 With contributions from:
 C. Bannwarth, P. Shushkov, M. de Wergifosse
 
======================================================================
 
 reading an xTB output...
 
 reading: wfn.xtb
======================================================================
                    M O / A O    I N P U T 
======================================================================
atom  #          x             y             z            charge
  C   1     -8.30515657   -3.43419897   -2.09532813         6.00
  C   2     -7.94214022   -0.64874292   -2.77921995         6.00
  N   3     -6.80414725    0.83488092   -0.78499216         7.00
  C   4     -8.48997177    1.93243376    1.07034078         6.00
  C   5     -8.56839540    0.46317183    3.55892088         6.00
  C   6     -4.24432448    0.90215517   -0.47035279         6.00
  C   7     -3.11351247    2.46779312    1.38271248         6.00
  C   8     -0.54858744    2.59194811    1.67637589         6.00
  C   9      1.08149016    1.16085865    0.15571342         6.00
  C  10      3.75091704    1.16803961    0.35885896         6.00
  C  11      5.20468321   -0.29309649   -1.18618098         6.00
  C  12      7.94875426   -0.35659129   -0.99475174         6.00
  C  13      9.53272255   -0.90517873   -2.94192536         6.00
  S  14     12.68554133   -0.80218867   -2.09797375        16.00
  C  15     11.90621834   -0.01776342    0.98473619         6.00
  N  16     13.72394573    0.47923450    2.74237030         7.00
  C  17      9.32258503    0.15892595    1.30050940         6.00
  C  18      8.29892048    0.65025470    3.68534355         6.00
  N  19      7.58706071    1.03141242    5.70432675         7.00
  C  20      3.99922703   -1.86478157   -3.11578015         6.00
  O  21      5.08525253   -3.21007747   -4.61036440         8.00
  O  22      1.42239672   -1.82679808   -3.23880130         8.00
  C  23     -0.02532233   -0.39192916   -1.68979294         6.00
  C  24     -2.61859325   -0.52723354   -1.99460574         6.00
  H  25     -8.98640278   -4.47033571   -3.73258670         1.00
  H  26     -9.67955426   -3.63791142   -0.58279148         1.00
  H  27     -6.53089288   -4.26435558   -1.47927747         1.00
  H  28     -9.77989871    0.18708287   -3.22217172         1.00
  H  29     -6.77769109   -0.48565957   -4.47600488         1.00
  H  30     -7.94289611    3.89434724    1.43127843         1.00
  H  31    -10.38366615    1.97306286    0.25171150         1.00
  H  32     -6.69322034    0.32824540    4.38454215         1.00
  H  33     -9.81013432    1.41578268    4.88947692         1.00
  H  34     -9.27401907   -1.44072706    3.25486398         1.00
  H  35     -4.27021373    3.61995903    2.59648345         1.00
  H  36      0.26040424    3.80099477    3.10727638         1.00
  H  37      4.60960851    2.37614141    1.76235842         1.00
  H  38      9.03969305   -1.37156309   -4.84563528         1.00
  H  39     15.46835176   -0.20333451    2.41677052         1.00
  H  40     13.15967357    0.50455683    4.56217639         1.00
  H  41     -3.29927253   -1.78957047   -3.43533280         1.00

 # atoms          =   41
 # mos            =  185
 # primitive  aos = 1447
 # contracted aos =  277

 spherical AO basis
======================================================================
                    A O   I N T E G R A L S
======================================================================
 memory needed for AO int data:   2 Mb
 done.
  
Restricted MOs found... RKS-sTD-DFT will be performed
  
======================================================================
                    s T D A
======================================================================
 spectral range up to (eV)     :    10.0000000000000     
 occ MO cut-off (eV)           :   -35.2068816135757     
 virtMO cut-off (eV)           :    14.3554446186357     
 perturbation thr              :   1.000000000000000E-004
 triplet                       :  F
 MOs in TDA :          148
 oMOs in TDA:           59
 vMOs in TDA:           89
 sorting MOs ...
 reading and transforming R..V..L AO ints ...
 ints done.
 S^1/2 ...
 S^1/2 orthogonalized MO coefficients done.

 SCF atom population (using active MOs):
  3.892  3.881  5.129  3.881  3.891  3.823  3.985  3.927  3.979  3.841
  3.943  4.101  4.064  5.538  3.988  5.013  4.133  3.825  5.234  2.743
  5.542  5.048  3.426  3.925  1.007  1.036  1.019  1.019  1.029  1.032
  1.020  1.027  1.007  1.035  1.029  0.977  1.034  1.028  0.983  0.986
  0.979
 
 # electrons in TDA: 118.000
 
 
 ax(DF)   :   0.500000000000000     
 s^K      :    2.00000000000000     
 beta  (J):    4.00000000000000     
 alpha (K):    2.00000000000000     
 
 hardness table read.
 setting up gammas ...
 memory needed for q data (Mb)                      2
 computing q(ij,n) ...
 
         125 CSF included by energy.
 
        5126 considered in PT2.
 ordered frontier orbitals
         eV     # centers
  49   -18.870     2.0
  50   -18.539    21.7
  51   -18.394    14.8
  52   -17.887     1.9
  53   -17.819    10.5
  54   -16.869     5.8
  55   -16.616    10.5
  56   -15.742     7.6
  57   -15.375     9.7
  58   -14.267     9.7
  59   -13.645    11.9
 
  60    -7.207     8.3
  61    -5.731    10.6
  62    -5.622     9.8
  63    -5.280    22.2
  64    -5.201     9.9
  65    -4.868     8.4
  66    -4.593    18.4
  67    -4.504    10.0
  68    -4.319    23.3
  69    -4.084    18.5
  70    -3.950     9.4
 
             lowest CSF states
       eV     nm      excitation i->a               eV
    1  3.88   319.7       59 ->  60     gap,J,K:   6.438   3.699   0.569   Kshft:   0.000  locality: 0.948
    2  4.21   294.2       58 ->  60     gap,J,K:   7.060   3.387   0.266   Kshft:   0.010  locality: 0.852
    3  5.06   245.2       57 ->  60     gap,J,K:   8.168   3.734   0.309   Kshft:   0.005  locality: 0.946
    4  5.11   242.8       59 ->  61     gap,J,K:   7.914   3.430   0.308   Kshft:   0.005  locality: 0.963
    5  5.12   242.4       56 ->  60     gap,J,K:   8.535   4.060   0.318   Kshft:   0.005  locality: 0.946
    6  5.13   241.6       59 ->  62     gap,J,K:   8.023   3.387   0.241   Kshft:   0.014  locality: 0.951
    7  5.63   220.2       58 ->  61     gap,J,K:   8.536   3.539   0.314   Kshft:   0.005  locality: 0.975
    8  5.70   217.7       59 ->  65     gap,J,K:   8.776   3.647   0.280   Kshft:   0.008  locality: 0.941
    9  5.77   214.7       58 ->  62     gap,J,K:   8.645   3.548   0.337   Kshft:   0.004  locality: 0.977
   10  5.87   211.3       59 ->  63     gap,J,K:   8.365   3.029   0.016   Kshft:   0.500  locality: 0.841
   11  5.98   207.4       58 ->  64     gap,J,K:   9.065   3.651   0.059   Kshft:   0.445  locality: 0.943
   12  6.01   206.4       59 ->  64     gap,J,K:   8.443   3.001   0.037   Kshft:   0.491  locality: 0.790
   13  6.06   204.5       54 ->  60     gap,J,K:   9.662   4.152   0.066   Kshft:   0.421  locality: 0.917
   14  6.16   201.3       55 ->  60     gap,J,K:   9.409   3.869   0.307   Kshft:   0.006  locality: 0.974
   15  6.27   197.8       59 ->  67     gap,J,K:   9.140   3.516   0.319   Kshft:   0.005  locality: 0.966
   16  6.49   191.0       59 ->  66     gap,J,K:   9.051   3.067   0.003   Kshft:   0.500  locality: 0.807
   17  6.58   188.4       57 ->  61     gap,J,K:   9.644   3.550   0.235   Kshft:   0.016  locality: 0.985
   18  6.64   186.6       59 ->  68     gap,J,K:   9.326   3.191   0.005   Kshft:   0.500  locality: 0.882
   19  6.66   186.1       58 ->  65     gap,J,K:   9.398   3.143   0.118   Kshft:   0.171  locality: 0.795
   20  6.70   184.9       57 ->  62     gap,J,K:   9.753   3.510   0.220   Kshft:   0.020  locality: 0.974
   21  6.77   183.0       58 ->  67     gap,J,K:   9.762   3.549   0.277   Kshft:   0.008  locality: 0.956
   22  6.89   180.0       58 ->  63     gap,J,K:   8.987   2.639   0.021   Kshft:   0.499  locality: 0.719
   23  7.06   175.5       59 ->  70     gap,J,K:   9.694   3.148   0.009   Kshft:   0.500  locality: 0.834
   24  7.17   173.0       59 ->  69     gap,J,K:   9.561   2.961   0.057   Kshft:   0.453  locality: 0.782
   25  7.20   172.1       58 ->  70     gap,J,K:  10.316   3.624   0.006   Kshft:   0.500  locality: 0.942
 
 selecting CSF ...
 average/max PT2 energy lowering (eV):     0.030     0.158
         915 CSF included by PT.
        1040 CSF in total.
 sTD-DFT procedure...
 setting up A+B and A-B matrices
  calculating (A-B)^0.5 ...
 estimated time (min)     0.05
  calculating (A+B)*(A-B)^0.5 ...
 calculate eigenvalues of (A-B)^0.5*(A+B)*(A-B)^0.5 ...
  rpa vectors ok
  144 roots found, lowest/highest eigenvalue :    3.268   9.998   0
 writing spectral data to tda.dat ...
 
 excitation energies, transition moments and TDA amplitudes
 state    eV      nm       fL         Rv
    1    3.268   379.4     0.7917     9.2155     0.94(  59->  60)  0.01(  59->  61)  0.01(  58->  65)
    2    3.775   328.4     0.1034     7.4895     0.89(  58->  60)  0.02(  57->  60)  0.01(  57->  61)
    3    4.058   305.5     0.0709    -5.8148     0.35(  59->  61)  0.20(  56->  60)  0.17(  59->  62)
    4    4.069   304.7     0.0903     0.0793     0.27(  59->  62)  0.21(  58->  61)  0.15(  58->  64)
    5    4.582   270.6     0.0869   -24.8507     0.65(  57->  60)  0.14(  56->  60)  0.06(  59->  61)
    6    4.723   262.5     0.1256    23.6094     0.27(  58->  64)  0.23(  59->  64)  0.15(  59->  62)
    7    4.790   258.8     0.0026    -8.4398     0.48(  59->  63)  0.18(  58->  63)  0.06(  57->  63)
    8    4.922   251.9     0.0308    71.8142     0.43(  56->  60)  0.11(  57->  60)  0.10(  59->  61)
    9    5.055   245.3     0.0557   -10.1550     0.35(  59->  65)  0.11(  58->  61)  0.09(  55->  60)
   10    5.239   236.7     0.0429   -36.4909     0.31(  54->  60)  0.21(  55->  60)  0.13(  59->  65)
   11    5.255   235.9     0.2349    -6.8713     0.15(  58->  61)  0.15(  59->  65)  0.12(  57->  61)
   12    5.497   225.6     0.0873   -52.5386     0.29(  59->  67)  0.21(  58->  62)  0.09(  59->  61)
   13    5.530   224.2     0.0232    -5.8378     0.62(  59->  66)  0.24(  58->  66)  0.06(  57->  66)
   14    5.712   217.1     0.0208    -6.7331     0.28(  59->  70)  0.27(  58->  70)  0.07(  59->  68)
   15    5.791   214.1     0.0036    -4.5496     0.46(  59->  68)  0.17(  58->  68)  0.06(  59->  70)
   16    5.940   208.7     0.0083    28.5949     0.22(  59->  67)  0.17(  58->  61)  0.15(  58->  62)
   17    6.089   203.6     0.1676    18.0494     0.18(  58->  67)  0.14(  57->  62)  0.08(  58->  70)
   18    6.156   201.4     0.2337   -22.5720     0.20(  55->  60)  0.13(  54->  60)  0.11(  56->  62)
   19    6.184   200.5     0.0645    28.3029     0.12(  55->  60)  0.10(  57->  64)  0.07(  59->  69)
   20    6.256   198.2     0.0769    -3.6314     0.19(  58->  72)  0.15(  59->  72)  0.07(  58->  65)
   21    6.281   197.4     0.1285    75.6759     0.17(  56->  61)  0.09(  55->  60)  0.08(  54->  60)
   22    6.382   194.3     0.4108   -12.2497     0.18(  58->  72)  0.13(  56->  61)  0.12(  59->  72)
   23    6.436   192.6     0.0886    70.3411     0.19(  59->  69)  0.10(  56->  62)  0.10(  57->  61)
   24    6.489   191.1     0.0507     3.3698     0.42(  59->  71)  0.05(  57->  65)  0.05(  58->  71)
   25    6.557   189.1     0.1930  -100.8889     0.15(  58->  75)  0.13(  59->  75)  0.08(  57->  62)
   26    6.572   188.7     0.1789   -51.1119     0.21(  56->  65)  0.10(  57->  65)  0.07(  57->  61)
   27    6.732   184.2     0.0065     8.0385     0.27(  58->  65)  0.15(  56->  65)  0.08(  59->  74)
   28    6.750   183.7     0.0250     8.6430     0.11(  58->  67)  0.10(  57->  62)  0.07(  57->  61)
   29    6.800   182.3     0.0242    -9.2109     0.16(  55->  61)  0.11(  54->  61)  0.08(  54->  65)
   30    6.838   181.3     0.0278    -9.9040     0.08(  58->  71)  0.08(  58->  76)  0.07(  59->  75)
   31    6.958   178.2     0.0014     1.0201     0.25(  59->  74)  0.11(  58->  74)  0.08(  56->  63)
   32    7.013   176.8     0.0073    17.2046     0.30(  56->  63)  0.10(  56->  68)  0.10(  57->  63)
   33    7.033   176.3     0.0169     3.4352     0.49(  59->  73)  0.23(  58->  73)  0.04(  57->  73)
   34    7.129   173.9     0.0245    36.0453     0.17(  53->  60)  0.14(  59->  79)  0.05(  57->  70)
   35    7.166   173.0     0.0078    32.4020     0.17(  59->  78)  0.11(  59->  76)  0.07(  59->  77)
   36    7.216   171.8     0.0085   -19.0746     0.13(  53->  60)  0.07(  59->  77)  0.07(  59->  79)
   37    7.245   171.1     0.0179   -20.9722     0.11(  53->  60)  0.10(  59->  64)  0.08(  59->  76)
   38    7.280   170.3     0.0064    -1.6067     0.13(  57->  65)  0.10(  59->  77)  0.07(  59->  76)
   39    7.284   170.2     0.0260   -24.2818     0.12(  57->  65)  0.10(  59->  77)  0.08(  53->  60)
   40    7.348   168.7     0.0061   -18.2240     0.11(  58->  63)  0.08(  56->  66)  0.07(  59->  63)
   41    7.419   167.1     0.0084    14.1614     0.21(  51->  60)  0.20(  50->  60)  0.05(  55->  61)
   42    7.447   166.5     0.0119     1.4423     0.15(  57->  67)  0.10(  59->  80)  0.05(  57->  62)
   43    7.492   165.5     0.0016     1.3717     0.14(  57->  70)  0.10(  59->  79)  0.05(  59->  78)
   44    7.512   165.1     0.0139   -12.6052     0.15(  59->  80)  0.07(  53->  62)  0.04(  54->  61)
   45    7.593   163.3     0.0023   -16.4587     0.10(  58->  79)  0.05(  55->  62)  0.05(  57->  71)
   46    7.611   162.9     0.0171  -144.2329     0.28(  52->  61)  0.26(  52->  60)  0.15(  52->  62)
   47    7.638   162.3     0.0070   104.0856     0.20(  56->  66)  0.07(  58->  63)  0.05(  52->  61)
   48    7.704   160.9     0.0408    31.3403     0.08(  56->  61)  0.08(  53->  61)  0.08(  56->  67)
   49    7.722   160.6     0.0095    26.8501     0.08(  58->  80)  0.06(  59->  84)  0.05(  57->  67)
   50    7.761   159.8     0.0249    10.1632     0.09(  56->  67)  0.09(  51->  60)  0.08(  55->  61)
   51    7.777   159.4     0.0052   -24.6392     0.11(  57->  72)  0.09(  59->  72)  0.06(  59->  79)
   52    7.832   158.3     0.0025   -15.9510     0.10(  59->  72)  0.10(  57->  72)  0.07(  56->  67)
   53    7.901   156.9     0.0262    25.5489     0.15(  56->  62)  0.08(  57->  67)  0.07(  56->  67)
   54    7.918   156.6     0.0103    -0.1032     0.16(  59->  81)  0.07(  50->  60)  0.06(  56->  63)
   55    7.979   155.4     0.0060    13.5665     0.13(  50->  60)  0.09(  59->  81)  0.07(  54->  62)
   56    8.007   154.8     0.0069    -7.6079     0.12(  56->  68)  0.06(  59->  81)  0.05(  54->  62)
   57    8.039   154.2     0.0118     9.5354     0.08(  57->  68)  0.08(  59->  84)  0.05(  59->  82)
   58    8.088   153.3     0.0258   -32.3898     0.11(  52->  60)  0.05(  52->  62)  0.05(  59->  80)
   59    8.096   153.1     0.0205     7.0978     0.13(  52->  60)  0.07(  57->  68)  0.05(  56->  68)
   60    8.108   152.9     0.0037   -34.1686     0.20(  52->  60)  0.11(  52->  62)  0.05(  52->  61)
   61    8.120   152.7     0.0338     6.4665     0.13(  54->  62)  0.08(  56->  67)  0.06(  56->  68)
   62    8.146   152.2     0.0096     4.6084     0.09(  57->  75)  0.07(  53->  64)  0.06(  59->  80)
   63    8.202   151.2     0.0079    -0.1990     0.07(  59->  83)  0.05(  55->  62)  0.05(  54->  61)
   64    8.215   150.9     0.0068    32.8739     0.13(  58->  79)  0.12(  59->  86)  0.04(  59->  79)
   65    8.242   150.4     0.0178    -9.8110     0.12(  59->  83)  0.08(  59->  82)  0.08(  54->  61)
   66    8.281   149.7     0.0003    29.9738     0.09(  59->  85)  0.08(  59->  82)  0.07(  58->  66)
   67    8.325   148.9     0.0075    19.8044     0.06(  58->  68)  0.05(  52->  64)  0.05(  58->  83)
   68    8.355   148.4     0.0095    23.3722     0.08(  51->  61)  0.07(  55->  65)  0.05(  53->  62)
   69    8.381   147.9     0.0061    -2.5950     0.08(  57->  64)  0.07(  55->  70)  0.05(  59->  70)
   70    8.418   147.3     0.0085     6.2799     0.26(  46->  60)  0.09(  45->  60)  0.05(  43->  60)
   71    8.445   146.8     0.0092    -6.1688     0.09(  46->  60)  0.04(  45->  60)  0.04(  55->  65)
   72    8.506   145.8     0.0232   -63.3301     0.29(  52->  64)  0.05(  52->  63)  0.04(  58->  82)
   73    8.518   145.6     0.0711    88.4233     0.10(  52->  64)  0.09(  56->  69)  0.08(  57->  69)
   74    8.550   145.0     0.0014   -13.0356     0.09(  58->  84)  0.09(  59->  84)  0.07(  59->  82)
   75    8.564   144.8     0.0205    -3.7035     0.17(  55->  67)  0.06(  55->  65)  0.06(  55->  64)
   76    8.619   143.8     0.0012    -6.4581     0.12(  57->  71)  0.09(  59->  85)  0.07(  59->  87)
   77    8.646   143.4     0.0122    31.9646     0.19(  54->  64)  0.16(  54->  70)  0.09(  52->  64)
   78    8.683   142.8     0.0029   -11.5952     0.12(  49->  60)  0.06(  56->  64)  0.05(  58->  69)
   79    8.691   142.7     0.0036     2.3341     0.09(  56->  71)  0.07(  49->  60)  0.06(  58->  69)
   80    8.698   142.5     0.0127    -1.2403     0.20(  45->  60)  0.13(  46->  60)  0.10(  47->  60)
   81    8.724   142.1     0.0038   -11.0772     0.12(  56->  71)  0.10(  54->  62)  0.06(  51->  62)
   82    8.739   141.9     0.0061    -2.5319     0.11(  56->  71)  0.09(  57->  66)  0.07(  58->  66)
   83    8.765   141.5     0.0019     2.7512     0.29(  49->  60)  0.07(  50->  61)  0.06(  58->  69)
   84    8.828   140.4     0.0360   -21.0232     0.18(  49->  60)  0.05(  51->  62)  0.05(  56->  69)
   85    8.832   140.4     0.0053    -1.0191     0.25(  56->  64)  0.05(  57->  64)  0.03(  56->  63)
   86    8.888   139.5     0.0023    -7.1529     0.09(  58->  86)  0.07(  58->  80)  0.05(  59->  86)
   87    8.910   139.1     0.0063     3.1753     0.15(  50->  62)  0.13(  50->  61)  0.09(  45->  60)
   88    8.922   139.0     0.0103    17.6819     0.08(  59->  87)  0.05(  56->  64)  0.04(  54->  65)
   89    8.957   138.4     0.0033     7.5030     0.05(  57->  79)  0.05(  59->  84)  0.05(  59->  88)
   90    8.964   138.3     0.0208    12.6569     0.08(  54->  67)  0.07(  54->  65)  0.06(  59->  86)
   91    9.025   137.4     0.0047    15.5272     0.07(  56->  73)  0.07(  56->  74)  0.03(  58->  87)
   92    9.033   137.3     0.0030    -3.8154     0.04(  55->  67)  0.04(  58->  72)  0.04(  51->  61)
   93    9.061   136.8     0.0026    -4.6940     0.09(  57->  72)  0.08(  58->  72)  0.08(  59->  72)
   94    9.084   136.5     0.0135   -23.3491     0.11(  59->  87)  0.06(  56->  74)  0.05(  58->  87)
   95    9.095   136.3     0.0156   -20.4875     0.07(  55->  63)  0.06(  55->  68)  0.04(  56->  73)
   96    9.118   136.0     0.0017    -3.3538     0.12(  56->  69)  0.04(  56->  79)  0.04(  56->  77)
   97    9.141   135.6     0.0050    -0.5494     0.11(  48->  63)  0.09(  50->  63)  0.08(  48->  60)
   98    9.171   135.2     0.0029   -11.7778     0.13(  49->  62)  0.09(  49->  61)  0.06(  48->  63)
   99    9.177   135.1     0.0007     3.2900     0.11(  56->  73)  0.05(  57->  73)  0.05(  49->  62)
  100    9.200   134.8     0.0078   -10.9770     0.13(  48->  63)  0.11(  49->  62)  0.10(  49->  61)
  101    9.219   134.5     0.0091    46.0463     0.06(  59->  88)  0.05(  55->  64)  0.04(  54->  67)
  102    9.233   134.3     0.0024     4.6895     0.06(  55->  64)  0.06(  54->  68)  0.06(  57->  68)
  103    9.267   133.8     0.0152    -8.8826     0.09(  59->  88)  0.06(  47->  60)  0.05(  45->  60)
  104    9.277   133.6     0.0200    59.2545     0.06(  58->  73)  0.04(  59->  88)  0.04(  55->  71)
  105    9.282   133.6     0.0031     2.7156     0.07(  45->  60)  0.05(  47->  60)  0.04(  59->  88)
  106    9.297   133.4     0.0156    -1.4183     0.04(  57->  79)  0.04(  45->  60)  0.04(  54->  63)
  107    9.311   133.2     0.0021     0.1185     0.06(  56->  64)  0.05(  51->  64)  0.05(  55->  64)
  108    9.341   132.7     0.0056   -17.7087     0.10(  48->  60)  0.05(  59->  89)  0.04(  58->  83)
  109    9.384   132.1     0.0009   -11.9003     0.31(  48->  60)  0.05(  48->  65)  0.04(  43->  60)
  110    9.394   132.0     0.0029    -6.9969     0.08(  55->  69)  0.06(  57->  69)  0.06(  47->  63)
  111    9.419   131.6     0.0097   -27.2741     0.10(  47->  63)  0.05(  48->  66)  0.04(  57->  69)
  112    9.429   131.5     0.0205    -2.9417     0.10(  59->  89)  0.09(  57->  81)  0.04(  57->  80)
  113    9.467   131.0     0.0043   -14.9794     0.05(  56->  74)  0.03(  59->  89)  0.03(  59->  93)
  114    9.492   130.6     0.0138   -11.7852     0.04(  52->  67)  0.03(  57->  84)  0.03(  47->  60)
  115    9.497   130.5     0.0187     7.0821     0.06(  54->  64)  0.05(  56->  79)  0.03(  56->  73)
  116    9.514   130.3     0.0032    10.8154     0.09(  47->  60)  0.07(  47->  63)  0.05(  52->  67)
  117    9.530   130.1     0.0123    -2.7789     0.10(  58->  73)  0.07(  56->  73)  0.05(  59->  73)
  118    9.552   129.8     0.0020     5.6588     0.11(  56->  78)  0.05(  56->  76)  0.04(  47->  60)
  119    9.572   129.5     0.0534    17.6810     0.07(  59->  92)  0.05(  47->  60)  0.05(  43->  60)
  120    9.590   129.3     0.0031   -23.5369     0.04(  58->  73)  0.03(  57->  86)  0.03(  59->  89)
  121    9.607   129.1     0.0244    -3.9526     0.11(  52->  67)  0.05(  43->  60)  0.04(  52->  65)
  122    9.615   128.9     0.0353   -14.9341     0.06(  59->  94)  0.05(  59->  93)  0.05(  58->  92)
  123    9.636   128.7     0.0115     8.8368     0.05(  57->  74)  0.04(  58->  74)  0.04(  38->  60)
  124    9.641   128.6     0.0527   -32.7417     0.05(  57->  84)  0.04(  53->  70)  0.04(  59->  94)
  125    9.669   128.2     0.0122   -31.8725     0.08(  53->  65)  0.04(  55->  70)  0.04(  53->  70)
  126    9.678   128.1     0.0104   -10.7200     0.04(  59->  91)  0.03(  54->  75)  0.03(  52->  70)
  127    9.695   127.9     0.0087   -22.0000     0.03(  56->  74)  0.03(  58->  74)  0.03(  53->  67)
  128    9.729   127.4     0.0006    -0.6893     0.08(  56->  76)  0.05(  59->  90)  0.04(  56->  82)
  129    9.736   127.4     0.0173   -18.3206     0.29(  52->  70)  0.04(  59->  94)  0.02(  45->  62)
  130    9.758   127.1     0.0032    14.6411     0.24(  52->  70)  0.04(  37->  60)  0.03(  56->  76)
  131    9.775   126.8     0.0138    14.2461     0.06(  45->  62)  0.05(  52->  70)  0.04(  53->  65)
  132    9.793   126.6     0.0051    -5.3466     0.12(  45->  62)  0.07(  53->  65)  0.05(  45->  61)
  133    9.803   126.5     0.0136    17.0026     0.07(  56->  80)  0.06(  58->  71)  0.05(  58->  76)
  134    9.819   126.3     0.0243    24.8602     0.05(  56->  80)  0.04(  53->  65)  0.04(  56->  77)
  135    9.832   126.1     0.0232    28.9964     0.07(  50->  63)  0.06(  44->  63)  0.05(  54->  71)
  136    9.840   126.0     0.0041    16.0668     0.09(  37->  60)  0.08(  38->  60)  0.04(  51->  65)
  137    9.870   125.6     0.0065     0.3786     0.09(  54->  64)  0.07(  54->  70)  0.06(  50->  63)
  138    9.892   125.3     0.0073    -4.6861     0.05(  37->  60)  0.05(  50->  63)  0.03(  56->  70)
  139    9.916   125.0     0.0099    11.0281     0.07(  56->  70)  0.03(  59->  94)  0.03(  58->  93)
  140    9.926   124.9     0.0364    44.1998     0.12(  42->  62)  0.09(  42->  61)  0.04(  45->  61)
  141    9.940   124.7     0.0014     3.6803     0.08(  56->  77)  0.07(  56->  76)  0.06(  58->  76)
  142    9.970   124.4     0.0022    19.4507     0.06(  45->  61)  0.06(  42->  61)  0.05(  37->  60)
  143    9.975   124.3     0.0178   -15.5503     0.07(  56->  76)  0.04(  58->  77)  0.03(  57->  79)
  144    9.998   124.0     0.0082     2.1732     0.15(  42->  60)  0.05(  50->  65)  0.04(  59->  91)

  alpha tensor

           1         2         3
 
    1 293.16514
    2 -32.99087  36.26254
    3 -23.77421  35.34608  68.29968
 trace alpha_L[0] / au:   132.575789615014     
 sum rule f_L           4.82227990350907     
 
 SOS specific optical rotation 
 including Lorentz factor for common solvent (n=1.4)
 lambda [eV] alpha[grad*cm^3*g^-1*dm^-1]
 632.8  1.96      326.24
 589.3  2.10      400.38        0.00 ##
 579.0  2.14      422.31
 546.0  2.27      509.20
 436.0  2.84     1413.39
 365.0  3.40    -3375.79
 
 sTD-DFT done.
Mon 21 Mar 14:12:01 GMT 2022
