Mon 21 Mar 14:04:23 GMT 2022


                 *********************************************
                 *                                           *
                 *               s  T  D  A                  *
                 *                                           *
                 *                S. Grimme                  *
                 * Mulliken Center for Theoretical Chemistry *
                 *             Universitaet Bonn             *
                 *              Version 1.6.2                *
                 *       Tue Sep 10 14:44:30 CET 2020        *
                 *********************************************
 
 Please cite as:
 S. Grimme, J. Chem. Phys. 138 (2013) 244104
 
 With contributions from:
 C. Bannwarth, P. Shushkov, M. de Wergifosse
 
======================================================================
 
 reading an xTB output...
 
 reading: wfn.xtb
======================================================================
                    M O / A O    I N P U T 
======================================================================
atom  #          x             y             z            charge
  C   1      5.29179958   -2.29280449   -6.73422739         6.00
  O   2      4.20974250   -1.58718082   -4.41477776         8.00
  C   3      5.75988469   -0.98700386   -2.44114798         6.00
  C   4      8.41117020   -0.95261085   -2.60801078         6.00
  C   5      9.84263761   -0.26531752   -0.56975237         6.00
  C   6      8.71541608    0.36226046    1.75404363         6.00
  C   7     10.16804842    1.03160140    3.88678833         6.00
  C   8      9.03704743    1.56601589    6.14368803         6.00
  C   9      6.39842309    1.41049145    6.37177796         6.00
  C  10      4.93860980    0.78650394    4.33616516         6.00
  C  11      6.03937516    0.29385239    1.95378766         6.00
  C  12      4.57105810   -0.33032410   -0.19426383         6.00
  C  13      1.80336547   -0.25208944   -0.12245424         6.00
  C  14      0.16591794   -2.17356279   -0.40988156         6.00
  C  15     -2.40618805   -1.24967577   -0.28572656         6.00
  C  16     -4.58863255   -2.93776796   -0.40421238         6.00
  C  17     -6.59608843   -2.68775722    1.28293495         6.00
  C  18     -8.63151225   -4.31821277    1.16879550         6.00
  C  19     -8.69670779   -6.22419036   -0.62587723         6.00
  C  20     -6.70493664   -6.49744473   -2.30074134         6.00
  C  21     -4.66025316   -4.87530398   -2.18546806         6.00
  C  22     -2.36348024    1.30334399    0.03722760         6.00
  C  23     -4.46750112    3.06437960    0.11867479         6.00
  C  24     -6.63615062    2.65468701   -1.33168988         6.00
  C  25     -8.62829971    4.33711003   -1.25950235         6.00
  C  26     -8.50357780    6.47250035    0.25152252         6.00
  C  27     -6.35590426    6.91790876    1.67807664         6.00
  C  28     -4.35619626    5.24039903    1.60796781         6.00
  C  29      0.33882786    2.16071265    0.15684725         6.00
  H  30      6.46702014   -3.98637689   -6.54941220         1.00
  H  31      3.70442978   -2.70552064   -7.97785604         1.00
  H  32      6.41561960   -0.76174853   -7.55720304         1.00
  H  33      9.33430133   -1.44469549   -4.35789701         1.00
  H  34     11.87787245   -0.21259417   -0.72603271         1.00
  H  35     12.20101559    1.09868667    3.69876060         1.00
  H  36     10.15878876    2.07888752    7.76998619         1.00
  H  37      5.52896018    1.77615342    8.18251336         1.00
  H  38      2.91735892    0.60830278    4.54460194         1.00
  H  39      0.64590833   -4.13509832   -0.63249128         1.00
  H  40     -6.54223124   -1.20772385    2.68794619         1.00
  H  41    -10.17579629   -4.10637449    2.48763524         1.00
  H  42    -10.29258136   -7.49389722   -0.71526127         1.00
  H  43     -6.74594369   -7.98258036   -3.70235108         1.00
  H  44     -3.11540220   -5.07750465   -3.50544164         1.00
  H  45     -6.73309356    1.01251516   -2.53827990         1.00
  H  46    -10.28861293    3.98732175   -2.39541661         1.00
  H  47    -10.06638116    7.78397016    0.31029300         1.00
  H  48     -6.23987508    8.58237937    2.85575385         1.00
  H  49     -2.70400886    5.60284847    2.75087406         1.00
  H  50      0.77176408    3.45441904   -1.39386186         1.00
  H  51      0.78423627    3.15829898    1.90314300         1.00

 # atoms          =   51
 # mos            =  226
 # primitive  aos = 1782
 # contracted aos =  342

 spherical AO basis
======================================================================
                    A O   I N T E G R A L S
======================================================================
 memory needed for AO int data:   4 Mb
 done.
  
Restricted MOs found... RKS-sTD-DFT will be performed
  
======================================================================
                    s T D A
======================================================================
 spectral range up to (eV)     :    10.0000000000000     
 occ MO cut-off (eV)           :   -35.3217009042099     
 virtMO cut-off (eV)           :    13.9094407025111     
 perturbation thr              :   1.000000000000000E-004
 triplet                       :  F
 MOs in TDA :          177
 oMOs in TDA:           69
 vMOs in TDA:          108
 sorting MOs ...
 reading and transforming R..V..L AO ints ...
 ints done.
 S^1/2 ...
 S^1/2 orthogonalized MO coefficients done.

 SCF atom population (using active MOs):
  3.509  5.253  3.477  3.906  3.959  4.050  3.977  4.003  3.990  3.963
  3.994  3.987  4.041  3.943  4.038  4.052  3.970  3.996  3.995  3.999
  3.973  4.069  4.035  3.967  3.993  3.994  3.997  3.968  3.969  0.992
  0.978  0.994  1.001  0.990  1.000  0.995  0.993  1.020  0.968  1.004
  0.994  0.999  0.995  1.005  1.015  0.993  0.998  0.994  1.015  0.962
  1.029
 
 # electrons in TDA: 138.000
 
 
 ax(DF)   :   0.500000000000000     
 s^K      :    2.00000000000000     
 beta  (J):    4.00000000000000     
 alpha (K):    2.00000000000000     
 
 hardness table read.
 setting up gammas ...
 memory needed for q data (Mb)                      4
 computing q(ij,n) ...
 
         204 CSF included by energy.
 
        7248 considered in PT2.
 ordered frontier orbitals
         eV     # centers
  59   -18.115    20.0
  60   -17.714     7.4
  61   -17.537     9.9
  62   -16.871     8.1
  63   -16.314     8.0
  64   -16.128     7.3
  65   -16.028     6.8
  66   -15.870     7.9
  67   -15.646     6.8
  68   -14.755    12.8
  69   -14.091    11.3
 
  70    -7.322    15.5
  71    -6.932    14.0
  72    -5.785     6.7
  73    -5.716     9.1
  74    -5.599     7.6
  75    -5.567     8.9
  76    -5.248     9.6
  77    -5.129    27.1
  78    -4.943    29.1
  79    -4.740    27.0
  80    -4.614    14.4
 
             lowest CSF states
       eV     nm      excitation i->a               eV
    1  3.73   332.6       69 ->  70     gap,J,K:   6.769   3.778   0.367   Kshft:   0.003  locality: 0.996
    2  4.35   285.0       69 ->  71     gap,J,K:   7.158   3.362   0.272   Kshft:   0.009  locality: 0.899
    3  4.55   272.3       68 ->  70     gap,J,K:   7.434   3.469   0.291   Kshft:   0.007  locality: 0.934
    4  4.93   251.7       68 ->  71     gap,J,K:   7.823   3.623   0.361   Kshft:   0.003  locality: 0.990
    5  5.51   225.1       69 ->  72     gap,J,K:   8.305   3.189   0.169   Kshft:   0.055  locality: 0.756
    6  5.56   223.1       69 ->  74     gap,J,K:   8.491   3.316   0.149   Kshft:   0.083  locality: 0.825
    7  5.59   221.6       66 ->  70     gap,J,K:   8.549   3.337   0.150   Kshft:   0.082  locality: 0.854
    8  5.60   221.3       67 ->  70     gap,J,K:   8.324   3.143   0.196   Kshft:   0.032  locality: 0.773
    9  5.64   219.8       69 ->  73     gap,J,K:   8.374   3.173   0.103   Kshft:   0.234  locality: 0.801
   10  5.77   214.8       67 ->  71     gap,J,K:   8.713   3.819   0.439   Kshft:   0.001  locality: 0.953
   11  5.78   214.3       69 ->  75     gap,J,K:   8.524   3.171   0.107   Kshft:   0.218  locality: 0.802
   12  5.79   214.3       69 ->  76     gap,J,K:   8.842   3.633   0.285   Kshft:   0.007  locality: 0.931
   13  5.89   210.5       68 ->  72     gap,J,K:   8.970   3.932   0.425   Kshft:   0.002  locality: 0.952
   14  6.01   206.1       64 ->  70     gap,J,K:   8.806   3.174   0.144   Kshft:   0.094  locality: 0.807
   15  6.06   204.5       63 ->  70     gap,J,K:   8.992   3.491   0.276   Kshft:   0.008  locality: 0.896
   16  6.17   200.9       65 ->  70     gap,J,K:   8.706   3.013   0.091   Kshft:   0.298  locality: 0.759
   17  6.29   197.0       69 ->  77     gap,J,K:   8.961   3.191   0.012   Kshft:   0.500  locality: 0.905
   18  6.59   188.3       67 ->  72     gap,J,K:   9.860   4.501   0.613   Kshft:   0.000  locality: 0.995
   19  6.60   187.9       62 ->  70     gap,J,K:   9.549   3.345   0.125   Kshft:   0.145  locality: 0.836
   20  6.62   187.3       69 ->  78     gap,J,K:   9.147   3.033   0.002   Kshft:   0.500  locality: 0.891
   21  6.62   187.3       66 ->  71     gap,J,K:   8.938   2.795   0.091   Kshft:   0.296  locality: 0.726
   22  6.63   187.0       69 ->  80     gap,J,K:   9.476   3.252   0.119   Kshft:   0.166  locality: 0.808
   23  6.63   186.9       62 ->  71     gap,J,K:   9.939   3.858   0.272   Kshft:   0.009  locality: 0.978
   24  6.78   182.7       68 ->  80     gap,J,K:  10.141   3.806   0.214   Kshft:   0.023  locality: 0.966
   25  6.88   180.1       68 ->  76     gap,J,K:   9.507   3.052   0.108   Kshft:   0.210  locality: 0.799
 
 selecting CSF ...
 average/max PT2 energy lowering (eV):     0.028     0.178
        1286 CSF included by PT.
        1490 CSF in total.
 sTD-DFT procedure...
 setting up A+B and A-B matrices
  calculating (A-B)^0.5 ...
 estimated time (min)     0.14
  calculating (A+B)*(A-B)^0.5 ...
 calculate eigenvalues of (A-B)^0.5*(A+B)*(A-B)^0.5 ...
  rpa vectors ok
  227 roots found, lowest/highest eigenvalue :    3.307   9.999   0
 writing spectral data to tda.dat ...
 
 excitation energies, transition moments and TDA amplitudes
 state    eV      nm       fL         Rv
    1    3.307   374.9     0.4851   -55.1746     0.90(  69->  70)  0.04(  68->  71)  0.02(  69->  71)
    2    3.809   325.5     0.1034    99.8461     0.46(  69->  71)  0.26(  68->  70)  0.07(  68->  71)
    3    4.072   304.4     0.0216     4.3393     0.42(  69->  71)  0.23(  68->  70)  0.07(  67->  71)
    4    4.236   292.7     0.0792   -26.6823     0.39(  68->  70)  0.13(  67->  71)  0.13(  68->  71)
    5    4.520   274.3     0.0348   -32.2413     0.62(  68->  71)  0.06(  68->  72)  0.06(  67->  70)
    6    4.753   260.9     0.0008    -1.4154     0.23(  69->  73)  0.19(  64->  70)  0.11(  69->  75)
    7    4.874   254.4     0.0013    -1.8231     0.14(  65->  74)  0.11(  69->  73)  0.11(  66->  75)
    8    5.010   247.5     0.0109    -6.2210     0.37(  66->  70)  0.25(  69->  74)  0.08(  69->  76)
    9    5.185   239.1     0.3438   -49.6458     0.31(  66->  70)  0.28(  69->  76)  0.09(  66->  71)
   10    5.217   237.7     0.1175   -23.2507     0.29(  63->  70)  0.26(  69->  74)  0.21(  69->  76)
   11    5.467   226.8     0.3457    76.4534     0.52(  69->  72)  0.20(  67->  70)  0.06(  69->  74)
   12    5.561   222.9     0.0382    14.8079     0.22(  63->  70)  0.12(  69->  77)  0.08(  69->  76)
   13    5.571   222.6     0.0663   -26.1691     0.25(  67->  70)  0.08(  63->  70)  0.07(  68->  72)
   14    5.629   220.3     0.1120   -34.5559     0.37(  69->  73)  0.17(  65->  70)  0.07(  69->  75)
   15    5.690   217.9     0.0693    -1.1417     0.37(  69->  77)  0.10(  69->  73)  0.10(  64->  70)
   16    5.698   217.6     0.1013    59.1675     0.45(  69->  75)  0.18(  64->  70)  0.07(  63->  70)
   17    5.782   214.4     0.0387    17.2589     0.17(  67->  71)  0.13(  69->  80)  0.12(  68->  80)
   18    5.847   212.1     0.0084    -6.4575     0.29(  69->  78)  0.28(  68->  77)  0.07(  67->  71)
   19    5.888   210.6     0.3845    -9.2372     0.36(  68->  72)  0.17(  67->  72)  0.09(  67->  70)
   20    5.935   208.9     0.3407     2.2794     0.21(  67->  71)  0.21(  69->  80)  0.21(  68->  80)
   21    6.084   203.8     0.0273     8.4973     0.38(  65->  70)  0.14(  64->  70)  0.10(  65->  74)
   22    6.131   202.2     0.0802    77.5099     0.27(  69->  79)  0.21(  68->  79)  0.06(  68->  81)
   23    6.195   200.1     0.1557   -53.4623     0.25(  67->  72)  0.09(  62->  70)  0.08(  69->  79)
   24    6.291   197.1     0.1312    67.8257     0.44(  61->  70)  0.06(  65->  73)  0.05(  62->  71)
   25    6.334   195.7     0.0223   -15.8817     0.13(  66->  74)  0.09(  61->  70)  0.05(  66->  71)
   26    6.340   195.6     0.1458    -3.7592     0.22(  67->  72)  0.09(  69->  81)  0.08(  68->  79)
   27    6.365   194.8     0.0431    20.5847     0.20(  63->  73)  0.16(  64->  76)  0.12(  64->  70)
   28    6.444   192.4     0.0300    28.0210     0.25(  69->  82)  0.15(  69->  81)  0.08(  68->  78)
   29    6.490   191.0     0.0069     8.9251     0.12(  67->  80)  0.10(  66->  74)  0.10(  62->  72)
   30    6.535   189.7     0.0994     6.6232     0.31(  66->  71)  0.10(  63->  71)  0.07(  61->  71)
   31    6.595   188.0     0.0635    -7.9636     0.17(  68->  76)  0.15(  68->  74)  0.10(  62->  71)
   32    6.630   187.0     0.2654    81.1425     0.24(  64->  73)  0.17(  65->  73)  0.15(  64->  75)
   33    6.704   184.9     0.0041    21.8225     0.27(  68->  82)  0.09(  69->  82)  0.08(  69->  84)
   34    6.752   183.6     0.0718   -50.9607     0.16(  69->  80)  0.14(  68->  80)  0.12(  62->  70)
   35    6.805   182.2     0.0009   -10.7100     0.09(  62->  70)  0.09(  67->  77)  0.08(  69->  79)
   36    6.830   181.5     0.0065     7.2969     0.15(  67->  77)  0.13(  68->  80)  0.11(  62->  70)
   37    6.872   180.4     0.0024   -32.5408     0.10(  67->  80)  0.09(  67->  79)  0.07(  69->  84)
   38    6.894   179.8     0.0033    -5.2263     0.29(  65->  78)  0.17(  64->  81)  0.13(  65->  77)
   39    6.921   179.1     0.0045     5.7253     0.32(  64->  78)  0.18(  65->  81)  0.13(  64->  77)
   40    6.977   177.7     0.0073    -3.3571     0.17(  60->  71)  0.14(  60->  70)  0.11(  59->  71)
   41    7.049   175.9     0.0175    27.1711     0.17(  69->  85)  0.06(  69->  83)  0.05(  69->  81)
   42    7.078   175.2     0.0509    61.0229     0.18(  59->  71)  0.14(  59->  70)  0.09(  63->  71)
   43    7.098   174.7     0.4920     3.3105     0.22(  66->  74)  0.14(  65->  75)  0.13(  66->  73)
   44    7.111   174.4     0.0324   -79.4173     0.09(  67->  79)  0.07(  68->  83)  0.06(  69->  86)
   45    7.158   173.2     0.3821    93.5938     0.29(  66->  73)  0.16(  65->  74)  0.14(  66->  74)
   46    7.207   172.0     0.0084    28.7509     0.09(  69->  85)  0.08(  66->  75)  0.05(  67->  79)
   47    7.228   171.5     0.1646    30.2790     0.36(  66->  75)  0.08(  68->  75)  0.07(  65->  74)
   48    7.237   171.3     0.0325   -85.3311     0.10(  68->  83)  0.07(  68->  76)  0.07(  68->  74)
   49    7.264   170.7     0.0048    18.7290     0.17(  68->  74)  0.13(  68->  76)  0.06(  68->  77)
   50    7.295   170.0     0.0159   -24.3397     0.16(  69->  84)  0.11(  68->  85)  0.06(  68->  77)
   51    7.324   169.3     0.0604    25.2105     0.25(  68->  73)  0.12(  63->  71)  0.06(  68->  75)
   52    7.358   168.5     0.0072     4.6618     0.15(  63->  71)  0.14(  68->  73)  0.09(  68->  76)
   53    7.364   168.4     0.0170     3.6896     0.13(  68->  85)  0.11(  69->  84)  0.10(  69->  88)
   54    7.416   167.2     0.1081   -97.9383     0.20(  65->  75)  0.16(  64->  74)  0.11(  64->  73)
   55    7.432   166.8     0.0164   -39.9079     0.15(  69->  89)  0.08(  69->  87)  0.06(  68->  84)
   56    7.450   166.4     0.0075    -3.3756     0.26(  65->  73)  0.15(  64->  75)  0.12(  65->  75)
   57    7.470   166.0     0.0648   -46.2397     0.17(  68->  75)  0.07(  69->  87)  0.07(  69->  83)
   58    7.476   165.8     0.0693     6.9685     0.14(  68->  75)  0.08(  69->  87)  0.06(  65->  71)
   59    7.488   165.6     0.1229   -37.0500     0.16(  63->  73)  0.11(  64->  73)  0.10(  64->  74)
   60    7.511   165.1     0.0388    16.8311     0.29(  58->  70)  0.08(  58->  71)  0.06(  63->  76)
   61    7.537   164.5     0.0283   -19.0484     0.25(  62->  72)  0.10(  67->  80)  0.05(  64->  75)
   62    7.548   164.3     0.0350    22.9245     0.17(  65->  71)  0.15(  64->  75)  0.10(  65->  73)
   63    7.554   164.1     0.0883    38.4114     0.09(  68->  84)  0.08(  65->  71)  0.06(  68->  78)
   64    7.562   164.0     0.0558     1.8496     0.27(  65->  71)  0.22(  64->  71)  0.07(  65->  74)
   65    7.600   163.1     0.1416  -151.4744     0.18(  63->  76)  0.11(  64->  75)  0.09(  63->  74)
   66    7.653   162.0     0.0208    17.4267     0.12(  63->  76)  0.11(  69->  90)  0.06(  63->  75)
   67    7.682   161.4     0.0447   -37.2179     0.33(  63->  75)  0.09(  68->  75)  0.08(  63->  73)
   68    7.705   160.9     0.0512   -13.1182     0.13(  66->  76)  0.09(  57->  70)  0.08(  58->  70)
   69    7.731   160.4     0.0877     7.7347     0.22(  66->  76)  0.10(  57->  70)  0.08(  63->  76)
   70    7.756   159.9     0.0415    49.8476     0.21(  63->  74)  0.06(  61->  74)  0.05(  69->  81)
   71    7.766   159.6     0.0261    -0.6243     0.12(  63->  74)  0.12(  69->  81)  0.04(  66->  77)
   72    7.788   159.2     0.0413    18.7902     0.06(  69->  89)  0.06(  64->  74)  0.06(  69->  90)
   73    7.801   158.9     0.0157   -32.0410     0.22(  64->  74)  0.10(  64->  76)  0.07(  64->  71)
   74    7.844   158.1     0.0069    -9.8992     0.08(  67->  82)  0.06(  63->  78)  0.05(  63->  77)
   75    7.856   157.8     0.0245    24.7852     0.14(  60->  72)  0.08(  67->  82)  0.06(  60->  70)
   76    7.881   157.3     0.0032   -23.2090     0.12(  60->  72)  0.10(  54->  71)  0.06(  54->  70)
   77    7.895   157.0     0.0046    23.1444     0.23(  54->  71)  0.15(  54->  70)  0.05(  61->  71)
   78    7.904   156.9     0.0042    20.9214     0.08(  65->  84)  0.05(  56->  70)  0.05(  65->  87)
   79    7.930   156.3     0.0039    24.4323     0.11(  56->  70)  0.09(  61->  71)  0.04(  65->  84)
   80    7.948   156.0     0.0117   -14.8073     0.06(  60->  72)  0.06(  63->  77)  0.05(  63->  78)
   81    7.959   155.8     0.0043   -14.9412     0.06(  65->  86)  0.05(  64->  83)  0.04(  68->  88)
   82    7.988   155.2     0.0228   -14.9823     0.07(  64->  86)  0.05(  65->  87)  0.05(  56->  70)
   83    8.000   155.0     0.0319   -14.3724     0.10(  63->  74)  0.08(  56->  70)  0.05(  54->  71)
   84    8.007   154.8     0.0229    11.1909     0.20(  60->  70)  0.12(  66->  72)  0.12(  60->  71)
   85    8.013   154.7     0.0133    31.0225     0.16(  66->  72)  0.10(  60->  70)  0.07(  60->  72)
   86    8.037   154.3     0.0004     9.4950     0.12(  66->  72)  0.06(  68->  89)  0.04(  69->  95)
   87    8.057   153.9     0.0110     8.6587     0.23(  61->  71)  0.10(  66->  72)  0.04(  54->  71)
   88    8.080   153.4     0.0173   -31.2817     0.09(  69->  97)  0.05(  62->  80)  0.04(  66->  84)
   89    8.088   153.3     0.0041    -7.7270     0.09(  66->  82)  0.06(  66->  77)  0.05(  69->  82)
   90    8.129   152.5     0.0139    18.8595     0.21(  65->  76)  0.06(  68->  91)  0.06(  60->  72)
   91    8.140   152.3     0.0159    17.4998     0.50(  65->  76)  0.06(  64->  76)  0.02(  68->  91)
   92    8.173   151.7     0.0010    -5.6755     0.25(  55->  70)  0.12(  55->  71)  0.08(  57->  74)
   93    8.202   151.2     0.0270     3.4947     0.34(  67->  74)  0.21(  67->  76)  0.04(  67->  90)
   94    8.236   150.5     0.0051    -4.0151     0.09(  69->  96)  0.07(  69->  95)  0.05(  68->  78)
   95    8.248   150.3     0.1010    -2.8293     0.25(  62->  80)  0.09(  59->  72)  0.06(  60->  72)
   96    8.255   150.2     0.0101     2.7940     0.10(  68->  94)  0.09(  68->  96)  0.05(  68->  88)
   97    8.313   149.1     0.0115    -5.9069     0.49(  59->  72)  0.02(  68->  90)  0.02(  63->  72)
   98    8.340   148.7     0.0668    11.6638     0.14(  59->  72)  0.07(  61->  74)  0.05(  62->  80)
   99    8.359   148.3     0.0136    -6.0050     0.05(  68->  78)  0.05(  57->  73)  0.05(  57->  75)
  100    8.364   148.2     0.0235    14.8400     0.07(  57->  73)  0.07(  57->  75)  0.04(  61->  75)
  101    8.374   148.1     0.0072   -26.1620     0.16(  53->  71)  0.11(  49->  70)  0.10(  51->  70)
  102    8.384   147.9     0.0013     1.7657     0.09(  67->  85)  0.05(  67->  83)  0.04(  68->  79)
  103    8.389   147.8     0.0076     4.8604     0.04(  68->  78)  0.04(  62->  77)  0.03(  65->  77)
  104    8.402   147.6     0.0286   -23.0394     0.04(  65->  88)  0.04(  64->  86)  0.04(  65->  77)
  105    8.410   147.4     0.0252    -5.7794     0.04(  64->  77)  0.04(  62->  79)  0.04(  62->  77)
  106    8.418   147.3     0.0072    11.2602     0.33(  58->  73)  0.19(  58->  75)  0.15(  56->  73)
  107    8.432   147.0     0.0095   -65.7589     0.11(  67->  85)  0.06(  67->  91)  0.05(  67->  86)
  108    8.448   146.8     0.0134    15.6423     0.14(  61->  74)  0.06(  49->  70)  0.03(  50->  70)
  109    8.474   146.3     0.0431   -23.5588     0.07(  68->  82)  0.04(  49->  70)  0.04(  69->  84)
  110    8.498   145.9     0.0499    49.3651     0.05(  53->  71)  0.04(  69->  84)  0.04(  68->  82)
  111    8.528   145.4     0.0263   -29.3983     0.11(  61->  74)  0.04(  62->  77)  0.04(  67->  91)
  112    8.544   145.1     0.0603    13.1522     0.07(  61->  74)  0.07(  69->  98)  0.04(  62->  77)
  113    8.581   144.5     0.0006    -5.7119     0.10(  52->  71)  0.08(  67->  91)  0.05(  52->  70)
  114    8.626   143.7     0.0062    -1.7511     0.10(  61->  76)  0.06(  68->  85)  0.05(  61->  74)
  115    8.638   143.5     0.0022     0.1914     0.79(  67->  73)  0.02(  56->  73)  0.02(  61->  76)
  116    8.649   143.3     0.0241    47.8886     0.05(  68->  85)  0.04(  63->  83)  0.04(  63->  82)
  117    8.677   142.9     0.0054     1.5337     0.09(  67->  87)  0.09(  67->  84)  0.04(  68->  81)
  118    8.682   142.8     0.0059    -0.7141     0.14(  56->  73)  0.13(  55->  75)  0.13(  58->  73)
  119    8.688   142.7     0.0203    -8.2579     0.09(  57->  73)  0.06(  55->  75)  0.05(  61->  75)
  120    8.695   142.6     0.0028    -1.5377     0.29(  55->  73)  0.14(  57->  75)  0.08(  58->  75)
  121    8.699   142.5     0.0185    -2.7277     0.06(  52->  71)  0.04(  52->  70)  0.04(  62->  80)
  122    8.715   142.3     0.0111    -8.8822     0.10(  69->  92)  0.08(  68->  90)  0.07(  51->  70)
  123    8.738   141.9     0.0032     3.7735     0.08(  66->  78)  0.04(  66->  79)  0.04(  69->  99)
  124    8.749   141.7     0.0020     3.7204     0.10(  64->  95)  0.07(  64->  84)  0.06(  64->  88)
  125    8.774   141.3     0.0015    -1.9522     0.43(  67->  75)  0.23(  67->  74)  0.08(  67->  76)
  126    8.780   141.2     0.0026    -5.4649     0.08(  67->  75)  0.06(  67->  74)  0.04(  69->  99)
  127    8.789   141.1     0.0129     7.1028     0.06(  68->  81)  0.04(  69->  87)  0.03(  68->  89)
  128    8.810   140.7     0.0017    13.5393     0.08(  61->  73)  0.06(  67->  75)  0.06(  68->  90)
  129    8.817   140.6     0.0474   -12.0411     0.10(  61->  75)  0.09(  61->  73)  0.04(  57->  73)
  130    8.824   140.5     0.0170    40.3345     0.11(  61->  76)  0.07(  49->  70)  0.05(  51->  70)
  131    8.843   140.2     0.0035     1.3319     0.27(  67->  76)  0.24(  67->  75)  0.09(  67->  74)
  132    8.862   139.9     0.0043    32.1550     0.09(  67->  76)  0.06(  67->  75)  0.05(  69->  87)
  133    8.879   139.6     0.0136    14.5334     0.04(  62->  82)  0.04(  68->  89)  0.02(  69->  94)
  134    8.900   139.3     0.0230     5.3264     0.12(  61->  76)  0.09(  50->  70)  0.04(  55->  74)
  135    8.911   139.1     0.0012    -0.4157     0.38(  63->  72)  0.17(  66->  72)  0.13(  64->  72)
  136    8.928   138.9     0.0089    -1.7566     0.06(  61->  76)  0.06(  69-> 102)  0.04(  67->  91)
  137    8.934   138.8     0.0009     1.3138     0.87(  65->  72)  0.04(  64->  72)  0.03(  66->  72)
  138    8.950   138.5     0.0019    -7.6799     0.07(  68->  81)  0.04(  68->  92)  0.04(  67->  88)
  139    8.967   138.3     0.0045    -7.0879     0.06(  66->  80)  0.05(  62->  82)  0.05(  62->  78)
  140    8.994   137.9     0.0087   -15.7978     0.05(  57->  74)  0.04(  45->  70)  0.03(  46->  70)
  141    9.002   137.7     0.0123     7.2294     0.10(  61->  75)  0.09(  61->  73)  0.02(  57->  74)
  142    9.017   137.5     0.0035     9.9968     0.04(  62->  79)  0.03(  66->  80)  0.03(  69-> 101)
  143    9.024   137.4     0.0102     7.2096     0.15(  61->  75)  0.13(  61->  73)  0.04(  66->  78)
  144    9.034   137.2     0.0041     7.7660     0.44(  64->  72)  0.23(  54->  72)  0.03(  63->  72)
  145    9.044   137.1     0.0242   -16.5061     0.21(  64->  72)  0.05(  63->  72)  0.03(  66->  80)
  146    9.065   136.8     0.0034     6.5891     0.19(  54->  72)  0.08(  63->  72)  0.05(  66->  80)
  147    9.067   136.7     0.0040     0.2045     0.16(  54->  72)  0.07(  63->  72)  0.05(  64->  72)
  148    9.078   136.6     0.0017   -18.3074     0.11(  54->  72)  0.06(  66->  80)  0.05(  60->  77)
  149    9.092   136.4     0.0029   -11.9102     0.05(  66->  80)  0.04(  66->  77)  0.03(  69->  93)
  150    9.111   136.1     0.0088    15.7782     0.05(  68-> 102)  0.04(  69-> 100)  0.03(  68->  83)
  151    9.134   135.7     0.0179    -5.2458     0.13(  60->  80)  0.08(  67->  90)  0.04(  62->  74)
  152    9.139   135.7     0.0104    -2.8606     0.20(  60->  80)  0.08(  67->  90)  0.03(  68->  91)
  153    9.166   135.3     0.0229     7.5998     0.16(  60->  80)  0.07(  69->  93)  0.05(  68->  84)
  154    9.195   134.8     0.0074     3.9286     0.09(  64->  95)  0.08(  64->  79)  0.07(  65->  79)
  155    9.206   134.7     0.0133    32.6984     0.06(  62->  74)  0.05(  60->  77)  0.04(  60->  80)
  156    9.221   134.5     0.0004    -8.3196     0.12(  49->  71)  0.04(  48->  70)  0.04(  52->  70)
  157    9.225   134.4     0.0004    -8.8768     0.04(  68->  97)  0.03(  65->  78)  0.03(  66->  96)
  158    9.234   134.3     0.0097    -3.7966     0.05(  65->  78)  0.05(  65->  79)  0.04(  49->  71)
  159    9.243   134.1     0.0037    -8.4906     0.06(  60->  77)  0.04(  68->  94)  0.03(  48->  71)
  160    9.250   134.0     0.0095     1.4368     0.06(  49->  71)  0.04(  56->  74)  0.03(  56->  70)
  161    9.259   133.9     0.0047     6.8918     0.04(  67->  93)  0.03(  68->  84)  0.03(  67->  78)
  162    9.288   133.5     0.0023    -3.1358     0.12(  50->  73)  0.10(  50->  75)  0.08(  65->  77)
  163    9.293   133.4     0.0048    -7.1437     0.10(  59->  77)  0.05(  48->  71)  0.04(  55->  76)
  164    9.309   133.2     0.0083     0.7764     0.05(  59->  77)  0.04(  62->  76)  0.04(  62->  74)
  165    9.313   133.1     0.0094    -3.3617     0.07(  50->  75)  0.06(  50->  73)  0.05(  65->  77)
  166    9.321   133.0     0.0115     4.2280     0.08(  65->  77)  0.04(  59->  77)  0.03(  65->  78)
  167    9.336   132.8     0.0037    -9.9016     0.03(  57->  74)  0.03(  64->  77)  0.03(  67->  96)
  168    9.351   132.6     0.0028     0.2658     0.10(  64->  77)  0.05(  64->  81)  0.05(  64->  89)
  169    9.353   132.6     0.0008   -16.0831     0.04(  51->  70)  0.04(  49->  71)  0.03(  67->  96)
  170    9.368   132.3     0.0075     8.9981     0.05(  48->  71)  0.05(  51->  70)  0.03(  62->  74)
  171    9.377   132.2     0.0039    -0.4118     0.04(  69-> 102)  0.04(  66->  90)  0.03(  51->  73)
  172    9.384   132.1     0.0045    23.4239     0.05(  69->  99)  0.04(  63->  84)  0.03(  63->  89)
  173    9.398   131.9     0.0064     3.5022     0.18(  51->  73)  0.09(  51->  75)  0.07(  53->  73)
  174    9.420   131.6     0.0176    15.4767     0.06(  61->  77)  0.04(  66->  89)  0.04(  58->  76)
  175    9.442   131.3     0.0060     1.2161     0.10(  58->  76)  0.04(  58->  74)  0.04(  58->  71)
  176    9.450   131.2     0.0079     0.8517     0.07(  54->  70)  0.04(  61->  77)  0.04(  58->  76)
  177    9.458   131.1     0.0134    10.3062     0.09(  54->  70)  0.04(  59->  80)  0.03(  67->  78)
  178    9.498   130.5     0.0229    -5.7977     0.08(  59->  79)  0.03(  69->  99)  0.03(  47->  70)
  179    9.511   130.4     0.0013     0.0436     0.08(  47->  70)  0.05(  58->  76)  0.04(  56->  76)
  180    9.513   130.3     0.0200   -23.6643     0.14(  67->  78)  0.04(  67->  79)  0.03(  59->  79)
  181    9.530   130.1     0.0233    44.3631     0.13(  59->  79)  0.06(  69-> 108)  0.04(  59->  77)
  182    9.553   129.8     0.0096    -0.6695     0.06(  52->  72)  0.05(  59->  79)  0.03(  60->  79)
  183    9.565   129.6     0.0186     8.9598     0.05(  60->  79)  0.04(  67->  78)  0.03(  69-> 101)
  184    9.569   129.6     0.0040    -8.6728     0.09(  52->  72)  0.07(  53->  72)  0.06(  58->  71)
  185    9.579   129.4     0.0040     8.4936     0.06(  66->  98)  0.05(  68->  87)  0.05(  53->  72)
  186    9.590   129.3     0.0048   -14.7999     0.05(  60->  79)  0.04(  68->  86)  0.04(  69->  95)
  187    9.593   129.2     0.0151     1.6360     0.23(  52->  72)  0.09(  53->  72)  0.03(  48->  72)
  188    9.605   129.1     0.0207    -7.7047     0.04(  56->  78)  0.04(  57->  81)  0.03(  65->  97)
  189    9.616   128.9     0.0018     3.2707     0.07(  58->  78)  0.05(  65->  97)  0.04(  65->  78)
  190    9.634   128.7     0.0011     5.7413     0.04(  52->  70)  0.04(  57->  81)  0.03(  57->  78)
  191    9.647   128.5     0.0305    -5.0327     0.05(  66->  90)  0.04(  58->  71)  0.04(  58->  78)
  192    9.654   128.4     0.0016    -2.1136     0.04(  67->  89)  0.04(  68-> 103)  0.04(  68->  87)
  193    9.655   128.4     0.0018     1.2680     0.05(  58->  78)  0.04(  68->  87)  0.03(  58->  71)
  194    9.670   128.2     0.0039    -2.3938     0.04(  67->  89)  0.04(  69-> 103)  0.03(  67->  78)
  195    9.681   128.1     0.0054    -6.1269     0.03(  64->  78)  0.03(  69-> 105)  0.03(  63->  78)
  196    9.689   128.0     0.0047    -1.9878     0.07(  64->  78)  0.06(  64-> 101)  0.03(  68->  87)
  197    9.701   127.8     0.0079    -0.1657     0.06(  64->  88)  0.04(  65->  95)  0.03(  62->  73)
  198    9.708   127.7     0.0118    -3.5390     0.03(  44->  71)  0.03(  59->  80)  0.03(  66->  81)
  199    9.714   127.6     0.0055   -10.0894     0.04(  54->  70)  0.03(  54->  71)  0.03(  50->  70)
  200    9.724   127.5     0.0027    -2.4657     0.57(  61->  72)  0.05(  62->  73)  0.04(  66->  72)
  201    9.731   127.4     0.0072     1.6251     0.58(  62->  73)  0.08(  61->  73)  0.05(  61->  72)
  202    9.735   127.4     0.0013     0.3572     0.13(  52->  71)  0.12(  52->  70)  0.09(  59->  80)
  203    9.754   127.1     0.0071    -2.9334     0.05(  52->  71)  0.04(  52->  70)  0.04(  65->  95)
  204    9.763   127.0     0.0022    14.9022     0.04(  61->  78)  0.03(  63->  78)  0.03(  59->  80)
  205    9.775   126.8     0.0033     5.9367     0.03(  65->  95)  0.03(  67-> 100)  0.03(  67->  98)
  206    9.785   126.7     0.0107   -32.0334     0.04(  44->  71)  0.03(  56->  78)  0.02(  40->  70)
  207    9.798   126.5     0.0031     1.4171     0.05(  62->  74)  0.05(  62->  76)  0.05(  50->  70)
  208    9.804   126.5     0.0021    -0.1563     0.05(  69-> 102)  0.04(  69-> 104)  0.03(  67-> 100)
  209    9.821   126.2     0.0030     8.9225     0.10(  65->  78)  0.08(  65->  79)  0.07(  65->  77)
  210    9.831   126.1     0.0025     0.7714     0.09(  62->  74)  0.06(  62->  76)  0.04(  52->  71)
  211    9.836   126.1     0.0054     9.3565     0.06(  62->  74)  0.05(  62->  83)  0.04(  62->  76)
  212    9.840   126.0     0.0027     6.5017     0.05(  56->  78)  0.05(  62->  74)  0.04(  57->  78)
  213    9.856   125.8     0.0090     5.1562     0.06(  66->  82)  0.06(  68->  86)  0.03(  68-> 103)
  214    9.858   125.8     0.0208     8.9441     0.05(  55->  78)  0.04(  69-> 102)  0.04(  69-> 100)
  215    9.874   125.6     0.0084     2.7860     0.13(  62->  75)  0.09(  65->  80)  0.03(  69->  99)
  216    9.880   125.5     0.0059    -8.5762     0.15(  65->  80)  0.04(  67->  81)  0.04(  64->  80)
  217    9.892   125.3     0.0091    -6.7622     0.19(  65->  80)  0.09(  62->  75)  0.03(  64->  78)
  218    9.896   125.3     0.0066    -6.8295     0.30(  62->  75)  0.03(  61->  75)  0.03(  69->  99)
  219    9.909   125.1     0.0033    -8.2784     0.07(  62->  75)  0.03(  69-> 100)  0.03(  68->  92)
  220    9.918   125.0     0.0015     3.8391     0.05(  46->  70)  0.05(  62->  75)  0.04(  47->  71)
  221    9.934   124.8     0.0016     7.7880     0.16(  64->  80)  0.04(  64->  78)  0.04(  64->  77)
  222    9.935   124.8     0.0116   -10.4210     0.04(  57->  71)  0.03(  69-> 101)  0.03(  67->  81)
  223    9.949   124.6     0.0038    12.1033     0.04(  69->  99)  0.04(  55->  78)  0.04(  63->  89)
  224    9.962   124.5     0.0114    15.1449     0.06(  57->  71)  0.04(  68->  93)  0.03(  69-> 100)
  225    9.970   124.4     0.0006    -5.7484     0.11(  69-> 100)  0.05(  68->  93)  0.03(  69-> 104)
  226    9.982   124.2     0.0013   -36.1800     0.07(  63->  80)  0.03(  69-> 108)  0.03(  66->  80)
  227    9.999   124.0     0.0015     6.6487     0.20(  67->  81)  0.06(  69-> 107)  0.04(  67-> 102)

  alpha tensor

           1         2         3
 
    1 219.00542
    2  -2.80638 131.51830
    3  11.24265  51.88261 131.33132
 trace alpha_L[0] / au:   160.618345570143     
 sum rule f_L           7.93522730775919     
 
 SOS specific optical rotation 
 including Lorentz factor for common solvent (n=1.4)
 lambda [eV] alpha[grad*cm^3*g^-1*dm^-1]
 632.8  1.96       43.86
 589.3  2.10       13.41        0.00 ##
 579.0  2.14        1.56
 546.0  2.27      -57.86
 436.0  2.84    -1593.91
 365.0  3.40    44938.54
 
 sTD-DFT done.
Mon 21 Mar 14:04:29 GMT 2022
