Mon 21 Mar 14:41:06 GMT 2022


                 *********************************************
                 *                                           *
                 *               s  T  D  A                  *
                 *                                           *
                 *                S. Grimme                  *
                 * Mulliken Center for Theoretical Chemistry *
                 *             Universitaet Bonn             *
                 *              Version 1.6.2                *
                 *       Tue Sep 10 14:44:30 CET 2020        *
                 *********************************************
 
 Please cite as:
 S. Grimme, J. Chem. Phys. 138 (2013) 244104
 
 With contributions from:
 C. Bannwarth, P. Shushkov, M. de Wergifosse
 
======================================================================
 
 reading an xTB output...
 
 reading: wfn.xtb
======================================================================
                    M O / A O    I N P U T 
======================================================================
atom  #          x             y             z            charge
  C   1     -8.78817053   -4.05478497    0.99966503         6.00
  C   2     -6.96930930   -1.91334752    0.74455202         6.00
  C   3     -7.82289851    0.55916991    0.72452093         6.00
  C   4     -6.08019324    2.51730394    0.48528162         6.00
  C   5     -6.98745067    5.21810026    0.42197580         6.00
  F   6     -8.08519247    5.78293935   -1.80468828         9.00
  F   7     -8.75358854    5.66010716    2.19680642         9.00
  F   8     -5.15007013    6.89938944    0.77856709         9.00
  N   9     -3.62789588    2.17734224    0.26304985         7.00
  C  10     -2.77827509   -0.18368136    0.28062430         6.00
  C  11     -4.34599174   -2.34420504    0.51721799         6.00
  C  12     -3.20969952   -4.79045528    0.51173779         6.00
  C  13     -0.66877401   -5.06937883    0.28308095         6.00
  C  14      0.88231305   -2.91546919    0.04629829         6.00
  N  15      3.34084651   -2.73311064   -0.19558664         7.00
  C  16      3.87790662   -0.22109794   -0.34884341         6.00
  C  17      6.46097302    0.66064819   -0.63268025         6.00
  C  18      7.04244170    3.22784089   -0.76174853         6.00
  C  19      9.51609296    4.01510072   -1.03273523         6.00
  C  20     11.43076329    2.23195532   -1.17711029         6.00
  CL 21     14.52613440    3.21782535   -1.51650507        17.00
  C  22     10.89219140   -0.32975718   -1.05219941         6.00
  C  23      8.41627246   -1.10208817   -0.78083476         6.00
  C  24      1.66995082    1.17370879   -0.19539766         6.00
  N  25     -0.23300321   -0.53063505    0.05461308         7.00
  H  26     -8.67365313   -5.29274444   -0.64042812         1.00
  H  27    -10.71002182   -3.35161794    1.15972482         1.00
  H  28     -8.35353356   -5.17161301    2.67263941         1.00
  H  29     -9.80824459    0.98605900    0.89761983         1.00
  H  30     -4.40495119   -6.42884768    0.69296251         1.00
  H  31      0.22790095   -6.89674382    0.27476615         1.00
  H  32      5.55749504    4.61943508   -0.64893189         1.00
  H  33      9.96622568    6.00101372   -1.13213482         1.00
  H  34     12.40189346   -1.69508418   -1.16690577         1.00
  H  35      7.94554173   -3.08195405   -0.67841162         1.00
  H  36      1.29559611    3.15848795   -0.24094006         1.00

 # atoms          =   36
 # mos            =  176
 # primitive  aos = 1353
 # contracted aos =  255

 spherical AO basis
======================================================================
                    A O   I N T E G R A L S
======================================================================
 memory needed for AO int data:   2 Mb
 done.
  
Restricted MOs found... RKS-sTD-DFT will be performed
  
======================================================================
                    s T D A
======================================================================
 spectral range up to (eV)     :    10.0000000000000     
 occ MO cut-off (eV)           :   -35.9302732705495     
 virtMO cut-off (eV)           :    13.2876290046134     
 perturbation thr              :   1.000000000000000E-004
 triplet                       :  F
 MOs in TDA :          143
 oMOs in TDA:           61
 vMOs in TDA:           82
 sorting MOs ...
 reading and transforming R..V..L AO ints ...
 ints done.
 S^1/2 ...
 S^1/2 orthogonalized MO coefficients done.

 SCF atom population (using active MOs):
  3.861  3.831  3.766  3.749  3.344  6.697  6.688  6.670  4.846  3.568
  3.711  3.803  3.910  3.836  5.182  3.998  4.064  3.953  4.001  4.050
  6.948  4.001  3.967  3.861  4.816  0.992  1.007  0.993  0.949  0.981
  0.952  1.014  0.999  1.001  1.015  0.979
 
 # electrons in TDA: 122.000
 
 
 ax(DF)   :   0.500000000000000     
 s^K      :    2.00000000000000     
 beta  (J):    4.00000000000000     
 alpha (K):    2.00000000000000     
 
 hardness table read.
 setting up gammas ...
 memory needed for q data (Mb)                      2
 computing q(ij,n) ...
 
         117 CSF included by energy.
 
        4885 considered in PT2.
 ordered frontier orbitals
         eV     # centers
  51   -19.157     6.0
  52   -18.891     7.8
  53   -18.533     9.9
  54   -18.288     3.0
  55   -17.445     2.4
  56   -17.390     3.9
  57   -17.383     9.9
  58   -16.738    12.6
  59   -16.276     4.3
  60   -15.733    10.9
  61   -14.712     8.0
 
  62    -7.930     8.1
  63    -7.079     9.7
  64    -6.179    11.5
  65    -5.827     4.5
  66    -5.539    11.9
  67    -5.442    10.6
  68    -5.282     8.4
  69    -4.649    11.4
  70    -4.401    16.9
  71    -4.373    14.9
  72    -4.117    21.6
 
             lowest CSF states
       eV     nm      excitation i->a               eV
    1  3.96   312.8       61 ->  62     gap,J,K:   6.782   3.500   0.339   Kshft:   0.004  locality: 0.823
    2  4.68   264.8       61 ->  63     gap,J,K:   7.633   3.709   0.377   Kshft:   0.002  locality: 0.918
    3  5.05   245.4       60 ->  62     gap,J,K:   7.802   3.738   0.494   Kshft:   0.001  locality: 0.915
    4  5.47   226.5       61 ->  64     gap,J,K:   8.533   3.703   0.319   Kshft:   0.005  locality: 0.960
    5  5.52   224.8       56 ->  62     gap,J,K:   9.459   4.502   0.032   Kshft:   0.495  locality: 0.939
    6  5.55   223.6       60 ->  63     gap,J,K:   8.653   3.705   0.295   Kshft:   0.006  locality: 0.955
    7  5.72   216.8       61 ->  65     gap,J,K:   8.885   3.661   0.240   Kshft:   0.015  locality: 0.792
    8  6.06   204.4       58 ->  62     gap,J,K:   8.807   3.345   0.298   Kshft:   0.006  locality: 0.863
    9  6.20   200.0       57 ->  62     gap,J,K:   9.453   4.149   0.446   Kshft:   0.001  locality: 0.993
   10  6.21   199.7       61 ->  67     gap,J,K:   9.270   3.772   0.354   Kshft:   0.003  locality: 0.877
   11  6.38   194.4       55 ->  62     gap,J,K:   9.514   3.635   0.000   Kshft:   0.500  locality: 0.724
   12  6.61   187.6       56 ->  63     gap,J,K:  10.310   4.246   0.023   Kshft:   0.499  locality: 0.932
   13  6.68   185.5       61 ->  68     gap,J,K:   9.431   3.247   0.000   Kshft:   0.500  locality: 0.742
   14  6.70   185.0       59 ->  63     gap,J,K:   9.197   2.884   0.163   Kshft:   0.062  locality: 0.640
   15  6.71   184.7       59 ->  62     gap,J,K:   8.346   2.168   0.017   Kshft:   0.500  locality: 0.457
   16  6.72   184.4       60 ->  64     gap,J,K:   9.554   3.546   0.356   Kshft:   0.003  locality: 0.957
   17  6.79   182.7       59 ->  68     gap,J,K:  10.994   4.708   0.000   Kshft:   0.500  locality: 0.965
   18  6.84   181.2       61 ->  66     gap,J,K:   9.173   2.830   0.000   Kshft:   0.500  locality: 0.655
   19  6.92   179.2       58 ->  63     gap,J,K:   9.658   3.504   0.381   Kshft:   0.002  locality: 0.952
   20  7.07   175.5       57 ->  63     gap,J,K:  10.304   3.898   0.328   Kshft:   0.004  locality: 0.983
   21  7.07   175.4       59 ->  64     gap,J,K:  10.097   3.741   0.355   Kshft:   0.003  locality: 0.870
   22  7.08   175.2       55 ->  63     gap,J,K:  10.365   3.787   0.000   Kshft:   0.500  locality: 0.794
   23  7.10   174.7       60 ->  65     gap,J,K:   9.906   3.212   0.181   Kshft:   0.043  locality: 0.724
   24  7.11   174.4       60 ->  67     gap,J,K:  10.290   3.903   0.359   Kshft:   0.003  locality: 0.946
   25  7.21   172.0       61 ->  71     gap,J,K:  10.339   3.679   0.025   Kshft:   0.498  locality: 0.959
 
 selecting CSF ...
 average/max PT2 energy lowering (eV):     0.025     0.148
        1038 CSF included by PT.
        1155 CSF in total.
 sTD-DFT procedure...
 setting up A+B and A-B matrices
  calculating (A-B)^0.5 ...
 estimated time (min)     0.06
  calculating (A+B)*(A-B)^0.5 ...
 calculate eigenvalues of (A-B)^0.5*(A+B)*(A-B)^0.5 ...
  rpa vectors ok
  135 roots found, lowest/highest eigenvalue :    3.446   9.996   0
 writing spectral data to tda.dat ...
 
 excitation energies, transition moments and TDA amplitudes
 state    eV      nm       fL         Rv
    1    3.446   359.8     0.3545    -0.4095     0.88(  61->  62)  0.03(  60->  63)  0.02(  60->  62)
    2    3.918   316.5     0.0086    -0.7033     0.47(  61->  63)  0.33(  60->  62)  0.09(  58->  62)
    3    4.492   276.0     0.5765    -4.4465     0.44(  61->  63)  0.31(  60->  62)  0.10(  58->  62)
    4    4.747   261.2     0.0072    -0.1288     0.43(  61->  65)  0.20(  59->  64)  0.15(  59->  63)
    5    4.888   253.6     0.5934   -22.5025     0.41(  60->  63)  0.29(  61->  64)  0.12(  60->  62)
    6    5.069   244.6     0.0420    67.9111     0.67(  56->  62)  0.20(  57->  62)  0.04(  61->  64)
    7    5.217   237.6     0.0340    10.3345     0.52(  61->  64)  0.20(  60->  63)  0.06(  56->  62)
    8    5.488   225.9     0.1891   -35.7081     0.24(  57->  62)  0.19(  61->  67)  0.17(  58->  62)
    9    5.808   213.5     0.3212   -13.5231     0.44(  61->  67)  0.11(  60->  63)  0.09(  60->  67)
   10    5.972   207.6     0.0463   -52.7585     0.43(  56->  63)  0.15(  57->  63)  0.08(  56->  64)
   11    5.978   207.4     0.0006    -0.9339     0.66(  61->  68)  0.12(  60->  68)  0.09(  58->  68)
   12    5.994   206.9     0.0068    17.6853     0.82(  55->  62)  0.07(  55->  67)  0.03(  55->  64)
   13    6.026   205.7     0.2999    39.3553     0.20(  58->  62)  0.18(  56->  63)  0.15(  60->  64)
   14    6.037   205.4     0.1699   -16.9392     0.46(  61->  65)  0.18(  59->  63)  0.14(  59->  64)
   15    6.150   201.6     0.0038   -20.2773     0.53(  61->  66)  0.14(  61->  69)  0.11(  60->  66)
   16    6.175   200.8     0.1064    28.8137     0.22(  57->  62)  0.14(  60->  64)  0.10(  53->  62)
   17    6.309   196.5     0.1313     1.3412     0.27(  60->  67)  0.14(  60->  64)  0.10(  61->  67)
   18    6.522   190.1     0.1622     2.0839     0.28(  58->  63)  0.24(  60->  64)  0.08(  57->  63)
   19    6.546   189.4     0.0252    -0.5202     0.41(  61->  71)  0.17(  61->  70)  0.06(  61->  73)
   20    6.675   185.8     0.0009     0.6283     0.81(  55->  63)  0.05(  55->  64)  0.04(  55->  70)
   21    6.681   185.6     0.0007     8.9546     0.90(  59->  68)  0.02(  61->  71)  0.01(  59->  62)
   22    6.687   185.4     0.0069     0.3294     0.83(  59->  62)  0.06(  60->  65)  0.03(  58->  65)
   23    6.708   184.8     0.1424    -9.9740     0.41(  59->  65)  0.12(  60->  67)  0.09(  58->  63)
   24    6.787   182.7     0.0933     3.5931     0.38(  60->  65)  0.21(  59->  63)  0.12(  58->  65)
   25    6.860   180.7     0.3273    -4.9301     0.20(  57->  63)  0.10(  58->  63)  0.09(  59->  65)
   26    6.999   177.1     0.0941    -3.1813     0.54(  52->  62)  0.08(  60->  67)  0.05(  61->  74)
   27    7.014   176.8     0.0065     4.8987     0.45(  60->  66)  0.18(  61->  69)  0.09(  58->  66)
   28    7.038   176.2     0.0092   -21.4987     0.18(  61->  66)  0.17(  61->  69)  0.14(  61->  70)
   29    7.082   175.1     0.0321    32.9015     0.33(  61->  70)  0.14(  61->  71)  0.08(  61->  69)
   30    7.161   173.1     0.0280     2.7498     0.35(  61->  76)  0.10(  53->  62)  0.08(  61->  74)
   31    7.261   170.8     0.0009     2.4870     0.27(  61->  72)  0.24(  61->  73)  0.07(  60->  72)
   32    7.319   169.4     0.1021    -9.1994     0.25(  53->  62)  0.18(  61->  76)  0.14(  50->  62)
   33    7.369   168.2     0.0913     0.7556     0.46(  59->  64)  0.31(  59->  63)  0.10(  60->  65)
   34    7.435   166.8     0.1297    -4.0832     0.36(  58->  64)  0.16(  53->  63)  0.06(  60->  70)
   35    7.519   164.9     0.0205    19.0995     0.31(  55->  64)  0.11(  57->  67)  0.07(  57->  64)
   36    7.538   164.5     0.0140   -35.3522     0.34(  55->  64)  0.10(  57->  67)  0.07(  61->  74)
   37    7.595   163.2     0.0009    -2.0485     0.31(  60->  69)  0.20(  57->  66)  0.10(  58->  66)
   38    7.653   162.0     0.0290    -5.2843     0.18(  56->  67)  0.12(  61->  74)  0.07(  57->  67)
   39    7.661   161.8     0.0066    26.6094     0.17(  59->  72)  0.16(  59->  71)  0.07(  59->  73)
   40    7.700   161.0     0.0003    -0.0792     0.44(  61->  75)  0.08(  58->  75)  0.08(  60->  75)
   41    7.702   161.0     0.0392     8.4361     0.50(  58->  65)  0.20(  60->  65)  0.08(  53->  65)
   42    7.775   159.5     0.0204    14.6947     0.19(  56->  67)  0.10(  61->  74)  0.10(  57->  67)
   43    7.785   159.3     0.0080   -10.9357     0.20(  60->  70)  0.14(  60->  71)  0.11(  60->  68)
   44    7.829   158.4     0.0013    -7.8011     0.36(  54->  64)  0.27(  54->  63)  0.06(  51->  64)
   45    7.889   157.2     0.0036     8.4297     0.16(  59->  71)  0.14(  60->  68)  0.11(  61->  68)
   46    7.902   156.9     0.0065    -0.8499     0.19(  61->  72)  0.13(  61->  73)  0.11(  60->  70)
   47    7.929   156.4     0.0075     2.0742     0.55(  48->  62)  0.19(  49->  62)  0.05(  56->  67)
   48    7.951   155.9     0.0081    -2.0150     0.19(  60->  71)  0.11(  60->  70)  0.09(  58->  70)
   49    7.977   155.4     0.0948    -5.1747     0.54(  52->  63)  0.06(  60->  67)  0.04(  52->  64)
   50    8.075   153.5     0.0019     0.5624     0.43(  54->  65)  0.42(  55->  65)  0.13(  51->  65)
   51    8.099   153.1     0.0185     1.4694     0.34(  53->  63)  0.14(  58->  64)  0.06(  53->  64)
   52    8.158   152.0     0.0014    -1.1084     0.21(  57->  66)  0.12(  61->  69)  0.09(  60->  69)
   53    8.253   150.2     0.0282    -0.5177     0.16(  56->  66)  0.11(  50->  63)  0.11(  53->  64)
   54    8.272   149.9     0.0296     0.0557     0.40(  56->  66)  0.09(  58->  67)  0.09(  61->  78)
   55    8.313   149.1     0.0014     0.7132     0.15(  61->  78)  0.07(  60->  76)  0.07(  60->  75)
   56    8.325   148.9     0.0096     1.9143     0.19(  50->  63)  0.17(  57->  64)  0.10(  56->  66)
   57    8.356   148.4     0.0013     0.2288     0.57(  59->  75)  0.16(  59->  76)  0.09(  59->  74)
   58    8.404   147.5     0.0005    -0.9161     0.22(  59->  73)  0.16(  59->  71)  0.08(  61->  79)
   59    8.417   147.3     0.0138     5.6290     0.10(  46->  62)  0.10(  56->  67)  0.07(  56->  70)
   60    8.449   146.7     0.0001    -0.5643     0.11(  59->  73)  0.11(  59->  71)  0.11(  61->  79)
   61    8.497   145.9     0.0187     2.9708     0.37(  46->  62)  0.08(  57->  64)  0.06(  61->  78)
   62    8.521   145.5     0.0010     2.3064     0.16(  60->  73)  0.14(  60->  72)  0.08(  58->  72)
   63    8.534   145.3     0.0122   -14.5504     0.17(  60->  74)  0.13(  58->  67)  0.07(  61->  78)
   64    8.565   144.8     0.0195   -31.0635     0.21(  55->  67)  0.12(  56->  64)  0.09(  56->  70)
   65    8.576   144.6     0.0206     9.7390     0.76(  54->  68)  0.10(  55->  68)  0.02(  54->  71)
   66    8.598   144.2     0.0022     1.9597     0.35(  55->  65)  0.28(  54->  65)  0.12(  55->  67)
   67    8.609   144.0     0.0069     8.1314     0.30(  55->  67)  0.18(  55->  65)  0.12(  54->  65)
   68    8.656   143.2     0.0272    21.6841     0.17(  61->  80)  0.15(  57->  70)  0.06(  55->  69)
   69    8.693   142.6     0.0006     0.6981     0.15(  57->  69)  0.15(  61->  79)  0.11(  61->  77)
   70    8.725   142.1     0.0048   -17.5120     0.13(  60->  77)  0.10(  61->  73)  0.08(  61->  81)
   71    8.760   141.5     0.0127     7.7126     0.28(  59->  67)  0.22(  59->  76)  0.04(  55->  66)
   72    8.775   141.3     0.0515     9.5846     0.17(  55->  66)  0.16(  55->  69)  0.06(  59->  67)
   73    8.783   141.2     0.0016     0.5824     0.31(  51->  64)  0.28(  51->  63)  0.08(  51->  62)
   74    8.810   140.7     0.1600   -26.6810     0.17(  60->  76)  0.09(  60->  74)  0.06(  57->  67)
   75    8.825   140.5     0.0001    -1.2545     0.39(  49->  63)  0.17(  48->  64)  0.15(  48->  63)
   76    8.858   140.0     0.0018     6.3004     0.17(  61->  77)  0.15(  58->  71)  0.07(  60->  68)
   77    8.878   139.6     0.0288     5.3743     0.14(  52->  67)  0.07(  42->  62)  0.06(  50->  62)
   78    8.892   139.4     0.0024    -4.9701     0.37(  48->  63)  0.26(  49->  64)  0.05(  54->  62)
   79    8.931   138.8     0.0039     6.0359     0.11(  60->  68)  0.11(  57->  69)  0.10(  58->  68)
   80    8.947   138.6     0.0037     3.8661     0.57(  54->  62)  0.11(  51->  62)  0.04(  49->  64)
   81    8.963   138.3     0.0249   -13.0406     0.24(  53->  65)  0.13(  50->  65)  0.08(  50->  62)
   82    8.981   138.0     0.0233    18.0186     0.13(  53->  65)  0.12(  61->  83)  0.07(  50->  65)
   83    8.987   138.0     0.0100    -9.4719     0.24(  61->  82)  0.08(  60->  82)  0.06(  58->  82)
   84    9.082   136.5     0.0045    10.2663     0.55(  44->  62)  0.11(  45->  62)  0.07(  56->  64)
   85    9.095   136.3     0.0032    -0.4719     0.16(  50->  62)  0.09(  53->  62)  0.08(  61->  83)
   86    9.129   135.8     0.0073     0.5778     0.11(  52->  66)  0.08(  61->  82)  0.06(  58->  66)
   87    9.140   135.7     0.0109     2.3353     0.32(  55->  68)  0.12(  55->  71)  0.10(  55->  66)
   88    9.162   135.3     0.0015     5.7862     0.12(  57->  69)  0.06(  61->  81)  0.06(  60->  73)
   89    9.174   135.2     0.0404   -11.7876     0.15(  56->  70)  0.09(  56->  64)  0.06(  45->  62)
   90    9.193   134.9     0.0004    -6.4179     0.31(  59->  79)  0.08(  59->  77)  0.04(  59->  73)
   91    9.202   134.7     0.0289    -5.1788     0.12(  56->  70)  0.07(  42->  62)  0.05(  61->  80)
   92    9.238   134.2     0.0193     0.9241     0.15(  59->  67)  0.09(  59->  76)  0.08(  42->  62)
   93    9.260   133.9     0.0282     3.5158     0.17(  59->  67)  0.11(  42->  62)  0.10(  59->  76)
   94    9.303   133.3     0.0015     3.3939     0.14(  59->  79)  0.07(  61->  79)  0.07(  58->  66)
   95    9.317   133.1     0.0928     2.2536     0.18(  52->  67)  0.08(  45->  62)  0.08(  61->  86)
   96    9.332   132.9     0.0216    -9.5652     0.41(  45->  62)  0.15(  44->  62)  0.05(  52->  67)
   97    9.352   132.6     0.0036    -2.2818     0.63(  51->  65)  0.19(  49->  65)  0.14(  54->  65)
   98    9.360   132.5     0.0086   -30.0074     0.09(  56->  69)  0.07(  60->  77)  0.04(  60->  80)
   99    9.365   132.4     0.0011    22.5475     0.38(  56->  69)  0.06(  57->  69)  0.06(  56->  72)
  100    9.378   132.2     0.0227    19.5210     0.17(  50->  64)  0.11(  53->  64)  0.06(  56->  69)
  101    9.410   131.8     0.0006    -1.1262     0.56(  59->  66)  0.13(  59->  82)  0.05(  59->  69)
  102    9.421   131.6     0.0170     5.2339     0.12(  52->  67)  0.07(  60->  78)  0.04(  56->  69)
  103    9.425   131.6     0.0021     4.5121     0.53(  49->  65)  0.18(  51->  65)  0.14(  48->  65)
  104    9.436   131.4     0.0003     0.8480     0.17(  61->  81)  0.08(  61->  80)  0.07(  57->  77)
  105    9.484   130.7     0.0024    -3.5383     0.08(  60->  79)  0.06(  50->  68)  0.05(  57->  72)
  106    9.503   130.5     0.0197    -9.1147     0.13(  60->  78)  0.07(  47->  64)  0.06(  47->  63)
  107    9.525   130.2     0.0004     1.9039     0.31(  49->  62)  0.18(  40->  62)  0.10(  48->  62)
  108    9.555   129.8     0.0063     1.0326     0.10(  61->  75)  0.10(  51->  68)  0.08(  55->  71)
  109    9.576   129.5     0.0013    -0.6916     0.36(  51->  68)  0.15(  55->  71)  0.04(  61->  75)
  110    9.594   129.2     0.0007    -1.1143     0.56(  46->  63)  0.06(  46->  64)  0.05(  44->  63)
  111    9.620   128.9     0.0003     3.4093     0.23(  42->  62)  0.06(  47->  64)  0.06(  50->  67)
  112    9.641   128.6     0.0049    -0.8910     0.25(  61->  88)  0.08(  56->  71)  0.08(  47->  64)
  113    9.689   128.0     0.0067    12.7344     0.13(  60->  80)  0.06(  61->  88)  0.05(  51->  68)
  114    9.705   127.8     0.0096   -10.0307     0.34(  55->  76)  0.08(  40->  62)  0.06(  55->  75)
  115    9.718   127.6     0.0000    -0.8606     0.53(  59->  82)  0.22(  59->  66)  0.05(  59->  81)
  116    9.758   127.1     0.0082    -4.2742     0.08(  61->  87)  0.06(  55->  71)  0.05(  50->  68)
  117    9.761   127.0     0.0051    11.7037     0.09(  55->  76)  0.06(  61->  87)  0.05(  55->  71)
  118    9.764   127.0     0.0112     1.1785     0.13(  55->  70)  0.11(  55->  76)  0.05(  46->  63)
  119    9.773   126.9     0.0005     9.0585     0.09(  58->  70)  0.06(  53->  67)  0.05(  60->  77)
  120    9.798   126.5     0.0020   -20.1074     0.10(  58->  71)  0.08(  53->  67)  0.06(  50->  68)
  121    9.831   126.1     0.0023     2.7677     0.12(  57->  71)  0.06(  60->  79)  0.05(  58->  73)
  122    9.834   126.1     0.0059    -1.7203     0.18(  55->  70)  0.12(  55->  74)  0.10(  51->  62)
  123    9.844   125.9     0.0135    -4.3154     0.55(  57->  65)  0.10(  47->  65)  0.06(  59->  83)
  124    9.874   125.6     0.0092    -2.1772     0.20(  57->  65)  0.19(  59->  83)  0.12(  47->  65)
  125    9.898   125.3     0.0155   -20.6989     0.14(  54->  72)  0.10(  54->  71)  0.08(  54->  73)
  126    9.903   125.2     0.0082    15.0192     0.13(  51->  62)  0.07(  54->  63)  0.06(  54->  64)
  127    9.909   125.1     0.0070     0.9758     0.10(  52->  66)  0.10(  61->  84)  0.05(  52->  69)
  128    9.921   125.0     0.0107    -1.5420     0.15(  38->  62)  0.08(  47->  65)  0.06(  58->  70)
  129    9.926   124.9     0.0040    -0.8016     0.18(  56->  74)  0.09(  56->  78)  0.05(  47->  65)
  130    9.934   124.8     0.0063     3.0088     0.13(  47->  65)  0.09(  38->  62)  0.06(  60->  83)
  131    9.944   124.7     0.0009    -0.1885     0.15(  58->  69)  0.05(  58->  72)  0.05(  60->  69)
  132    9.951   124.6     0.0036    -4.0404     0.25(  51->  62)  0.15(  54->  63)  0.07(  51->  64)
  133    9.959   124.5     0.0078    14.7007     0.07(  52->  64)  0.06(  59->  83)  0.06(  47->  65)
  134    9.986   124.2     0.0025     2.9516     0.13(  47->  65)  0.06(  59->  83)  0.05(  59->  86)
  135    9.996   124.0     0.0001    -0.1143     0.90(  56->  65)  0.05(  57->  65)  0.01(  49->  65)

  alpha tensor

           1         2         3
 
    1 255.63459
    2  20.47324 106.58055
    3 -24.52289  -5.68587   7.90791
 trace alpha_L[0] / au:   123.374348340384     
 sum rule f_L           5.44331826006051     
 
 SOS specific optical rotation 
 including Lorentz factor for common solvent (n=1.4)
 lambda [eV] alpha[grad*cm^3*g^-1*dm^-1]
 632.8  1.96       51.98
 589.3  2.10       60.78        0.00 ##
 579.0  2.14       63.19
 546.0  2.27       71.92
 436.0  2.84      114.30
 365.0  3.40     -251.85
 
 sTD-DFT done.
Mon 21 Mar 14:41:09 GMT 2022
