Mon 21 Mar 14:25:12 GMT 2022


                 *********************************************
                 *                                           *
                 *               s  T  D  A                  *
                 *                                           *
                 *                S. Grimme                  *
                 * Mulliken Center for Theoretical Chemistry *
                 *             Universitaet Bonn             *
                 *              Version 1.6.2                *
                 *       Tue Sep 10 14:44:30 CET 2020        *
                 *********************************************
 
 Please cite as:
 S. Grimme, J. Chem. Phys. 138 (2013) 244104
 
 With contributions from:
 C. Bannwarth, P. Shushkov, M. de Wergifosse
 
======================================================================
 
 reading an xTB output...
 
 reading: wfn.xtb
======================================================================
                    M O / A O    I N P U T 
======================================================================
atom  #          x             y             z            charge
  N   1    -12.39301175    4.93974363    1.17881105         7.00
  C   2    -10.30599841    4.47789461    0.83129045         6.00
  C   3     -7.71858564    3.93365354    0.42235375         6.00
  C   4     -6.20132468    6.12422386    0.33107999         6.00
  N   5     -5.07807157    7.97747809    0.21958616         7.00
  C   6     -6.95627019    1.49836371    0.08390383         6.00
  C   7     -4.44898180    0.57277594   -0.32748951         6.00
  C   8     -2.33607922    1.98062177    0.00585815         6.00
  C   9      0.17763424    1.01364900   -0.22733403         6.00
  C  10      2.33570127    2.38540107   -0.80351147         6.00
  C  11      2.65619879    4.97149103   -1.63045555         6.00
  C  12      0.69919860    6.28730721   -2.81493577         6.00
  C  13      1.02763297    8.78193443   -3.50884314         6.00
  C  14      3.31136678    9.98512294   -3.07118261         6.00
  C  15      5.28424067    8.67497594   -1.95057512         6.00
  C  16      4.96695569    6.18828557   -1.23247926         6.00
  O  17      4.39153413    0.91084791   -0.52005258         8.00
  C  18      3.66398964   -1.37949994    0.32257622         6.00
  C  19      5.64914675   -3.24314767    0.68804922         6.00
  C  20      5.55295970   -5.07769363    2.57890900         6.00
  C  21      7.50391277   -6.79091917    2.85329721         6.00
  C  22      9.58034365   -6.70191308    1.26139207         6.00
  C  23      9.71356932   -4.86169795   -0.59639751         6.00
  C  24      7.77244283   -3.14185836   -0.87966743         6.00
  C  25      1.04029414   -1.46642734    0.49567512         6.00
  C  26     -0.52194231   -3.48446568    1.35682323         6.00
  C  27     -3.00447529   -3.77926293    0.74058360         6.00
  C  28     -4.36564489   -5.76196339    1.95605533         6.00
  C  29     -6.87028766   -6.35628220    1.84380561         6.00
  C  30     -7.77130899   -8.45879129    3.23086446         6.00
  N  31     -8.47844444  -10.17050506    4.35392859         7.00
  C  32     -8.79610738   -5.07164650    0.52950121         6.00
  N  33    -10.45301909   -4.08124113   -0.46336080         7.00
  C  34     -4.16949133   -2.11592615   -1.25156550         6.00
  H  35     -8.44839780    0.09524219    0.07634493         1.00
  H  36     -2.47780866    3.94234628    0.55161100         1.00
  H  37     -1.05824653    5.34244423   -3.23162035         1.00
  H  38     -0.50701347    9.78689069   -4.39852612         1.00
  H  39      3.55929883   11.93550910   -3.61504574         1.00
  H  40      7.07248834    9.60264241   -1.62440843         1.00
  H  41      6.48761816    5.16802253   -0.33202485         1.00
  H  42      3.99147915   -5.12210219    3.88735525         1.00
  H  43      7.41018236   -8.19725322    4.32898420         1.00
  H  44     11.09495899   -8.05061049    1.47946645         1.00
  H  45     11.33665494   -4.76853446   -1.82925472         1.00
  H  46      7.86957474   -1.71076890   -2.33078799         1.00
  H  47      0.33485944   -4.85149343    2.60574311         1.00
  H  48     -3.24031309   -6.96855341    3.17379473         1.00
  H  49     -5.98325030   -2.86274584   -1.86308081         1.00
  H  50     -2.89997344   -2.10118628   -2.88598947         1.00

 # atoms          =   50
 # mos            =  237
 # primitive  aos = 1864
 # contracted aos =  352

 spherical AO basis
======================================================================
                    A O   I N T E G R A L S
======================================================================
 memory needed for AO int data:   4 Mb
 done.
  
Restricted MOs found... RKS-sTD-DFT will be performed
  
======================================================================
                    s T D A
======================================================================
 spectral range up to (eV)     :    10.0000000000000     
 occ MO cut-off (eV)           :   -37.0941289962066     
 virtMO cut-off (eV)           :    13.2460180860336     
 perturbation thr              :   1.000000000000000E-004
 triplet                       :  F
 MOs in TDA :          188
 oMOs in TDA:           78
 vMOs in TDA:          110
 sorting MOs ...
 reading and transforming R..V..L AO ints ...
 ints done.
 S^1/2 ...
 S^1/2 orthogonalized MO coefficients done.

 SCF atom population (using active MOs):
  5.214  3.865  4.020  3.825  5.186  3.860  4.078  3.847  3.957  3.566
  3.991  3.954  3.990  3.981  3.993  3.948  5.221  3.551  3.988  3.947
  3.993  3.983  3.993  3.946  3.952  3.836  4.083  3.873  4.025  3.866
  5.218  3.817  5.182  3.965  1.089  1.075  1.032  0.993  0.991  0.990
  0.989  1.023  0.987  0.991  0.988  0.986  1.042  1.012  1.092  1.001
 
 # electrons in TDA: 156.000
 
 
 ax(DF)   :   0.500000000000000     
 s^K      :    2.00000000000000     
 beta  (J):    4.00000000000000     
 alpha (K):    2.00000000000000     
 
 hardness table read.
 setting up gammas ...
 memory needed for q data (Mb)                      5
 computing q(ij,n) ...
 
         200 CSF included by energy.
 
        8380 considered in PT2.
 ordered frontier orbitals
         eV     # centers
  68   -19.068    12.5
  69   -18.698    19.8
  70   -18.567    13.4
  71   -18.018    11.1
  72   -17.610    15.1
  73   -16.817    10.2
  74   -16.737     4.4
  75   -16.609    13.5
  76   -16.539     5.0
  77   -15.546    12.8
  78   -14.754    12.1
 
  79    -9.094    13.2
  80    -8.682    12.9
  81    -7.352    20.5
  82    -6.463    16.6
  83    -6.291     4.6
  84    -6.092     4.6
  85    -5.706    22.7
  86    -5.419    14.5
  87    -5.301    20.1
  88    -5.249    31.1
  89    -5.140    25.8
 
             lowest CSF states
       eV     nm      excitation i->a               eV
    1  3.26   380.7       78 ->  79     gap,J,K:   5.660   3.186   0.390   Kshft:   0.002  locality: 0.864
    2  3.28   377.9       78 ->  80     gap,J,K:   6.071   3.321   0.260   Kshft:   0.011  locality: 0.907
    3  3.43   361.8       77 ->  79     gap,J,K:   6.452   3.672   0.321   Kshft:   0.005  locality: 0.986
    4  4.07   304.4       77 ->  80     gap,J,K:   6.864   3.638   0.423   Kshft:   0.002  locality: 0.983
    5  4.48   276.7       78 ->  81     gap,J,K:   7.402   3.527   0.300   Kshft:   0.006  locality: 0.994
    6  5.00   248.2       75 ->  79     gap,J,K:   7.514   3.124   0.300   Kshft:   0.006  locality: 0.876
    7  5.14   241.2       75 ->  80     gap,J,K:   7.926   3.354   0.280   Kshft:   0.008  locality: 0.946
    8  5.40   229.5       73 ->  79     gap,J,K:   7.723   2.704   0.153   Kshft:   0.077  locality: 0.756
    9  5.53   224.0       77 ->  81     gap,J,K:   8.194   3.137   0.229   Kshft:   0.017  locality: 0.874
   10  5.55   223.3       78 ->  82     gap,J,K:   8.290   3.369   0.313   Kshft:   0.005  locality: 0.980
   11  5.60   221.2       76 ->  80     gap,J,K:   7.856   2.785   0.074   Kshft:   0.384  locality: 0.666
   12  5.66   219.1       76 ->  79     gap,J,K:   7.445   2.356   0.049   Kshft:   0.472  locality: 0.560
   13  5.77   214.9       74 ->  79     gap,J,K:   7.642   2.442   0.041   Kshft:   0.486  locality: 0.562
   14  5.77   214.7       78 ->  84     gap,J,K:   8.662   3.280   0.168   Kshft:   0.056  locality: 0.752
   15  5.78   214.4       78 ->  83     gap,J,K:   8.463   3.077   0.124   Kshft:   0.148  locality: 0.707
   16  5.84   212.3       71 ->  79     gap,J,K:   8.924   3.635   0.270   Kshft:   0.009  locality: 0.975
   17  5.89   210.5       73 ->  80     gap,J,K:   8.134   2.657   0.115   Kshft:   0.182  locality: 0.748
   18  6.06   204.5       72 ->  79     gap,J,K:   8.516   2.836   0.155   Kshft:   0.073  locality: 0.816
   19  6.27   197.8       70 ->  79     gap,J,K:   9.472   3.670   0.223   Kshft:   0.019  locality: 0.962
   20  6.30   196.9       74 ->  80     gap,J,K:   8.054   2.315   0.032   Kshft:   0.495  locality: 0.536
   21  6.30   196.7       71 ->  80     gap,J,K:   9.336   3.616   0.288   Kshft:   0.007  locality: 0.976
   22  6.33   195.9       72 ->  80     gap,J,K:   8.928   2.984   0.154   Kshft:   0.076  locality: 0.864
   23  6.36   195.0       69 ->  79     gap,J,K:   9.604   3.635   0.166   Kshft:   0.059  locality: 0.985
   24  6.39   194.1       77 ->  82     gap,J,K:   9.083   3.078   0.144   Kshft:   0.093  locality: 0.886
   25  6.40   193.8       76 ->  81     gap,J,K:   9.187   3.214   0.197   Kshft:   0.031  locality: 0.794
 
 selecting CSF ...
 average/max PT2 energy lowering (eV):     0.028     0.205
        1445 CSF included by PT.
        1645 CSF in total.
 sTD-DFT procedure...
 setting up A+B and A-B matrices
  calculating (A-B)^0.5 ...
 estimated time (min)     0.19
  calculating (A+B)*(A-B)^0.5 ...
 calculate eigenvalues of (A-B)^0.5*(A+B)*(A-B)^0.5 ...
  rpa vectors ok
  230 roots found, lowest/highest eigenvalue :    2.790   9.999   0
 writing spectral data to tda.dat ...
 
 excitation energies, transition moments and TDA amplitudes
 state    eV      nm       fL         Rv
    1    2.790   444.4     0.4514    -4.6958     0.86(  78->  79)  0.07(  77->  79)  0.03(  78->  80)
    2    2.955   419.6     0.0192    -5.2416     0.82(  78->  80)  0.07(  77->  79)  0.05(  78->  79)
    3    3.164   391.9     0.3117    63.9553     0.79(  77->  79)  0.11(  78->  80)  0.03(  78->  79)
    4    3.629   341.6     0.9233   -86.9847     0.86(  77->  80)  0.03(  77->  79)  0.02(  78->  79)
    5    4.160   298.1     0.7637    15.4058     0.89(  78->  81)  0.02(  75->  79)  0.01(  75->  80)
    6    4.430   279.8     0.4041     0.0502     0.61(  75->  79)  0.15(  75->  80)  0.04(  77->  81)
    7    4.644   267.0     0.0482   -15.6319     0.17(  78->  84)  0.14(  76->  80)  0.13(  76->  81)
    8    4.753   260.8     0.0088     6.5623     0.21(  78->  83)  0.18(  74->  81)  0.15(  74->  79)
    9    4.821   257.2     0.0591    10.6965     0.52(  75->  80)  0.09(  76->  80)  0.05(  73->  79)
   10    5.013   247.3     0.0343    -4.2380     0.45(  78->  82)  0.15(  77->  81)  0.15(  73->  79)
   11    5.131   241.6     0.0446    10.2995     0.34(  73->  79)  0.31(  77->  81)  0.12(  75->  79)
   12    5.229   237.1     0.0026    -1.6823     0.33(  78->  82)  0.23(  77->  81)  0.22(  73->  79)
   13    5.392   229.9     0.0339   -22.8512     0.31(  76->  79)  0.27(  76->  80)  0.23(  78->  84)
   14    5.464   226.9     0.0528    30.0462     0.66(  71->  79)  0.10(  72->  80)  0.04(  69->  79)
   15    5.488   225.9     0.0067    -6.6675     0.45(  73->  80)  0.15(  72->  79)  0.08(  77->  81)
   16    5.587   221.9     0.0634   -57.8583     0.34(  74->  79)  0.33(  78->  83)  0.08(  74->  80)
   17    5.702   217.4     0.0698    25.3921     0.30(  71->  80)  0.14(  70->  79)  0.11(  72->  79)
   18    5.810   213.4     0.0108    -7.9725     0.20(  77->  82)  0.12(  78->  85)  0.10(  76->  79)
   19    5.865   211.4     0.0816    11.5026     0.31(  76->  79)  0.19(  76->  80)  0.09(  78->  84)
   20    5.886   210.6     0.0017     2.2591     0.30(  78->  85)  0.22(  78->  86)  0.09(  69->  79)
   21    5.966   207.8     0.0139    -0.9295     0.38(  70->  79)  0.28(  71->  80)  0.05(  69->  80)
   22    6.019   206.0     0.0527    15.1562     0.18(  69->  79)  0.15(  72->  79)  0.10(  78->  87)
   23    6.040   205.3     0.0122   -20.3494     0.25(  78->  83)  0.20(  74->  79)  0.15(  74->  81)
   24    6.046   205.1     0.0761   -11.5050     0.26(  77->  82)  0.18(  69->  79)  0.08(  72->  79)
   25    6.083   203.8     0.0220   -24.8037     0.22(  78->  84)  0.16(  76->  80)  0.12(  76->  81)
   26    6.106   203.1     0.0707     5.1493     0.25(  78->  87)  0.11(  69->  79)  0.10(  75->  81)
   27    6.174   200.8     0.0117     5.6319     0.17(  72->  79)  0.10(  73->  81)  0.07(  72->  80)
   28    6.216   199.5     0.0007     5.8079     0.29(  78->  86)  0.11(  72->  80)  0.11(  78->  85)
   29    6.237   198.8     0.0101     0.9357     0.23(  75->  81)  0.10(  73->  81)  0.09(  76->  84)
   30    6.310   196.5     0.0289    -4.1014     0.55(  70->  80)  0.06(  72->  81)  0.06(  75->  81)
   31    6.397   193.8     0.0036    -3.6298     0.62(  74->  80)  0.13(  74->  79)  0.05(  73->  83)
   32    6.438   192.6     0.0368    -7.2011     0.27(  73->  81)  0.12(  73->  80)  0.09(  72->  80)
   33    6.461   191.9     0.2338    49.7853     0.28(  74->  83)  0.11(  78->  88)  0.10(  76->  84)
   34    6.497   190.8     0.0689    20.9690     0.14(  78->  89)  0.10(  78->  88)  0.07(  76->  84)
   35    6.547   189.4     0.1063    55.6567     0.22(  78->  89)  0.14(  69->  80)  0.10(  78->  87)
   36    6.601   187.8     0.0105    25.6786     0.17(  77->  85)  0.15(  69->  80)  0.08(  77->  88)
   37    6.694   185.2     0.0362   -37.3339     0.17(  69->  80)  0.13(  78->  88)  0.07(  71->  80)
   38    6.734   184.1     0.0022   -11.6396     0.22(  66->  80)  0.19(  66->  79)  0.11(  67->  79)
   39    6.774   183.0     0.0590    -7.4147     0.19(  77->  87)  0.12(  78->  92)  0.07(  78->  88)
   40    6.826   181.6     0.0118   -12.2529     0.27(  74->  85)  0.27(  74->  88)  0.18(  74->  86)
   41    6.875   180.4     0.1440   -17.0080     0.26(  76->  81)  0.20(  75->  84)  0.09(  76->  87)
   42    6.897   179.8     0.0193     9.2970     0.21(  78->  92)  0.09(  77->  86)  0.06(  72->  81)
   43    6.921   179.1     0.0048   -10.9986     0.35(  64->  79)  0.07(  78->  92)  0.06(  64->  80)
   44    6.946   178.5     0.0179     8.6896     0.12(  64->  79)  0.08(  78->  90)  0.08(  77->  90)
   45    6.965   178.0     0.0397  -118.9897     0.23(  76->  89)  0.14(  76->  90)  0.10(  76->  87)
   46    6.988   177.4     0.2099    66.2499     0.39(  74->  81)  0.22(  73->  83)  0.08(  74->  80)
   47    7.013   176.8     0.0759    42.2956     0.14(  73->  81)  0.11(  74->  83)  0.08(  76->  84)
   48    7.096   174.7     0.0105     6.3518     0.34(  78->  93)  0.07(  78->  91)  0.06(  72->  81)
   49    7.119   174.2     0.0390    39.8806     0.34(  77->  86)  0.07(  77->  82)  0.05(  71->  81)
   50    7.170   172.9     0.0112     4.6389     0.12(  61->  79)  0.07(  77->  89)  0.06(  62->  80)
   51    7.189   172.5     0.0032     1.2911     0.22(  75->  82)  0.09(  71->  81)  0.04(  78->  90)
   52    7.208   172.0     0.0465  -133.6949     0.18(  62->  79)  0.08(  72->  81)  0.08(  61->  79)
   53    7.256   170.9     0.1212    36.7362     0.11(  78->  94)  0.07(  71->  81)  0.07(  72->  81)
   54    7.299   169.9     0.1153   102.0561     0.15(  78->  94)  0.11(  72->  81)  0.07(  77->  93)
   55    7.310   169.6     0.0465   -31.8890     0.18(  75->  82)  0.06(  62->  79)  0.06(  62->  80)
   56    7.331   169.1     0.0019    48.7479     0.17(  71->  81)  0.12(  68->  80)  0.08(  61->  80)
   57    7.370   168.2     0.0006     3.8395     0.80(  77->  83)  0.02(  71->  83)  0.02(  78->  83)
   58    7.406   167.4     0.0163   -67.0665     0.22(  68->  80)  0.12(  68->  79)  0.07(  68->  81)
   59    7.435   166.8     0.0189    11.3916     0.69(  77->  84)  0.06(  75->  84)  0.04(  76->  82)
   60    7.451   166.4     0.0070     3.5899     0.11(  78->  95)  0.10(  77->  91)  0.08(  77->  93)
   61    7.471   166.0     0.0080   -71.6633     0.13(  58->  79)  0.10(  59->  79)  0.08(  63->  79)
   62    7.516   165.0     0.0441   -97.5214     0.09(  78->  95)  0.07(  77->  89)  0.04(  75->  87)
   63    7.532   164.6     0.0016    28.7329     0.11(  67->  79)  0.09(  58->  79)  0.08(  67->  80)
   64    7.582   163.5     0.1398  -404.9375     0.30(  76->  82)  0.16(  74->  82)  0.07(  77->  84)
   65    7.584   163.5     0.1776     9.2271     0.17(  78->  96)  0.07(  76->  82)  0.04(  74->  82)
   66    7.605   163.0     0.3927   318.6994     0.32(  74->  82)  0.09(  73->  83)  0.08(  76->  82)
   67    7.675   161.6     0.0087    -5.3593     0.11(  73->  82)  0.09(  63->  80)  0.07(  72->  81)
   68    7.679   161.5     0.0794   125.9418     0.26(  73->  82)  0.09(  72->  81)  0.04(  58->  80)
   69    7.728   160.4     0.0031    23.7143     0.08(  65->  80)  0.08(  57->  79)  0.06(  78->  97)
   70    7.746   160.1     0.0067    -7.4300     0.10(  77->  88)  0.09(  57->  79)  0.09(  77->  92)
   71    7.751   160.0     0.0036    -4.8725     0.15(  65->  80)  0.10(  63->  79)  0.09(  65->  81)
   72    7.786   159.2     0.0207    38.8214     0.20(  78->  98)  0.09(  77->  98)  0.04(  78->  97)
   73    7.809   158.8     0.0126    -9.0881     0.07(  63->  79)  0.07(  58->  80)  0.06(  57->  79)
   74    7.834   158.3     0.0275   -32.3287     0.12(  78->  97)  0.09(  57->  79)  0.07(  78->  99)
   75    7.853   157.9     0.0636    -5.4366     0.11(  57->  79)  0.05(  78-> 103)  0.04(  56->  80)
   76    7.876   157.4     0.0089    50.5432     0.10(  73->  85)  0.06(  78->  88)  0.05(  78->  97)
   77    7.903   156.9     0.0093    -0.1010     0.09(  78->  90)  0.09(  78->  96)  0.07(  77->  88)
   78    7.908   156.8     0.0089   -24.1210     0.23(  56->  79)  0.13(  57->  80)  0.06(  53->  79)
   79    7.940   156.2     0.0090     2.7309     0.12(  72->  82)  0.05(  75->  87)  0.05(  73->  86)
   80    7.967   155.6     0.0056   -18.6194     0.10(  74->  95)  0.10(  74->  91)  0.08(  74->  92)
   81    8.008   154.8     0.0029    11.5054     0.14(  75->  85)  0.05(  78->  90)  0.05(  75->  87)
   82    8.048   154.1     0.0151    13.2032     0.10(  76->  96)  0.06(  76->  94)  0.04(  78-> 104)
   83    8.080   153.5     0.0049   -30.1797     0.15(  57->  80)  0.14(  54->  79)  0.05(  54->  80)
   84    8.107   152.9     0.0011     6.3449     0.11(  56->  79)  0.07(  53->  79)  0.07(  65->  79)
   85    8.117   152.7     0.0055    -2.7046     0.14(  72->  82)  0.05(  78-> 101)  0.04(  78->  98)
   86    8.150   152.1     0.0143   -10.1240     0.08(  76->  96)  0.06(  78-> 103)  0.05(  78->  91)
   87    8.171   151.7     0.0255    36.3396     0.06(  78-> 103)  0.06(  78-> 104)  0.06(  77-> 100)
   88    8.194   151.3     0.0004    25.5818     0.05(  78->  91)  0.05(  75->  84)  0.05(  77->  93)
   89    8.211   151.0     0.0008    -0.6202     0.10(  75->  84)  0.08(  73->  84)  0.08(  78->  91)
   90    8.216   150.9     0.0096   -17.9535     0.10(  75->  84)  0.06(  73->  84)  0.04(  72->  84)
   91    8.249   150.3     0.0082     8.1917     0.06(  60->  80)  0.04(  68->  79)  0.04(  78->  93)
   92    8.266   150.0     0.0032   -12.2285     0.16(  55->  79)  0.14(  55->  80)  0.05(  68->  79)
   93    8.273   149.9     0.0136    34.1577     0.18(  68->  79)  0.08(  68->  81)  0.03(  75->  87)
   94    8.314   149.1     0.0036    15.8107     0.08(  55->  80)  0.07(  55->  79)  0.06(  61->  80)
   95    8.327   148.9     0.0112    16.6032     0.10(  67->  83)  0.06(  54->  79)  0.05(  72->  83)
   96    8.335   148.8     0.0212    37.3076     0.04(  67->  83)  0.04(  52->  79)  0.04(  59->  79)
   97    8.346   148.5     0.0098   -26.6158     0.20(  67->  83)  0.10(  66->  83)  0.07(  72->  83)
   98    8.373   148.1     0.0191   -14.8582     0.10(  55->  80)  0.05(  56->  80)  0.05(  77->  97)
   99    8.390   147.8     0.0103    26.9760     0.09(  74->  94)  0.07(  54->  80)  0.07(  54->  79)
  100    8.395   147.7     0.0229   -37.6640     0.09(  78-> 109)  0.04(  68->  79)  0.03(  78->  98)
  101    8.405   147.5     0.0089    -3.7696     0.14(  54->  79)  0.08(  74->  94)  0.07(  54->  80)
  102    8.408   147.5     0.0274    15.9130     0.07(  76->  87)  0.06(  68->  84)  0.04(  74->  94)
  103    8.421   147.2     0.0451   -26.4532     0.11(  76->  87)  0.09(  78-> 109)  0.04(  68->  84)
  104    8.425   147.2     0.0441   -22.3947     0.17(  68->  84)  0.05(  58->  79)  0.04(  72->  82)
  105    8.429   147.1     0.0064    21.4162     0.51(  68->  84)  0.05(  71->  82)  0.04(  69->  84)
  106    8.441   146.9     0.0120    -1.0599     0.05(  77-> 100)  0.03(  69->  81)  0.03(  78-> 104)
  107    8.458   146.6     0.0715    23.0423     0.26(  71->  82)  0.10(  72->  82)  0.07(  70->  81)
  108    8.475   146.3     0.0164   -19.7917     0.06(  77-> 102)  0.05(  78-> 106)  0.05(  51->  80)
  109    8.502   145.8     0.0115    17.1745     0.17(  70->  81)  0.09(  68->  80)  0.07(  68->  79)
  110    8.508   145.7     0.0160    16.2389     0.07(  77->  99)  0.06(  72->  82)  0.05(  75->  86)
  111    8.521   145.5     0.0123     0.3789     0.07(  78-> 106)  0.06(  71->  82)  0.05(  51->  79)
  112    8.536   145.2     0.0190   -43.8240     0.06(  74->  86)  0.05(  77->  99)  0.04(  75->  86)
  113    8.554   144.9     0.0416    40.4237     0.13(  74->  86)  0.04(  74->  82)  0.03(  77->  98)
  114    8.557   144.9     0.0678   -34.0237     0.17(  74->  86)  0.06(  74->  82)  0.04(  74->  85)
  115    8.562   144.8     0.0040   -18.0215     0.08(  66->  79)  0.07(  52->  79)  0.06(  47->  79)
  116    8.573   144.6     0.0191    23.1758     0.06(  66->  79)  0.05(  67->  79)  0.04(  56->  80)
  117    8.591   144.3     0.0266    -6.5093     0.06(  78-> 107)  0.05(  68->  80)  0.04(  67->  79)
  118    8.611   144.0     0.0190    15.5167     0.06(  70->  81)  0.05(  77->  97)  0.04(  77->  93)
  119    8.624   143.8     0.0093    11.0815     0.46(  75->  83)  0.16(  76->  83)  0.05(  74->  86)
  120    8.647   143.4     0.0057   -13.2512     0.05(  68->  80)  0.04(  75->  83)  0.04(  77-> 102)
  121    8.652   143.3     0.0069     0.0920     0.07(  68->  80)  0.04(  68->  81)  0.04(  73->  86)
  122    8.672   143.0     0.0007    -0.1556     0.08(  78->  98)  0.06(  77->  96)  0.06(  78-> 109)
  123    8.693   142.6     0.0620    14.3255     0.26(  63->  83)  0.13(  72->  83)  0.10(  65->  83)
  124    8.697   142.6     0.0234    43.1283     0.09(  65->  79)  0.06(  63->  83)  0.05(  71->  82)
  125    8.701   142.5     0.0884    14.6944     0.10(  52->  80)  0.08(  51->  79)  0.04(  51->  80)
  126    8.732   142.0     0.0475   -27.0416     0.12(  70->  81)  0.05(  78-> 108)  0.03(  77-> 107)
  127    8.739   141.9     0.0129     1.0865     0.19(  50->  79)  0.04(  75->  89)  0.04(  77->  95)
  128    8.750   141.7     0.0196     8.9216     0.06(  77-> 100)  0.06(  73->  85)  0.05(  71->  82)
  129    8.773   141.3     0.0018    13.0019     0.57(  76->  83)  0.15(  75->  83)  0.02(  69->  81)
  130    8.775   141.3     0.0243    35.1809     0.33(  65->  84)  0.09(  76->  83)  0.05(  66->  84)
  131    8.780   141.2     0.0019    10.8573     0.23(  65->  84)  0.07(  76->  83)  0.06(  69->  81)
  132    8.791   141.0     0.0583    19.9329     0.06(  77-> 106)  0.05(  50->  79)  0.04(  65->  84)
  133    8.818   140.6     0.0715     5.3323     0.10(  50->  79)  0.04(  77-> 106)  0.03(  47->  80)
  134    8.832   140.4     0.0212   -61.2713     0.08(  47->  80)  0.05(  47->  79)  0.04(  78-> 108)
  135    8.847   140.1     0.0003    -5.1106     0.09(  63->  83)  0.08(  74->  99)  0.08(  74-> 101)
  136    8.871   139.8     0.0085   -11.6582     0.06(  78-> 105)  0.06(  77-> 105)  0.05(  77-> 107)
  137    8.874   139.7     0.0138   -12.1925     0.06(  63->  79)  0.06(  48->  79)  0.05(  63->  81)
  138    8.880   139.6     0.0115     3.3499     0.18(  72->  83)  0.12(  63->  83)  0.07(  75->  83)
  139    8.891   139.4     0.0321   -12.4083     0.06(  73->  84)  0.04(  72->  84)  0.04(  78-> 110)
  140    8.914   139.1     0.0150    -4.4231     0.15(  73->  84)  0.13(  72->  84)  0.04(  78-> 110)
  141    8.924   138.9     0.0254    13.4759     0.07(  44->  79)  0.07(  73->  86)  0.05(  75->  86)
  142    8.930   138.8     0.0129    -5.1715     0.10(  73->  84)  0.08(  72->  84)  0.05(  67->  80)
  143    8.953   138.5     0.0092    23.2472     0.07(  47->  80)  0.07(  47->  79)  0.06(  65->  81)
  144    8.963   138.3     0.0128    -2.1795     0.10(  67->  80)  0.05(  69->  81)  0.05(  66->  80)
  145    8.966   138.3     0.0086     0.9515     0.17(  76-> 108)  0.14(  72->  84)  0.07(  76->  98)
  146    9.003   137.7     0.0029   -17.8141     0.08(  77->  90)  0.04(  75->  89)  0.03(  75->  88)
  147    9.010   137.6     0.0048   -41.1070     0.11(  44->  79)  0.08(  65->  80)  0.04(  43->  79)
  148    9.029   137.3     0.0038    18.4005     0.04(  78-> 103)  0.04(  78-> 111)  0.04(  44->  79)
  149    9.047   137.1     0.0075   -18.0510     0.10(  73->  87)  0.05(  75->  92)  0.04(  75->  90)
  150    9.067   136.7     0.0037    -3.2169     0.23(  60->  79)  0.09(  59->  79)  0.06(  60->  81)
  151    9.084   136.5     0.0022   -16.2128     0.06(  70->  82)  0.05(  60->  79)  0.03(  77->  91)
  152    9.102   136.2     0.0299    -8.9290     0.07(  77-> 109)  0.06(  75->  85)  0.04(  78-> 115)
  153    9.122   135.9     0.0041   -19.4717     0.22(  71->  85)  0.05(  75->  88)  0.03(  72->  85)
  154    9.149   135.5     0.0021     4.4073     0.60(  74->  84)  0.03(  63->  80)  0.01(  53->  80)
  155    9.153   135.5     0.0026    -2.8491     0.29(  74->  84)  0.03(  63->  80)  0.03(  70->  82)
  156    9.157   135.4     0.0087     1.5315     0.09(  78-> 113)  0.05(  74->  84)  0.04(  77->  99)
  157    9.194   134.9     0.0008    -3.8069     0.04(  64->  80)  0.04(  53->  80)  0.03(  63->  80)
  158    9.197   134.8     0.0226   -14.8054     0.07(  64->  80)  0.07(  69->  82)  0.04(  77-> 109)
  159    9.209   134.6     0.0228    30.8785     0.04(  62->  80)  0.04(  78-> 103)  0.04(  61->  79)
  160    9.235   134.3     0.0043     3.0733     0.04(  58->  80)  0.04(  71->  86)  0.04(  64->  80)
  161    9.247   134.1     0.0226    13.8135     0.08(  62->  79)  0.05(  57->  79)  0.04(  57->  80)
  162    9.267   133.8     0.0004    10.5363     0.12(  76->  85)  0.05(  59->  83)  0.05(  58->  83)
  163    9.268   133.8     0.0099     3.9298     0.06(  76->  85)  0.04(  70->  82)  0.03(  71->  87)
  164    9.285   133.5     0.0069     2.8638     0.22(  76->  85)  0.10(  59->  83)  0.10(  58->  83)
  165    9.298   133.3     0.0057    -2.3678     0.10(  70->  82)  0.03(  78-> 114)  0.03(  77->  94)
  166    9.299   133.3     0.0055    -7.6689     0.06(  76->  85)  0.05(  58->  83)  0.05(  59->  83)
  167    9.312   133.1     0.0011    -6.5673     0.09(  59->  83)  0.09(  58->  83)  0.03(  77->  95)
  168    9.325   133.0     0.0088    -2.8987     0.10(  40->  79)  0.05(  71->  86)  0.03(  76->  85)
  169    9.327   132.9     0.0004     4.6691     0.08(  41->  80)  0.05(  41->  79)  0.04(  70->  82)
  170    9.336   132.8     0.0007    -4.2560     0.06(  78-> 113)  0.05(  41->  80)  0.04(  70->  82)
  171    9.353   132.6     0.0027     1.1455     0.13(  41->  80)  0.07(  41->  79)  0.03(  78-> 112)
  172    9.364   132.4     0.0152     7.2851     0.06(  41->  80)  0.05(  77->  94)  0.03(  41->  79)
  173    9.375   132.3     0.0100    -4.3833     0.29(  60->  84)  0.05(  59->  84)  0.05(  61->  84)
  174    9.387   132.1     0.0050    19.6620     0.20(  40->  79)  0.04(  63->  80)  0.04(  61->  80)
  175    9.394   132.0     0.0022     0.5319     0.10(  59->  80)  0.08(  60->  81)  0.08(  40->  79)
  176    9.409   131.8     0.0033   -12.0393     0.07(  59->  79)  0.04(  56->  80)  0.04(  58->  81)
  177    9.420   131.6     0.0140    -5.4874     0.10(  60->  80)  0.06(  59->  79)  0.05(  41->  80)
  178    9.429   131.5     0.0025     6.0992     0.06(  61->  79)  0.04(  53->  80)  0.03(  58->  80)
  179    9.435   131.4     0.0131    -2.6238     0.07(  77-> 102)  0.06(  78-> 117)  0.04(  78-> 101)
  180    9.445   131.3     0.0139   -23.9330     0.07(  78-> 116)  0.04(  76->  88)  0.03(  60->  84)
  181    9.450   131.2     0.0023     3.4775     0.04(  77-> 111)  0.04(  75->  91)  0.03(  71->  86)
  182    9.477   130.8     0.0114    -5.6190     0.08(  71->  86)  0.05(  75->  91)  0.03(  69->  85)
  183    9.491   130.6     0.0123   -10.0948     0.05(  77->  94)  0.05(  75->  93)  0.05(  78-> 101)
  184    9.510   130.4     0.0041     2.8823     0.14(  76->  86)  0.09(  76->  90)  0.05(  76->  88)
  185    9.517   130.3     0.0124     3.5489     0.16(  76->  86)  0.08(  76->  90)  0.04(  77-> 109)
  186    9.529   130.1     0.0387   -22.8850     0.06(  78-> 116)  0.04(  78-> 105)  0.03(  71->  85)
  187    9.560   129.7     0.0010     4.9919     0.08(  77->  97)  0.07(  78-> 118)  0.03(  75->  92)
  188    9.570   129.5     0.0023    15.6317     0.06(  78-> 102)  0.04(  77->  97)  0.04(  77-> 100)
  189    9.594   129.2     0.0104     2.8024     0.03(  39->  79)  0.03(  71->  89)  0.03(  40->  79)
  190    9.611   129.0     0.0092     4.4487     0.18(  71->  83)  0.02(  49->  80)  0.02(  75->  86)
  191    9.614   129.0     0.0138    -1.8414     0.04(  76->  92)  0.03(  76->  86)  0.03(  76->  93)
  192    9.622   128.9     0.0013     3.5939     0.14(  71->  83)  0.09(  76->  86)  0.08(  76->  92)
  193    9.628   128.8     0.0049     5.3549     0.11(  71->  83)  0.05(  74->  88)  0.05(  74->  85)
  194    9.639   128.6     0.0042    -1.0186     0.14(  71->  83)  0.05(  75->  92)  0.04(  73->  87)
  195    9.652   128.5     0.0059    -1.1763     0.06(  49->  80)  0.05(  71->  83)  0.03(  74->  88)
  196    9.659   128.4     0.0027    -9.3331     0.06(  49->  80)  0.04(  70->  85)  0.03(  49->  81)
  197    9.662   128.3     0.0021   -24.6660     0.10(  39->  79)  0.05(  78-> 113)  0.03(  42->  79)
  198    9.673   128.2     0.0010    -7.3623     0.06(  74->  88)  0.04(  74->  85)  0.04(  66->  81)
  199    9.686   128.0     0.0071    -8.1942     0.03(  74->  88)  0.03(  67->  85)  0.02(  47->  80)
  200    9.690   128.0     0.0010     2.9942     0.05(  67->  85)  0.04(  39->  79)  0.03(  67->  88)
  201    9.691   127.9     0.0070    -9.5310     0.04(  59->  80)  0.03(  68->  89)  0.02(  49->  80)
  202    9.710   127.7     0.0015     9.4515     0.03(  76->  93)  0.02(  74-> 112)  0.02(  74->  87)
  203    9.715   127.6     0.0024    -2.7654     0.08(  76->  93)  0.06(  76->  91)  0.05(  76-> 108)
  204    9.724   127.5     0.0011     8.9743     0.08(  74->  87)  0.07(  74-> 112)  0.04(  74-> 107)
  205    9.728   127.5     0.0462   -18.4769     0.07(  68->  89)  0.04(  68->  90)  0.04(  75->  98)
  206    9.741   127.3     0.0029     8.1259     0.05(  78-> 112)  0.04(  77-> 101)  0.03(  72->  85)
  207    9.761   127.0     0.0090     3.2464     0.10(  68->  89)  0.06(  68->  90)  0.05(  68->  87)
  208    9.772   126.9     0.0039    -6.0491     0.05(  68->  89)  0.04(  66->  81)  0.03(  78-> 102)
  209    9.776   126.8     0.0051     9.6931     0.04(  78-> 117)  0.03(  45->  79)  0.03(  74->  87)
  210    9.797   126.6     0.0005     0.4362     0.12(  46->  79)  0.11(  46->  81)  0.09(  46->  80)
  211    9.803   126.5     0.0031     6.7220     0.04(  71->  87)  0.04(  75->  99)  0.03(  78-> 119)
  212    9.817   126.3     0.0122     1.5405     0.04(  70->  87)  0.03(  75->  93)  0.02(  70->  92)
  213    9.846   125.9     0.0093    -1.8882     0.05(  72->  86)  0.03(  78-> 117)  0.02(  63->  88)
  214    9.850   125.9     0.0001    -4.4583     0.59(  71->  84)  0.06(  69->  84)  0.05(  72->  84)
  215    9.866   125.7     0.0039   173.4170     0.05(  64->  90)  0.04(  66->  90)  0.04(  70->  90)
  216    9.871   125.6     0.0077     5.0589     0.08(  71->  84)  0.05(  78-> 105)  0.04(  63->  88)
  217    9.880   125.5     0.0089   -11.9392     0.06(  63->  88)  0.05(  63->  85)  0.03(  75->  90)
  218    9.898   125.3     0.0083   -69.3923     0.08(  66->  90)  0.04(  64->  88)  0.04(  64->  85)
  219    9.907   125.2     0.0011   -17.7659     0.03(  69->  87)  0.03(  72->  92)  0.03(  69->  92)
  220    9.913   125.1     0.0014   -15.2370     0.11(  72->  85)  0.05(  72->  86)  0.03(  71->  85)
  221    9.919   125.0     0.0023    -0.7853     0.03(  72->  86)  0.03(  78-> 121)  0.02(  78-> 111)
  222    9.939   124.7     0.0109   -29.9235     0.05(  74->  89)  0.05(  74->  87)  0.03(  56->  81)
  223    9.943   124.7     0.0098    -5.8522     0.29(  74->  89)  0.11(  74->  87)  0.04(  74->  88)
  224    9.957   124.5     0.0147   -18.6975     0.05(  76->  88)  0.03(  77-> 104)  0.03(  74->  89)
  225    9.961   124.5     0.0102    14.7154     0.04(  76->  88)  0.03(  46->  80)  0.03(  48->  80)
  226    9.969   124.4     0.0114   -17.2419     0.07(  76->  88)  0.03(  63->  85)  0.03(  76->  93)
  227    9.979   124.2     0.0130   -25.0487     0.04(  73->  88)  0.03(  72->  86)  0.02(  78-> 121)
  228    9.993   124.1     0.0245    -1.7908     0.07(  65->  89)  0.05(  78-> 106)  0.04(  65->  90)
  229    9.994   124.1     0.0037     3.5083     0.15(  76->  92)  0.06(  76->  98)  0.06(  76->  87)
  230    9.999   124.0     0.0017     5.2268     0.14(  43->  79)  0.06(  45->  80)  0.05(  48->  80)

  alpha tensor

           1         2         3
 
    1 432.79637
    2  21.58416 246.02562
    3 -30.32374 -59.58229  47.53998
 trace alpha_L[0] / au:   242.120655428317     
 sum rule f_L           8.17035930414564     
 
 SOS specific optical rotation 
 including Lorentz factor for common solvent (n=1.4)
 lambda [eV] alpha[grad*cm^3*g^-1*dm^-1]
 632.8  1.96     -111.18
 589.3  2.10     -110.88        0.00 ##
 579.0  2.14     -109.23
 546.0  2.27      -97.23
 436.0  2.84     5358.70
 365.0  3.40   -28938.90
 
 sTD-DFT done.
Mon 21 Mar 14:25:20 GMT 2022
