Mon 21 Mar 14:07:14 GMT 2022


                 *********************************************
                 *                                           *
                 *               s  T  D  A                  *
                 *                                           *
                 *                S. Grimme                  *
                 * Mulliken Center for Theoretical Chemistry *
                 *             Universitaet Bonn             *
                 *              Version 1.6.2                *
                 *       Tue Sep 10 14:44:30 CET 2020        *
                 *********************************************
 
 Please cite as:
 S. Grimme, J. Chem. Phys. 138 (2013) 244104
 
 With contributions from:
 C. Bannwarth, P. Shushkov, M. de Wergifosse
 
======================================================================
 
 reading an xTB output...
 
 reading: wfn.xtb
======================================================================
                    M O / A O    I N P U T 
======================================================================
atom  #          x             y             z            charge
  C   1      6.74896726    2.11705998    2.56416914         6.00
  C   2      7.23576066    1.56526000   -0.23224732         6.00
  C   3     10.08282178    1.61968411   -0.73245778         6.00
  C   4      5.90879510    3.54323615   -1.87290739         6.00
  C   5      3.05247433    3.49920554   -1.62195178         6.00
  O   6      1.80053088    5.41311998   -1.79712938         8.00
  C   7      1.91656006    1.01194825   -1.23682563         6.00
  C   8      3.35369664   -1.06429365   -0.95865797         6.00
  C   9      6.18072666   -1.03500290   -0.95393366         6.00
  O  10      2.39957401   -3.41530171   -0.68294696         8.00
  C  11     -0.15439061   -3.76244437   -1.05484502         6.00
  C  12     -0.92350907   -6.30488166   -1.20734591         6.00
  C  13     -3.40226260   -6.86688615   -1.61533774         6.00
  C  14     -5.20638396   -4.92538171   -1.88745828         6.00
  C  15     -7.77527742   -5.47642580   -2.31132381         6.00
  C  16     -9.52062831   -3.59161314   -2.54924031         6.00
  C  17     -8.76303717   -1.04917585   -2.36026771         6.00
  O  18    -10.46813690    0.85925839   -2.57342880         8.00
  C  19     -6.26803200   -0.44748710   -1.95170896         6.00
  C  20     -4.43178530   -2.35592134   -1.71511527         6.00
  C  21     -1.83851438   -1.80071986   -1.29937556         6.00
  C  22     -0.92993414    0.89062784   -1.03764852         6.00
  C  23     -1.75990178    1.94037060    1.49552912         6.00
  C  24     -0.71223771    1.04993174    3.73749998         6.00
  C  25     -1.51026898    2.09740683    5.99591146         6.00
  C  26     -3.32837431    3.98259744    5.94205427         6.00
  C  27     -4.28060722    4.70617350    3.61183321         6.00
  N  28     -3.52207122    3.71350046    1.45357720         7.00
  H  29      4.73546426    2.13841388    2.97121611         1.00
  H  30      7.51846366    3.95500744    3.06721419         1.00
  H  31      7.64658708    0.69541915    3.74789348         1.00
  H  32     11.03883413    0.19312999    0.39740937         1.00
  H  33     10.85987709    3.45763157   -0.24377465         1.00
  H  34     10.48684518    1.25515598   -2.71478030         1.00
  H  35      6.56793151    5.44411149   -1.41975111         1.00
  H  36      6.34003056    3.19136918   -3.86505648         1.00
  H  37      6.84156383   -1.54995322   -2.84668317         1.00
  H  38      6.84950068   -2.49557209    0.34279629         1.00
  H  39      0.49548614   -7.75278968   -0.99853119         1.00
  H  40     -4.01585661   -8.80952443   -1.73571328         1.00
  H  41     -8.34880924   -7.43134730   -2.44606127         1.00
  H  42    -11.49180144   -4.03116340   -2.87540700         1.00
  H  43    -12.13544210    0.17725629   -2.85405310         1.00
  H  44     -5.76857743    1.51801686   -1.77709828         1.00
  H  45     -1.75650027    2.10326498   -2.49500517         1.00
  H  46      0.68956100   -0.43388108    3.71274457         1.00
  H  47     -0.72584374    1.45508898    7.76960824         1.00
  H  48     -3.99223504    4.85697363    7.66019311         1.00
  H  49     -5.72095634    6.14973516    3.45517493         1.00

 # atoms          =   49
 # mos            =  214
 # primitive  aos = 1715
 # contracted aos =  329

 spherical AO basis
======================================================================
                    A O   I N T E G R A L S
======================================================================
 memory needed for AO int data:   4 Mb
 done.
  
Restricted MOs found... RKS-sTD-DFT will be performed
  
======================================================================
                    s T D A
======================================================================
 spectral range up to (eV)     :    10.0000000000000     
 occ MO cut-off (eV)           :   -35.1429199558972     
 virtMO cut-off (eV)           :    13.5639810918550     
 perturbation thr              :   1.000000000000000E-004
 triplet                       :  F
 MOs in TDA :          168
 oMOs in TDA:           66
 vMOs in TDA:          102
 sorting MOs ...
 reading and transforming R..V..L AO ints ...
 ints done.
 S^1/2 ...
 S^1/2 orthogonalized MO coefficients done.

 SCF atom population (using active MOs):
  3.826  4.071  3.861  3.865  3.116  5.533  3.844  3.239  3.818  5.044
  3.375  3.866  3.886  3.948  3.910  3.877  3.391  5.147  3.813  3.814
  3.770  3.884  3.878  3.902  3.947  3.982  3.882  5.104  1.032  1.000
  1.001  1.003  1.005  1.008  0.959  0.945  0.947  0.952  0.940  0.977
  0.981  0.953  0.755  0.982  0.973  0.991  0.985  0.998  1.020
 
 # electrons in TDA: 132.000
 
 
 ax(DF)   :   0.500000000000000     
 s^K      :    2.00000000000000     
 beta  (J):    4.00000000000000     
 alpha (K):    2.00000000000000     
 
 hardness table read.
 setting up gammas ...
 memory needed for q data (Mb)                      3
 computing q(ij,n) ...
 
         168 CSF included by energy.
 
        6564 considered in PT2.
 ordered frontier orbitals
         eV     # centers
  56   -18.450    25.9
  57   -18.170    24.5
  58   -17.599     9.4
  59   -17.158     4.0
  60   -16.937     8.2
  61   -16.303     9.0
  62   -16.251     6.1
  63   -15.923    16.6
  64   -15.836    14.0
  65   -14.939    10.8
  66   -14.436     9.7
 
  67    -7.143    10.6
  68    -6.640    10.8
  69    -5.888     5.0
  70    -5.843     4.8
  71    -5.654     7.8
  72    -5.130    20.3
  73    -4.865    12.7
  74    -4.668    22.4
  75    -4.501    15.1
  76    -4.386    13.5
  77    -4.084    20.7
 
             lowest CSF states
       eV     nm      excitation i->a               eV
    1  4.15   298.5       66 ->  67     gap,J,K:   7.293   3.868   0.363   Kshft:   0.003  locality: 0.956
    2  4.67   265.4       65 ->  67     gap,J,K:   7.796   3.746   0.309   Kshft:   0.005  locality: 0.957
    3  4.71   263.0       66 ->  68     gap,J,K:   7.795   3.821   0.369   Kshft:   0.003  locality: 0.959
    4  5.50   225.6       66 ->  71     gap,J,K:   8.782   4.212   0.462   Kshft:   0.001  locality: 0.981
    5  5.53   224.1       65 ->  68     gap,J,K:   8.298   3.736   0.485   Kshft:   0.001  locality: 0.970
    6  5.57   222.6       63 ->  67     gap,J,K:   8.780   3.593   0.145   Kshft:   0.092  locality: 0.938
    7  5.62   220.6       64 ->  67     gap,J,K:   8.693   3.547   0.227   Kshft:   0.018  locality: 0.930
    8  5.76   215.2       66 ->  70     gap,J,K:   8.593   3.353   0.010   Kshft:   0.500  locality: 0.729
    9  5.80   213.7       66 ->  69     gap,J,K:   8.548   3.266   0.010   Kshft:   0.500  locality: 0.694
   10  6.10   203.4       61 ->  67     gap,J,K:   9.160   3.631   0.057   Kshft:   0.454  locality: 0.892
   11  6.11   202.9       65 ->  71     gap,J,K:   9.284   4.107   0.467   Kshft:   0.001  locality: 0.989
   12  6.14   201.9       62 ->  67     gap,J,K:   9.108   3.499   0.074   Kshft:   0.385  locality: 0.830
   13  6.16   201.3       64 ->  68     gap,J,K:   9.196   3.426   0.163   Kshft:   0.062  locality: 0.912
   14  6.24   198.6       63 ->  68     gap,J,K:   9.282   3.459   0.111   Kshft:   0.199  locality: 0.917
   15  6.28   197.4       62 ->  69     gap,J,K:  10.362   4.597   0.007   Kshft:   0.500  locality: 0.939
   16  6.32   196.0       62 ->  70     gap,J,K:  10.408   4.599   0.008   Kshft:   0.500  locality: 0.960
   17  6.47   191.8       60 ->  67     gap,J,K:   9.794   3.782   0.215   Kshft:   0.022  locality: 0.904
   18  6.51   190.3       63 ->  69     gap,J,K:  10.035   3.938   0.191   Kshft:   0.035  locality: 0.885
   19  6.53   189.9       66 ->  73     gap,J,K:   9.570   3.544   0.002   Kshft:   0.500  locality: 0.853
   20  6.53   189.8       66 ->  75     gap,J,K:   9.935   3.899   0.241   Kshft:   0.014  locality: 0.968
   21  6.58   188.3       65 ->  70     gap,J,K:   9.096   3.043   0.016   Kshft:   0.500  locality: 0.684
   22  6.62   187.4       65 ->  69     gap,J,K:   9.050   2.959   0.013   Kshft:   0.500  locality: 0.651
   23  6.62   187.3       63 ->  70     gap,J,K:  10.080   3.954   0.239   Kshft:   0.015  locality: 0.908
   24  6.62   187.3       64 ->  69     gap,J,K:   9.948   4.038   0.353   Kshft:   0.003  locality: 0.911
   25  6.78   182.8       61 ->  68     gap,J,K:   9.663   3.450   0.041   Kshft:   0.486  locality: 0.861
 
 selecting CSF ...
 average/max PT2 energy lowering (eV):     0.028     0.236
        1093 CSF included by PT.
        1261 CSF in total.
 sTD-DFT procedure...
 setting up A+B and A-B matrices
  calculating (A-B)^0.5 ...
 estimated time (min)     0.08
  calculating (A+B)*(A-B)^0.5 ...
 calculate eigenvalues of (A-B)^0.5*(A+B)*(A-B)^0.5 ...
  rpa vectors ok
  179 roots found, lowest/highest eigenvalue :    3.643   9.999   0
 writing spectral data to tda.dat ...
 
 excitation energies, transition moments and TDA amplitudes
 state    eV      nm       fL         Rv
    1    3.643   340.3     0.0353   -35.1440     0.86(  66->  67)  0.05(  65->  68)  0.03(  65->  67)
    2    3.862   321.1     0.0376    -0.5625     0.50(  65->  67)  0.24(  66->  71)  0.12(  65->  68)
    3    4.187   296.1     0.0463    45.4864     0.22(  63->  67)  0.16(  61->  67)  0.11(  61->  68)
    4    4.236   292.7     0.3209    -7.0295     0.70(  66->  68)  0.09(  65->  67)  0.04(  61->  67)
    5    4.915   252.3     0.0422    32.6597     0.25(  66->  71)  0.19(  64->  67)  0.19(  65->  67)
    6    5.045   245.8     0.0731    -0.5245     0.24(  62->  69)  0.15(  66->  69)  0.14(  63->  69)
    7    5.131   241.6     0.0117     0.7661     0.21(  62->  70)  0.21(  66->  70)  0.16(  63->  70)
    8    5.219   237.6     0.1845   -12.9665     0.53(  65->  68)  0.06(  65->  71)  0.04(  62->  70)
    9    5.272   235.2     0.0466    -1.8347     0.33(  64->  69)  0.25(  59->  70)  0.17(  63->  69)
   10    5.475   226.5     0.3319    -5.4023     0.30(  65->  71)  0.23(  66->  71)  0.16(  64->  67)
   11    5.616   220.8     0.1292    -5.7686     0.40(  64->  67)  0.20(  65->  71)  0.06(  61->  67)
   12    5.681   218.2     0.0298    -2.8909     0.29(  66->  70)  0.16(  63->  67)  0.15(  66->  69)
   13    5.748   215.7     0.0067     6.2342     0.43(  66->  73)  0.30(  65->  73)  0.03(  66->  74)
   14    5.824   212.9     0.3318    18.8590     0.32(  63->  67)  0.14(  66->  70)  0.12(  61->  67)
   15    5.869   211.3     0.0158    11.7457     0.56(  66->  69)  0.12(  66->  70)  0.11(  62->  69)
   16    5.929   209.1     0.1442    -4.1843     0.32(  66->  75)  0.31(  60->  67)  0.08(  60->  68)
   17    6.019   206.0     0.1224   -21.0733     0.53(  64->  68)  0.09(  63->  68)  0.07(  66->  71)
   18    6.173   200.9     0.0816    46.0669     0.17(  66->  75)  0.14(  64->  70)  0.13(  60->  67)
   19    6.187   200.4     0.1353     8.0124     0.48(  62->  67)  0.11(  61->  67)  0.04(  66->  72)
   20    6.208   199.7     0.0184    -5.6861     0.23(  66->  76)  0.22(  66->  72)  0.09(  62->  67)
   21    6.265   197.9     0.0867   -12.5648     0.25(  64->  70)  0.11(  65->  75)  0.10(  65->  71)
   22    6.316   196.3     0.0188   -39.9439     0.24(  63->  68)  0.16(  64->  68)  0.12(  64->  70)
   23    6.395   193.9     0.0036     0.1476     0.15(  66->  72)  0.14(  65->  72)  0.12(  66->  76)
   24    6.474   191.5     0.0098    -1.8642     0.22(  63->  68)  0.18(  60->  68)  0.09(  66->  75)
   25    6.511   190.4     0.0242     4.9332     0.42(  65->  70)  0.18(  65->  69)  0.07(  63->  70)
   26    6.598   187.9     0.0024     1.2325     0.19(  65->  73)  0.13(  66->  76)  0.12(  65->  76)
   27    6.613   187.5     0.0082   -10.6402     0.48(  65->  69)  0.12(  65->  70)  0.04(  65->  73)
   28    6.742   183.9     0.0734   -28.0410     0.27(  66->  74)  0.07(  66->  75)  0.04(  62->  68)
   29    6.791   182.6     0.0827    20.9410     0.40(  64->  71)  0.16(  58->  67)  0.16(  63->  71)
   30    6.819   181.8     0.0196   -20.2275     0.46(  62->  68)  0.07(  61->  70)  0.04(  62->  67)
   31    6.835   181.4     0.0083    23.4242     0.23(  65->  76)  0.16(  66->  76)  0.07(  66->  81)
   32    6.865   180.6     0.0043     4.2720     0.12(  64->  74)  0.09(  61->  70)  0.08(  63->  74)
   33    6.888   180.0     0.0019    -4.3818     0.13(  64->  74)  0.09(  61->  70)  0.07(  61->  68)
   34    6.933   178.8     0.1299     3.7625     0.26(  58->  67)  0.17(  65->  75)  0.10(  64->  71)
   35    7.051   175.8     0.0167   -14.9109     0.34(  60->  68)  0.09(  60->  67)  0.06(  64->  71)
   36    7.060   175.6     0.0136   -14.6920     0.16(  66->  80)  0.14(  66->  77)  0.08(  66->  81)
   37    7.075   175.2     0.0343    25.9525     0.21(  64->  70)  0.18(  61->  70)  0.11(  65->  70)
   38    7.104   174.5     0.0100     0.8595     0.26(  64->  69)  0.26(  61->  69)  0.10(  62->  70)
   39    7.170   172.9     0.0134     6.3300     0.12(  63->  70)  0.11(  62->  70)  0.05(  61->  68)
   40    7.180   172.7     0.0784   -20.3276     0.06(  63->  70)  0.05(  62->  74)  0.05(  65->  76)
   41    7.204   172.1     0.0299   -21.4635     0.13(  66->  81)  0.09(  62->  74)  0.05(  65->  80)
   42    7.242   171.2     0.0078     1.3647     0.32(  63->  69)  0.27(  62->  69)  0.07(  64->  69)
   43    7.269   170.6     0.0142    29.5967     0.17(  61->  72)  0.14(  63->  72)  0.11(  61->  68)
   44    7.298   169.9     0.0167    21.8887     0.42(  63->  71)  0.22(  64->  71)  0.04(  61->  72)
   45    7.349   168.7     0.0135   -23.1786     0.35(  57->  67)  0.14(  56->  67)  0.07(  56->  68)
   46    7.374   168.1     0.2876   -32.7512     0.36(  59->  69)  0.11(  61->  70)  0.04(  66->  84)
   47    7.429   166.9     0.1339    10.0820     0.41(  59->  67)  0.15(  56->  67)  0.06(  57->  68)
   48    7.467   166.0     0.1670    42.3759     0.21(  59->  69)  0.09(  56->  67)  0.06(  57->  68)
   49    7.474   165.9     0.0020     0.7166     0.22(  66->  78)  0.12(  65->  78)  0.05(  64->  76)
   50    7.525   164.8     0.3044     0.6006     0.12(  59->  70)  0.08(  60->  71)  0.06(  61->  69)
   51    7.540   164.4     0.0216   -18.0660     0.22(  59->  67)  0.15(  57->  68)  0.08(  59->  68)
   52    7.579   163.6     0.3584    -9.6547     0.28(  59->  70)  0.12(  60->  71)  0.08(  61->  69)
   53    7.627   162.6     0.0258   -35.4282     0.16(  66->  72)  0.11(  65->  72)  0.09(  65->  74)
   54    7.655   162.0     0.0806   -21.0955     0.18(  58->  68)  0.13(  58->  71)  0.06(  58->  67)
   55    7.684   161.4     0.0429    28.1658     0.08(  55->  67)  0.08(  60->  71)  0.06(  59->  70)
   56    7.708   160.9     0.0509   -25.2679     0.19(  55->  67)  0.09(  55->  68)  0.06(  56->  67)
   57    7.730   160.4     0.0242    -8.2838     0.14(  60->  71)  0.11(  65->  74)  0.06(  66->  72)
   58    7.810   158.7     0.0032    -1.3272     0.11(  66->  80)  0.09(  65->  80)  0.08(  66->  78)
   59    7.839   158.2     0.0011    12.7110     0.27(  59->  74)  0.08(  59->  75)  0.07(  59->  72)
   60    7.853   157.9     0.0152     7.4542     0.09(  55->  67)  0.07(  61->  77)  0.07(  56->  68)
   61    7.866   157.6     0.0238    -8.5497     0.22(  62->  71)  0.08(  58->  68)  0.05(  66->  85)
   62    7.926   156.4     0.0403    -0.4778     0.10(  66->  83)  0.09(  66->  87)  0.09(  66->  88)
   63    7.963   155.7     0.0123     6.6484     0.24(  62->  71)  0.06(  66->  82)  0.05(  65->  82)
   64    7.984   155.3     0.0064     5.4447     0.21(  56->  68)  0.11(  62->  71)  0.07(  61->  71)
   65    8.036   154.3     0.0200    14.2684     0.22(  54->  67)  0.20(  58->  71)  0.13(  54->  68)
   66    8.056   153.9     0.0257     0.4437     0.09(  59->  74)  0.07(  66->  84)  0.05(  64->  79)
   67    8.069   153.7     0.0149    -9.4021     0.10(  66->  84)  0.05(  65->  74)  0.04(  65->  81)
   68    8.126   152.6     0.0036   -11.4903     0.11(  66->  79)  0.08(  65->  73)  0.07(  60->  73)
   69    8.158   152.0     0.0112   -11.7417     0.08(  64->  72)  0.07(  63->  72)  0.05(  60->  73)
   70    8.177   151.6     0.0545    14.0083     0.15(  58->  71)  0.13(  59->  68)  0.08(  54->  67)
   71    8.187   151.4     0.0032     6.1199     0.46(  59->  68)  0.04(  59->  67)  0.04(  64->  75)
   72    8.198   151.2     0.0140     5.3024     0.16(  59->  68)  0.07(  64->  75)  0.05(  66->  91)
   73    8.253   150.2     0.0193     3.3184     0.09(  65->  83)  0.06(  65->  89)  0.04(  65->  85)
   74    8.259   150.1     0.0406   -12.7366     0.11(  60->  70)  0.07(  65->  82)  0.07(  60->  69)
   75    8.272   149.9     0.0743     7.9409     0.41(  60->  70)  0.20(  60->  69)  0.03(  65->  82)
   76    8.344   148.6     0.0621   -38.7152     0.07(  62->  72)  0.07(  66->  83)  0.05(  64->  75)
   77    8.353   148.4     0.0178     0.1288     0.29(  61->  71)  0.14(  57->  71)  0.07(  57->  68)
   78    8.396   147.7     0.0230    -5.0509     0.40(  60->  69)  0.23(  60->  70)  0.06(  52->  69)
   79    8.403   147.6     0.0027     2.2064     0.11(  65->  72)  0.10(  60->  69)  0.08(  64->  72)
   80    8.419   147.3     0.0288     6.1686     0.12(  65->  84)  0.08(  58->  71)  0.05(  66->  84)
   81    8.446   146.8     0.0338    23.0086     0.06(  63->  81)  0.05(  66->  86)  0.05(  63->  77)
   82    8.452   146.7     0.0050     8.4692     0.06(  66->  86)  0.05(  64->  77)  0.05(  62->  80)
   83    8.482   146.2     0.0573   -20.2034     0.09(  53->  67)  0.09(  61->  71)  0.08(  60->  75)
   84    8.493   146.0     0.1722     6.5898     0.18(  60->  75)  0.17(  61->  71)  0.09(  58->  71)
   85    8.510   145.7     0.0070     6.9540     0.13(  63->  72)  0.07(  61->  80)  0.06(  63->  78)
   86    8.538   145.2     0.0003    -7.9758     0.11(  60->  73)  0.10(  60->  76)  0.07(  66->  84)
   87    8.567   144.7     0.0080    -3.9535     0.18(  66->  91)  0.04(  51->  67)  0.04(  58->  75)
   88    8.596   144.2     0.0045     1.1186     0.11(  63->  75)  0.10(  64->  75)  0.04(  57->  71)
   89    8.607   144.0     0.0080     2.7198     0.16(  53->  67)  0.12(  53->  68)  0.12(  57->  71)
   90    8.622   143.8     0.0109    -4.9180     0.10(  66->  87)  0.05(  65->  87)  0.05(  64->  85)
   91    8.628   143.7     0.0096     3.1930     0.08(  62->  72)  0.07(  64->  84)  0.04(  66->  88)
   92    8.648   143.4     0.0062     0.2418     0.10(  61->  72)  0.07(  63->  75)  0.04(  61->  78)
   93    8.690   142.7     0.0041   -16.1569     0.08(  52->  69)  0.05(  60->  76)  0.04(  52->  67)
   94    8.695   142.6     0.0076     1.5517     0.14(  52->  69)  0.05(  52->  67)  0.05(  57->  69)
   95    8.714   142.3     0.0039    -7.5246     0.05(  60->  76)  0.05(  66->  77)  0.05(  63->  74)
   96    8.729   142.0     0.0024   -12.7230     0.07(  61->  78)  0.06(  63->  74)  0.04(  61->  72)
   97    8.755   141.6     0.0152   -11.5072     0.07(  51->  68)  0.05(  49->  67)  0.05(  66->  89)
   98    8.780   141.2     0.0090     2.6689     0.03(  66->  86)  0.03(  52->  70)  0.03(  65->  86)
   99    8.794   141.0     0.0089    -4.4067     0.23(  52->  70)  0.09(  57->  70)  0.07(  56->  70)
  100    8.803   140.9     0.0198    13.9027     0.10(  50->  67)  0.05(  57->  71)  0.04(  63->  75)
  101    8.823   140.5     0.0102     7.9870     0.06(  64->  76)  0.05(  63->  76)  0.04(  66->  88)
  102    8.846   140.2     0.0029     7.1025     0.10(  66->  88)  0.06(  65->  85)  0.05(  65->  91)
  103    8.864   139.9     0.0488    -5.1755     0.08(  66->  91)  0.08(  51->  67)  0.06(  65->  91)
  104    8.875   139.7     0.0011     4.7154     0.09(  61->  74)  0.08(  62->  75)  0.04(  61->  83)
  105    8.906   139.2     0.0006    -6.1865     0.08(  62->  75)  0.08(  62->  74)  0.04(  51->  67)
  106    8.952   138.5     0.0139     2.5516     0.10(  62->  75)  0.08(  65->  91)  0.06(  49->  68)
  107    8.960   138.4     0.0271     1.5154     0.09(  51->  67)  0.09(  56->  71)  0.06(  49->  67)
  108    8.983   138.0     0.0024    -3.1770     0.06(  65->  77)  0.05(  66->  90)  0.05(  64->  74)
  109    8.997   137.8     0.0061   -10.0565     0.18(  56->  71)  0.06(  62->  75)  0.06(  57->  71)
  110    9.009   137.6     0.0042     4.6528     0.04(  61->  77)  0.03(  61->  74)  0.03(  59->  79)
  111    9.030   137.3     0.0154    10.1809     0.12(  55->  72)  0.10(  49->  67)  0.04(  49->  68)
  112    9.040   137.2     0.0352     4.1862     0.15(  55->  72)  0.04(  49->  67)  0.03(  61->  75)
  113    9.068   136.7     0.0307    33.6778     0.35(  55->  72)  0.08(  57->  72)  0.03(  64->  77)
  114    9.073   136.6     0.0022    11.1410     0.04(  65->  91)  0.03(  64->  74)  0.03(  59->  79)
  115    9.085   136.5     0.0031    -1.4832     0.06(  56->  68)  0.05(  66->  90)  0.04(  62->  72)
  116    9.090   136.4     0.0097    29.2280     0.08(  56->  68)  0.05(  51->  68)  0.04(  47->  67)
  117    9.131   135.8     0.0001    -3.5424     0.09(  64->  73)  0.05(  57->  73)  0.05(  63->  73)
  118    9.152   135.5     0.0176   -10.2814     0.07(  47->  68)  0.06(  47->  67)  0.05(  66->  90)
  119    9.160   135.3     0.0030     6.2848     0.05(  60->  76)  0.04(  60->  73)  0.03(  60->  81)
  120    9.179   135.1     0.0138   -20.0599     0.07(  62->  73)  0.05(  65->  91)  0.03(  52->  67)
  121    9.189   134.9     0.0028    -7.6912     0.06(  54->  72)  0.06(  65->  88)  0.03(  60->  73)
  122    9.204   134.7     0.0136   -26.7254     0.07(  54->  72)  0.05(  62->  72)  0.04(  62->  85)
  123    9.231   134.3     0.0200    31.3189     0.09(  62->  77)  0.04(  62->  86)  0.04(  66->  95)
  124    9.250   134.0     0.0158    19.8236     0.10(  59->  71)  0.05(  60->  76)  0.04(  54->  72)
  125    9.261   133.9     0.0011    59.2250     0.30(  59->  71)  0.09(  52->  67)  0.06(  54->  72)
  126    9.268   133.8     0.0114    25.0241     0.33(  59->  71)  0.09(  54->  72)  0.08(  52->  67)
  127    9.272   133.7     0.0160   -40.9759     0.24(  54->  72)  0.07(  52->  67)  0.04(  64->  76)
  128    9.306   133.2     0.0097     0.3938     0.10(  63->  76)  0.07(  64->  76)  0.05(  61->  74)
  129    9.325   133.0     0.0122    -5.8778     0.10(  58->  75)  0.04(  50->  67)  0.03(  61->  74)
  130    9.343   132.7     0.0075     0.2517     0.09(  58->  75)  0.03(  66->  92)  0.03(  62->  75)
  131    9.363   132.4     0.0373    13.1194     0.08(  61->  81)  0.06(  58->  75)  0.05(  61->  84)
  132    9.388   132.1     0.0056    32.3845     0.07(  63->  73)  0.06(  62->  74)  0.03(  45->  69)
  133    9.413   131.7     0.0083   -45.1500     0.09(  45->  69)  0.08(  44->  69)  0.06(  62->  96)
  134    9.424   131.6     0.0076   -14.1648     0.06(  63->  77)  0.06(  66->  93)  0.05(  65->  80)
  135    9.442   131.3     0.0185     9.9674     0.05(  64->  88)  0.04(  65->  95)  0.03(  64->  81)
  136    9.449   131.2     0.0149     5.4737     0.09(  66->  92)  0.06(  65->  92)  0.05(  65->  79)
  137    9.459   131.1     0.0087     5.4429     0.07(  61->  74)  0.06(  61->  75)  0.04(  63->  76)
  138    9.463   131.0     0.0080     7.7456     0.09(  64->  77)  0.04(  64->  82)  0.04(  64->  76)
  139    9.481   130.8     0.0089    -3.5426     0.23(  58->  70)  0.08(  57->  70)  0.07(  58->  69)
  140    9.492   130.6     0.0080     0.2478     0.06(  61->  85)  0.05(  61->  75)  0.04(  61->  87)
  141    9.529   130.1     0.0111    -6.7179     0.32(  58->  70)  0.05(  56->  70)  0.05(  44->  70)
  142    9.530   130.1     0.0090   -11.8919     0.05(  53->  72)  0.04(  64->  73)  0.04(  61->  84)
  143    9.539   130.0     0.0185    -3.2533     0.05(  63->  80)  0.05(  61->  77)  0.03(  57->  69)
  144    9.550   129.8     0.0108    -8.7061     0.45(  58->  69)  0.08(  57->  70)  0.05(  58->  70)
  145    9.562   129.7     0.0094    -8.9034     0.09(  58->  69)  0.06(  65->  83)  0.04(  66->  83)
  146    9.584   129.4     0.0129    38.7502     0.23(  53->  72)  0.15(  56->  72)  0.04(  55->  72)
  147    9.595   129.2     0.0067     3.1315     0.11(  58->  69)  0.04(  63->  82)  0.03(  57->  73)
  148    9.612   129.0     0.0126     2.2422     0.04(  61->  73)  0.04(  65->  83)  0.03(  59->  72)
  149    9.628   128.8     0.0113    -3.4939     0.11(  57->  69)  0.09(  44->  70)  0.08(  57->  70)
  150    9.636   128.7     0.0043    -1.3148     0.11(  48->  67)  0.08(  50->  67)  0.06(  48->  68)
  151    9.655   128.4     0.0136   -10.7856     0.11(  61->  75)  0.10(  48->  67)  0.03(  48->  68)
  152    9.670   128.2     0.0101     1.8836     0.04(  56->  70)  0.03(  57->  69)  0.03(  66->  94)
  153    9.681   128.1     0.0076    -7.1578     0.08(  62->  76)  0.04(  61->  76)  0.03(  66->  94)
  154    9.685   128.0     0.0221     6.4865     0.04(  59->  84)  0.04(  59->  85)  0.03(  59->  89)
  155    9.690   128.0     0.0094    11.0675     0.05(  62->  77)  0.05(  66->  93)  0.03(  56->  70)
  156    9.698   127.8     0.0019    -1.9974     0.11(  57->  69)  0.09(  62->  76)  0.06(  57->  70)
  157    9.717   127.6     0.0062    -9.0991     0.04(  59->  72)  0.03(  57->  69)  0.02(  63->  82)
  158    9.731   127.4     0.0009    -7.6182     0.08(  61->  75)  0.03(  58->  75)  0.03(  51->  68)
  159    9.736   127.3     0.0021     6.6331     0.15(  59->  72)  0.07(  59->  86)  0.03(  59->  83)
  160    9.738   127.3     0.0013     0.7936     0.04(  56->  69)  0.04(  66->  94)  0.04(  58->  73)
  161    9.756   127.1     0.0034     4.4931     0.09(  60->  74)  0.09(  66->  96)  0.02(  66->  97)
  162    9.762   127.0     0.0077     3.3821     0.04(  56->  69)  0.04(  48->  67)  0.03(  60->  74)
  163    9.783   126.7     0.0033   -38.8341     0.06(  61->  75)  0.06(  45->  67)  0.03(  57->  75)
  164    9.804   126.5     0.0055   -11.9477     0.09(  51->  71)  0.05(  61->  76)  0.03(  49->  71)
  165    9.821   126.3     0.0048    -1.8475     0.05(  51->  71)  0.03(  66->  93)  0.03(  65->  84)
  166    9.839   126.0     0.0077     1.0528     0.04(  63->  79)  0.04(  65->  83)  0.03(  51->  71)
  167    9.845   125.9     0.0027     1.8613     0.05(  55->  68)  0.04(  55->  67)  0.03(  45->  67)
  168    9.854   125.8     0.0037    -7.3665     0.05(  55->  68)  0.04(  55->  67)  0.03(  43->  67)
  169    9.878   125.5     0.0079    -2.7515     0.07(  64->  82)  0.05(  60->  74)  0.04(  65->  86)
  170    9.885   125.4     0.0052    -6.4317     0.04(  66->  87)  0.03(  64->  83)  0.03(  65->  85)
  171    9.889   125.4     0.0120     1.8069     0.09(  57->  76)  0.04(  58->  76)  0.03(  57->  73)
  172    9.930   124.9     0.0195    -6.5090     0.08(  57->  76)  0.05(  66->  94)  0.04(  66->  99)
  173    9.937   124.8     0.0078     7.6144     0.07(  39->  67)  0.06(  45->  70)  0.04(  41->  67)
  174    9.946   124.7     0.0091     6.5348     0.04(  57->  76)  0.03(  66->  88)  0.03(  60->  74)
  175    9.962   124.5     0.0132     2.5625     0.10(  58->  76)  0.04(  66->  92)  0.04(  66->  95)
  176    9.979   124.2     0.0005    -7.8729     0.10(  45->  70)  0.09(  40->  67)  0.06(  41->  68)
  177    9.989   124.1     0.0133    -7.5591     0.05(  60->  81)  0.05(  65->  85)  0.05(  66->  85)
  178    9.993   124.1     0.0064    22.7349     0.13(  55->  68)  0.07(  46->  67)  0.06(  55->  67)
  179    9.999   124.0     0.0424   -12.1732     0.11(  45->  70)  0.08(  40->  67)  0.07(  46->  67)

  alpha tensor

           1         2         3
 
    1 145.24493
    2 -17.28873 126.86604
    3  14.66359   8.20045  47.97098
 trace alpha_L[0] / au:   106.693982242539     
 sum rule f_L           6.12055715970515     
 
 SOS specific optical rotation 
 including Lorentz factor for common solvent (n=1.4)
 lambda [eV] alpha[grad*cm^3*g^-1*dm^-1]
 632.8  1.96     -134.73
 589.3  2.10     -170.59        0.00 ##
 579.0  2.14     -181.50
 546.0  2.27     -225.95
 436.0  2.84     -712.76
 365.0  3.40    -5110.14
 
 sTD-DFT done.
Mon 21 Mar 14:07:18 GMT 2022
