Mon 21 Mar 14:21:29 GMT 2022


                 *********************************************
                 *                                           *
                 *               s  T  D  A                  *
                 *                                           *
                 *                S. Grimme                  *
                 * Mulliken Center for Theoretical Chemistry *
                 *             Universitaet Bonn             *
                 *              Version 1.6.2                *
                 *       Tue Sep 10 14:44:30 CET 2020        *
                 *********************************************
 
 Please cite as:
 S. Grimme, J. Chem. Phys. 138 (2013) 244104
 
 With contributions from:
 C. Bannwarth, P. Shushkov, M. de Wergifosse
 
======================================================================
 
 reading an xTB output...
 
 reading: wfn.xtb
======================================================================
                    M O / A O    I N P U T 
======================================================================
atom  #          x             y             z            charge
  F   1      5.35548334    4.26378866    3.64206882         9.00
  B   2      5.27743766    3.51356746    1.15500050         5.00
  F   3      5.42729293    5.57601436   -0.42783395         9.00
  O   4      7.29642086    1.76878349    0.62417648         8.00
  C   5      6.97951382   -0.52798943   -0.26588444         6.00
  C   6      9.12151818   -1.99687341   -0.80388942         6.00
  C   7      8.86621621   -4.41345495   -1.71738294         6.00
  C   8      6.47816953   -5.46149697   -2.12083943         6.00
  C   9      4.35751907   -4.06291079   -1.60475528         6.00
  C  10      4.56765659   -1.58415726   -0.68275799         6.00
  C  11      2.34193737   -0.12377705   -0.14343020         6.00
  N  12      0.11754095   -1.28936002   -0.46222697         7.00
  C  13     -1.99857416   -0.09240760   -0.02022007         6.00
  C  14     -4.31651201   -1.59379487   -0.24906588         6.00
  C  15     -4.58334132   -3.23332110   -2.29280449         6.00
  C  16     -6.73951863   -4.68425268   -2.54111448         6.00
  C  17     -8.63000047   -4.54781447   -0.73396956         6.00
  C  18     -8.34975411   -2.96611385    1.33320166         6.00
  C  19     -6.20850563   -1.48834816    1.57999987         6.00
  C  20     -2.00329848    2.52051647    0.64609730         6.00
  C  21     -4.20161668    3.99903805    0.84470750         6.00
  C  22     -4.04382456    6.47892542    1.56752767         6.00
  C  23     -1.68714733    7.55096695    2.10780032         6.00
  C  24      0.49869868    6.18204947    1.85382116         6.00
  C  25      0.39570861    3.64736005    1.07166359         6.00
  N  26      2.53922476    2.25406511    0.69182867         7.00
  H  27     10.95341852   -1.16671680   -0.47753375         1.00
  H  28     10.53352141   -5.51799977   -2.12461888         1.00
  H  29      6.30885008   -7.36501791   -2.83175434         1.00
  H  30      2.48725729   -4.82163576   -1.88462369         1.00
  H  31     -3.09385932   -3.32516178   -3.68213101         1.00
  H  32     -6.94493184   -5.93241667   -4.14209031         1.00
  H  33    -10.31185656   -5.68694127   -0.92539880         1.00
  H  34     -9.80295336   -2.88655639    2.76353523         1.00
  H  35     -5.96756558   -0.30500177    3.22576220         1.00
  H  36     -6.00271448    3.15924384    0.38644896         1.00
  H  37     -5.73210572    7.61389482    1.71719397         1.00
  H  38     -1.58491315    9.49965235    2.70060735         1.00
  H  39      2.29960751    7.04659909    2.22307361         1.00

 # atoms          =   39
 # mos            =  185
 # primitive  aos = 1443
 # contracted aos =  273

 spherical AO basis
======================================================================
                    A O   I N T E G R A L S
======================================================================
 memory needed for AO int data:   2 Mb
 done.
  
Restricted MOs found... RKS-sTD-DFT will be performed
  
======================================================================
                    s T D A
======================================================================
 spectral range up to (eV)     :    10.0000000000000     
 occ MO cut-off (eV)           :   -36.7376067605032     
 virtMO cut-off (eV)           :    12.7154323739954     
 perturbation thr              :   1.000000000000000E-004
 triplet                       :  F
 MOs in TDA :          145
 oMOs in TDA:           62
 vMOs in TDA:           83
 sorting MOs ...
 reading and transforming R..V..L AO ints ...
 ints done.
 S^1/2 ...
 S^1/2 orthogonalized MO coefficients done.

 SCF atom population (using active MOs):
  7.032  2.599  7.032  5.519  3.398  3.946  3.951  4.008  3.929  3.989
  3.743  5.132  3.874  4.099  3.957  3.993  3.978  3.993  3.959  4.004
  3.949  3.985  3.967  3.965  3.882  5.122  0.946  0.986  0.990  1.017
  1.001  0.988  0.991  0.987  1.004  1.021  0.985  0.986  1.094
 
 # electrons in TDA: 124.000
 
 
 ax(DF)   :   0.500000000000000     
 s^K      :    2.00000000000000     
 beta  (J):    4.00000000000000     
 alpha (K):    2.00000000000000     
 
 hardness table read.
 setting up gammas ...
 memory needed for q data (Mb)                      2
 computing q(ij,n) ...
 
         144 CSF included by energy.
 
        5002 considered in PT2.
 ordered frontier orbitals
         eV     # centers
  52   -19.193    15.5
  53   -19.060    26.1
  54   -18.961     7.8
  55   -18.219    14.6
  56   -17.497    11.7
  57   -17.194     5.4
  58   -16.764     5.3
  59   -16.729     8.5
  60   -16.543    12.8
  61   -16.053    11.6
  62   -15.285     7.8
 
  63    -8.738     9.2
  64    -7.415    11.7
  65    -6.479     7.8
  66    -6.332     4.6
  67    -5.957     8.1
  68    -5.638     5.5
  69    -5.529    20.4
  70    -5.173    14.4
  71    -5.075    23.9
  72    -4.926    22.6
  73    -4.380    21.3
 
             lowest CSF states
       eV     nm      excitation i->a               eV
    1  3.59   345.6       62 ->  63     gap,J,K:   6.547   3.461   0.244   Kshft:   0.014  locality: 0.790
    2  4.39   282.2       61 ->  63     gap,J,K:   7.315   3.665   0.370   Kshft:   0.003  locality: 0.942
    3  4.56   272.2       57 ->  63     gap,J,K:   8.456   4.457   0.030   Kshft:   0.496  locality: 0.986
    4  4.65   266.3       60 ->  63     gap,J,K:   7.806   3.601   0.214   Kshft:   0.023  locality: 0.943
    5  4.70   264.0       62 ->  64     gap,J,K:   7.869   3.767   0.294   Kshft:   0.007  locality: 0.875
    6  4.75   261.1       59 ->  63     gap,J,K:   7.992   3.660   0.191   Kshft:   0.035  locality: 0.884
    7  5.07   244.6       58 ->  63     gap,J,K:   8.027   3.385   0.108   Kshft:   0.211  locality: 0.755
    8  5.52   224.7       61 ->  64     gap,J,K:   8.637   3.738   0.306   Kshft:   0.006  locality: 0.977
    9  5.72   216.6       56 ->  63     gap,J,K:   8.759   3.856   0.410   Kshft:   0.002  locality: 0.975
   10  6.00   206.7       57 ->  64     gap,J,K:   9.779   4.326   0.024   Kshft:   0.498  locality: 0.973
   11  6.21   199.6       60 ->  64     gap,J,K:   9.128   3.637   0.358   Kshft:   0.003  locality: 0.968
   12  6.30   196.7       55 ->  63     gap,J,K:   9.481   3.686   0.003   Kshft:   0.500  locality: 0.867
   13  6.37   194.5       59 ->  64     gap,J,K:   9.314   3.328   0.131   Kshft:   0.126  locality: 0.817
   14  6.48   191.3       62 ->  67     gap,J,K:   9.327   3.467   0.307   Kshft:   0.006  locality: 0.819
   15  6.56   188.9       62 ->  68     gap,J,K:   9.646   4.546   0.731   Kshft:   0.000  locality: 0.991
   16  6.90   179.7       58 ->  64     gap,J,K:   9.349   3.017   0.054   Kshft:   0.460  locality: 0.685
   17  6.93   179.0       58 ->  65     gap,J,K:  10.285   4.388   0.515   Kshft:   0.001  locality: 0.978
   18  6.96   178.1       62 ->  65     gap,J,K:   8.805   2.407   0.036   Kshft:   0.492  locality: 0.549
   19  6.97   177.9       61 ->  65     gap,J,K:   9.573   2.991   0.163   Kshft:   0.062  locality: 0.768
   20  7.05   175.9       56 ->  64     gap,J,K:  10.082   3.770   0.367   Kshft:   0.003  locality: 0.970
   21  7.10   174.7       59 ->  65     gap,J,K:  10.250   4.143   0.495   Kshft:   0.001  locality: 1.000
   22  7.13   173.8       59 ->  66     gap,J,K:  10.397   4.271   0.503   Kshft:   0.001  locality: 0.938
   23  7.17   173.0       53 ->  63     gap,J,K:  10.322   3.671   0.008   Kshft:   0.500  locality: 0.956
   24  7.17   173.0       62 ->  70     gap,J,K:  10.112   3.463   0.254   Kshft:   0.012  locality: 0.856
   25  7.24   171.3       58 ->  66     gap,J,K:  10.432   4.916   0.861   Kshft:   0.000  locality: 0.998
 
 selecting CSF ...
 average/max PT2 energy lowering (eV):     0.027     0.157
        1210 CSF included by PT.
        1354 CSF in total.
 sTD-DFT procedure...
 setting up A+B and A-B matrices
  calculating (A-B)^0.5 ...
 estimated time (min)     0.10
  calculating (A+B)*(A-B)^0.5 ...
 calculate eigenvalues of (A-B)^0.5*(A+B)*(A-B)^0.5 ...
  rpa vectors ok
  161 roots found, lowest/highest eigenvalue :    3.196   9.982   0
 writing spectral data to tda.dat ...
 
 excitation energies, transition moments and TDA amplitudes
 state    eV      nm       fL         Rv
    1    3.196   388.0     0.2326     5.2683     0.90(  62->  63)  0.03(  62->  64)  0.02(  62->  67)
    2    3.799   326.4     0.2206   -12.2210     0.74(  61->  63)  0.07(  62->  64)  0.06(  60->  63)
    3    3.984   311.2     0.0331    -5.2096     0.24(  59->  63)  0.20(  57->  63)  0.18(  62->  64)
    4    4.233   292.9     0.0107    10.9187     0.47(  57->  63)  0.23(  62->  64)  0.15(  60->  63)
    5    4.454   278.4     0.5115   -29.5717     0.53(  60->  63)  0.14(  62->  64)  0.09(  59->  63)
    6    4.519   274.4     0.1208    28.1836     0.41(  59->  63)  0.20(  62->  64)  0.13(  57->  63)
    7    4.646   266.9     0.0195    13.5069     0.47(  58->  63)  0.09(  61->  64)  0.07(  58->  65)
    8    4.756   260.7     0.1367   -31.8575     0.24(  61->  64)  0.22(  56->  63)  0.14(  58->  63)
    9    5.354   231.6     0.0514    39.4645     0.21(  60->  64)  0.16(  56->  63)  0.12(  61->  64)
   10    5.533   224.1     0.0885   -78.6436     0.51(  57->  64)  0.14(  56->  63)  0.07(  59->  64)
   11    5.567   222.7     0.0054     6.0515     0.23(  58->  63)  0.18(  58->  65)  0.13(  59->  66)
   12    5.636   220.0     0.3551    33.1104     0.24(  56->  63)  0.14(  60->  64)  0.12(  61->  64)
   13    5.853   211.8     0.1484   -21.7478     0.32(  62->  68)  0.17(  55->  63)  0.12(  61->  64)
   14    5.904   210.0     0.0345   -16.3677     0.54(  55->  63)  0.08(  62->  68)  0.07(  60->  64)
   15    5.930   209.1     0.1336    -5.6519     0.28(  62->  67)  0.14(  62->  68)  0.08(  60->  64)
   16    6.089   203.6     0.0574    50.2157     0.28(  60->  64)  0.16(  59->  64)  0.09(  62->  68)
   17    6.117   202.7     0.0062   -13.6689     0.40(  62->  72)  0.38(  62->  71)  0.05(  61->  72)
   18    6.296   196.9     0.0377    -2.1126     0.26(  58->  66)  0.17(  59->  65)  0.11(  60->  65)
   19    6.424   193.0     0.1295    -3.2216     0.14(  61->  67)  0.11(  61->  68)  0.10(  56->  64)
   20    6.540   189.6     0.1153   -18.7609     0.20(  61->  65)  0.14(  59->  64)  0.13(  62->  65)
   21    6.598   187.9     0.4754   -38.1181     0.34(  56->  64)  0.11(  62->  67)  0.09(  59->  64)
   22    6.703   185.0     0.0097    13.6213     0.22(  61->  69)  0.09(  62->  69)  0.09(  61->  71)
   23    6.706   184.9     0.0040   -25.8241     0.35(  53->  63)  0.19(  55->  64)  0.06(  54->  63)
   24    6.764   183.3     0.0621   -26.3789     0.20(  52->  63)  0.14(  56->  64)  0.10(  60->  65)
   25    6.863   180.7     0.0174     0.5673     0.15(  58->  64)  0.15(  61->  67)  0.10(  62->  65)
   26    6.905   179.6     0.0045    -7.7629     0.47(  58->  64)  0.16(  58->  69)  0.06(  61->  67)
   27    6.947   178.5     0.0349     4.3018     0.30(  59->  69)  0.11(  58->  69)  0.07(  58->  66)
   28    6.957   178.2     0.0135    -6.0739     0.38(  52->  63)  0.08(  51->  63)  0.08(  62->  65)
   29    6.968   177.9     0.0103   -20.0116     0.20(  58->  69)  0.15(  59->  69)  0.09(  60->  69)
   30    6.993   177.3     0.1171   -38.4238     0.15(  59->  65)  0.14(  58->  69)  0.10(  58->  64)
   31    7.040   176.1     0.5230   -92.7765     0.23(  62->  70)  0.16(  62->  65)  0.09(  59->  65)
   32    7.069   175.4     0.0174    94.0852     0.19(  61->  71)  0.18(  60->  72)  0.17(  61->  72)
   33    7.101   174.6     0.5629    73.6405     0.33(  58->  65)  0.18(  59->  66)  0.08(  62->  66)
   34    7.152   173.4     0.0790   -13.8968     0.25(  51->  63)  0.11(  46->  63)  0.09(  62->  66)
   35    7.175   172.8     0.0220    -3.7840     0.33(  54->  63)  0.13(  61->  67)  0.07(  62->  70)
   36    7.214   171.9     0.0728   -39.5879     0.48(  62->  66)  0.06(  60->  66)  0.05(  62->  77)
   37    7.254   170.9     0.0106    77.4929     0.35(  62->  77)  0.16(  62->  75)  0.10(  62->  66)
   38    7.286   170.2     0.0245    16.8251     0.22(  59->  66)  0.13(  60->  66)  0.07(  62->  70)
   39    7.323   169.3     0.2013    10.6291     0.15(  46->  63)  0.09(  54->  63)  0.08(  61->  68)
   40    7.336   169.0     0.0274   -32.3895     0.12(  60->  66)  0.10(  55->  64)  0.07(  57->  67)
   41    7.363   168.4     0.1210   -28.0704     0.19(  60->  65)  0.13(  62->  65)  0.09(  46->  63)
   42    7.379   168.0     0.0547     4.4661     0.24(  57->  65)  0.09(  55->  64)  0.08(  59->  65)
   43    7.416   167.2     0.0133    64.0775     0.14(  55->  64)  0.06(  53->  63)  0.06(  56->  69)
   44    7.444   166.6     0.0420    10.0283     0.07(  53->  64)  0.07(  56->  69)  0.06(  55->  64)
   45    7.523   164.8     0.0309     9.3857     0.18(  50->  63)  0.10(  48->  63)  0.08(  53->  64)
   46    7.547   164.3     0.0597    -9.8280     0.29(  61->  70)  0.10(  61->  65)  0.07(  59->  67)
   47    7.641   162.3     0.0021    -1.1694     0.35(  57->  67)  0.08(  55->  64)  0.06(  62->  80)
   48    7.678   161.5     0.0969    32.8866     0.37(  62->  80)  0.08(  62->  74)  0.07(  57->  67)
   49    7.750   160.0     0.0306   -24.4587     0.22(  42->  63)  0.18(  48->  63)  0.10(  50->  63)
   50    7.785   159.3     0.0036   -13.4299     0.37(  57->  66)  0.09(  61->  66)  0.06(  62->  81)
   51    7.793   159.1     0.0050    -3.5348     0.15(  62->  81)  0.07(  62->  77)  0.07(  62->  69)
   52    7.800   159.0     0.0162    13.1320     0.20(  57->  66)  0.11(  50->  63)  0.10(  48->  63)
   53    7.812   158.7     0.0304    15.9790     0.18(  48->  63)  0.11(  60->  67)  0.08(  59->  67)
   54    7.854   157.9     0.0085    -5.9239     0.40(  47->  63)  0.20(  48->  63)  0.08(  60->  67)
   55    7.865   157.6     0.0010    86.6225     0.16(  61->  74)  0.07(  61->  76)  0.06(  62->  74)
   56    7.878   157.4     0.0026     4.7411     0.37(  61->  66)  0.22(  60->  66)  0.11(  62->  66)
   57    7.881   157.3     0.0065    17.2320     0.36(  47->  63)  0.14(  49->  63)  0.06(  60->  67)
   58    7.944   156.1     0.0436    29.0119     0.36(  43->  63)  0.06(  42->  63)  0.05(  46->  63)
   59    7.974   155.5     0.0015   -64.1532     0.42(  58->  73)  0.08(  58->  71)  0.07(  58->  76)
   60    7.989   155.2     0.0109   -32.8382     0.44(  45->  63)  0.10(  43->  63)  0.07(  54->  64)
   61    8.026   154.5     0.0813    -3.5953     0.25(  60->  68)  0.14(  61->  68)  0.08(  59->  73)
   62    8.046   154.1     0.0069    -8.4445     0.09(  53->  64)  0.09(  59->  73)  0.07(  49->  63)
   63    8.059   153.9     0.0449   -15.0864     0.07(  59->  73)  0.06(  57->  68)  0.06(  60->  73)
   64    8.088   153.3     0.0128    -8.8654     0.30(  56->  65)  0.14(  45->  63)  0.07(  60->  65)
   65    8.118   152.7     0.0585    59.8309     0.28(  60->  70)  0.06(  56->  67)  0.05(  59->  67)
   66    8.147   152.2     0.0055    11.3495     0.16(  62->  69)  0.09(  61->  75)  0.07(  62->  81)
   67    8.150   152.1     0.0024    -2.9471     0.17(  57->  68)  0.11(  55->  68)  0.07(  44->  63)
   68    8.197   151.3     0.0227    -4.6589     0.13(  55->  68)  0.06(  60->  68)  0.05(  57->  68)
   69    8.205   151.1     0.0102   -12.1512     0.25(  44->  63)  0.15(  54->  64)  0.11(  57->  70)
   70    8.248   150.3     0.0128   -20.9343     0.08(  62->  73)  0.06(  61->  73)  0.05(  62->  80)
   71    8.284   149.7     0.0008    12.1010     0.17(  62->  69)  0.08(  60->  77)  0.07(  61->  77)
   72    8.296   149.5     0.0045     3.1162     0.55(  52->  66)  0.30(  51->  66)  0.02(  52->  65)
   73    8.324   149.0     0.0148   -14.7257     0.12(  44->  63)  0.11(  59->  70)  0.06(  57->  70)
   74    8.355   148.4     0.0053   -38.9144     0.08(  58->  67)  0.08(  59->  75)  0.07(  57->  69)
   75    8.372   148.1     0.0078   -40.5924     0.17(  57->  69)  0.09(  59->  75)  0.07(  54->  64)
   76    8.406   147.5     0.0365    12.4481     0.19(  58->  67)  0.18(  58->  70)  0.15(  57->  69)
   77    8.423   147.2     0.0023   -12.9566     0.08(  54->  64)  0.07(  61->  78)  0.07(  62->  78)
   78    8.450   146.7     0.0068    -5.0661     0.14(  56->  67)  0.08(  61->  70)  0.04(  60->  70)
   79    8.475   146.3     0.0013    -3.6096     0.29(  58->  75)  0.11(  58->  72)  0.09(  58->  77)
   80    8.542   145.1     0.0585    22.2168     0.20(  59->  70)  0.09(  57->  69)  0.08(  57->  68)
   81    8.576   144.6     0.0001    21.2328     0.11(  62->  71)  0.10(  62->  72)  0.07(  56->  69)
   82    8.606   144.1     0.0057   -13.5424     0.08(  52->  64)  0.07(  57->  68)  0.07(  61->  78)
   83    8.615   143.9     0.0021    -2.1892     0.10(  57->  69)  0.08(  61->  69)  0.06(  51->  64)
   84    8.650   143.3     0.0021    -4.7495     0.16(  52->  65)  0.08(  57->  68)  0.07(  51->  65)
   85    8.665   143.1     0.0026    -1.7690     0.12(  57->  70)  0.09(  55->  68)  0.09(  52->  65)
   86    8.717   142.2     0.0036     1.9709     0.09(  61->  79)  0.08(  59->  76)  0.05(  59->  74)
   87    8.728   142.1     0.0051     0.9095     0.14(  56->  66)  0.09(  51->  66)  0.06(  50->  66)
   88    8.740   141.9     0.0055    -5.9135     0.07(  50->  64)  0.06(  51->  66)  0.05(  48->  64)
   89    8.772   141.3     0.0018    -1.2179     0.09(  62->  72)  0.07(  61->  81)  0.06(  62->  71)
   90    8.778   141.2     0.0021    11.3088     0.07(  59->  79)  0.06(  60->  74)  0.04(  62->  73)
   91    8.794   141.0     0.0071     2.7672     0.12(  54->  68)  0.07(  61->  80)  0.05(  60->  70)
   92    8.817   140.6     0.0073    -3.8943     0.23(  41->  63)  0.06(  53->  67)  0.04(  44->  64)
   93    8.830   140.4     0.0085    -1.1823     0.12(  58->  79)  0.11(  46->  64)  0.09(  58->  76)
   94    8.831   140.4     0.0343   -17.8091     0.20(  46->  64)  0.06(  61->  80)  0.06(  42->  64)
   95    8.853   140.0     0.0078   -14.8236     0.24(  58->  67)  0.17(  58->  70)  0.11(  50->  66)
   96    8.865   139.9     0.0016     1.0745     0.27(  54->  68)  0.10(  56->  68)  0.09(  61->  80)
   97    8.903   139.3     0.0048     6.8227     0.22(  56->  66)  0.07(  56->  70)  0.05(  50->  66)
   98    8.940   138.7     0.0557    21.3196     0.26(  56->  66)  0.12(  58->  70)  0.07(  58->  67)
   99    8.968   138.3     0.0038   -14.5938     0.07(  57->  71)  0.05(  56->  70)  0.04(  56->  68)
  100    8.970   138.2     0.0040    -7.9489     0.17(  55->  65)  0.16(  53->  65)  0.08(  55->  67)
  101    8.979   138.1     0.0185    25.7899     0.15(  57->  71)  0.05(  57->  73)  0.05(  62->  86)
  102    9.007   137.7     0.0083   -12.2533     0.16(  57->  71)  0.12(  43->  64)  0.05(  50->  64)
  103    9.046   137.1     0.0093     3.0927     0.17(  41->  63)  0.10(  48->  64)  0.06(  57->  74)
  104    9.059   136.9     0.0013    -0.3405     0.09(  62->  84)  0.09(  62->  85)  0.05(  62->  89)
  105    9.086   136.5     0.0046    -4.0965     0.23(  62->  88)  0.11(  62->  86)  0.08(  62->  83)
  106    9.099   136.3     0.0041     6.2478     0.09(  57->  73)  0.08(  57->  74)  0.06(  53->  64)
  107    9.149   135.5     0.0074   -13.8862     0.07(  60->  71)  0.06(  61->  71)  0.05(  56->  70)
  108    9.173   135.2     0.0011     0.3090     0.08(  60->  69)  0.07(  61->  69)  0.06(  59->  78)
  109    9.188   134.9     0.0046    17.9168     0.09(  49->  64)  0.06(  57->  72)  0.06(  55->  72)
  110    9.204   134.7     0.0000    -6.3801     0.14(  57->  72)  0.12(  55->  72)  0.11(  55->  71)
  111    9.216   134.5     0.0057     2.4283     0.06(  56->  70)  0.06(  60->  71)  0.05(  61->  71)
  112    9.248   134.1     0.0056     8.6396     0.25(  51->  64)  0.20(  52->  64)  0.05(  49->  64)
  113    9.264   133.8     0.0071    -9.3847     0.09(  51->  65)  0.05(  46->  66)  0.04(  35->  63)
  114    9.279   133.6     0.0034    -8.4708     0.15(  46->  66)  0.08(  51->  66)  0.07(  42->  66)
  115    9.292   133.4     0.0014    -1.1598     0.07(  35->  63)  0.06(  56->  68)  0.06(  38->  63)
  116    9.303   133.3     0.0008    -3.8190     0.12(  48->  64)  0.08(  55->  67)  0.06(  55->  70)
  117    9.322   133.0     0.0026     5.6708     0.51(  39->  63)  0.05(  61->  72)  0.03(  56->  68)
  118    9.344   132.7     0.0008     3.2339     0.26(  39->  63)  0.08(  61->  72)  0.03(  61->  84)
  119    9.372   132.3     0.0066    -4.9045     0.12(  59->  68)  0.06(  58->  82)  0.05(  58->  71)
  120    9.380   132.2     0.0106     4.5536     0.23(  59->  68)  0.06(  39->  63)  0.05(  56->  68)
  121    9.405   131.8     0.0036    -0.3709     0.09(  58->  82)  0.07(  58->  78)  0.07(  58->  71)
  122    9.419   131.6     0.0090     5.6653     0.16(  59->  68)  0.05(  51->  65)  0.05(  46->  65)
  123    9.437   131.4     0.0065    -1.4214     0.16(  56->  68)  0.15(  59->  68)  0.08(  56->  70)
  124    9.444   131.3     0.0010     0.4751     0.58(  47->  64)  0.22(  48->  64)  0.02(  56->  68)
  125    9.449   131.2     0.0092    -7.9057     0.20(  57->  72)  0.09(  55->  71)  0.07(  55->  72)
  126    9.465   131.0     0.0066     1.5266     0.08(  62->  73)  0.06(  61->  84)  0.04(  61->  76)
  127    9.479   130.8     0.0062     2.5850     0.13(  50->  64)  0.05(  45->  64)  0.04(  42->  64)
  128    9.501   130.5     0.0017     3.5566     0.23(  40->  63)  0.11(  49->  68)  0.07(  40->  64)
  129    9.504   130.5     0.0076     1.8930     0.22(  56->  69)  0.03(  61->  69)  0.03(  60->  71)
  130    9.527   130.1     0.0040    -1.9938     0.06(  56->  69)  0.03(  58->  79)  0.03(  52->  69)
  131    9.538   130.0     0.0035    -4.0280     0.22(  45->  64)  0.13(  49->  68)  0.08(  44->  64)
  132    9.544   129.9     0.0018     0.8397     0.16(  45->  64)  0.07(  44->  64)  0.06(  40->  63)
  133    9.564   129.6     0.0015     1.0655     0.55(  58->  68)  0.05(  58->  70)  0.03(  62->  75)
  134    9.568   129.6     0.0030     4.5167     0.25(  58->  68)  0.06(  62->  75)  0.04(  62->  83)
  135    9.577   129.5     0.0040    -1.3893     0.19(  38->  63)  0.12(  37->  63)  0.10(  35->  63)
  136    9.596   129.2     0.0086    -4.6409     0.06(  36->  63)  0.04(  37->  63)  0.04(  46->  65)
  137    9.608   129.0     0.0032   -12.4033     0.09(  49->  68)  0.05(  52->  69)  0.04(  44->  64)
  138    9.623   128.8     0.0187     5.3318     0.07(  49->  68)  0.06(  52->  69)  0.04(  44->  64)
  139    9.645   128.5     0.0051    -2.2836     0.10(  58->  79)  0.07(  58->  84)  0.07(  58->  72)
  140    9.661   128.3     0.0093    16.9426     0.16(  52->  69)  0.07(  51->  69)  0.05(  37->  63)
  141    9.668   128.2     0.0078     5.5628     0.16(  37->  63)  0.04(  52->  69)  0.04(  54->  72)
  142    9.684   128.0     0.0084   -11.4931     0.09(  38->  63)  0.08(  55->  65)  0.08(  37->  63)
  143    9.690   128.0     0.0036    20.4395     0.08(  37->  63)  0.07(  36->  63)  0.04(  46->  65)
  144    9.698   127.8     0.0063     5.5442     0.07(  55->  65)  0.04(  53->  69)  0.04(  61->  80)
  145    9.739   127.3     0.0042     5.1506     0.05(  54->  71)  0.04(  59->  83)  0.04(  60->  83)
  146    9.741   127.3     0.0021     1.0520     0.08(  53->  69)  0.08(  55->  69)  0.04(  62->  73)
  147    9.757   127.1     0.0063   -19.8796     0.04(  62->  76)  0.04(  54->  72)  0.04(  61->  85)
  148    9.767   126.9     0.0029    14.4456     0.33(  36->  63)  0.04(  35->  63)  0.03(  49->  65)
  149    9.781   126.8     0.0124   -10.1838     0.06(  62->  76)  0.05(  29->  63)  0.03(  46->  67)
  150    9.786   126.7     0.0036    20.8074     0.04(  60->  72)  0.04(  29->  63)  0.03(  42->  65)
  151    9.806   126.4     0.0048     6.7727     0.06(  58->  83)  0.05(  59->  83)  0.05(  45->  64)
  152    9.826   126.2     0.0016    -2.7647     0.15(  58->  83)  0.05(  58->  85)  0.03(  58->  75)
  153    9.835   126.1     0.0006   -18.1927     0.05(  60->  72)  0.04(  46->  64)  0.04(  61->  76)
  154    9.865   125.7     0.0005    -0.2061     0.09(  42->  64)  0.07(  42->  65)  0.07(  29->  63)
  155    9.895   125.3     0.0037    -9.5265     0.11(  54->  67)  0.08(  59->  74)  0.07(  59->  72)
  156    9.926   124.9     0.0059    14.5243     0.08(  34->  63)  0.07(  57->  74)  0.05(  57->  73)
  157    9.945   124.7     0.0009    -0.7916     0.13(  34->  63)  0.05(  62->  90)  0.04(  55->  66)
  158    9.954   124.6     0.0025    -1.0088     0.65(  55->  66)  0.05(  53->  66)  0.05(  51->  66)
  159    9.962   124.5     0.0013     3.3231     0.08(  34->  63)  0.07(  60->  72)  0.06(  61->  75)
  160    9.974   124.3     0.0046    -4.3256     0.15(  34->  63)  0.05(  57->  76)  0.05(  55->  70)
  161    9.982   124.2     0.0064    -7.4115     0.07(  42->  65)  0.06(  57->  74)  0.05(  57->  73)

  alpha tensor

           1         2         3
 
    1 198.28010
    2 -23.86097 164.59425
    3 -18.28301  55.09025  40.55725
 trace alpha_L[0] / au:   134.477198646365     
 sum rule f_L           6.18998875157004     
 
 SOS specific optical rotation 
 including Lorentz factor for common solvent (n=1.4)
 lambda [eV] alpha[grad*cm^3*g^-1*dm^-1]
 632.8  1.96     -331.26
 589.3  2.10     -387.36        0.00 ##
 579.0  2.14     -402.59
 546.0  2.27     -457.02
 436.0  2.84     -576.45
 365.0  3.40    -4601.28
 
 sTD-DFT done.
Mon 21 Mar 14:21:34 GMT 2022
