Mon 21 Mar 14:24:01 GMT 2022


                 *********************************************
                 *                                           *
                 *               s  T  D  A                  *
                 *                                           *
                 *                S. Grimme                  *
                 * Mulliken Center for Theoretical Chemistry *
                 *             Universitaet Bonn             *
                 *              Version 1.6.2                *
                 *       Tue Sep 10 14:44:30 CET 2020        *
                 *********************************************
 
 Please cite as:
 S. Grimme, J. Chem. Phys. 138 (2013) 244104
 
 With contributions from:
 C. Bannwarth, P. Shushkov, M. de Wergifosse
 
======================================================================
 
 reading an xTB output...
 
 reading: wfn.xtb
======================================================================
                    M O / A O    I N P U T 
======================================================================
atom  #          x             y             z            charge
  O   1     -7.86107098   -4.96563288    1.77161808         8.00
  C   2     -5.62703696   -4.51304351    1.61798336         6.00
  C   3     -4.42441537   -2.17016128    0.76949641         6.00
  C   4     -1.78201157   -2.13236676    0.76874052         6.00
  O   5     -0.51079292   -4.17308181    1.51915069         8.00
  C   6     -0.46770717    0.08919506   -0.03477096         6.00
  C   7      2.25784456    0.13757205   -0.03911733         6.00
  N   8      3.66871396   -1.73268972    0.64987675         7.00
  C   9      6.18167153   -1.21906221    0.47507710         6.00
  C  10      8.14471884   -2.86236790    1.08394680         6.00
  C  11     10.59701621   -2.03655766    0.79500771         6.00
  C  12     11.12443872    0.38947252   -0.08711637         6.00
  C  13      9.20598893    2.04865190   -0.70146627         6.00
  C  14      6.73687301    1.23361310   -0.41668457         6.00
  S  15      3.94782648    2.85480899   -1.02158585        16.00
  C  16     -1.82585321    2.17375176   -0.80162175         6.00
  C  17     -4.47317029    2.19434977   -0.82221976         6.00
  C  18     -5.81676544    4.35789701   -1.61779439         6.00
  C  19     -8.39718623    4.37036920   -1.63517986         6.00
  C  20     -9.72452974    2.21362498   -0.85528996         6.00
  C  21     -8.47372013    0.08636048   -0.07332137         6.00
  C  22     -5.81298599    0.00151178   -0.02929075         6.00
  H  23     -4.22996256   -5.96548688    2.15428758         1.00
  H  24      1.32507584   -3.82745094    1.40217665         1.00
  H  25      7.71367235   -4.73414145    1.76443712         1.00
  H  26     12.14111128   -3.28623343    1.25836851         1.00
  H  27     13.06443138    0.98341338   -0.29404136         1.00
  H  28      9.60623289    3.92685052   -1.38460220         1.00
  H  29     -0.82410949    3.84956073   -1.40784583         1.00
  H  30     -4.75549535    5.99855708   -2.21079039         1.00
  H  31     -9.42217358    6.02652502   -2.24404956         1.00
  H  32    -11.76505582    2.23686861   -0.87380928         1.00
  H  33     -9.52081728   -1.55486651    0.51986361         1.00

 # atoms          =   33
 # mos            =  157
 # primitive  aos = 1221
 # contracted aos =  231

 spherical AO basis
======================================================================
                    A O   I N T E G R A L S
======================================================================
 memory needed for AO int data:   2 Mb
 done.
  
Restricted MOs found... RKS-sTD-DFT will be performed
  
======================================================================
                    s T D A
======================================================================
 spectral range up to (eV)     :    10.0000000000000     
 occ MO cut-off (eV)           :   -36.1710739873878     
 virtMO cut-off (eV)           :    12.8989807080369     
 perturbation thr              :   1.000000000000000E-004
 triplet                       :  F
 MOs in TDA :          121
 oMOs in TDA:           51
 vMOs in TDA:           70
 sorting MOs ...
 reading and transforming R..V..L AO ints ...
 ints done.
 S^1/2 ...
 S^1/2 orthogonalized MO coefficients done.

 SCF atom population (using active MOs):
  5.281  2.915  3.951  3.316  5.339  3.960  3.896  5.142  4.017  3.985
  4.015  4.003  4.013  4.095  5.499  3.876  4.043  3.958  4.005  3.970
  3.975  3.924  0.970  0.843  0.982  0.998  0.998  0.995  1.032  0.995
  0.991  0.992  1.026
 
 # electrons in TDA: 102.000
 
 
 ax(DF)   :   0.500000000000000     
 s^K      :    2.00000000000000     
 beta  (J):    4.00000000000000     
 alpha (K):    2.00000000000000     
 
 hardness table read.
 setting up gammas ...
 memory needed for q data (Mb)                      1
 computing q(ij,n) ...
 
         137 CSF included by energy.
 
        3433 considered in PT2.
 ordered frontier orbitals
         eV     # centers
  41   -18.885    13.9
  42   -18.106     3.2
  43   -18.090    10.5
  44   -17.683     4.8
  45   -17.225     6.9
  46   -16.963     4.3
  47   -16.451    10.5
  48   -15.994     4.5
  49   -15.595     5.5
  50   -15.175    14.2
  51   -15.101     8.6
 
  52    -8.171    10.8
  53    -6.980     8.9
  54    -5.927     7.4
  55    -5.800     9.6
  56    -5.634    11.0
  57    -5.292    13.0
  58    -4.901    19.0
  59    -4.865    12.7
  60    -4.451    15.9
  61    -4.119    14.8
  62    -3.807    21.4
 
             lowest CSF states
       eV     nm      excitation i->a               eV
    1  4.09   303.3       50 ->  52     gap,J,K:   7.004   3.576   0.328   Kshft:   0.004  locality: 0.928
    2  4.09   303.2       51 ->  52     gap,J,K:   6.930   3.969   0.564   Kshft:   0.000  locality: 0.972
    3  4.61   269.2       48 ->  52     gap,J,K:   7.823   3.717   0.000   Kshft:   0.500  locality: 0.804
    4  4.90   252.9       49 ->  52     gap,J,K:   7.424   2.919   0.175   Kshft:   0.048  locality: 0.691
    5  5.20   238.4       51 ->  53     gap,J,K:   8.121   3.491   0.281   Kshft:   0.008  locality: 0.865
    6  5.31   233.7       50 ->  53     gap,J,K:   8.195   3.714   0.411   Kshft:   0.002  locality: 0.975
    7  5.48   226.4       47 ->  52     gap,J,K:   8.280   3.610   0.402   Kshft:   0.002  locality: 0.963
    8  5.54   224.0       45 ->  52     gap,J,K:   9.054   4.064   0.268   Kshft:   0.009  locality: 0.952
    9  5.63   220.0       46 ->  52     gap,J,K:   8.792   3.657   0.000   Kshft:   0.500  locality: 0.830
   10  5.79   214.3       49 ->  53     gap,J,K:   8.615   3.469   0.317   Kshft:   0.005  locality: 0.830
   11  5.85   212.1       48 ->  53     gap,J,K:   9.014   3.668   0.000   Kshft:   0.500  locality: 0.802
   12  5.85   211.9       51 ->  54     gap,J,K:   9.174   4.164   0.420   Kshft:   0.002  locality: 0.987
   13  6.37   194.7       46 ->  53     gap,J,K:   9.983   4.116   0.000   Kshft:   0.500  locality: 0.945
   14  6.51   190.3       50 ->  55     gap,J,K:   9.375   3.512   0.323   Kshft:   0.005  locality: 0.958
   15  6.53   189.8       47 ->  53     gap,J,K:   9.471   3.409   0.226   Kshft:   0.019  locality: 0.920
   16  6.57   188.6       50 ->  54     gap,J,K:   9.248   3.126   0.214   Kshft:   0.023  locality: 0.785
   17  6.65   186.4       48 ->  54     gap,J,K:  10.068   3.915   0.000   Kshft:   0.500  locality: 0.819
   18  6.70   185.0       50 ->  56     gap,J,K:   9.541   3.533   0.345   Kshft:   0.003  locality: 0.977
   19  6.76   183.3       49 ->  57     gap,J,K:  10.303   4.038   0.000   Kshft:   0.500  locality: 0.970
   20  6.78   182.8       44 ->  52     gap,J,K:   9.511   3.159   0.108   Kshft:   0.212  locality: 0.760
   21  6.79   182.6       51 ->  56     gap,J,K:   9.467   3.126   0.214   Kshft:   0.023  locality: 0.817
   22  6.79   182.5       50 ->  57     gap,J,K:   9.883   3.591   0.000   Kshft:   0.500  locality: 0.946
   23  6.80   182.4       51 ->  55     gap,J,K:   9.301   2.896   0.169   Kshft:   0.055  locality: 0.746
   24  6.81   182.2       49 ->  55     gap,J,K:   9.795   3.860   0.435   Kshft:   0.001  locality: 0.960
   25  6.92   179.1       43 ->  52     gap,J,K:   9.919   3.748   0.375   Kshft:   0.003  locality: 0.981
 
 selecting CSF ...
 average/max PT2 energy lowering (eV):     0.016     0.059
        1207 CSF included by PT.
        1344 CSF in total.
 sTD-DFT procedure...
 setting up A+B and A-B matrices
  calculating (A-B)^0.5 ...
 estimated time (min)     0.10
  calculating (A+B)*(A-B)^0.5 ...
 calculate eigenvalues of (A-B)^0.5*(A+B)*(A-B)^0.5 ...
  rpa vectors ok
  150 roots found, lowest/highest eigenvalue :    3.302   9.997   0
 writing spectral data to tda.dat ...
 
 excitation energies, transition moments and TDA amplitudes
 state    eV      nm       fL         Rv
    1    3.302   375.5     0.2382     0.0315     0.54(  51->  52)  0.37(  50->  52)  0.03(  51->  54)
    2    3.686   336.3     0.3598    -0.0634     0.45(  50->  52)  0.37(  51->  52)  0.05(  50->  53)
    3    3.814   325.0     0.0000     0.0496     0.61(  48->  52)  0.21(  48->  53)  0.07(  48->  54)
    4    4.197   295.4     0.1304    -0.0113     0.37(  49->  52)  0.18(  51->  53)  0.13(  47->  52)
    5    4.551   272.4     0.6835    -0.0241     0.32(  49->  52)  0.19(  51->  53)  0.18(  50->  53)
    6    4.899   253.1     0.1428     0.0359     0.43(  50->  53)  0.27(  51->  53)  0.05(  51->  55)
    7    4.987   248.6     0.0013    -0.0598     0.54(  46->  52)  0.15(  46->  53)  0.13(  48->  53)
    8    5.042   245.9     0.0478     0.0338     0.56(  45->  52)  0.25(  47->  52)  0.03(  50->  55)
    9    5.128   241.8     0.0276     0.0141     0.13(  49->  53)  0.12(  50->  55)  0.11(  51->  54)
   10    5.246   236.3     0.0849    -0.0103     0.25(  47->  52)  0.14(  45->  52)  0.12(  50->  53)
   11    5.381   230.4     0.3392    -0.0056     0.44(  51->  54)  0.12(  51->  55)  0.11(  50->  54)
   12    5.542   223.7     0.1296     0.0086     0.16(  49->  53)  0.12(  45->  52)  0.09(  51->  56)
   13    5.674   218.5     0.1213    -0.0089     0.20(  49->  53)  0.14(  49->  55)  0.10(  50->  55)
   14    5.787   214.2     0.0000     0.0085     0.24(  48->  52)  0.18(  48->  53)  0.15(  46->  52)
   15    5.956   208.2     0.3964    -0.0024     0.28(  50->  56)  0.18(  49->  53)  0.14(  49->  55)
   16    6.117   202.7     0.0001     0.0149     0.29(  48->  54)  0.26(  48->  53)  0.19(  46->  53)
   17    6.177   200.7     0.0039     0.0572     0.50(  50->  57)  0.22(  49->  57)  0.09(  51->  57)
   18    6.187   200.4     0.3600    -0.0712     0.17(  50->  54)  0.17(  51->  56)  0.13(  47->  53)
   19    6.275   197.6     0.0507    -0.0040     0.32(  50->  54)  0.24(  47->  53)  0.15(  43->  52)
   20    6.315   196.3     0.0000    -0.3263     0.53(  49->  57)  0.14(  50->  57)  0.13(  49->  58)
   21    6.329   195.9     0.1445     0.2449     0.24(  50->  56)  0.18(  49->  55)  0.10(  51->  56)
   22    6.379   194.4     0.0003     0.0177     0.56(  51->  58)  0.15(  51->  57)  0.11(  51->  60)
   23    6.398   193.8     0.0154     0.2005     0.50(  44->  52)  0.16(  44->  53)  0.09(  50->  55)
   24    6.426   193.0     0.0003    -0.0276     0.42(  46->  53)  0.32(  48->  54)  0.10(  46->  52)
   25    6.582   188.4     0.0559     0.4427     0.42(  43->  52)  0.24(  47->  53)  0.07(  44->  52)
   26    6.598   187.9     0.0151    -0.6399     0.69(  42->  52)  0.19(  42->  53)  0.03(  46->  53)
   27    6.689   185.4     0.1936     0.0167     0.21(  50->  59)  0.16(  49->  56)  0.15(  49->  59)
   28    6.724   184.4     0.0704     0.0321     0.23(  45->  53)  0.13(  50->  59)  0.11(  50->  55)
   29    6.809   182.1     0.0019     0.0242     0.55(  50->  58)  0.10(  47->  57)  0.09(  50->  60)
   30    6.864   180.6     0.0848     0.0068     0.20(  50->  59)  0.10(  49->  56)  0.08(  45->  53)
   31    6.996   177.2     0.0002     0.0249     0.41(  51->  60)  0.20(  51->  57)  0.07(  47->  58)
   32    7.031   176.3     0.0033    -0.0437     0.24(  45->  53)  0.20(  51->  59)  0.18(  51->  63)
   33    7.144   173.5     0.0001     0.0111     0.83(  41->  52)  0.03(  41->  53)  0.02(  46->  53)
   34    7.184   172.6     0.0073     0.0814     0.20(  49->  60)  0.18(  49->  58)  0.09(  49->  62)
   35    7.203   172.1     0.0019    -0.0128     0.30(  51->  62)  0.17(  50->  61)  0.16(  51->  61)
   36    7.278   170.4     0.1341    -0.0375     0.24(  45->  54)  0.09(  48->  61)  0.08(  48->  62)
   37    7.303   169.8     0.0001     0.0117     0.57(  46->  55)  0.14(  48->  55)  0.14(  46->  56)
   38    7.338   169.0     0.0152    -0.0572     0.33(  51->  55)  0.26(  51->  56)  0.05(  50->  56)
   39    7.354   168.6     0.0002     0.7953     0.37(  50->  60)  0.13(  47->  58)  0.07(  49->  60)
   40    7.354   168.6     0.1183    -0.7166     0.16(  48->  61)  0.15(  48->  62)  0.09(  45->  54)
   41    7.391   167.8     0.0052    -0.0717     0.20(  43->  53)  0.10(  47->  54)  0.08(  47->  56)
   42    7.455   166.3     0.0092    -0.0491     0.19(  44->  53)  0.13(  49->  56)  0.13(  49->  59)
   43    7.464   166.1     0.0003    -0.1743     0.43(  39->  52)  0.19(  48->  56)  0.05(  46->  59)
   44    7.478   165.8     0.0016     0.2098     0.38(  39->  52)  0.20(  48->  56)  0.15(  46->  56)
   45    7.500   165.3     0.0002    -0.0044     0.38(  50->  61)  0.13(  51->  61)  0.11(  50->  62)
   46    7.569   163.8     0.0020     0.2251     0.50(  49->  61)  0.14(  49->  64)  0.07(  49->  58)
   47    7.586   163.4     0.0351    -0.1376     0.14(  44->  53)  0.13(  43->  53)  0.13(  49->  59)
   48    7.616   162.8     0.0112    -0.0939     0.26(  46->  56)  0.24(  48->  59)  0.12(  46->  59)
   49    7.654   162.0     0.0901     0.3895     0.11(  44->  53)  0.08(  49->  59)  0.06(  45->  54)
   50    7.714   160.7     0.0570    -0.3118     0.31(  50->  63)  0.11(  47->  54)  0.11(  36->  52)
   51    7.726   160.5     0.0001    -0.1172     0.17(  51->  64)  0.15(  51->  66)  0.12(  47->  60)
   52    7.783   159.3     0.0389     0.1690     0.19(  47->  55)  0.09(  51->  63)  0.06(  46->  57)
   53    7.819   158.6     0.0002    -0.0199     0.32(  36->  52)  0.07(  46->  57)  0.06(  40->  52)
   54    7.850   157.9     0.0245    -0.1214     0.11(  36->  52)  0.11(  46->  57)  0.11(  44->  55)
   55    7.872   157.5     0.0310     0.0735     0.09(  43->  55)  0.08(  46->  57)  0.08(  43->  53)
   56    7.884   157.3     0.0762     0.0608     0.23(  46->  57)  0.15(  47->  55)  0.09(  48->  57)
   57    7.938   156.2     0.0002    -2.4525     0.25(  51->  66)  0.14(  50->  64)  0.11(  47->  60)
   58    7.961   155.7     0.0491     1.5956     0.16(  51->  65)  0.12(  47->  56)  0.10(  43->  53)
   59    7.965   155.7     0.0514     1.1138     0.14(  47->  56)  0.12(  40->  52)  0.09(  51->  65)
   60    7.982   155.3     0.0002    -0.1350     0.40(  42->  53)  0.11(  38->  52)  0.09(  42->  55)
   61    8.084   153.4     0.0027    -0.0159     0.73(  49->  54)  0.10(  49->  55)  0.03(  43->  54)
   62    8.088   153.3     0.0002     0.0487     0.26(  48->  63)  0.09(  48->  54)  0.09(  35->  52)
   63    8.125   152.6     0.0743    -0.1453     0.13(  45->  56)  0.11(  48->  58)  0.10(  51->  63)
   64    8.147   152.2     0.0507    -0.6961     0.24(  50->  65)  0.06(  44->  55)  0.06(  47->  56)
   65    8.166   151.8     0.0001     0.3866     0.29(  35->  52)  0.13(  38->  52)  0.07(  48->  59)
   66    8.231   150.6     0.0011    -0.3561     0.14(  49->  66)  0.12(  47->  57)  0.10(  49->  64)
   67    8.234   150.6     0.0232     0.4413     0.25(  51->  68)  0.09(  48->  58)  0.07(  50->  63)
   68    8.243   150.4     0.0014    -0.0515     0.21(  48->  58)  0.08(  48->  60)  0.06(  44->  55)
   69    8.250   150.3     0.0030     0.0050     0.11(  50->  62)  0.11(  49->  62)  0.09(  51->  64)
   70    8.307   149.2     0.0138     0.9588     0.34(  42->  55)  0.22(  42->  56)  0.09(  42->  53)
   71    8.310   149.2     0.1839    -0.5543     0.13(  47->  59)  0.12(  50->  65)  0.10(  51->  68)
   72    8.351   148.5     0.0003    -0.2242     0.21(  51->  57)  0.16(  51->  58)  0.07(  51->  70)
   73    8.363   148.3     0.0002     0.1189     0.35(  49->  67)  0.20(  49->  65)  0.07(  49->  59)
   74    8.397   147.6     0.0177     0.0401     0.17(  46->  59)  0.10(  46->  56)  0.10(  46->  63)
   75    8.449   146.8     0.0007    -0.0464     0.16(  50->  66)  0.07(  47->  62)  0.06(  51->  70)
   76    8.475   146.3     0.0195    -0.0099     0.35(  50->  67)  0.09(  47->  65)  0.06(  51->  71)
   77    8.528   145.4     0.0009    -0.0403     0.20(  37->  52)  0.14(  37->  53)  0.07(  41->  53)
   78    8.548   145.0     0.0022    -0.0917     0.18(  37->  52)  0.14(  37->  53)  0.13(  48->  69)
   79    8.564   144.8     0.0253     0.0692     0.12(  47->  59)  0.08(  44->  59)  0.08(  44->  56)
   80    8.580   144.5     0.0017     0.3581     0.16(  50->  66)  0.14(  44->  57)  0.10(  50->  64)
   81    8.587   144.4     0.0001    -0.0684     0.17(  35->  52)  0.10(  38->  53)  0.09(  48->  69)
   82    8.590   144.3     0.1048    -0.2270     0.15(  46->  58)  0.15(  48->  60)  0.07(  44->  56)
   83    8.625   143.7     0.0046    -0.0461     0.29(  44->  57)  0.14(  45->  57)  0.13(  45->  58)
   84    8.638   143.5     0.0013     0.0287     0.42(  41->  54)  0.23(  41->  53)  0.03(  46->  59)
   85    8.652   143.3     0.0008    -0.0289     0.22(  47->  59)  0.11(  44->  59)  0.10(  44->  56)
   86    8.667   143.1     0.0048    -0.0569     0.37(  51->  69)  0.11(  51->  65)  0.06(  51->  71)
   87    8.733   142.0     0.0003     0.0009     0.39(  46->  54)  0.17(  39->  54)  0.09(  41->  53)
   88    8.751   141.7     0.0053     0.7874     0.17(  51->  71)  0.10(  51->  69)  0.08(  48->  57)
   89    8.757   141.6     0.0000    -1.1288     0.18(  44->  57)  0.12(  47->  57)  0.08(  50->  64)
   90    8.800   140.9     0.0760     1.0396     0.25(  43->  54)  0.07(  51->  71)  0.06(  48->  57)
   91    8.814   140.7     0.0002    -0.6474     0.22(  51->  70)  0.14(  51->  60)  0.10(  45->  58)
   92    8.861   139.9     0.0077    -0.1957     0.15(  43->  54)  0.12(  51->  71)  0.07(  47->  59)
   93    8.907   139.2     0.0024     0.0663     0.31(  49->  72)  0.13(  49->  64)  0.11(  49->  61)
   94    8.913   139.1     0.0325    -4.0882     0.10(  42->  57)  0.09(  43->  54)  0.08(  40->  55)
   95    8.915   139.1     0.0006     4.4544     0.21(  39->  54)  0.11(  39->  53)  0.10(  48->  55)
   96    8.950   138.5     0.0289    -0.0791     0.30(  42->  57)  0.10(  40->  55)  0.07(  46->  61)
   97    8.998   137.8     0.0031     0.0414     0.15(  43->  56)  0.11(  40->  53)  0.07(  50->  71)
   98    9.021   137.4     0.0013    -0.1506     0.10(  47->  66)  0.09(  50->  70)  0.07(  51->  72)
   99    9.028   137.3     0.0080    -0.0032     0.15(  50->  68)  0.07(  46->  61)  0.07(  47->  67)
  100    9.034   137.2     0.0012    -0.0475     0.33(  48->  55)  0.28(  48->  56)  0.09(  46->  55)
  101    9.062   136.8     0.0006     0.0250     0.21(  34->  52)  0.17(  46->  54)  0.09(  41->  54)
  102    9.063   136.8     0.0184    -0.2257     0.12(  50->  69)  0.09(  50->  71)  0.08(  40->  56)
  103    9.115   136.0     0.0002     0.0623     0.15(  50->  60)  0.12(  47->  58)  0.11(  43->  57)
  104    9.136   135.7     0.0074    -0.0639     0.14(  42->  57)  0.09(  46->  61)  0.09(  46->  58)
  105    9.142   135.6     0.0030    -0.0113     0.10(  46->  61)  0.08(  50->  68)  0.06(  49->  67)
  106    9.147   135.5     0.0001     0.0292     0.20(  50->  72)  0.17(  51->  61)  0.10(  51->  72)
  107    9.151   135.5     0.0004     0.0973     0.20(  34->  52)  0.12(  42->  59)  0.11(  42->  56)
  108    9.159   135.4     0.0006     0.1270     0.20(  50->  72)  0.09(  51->  72)  0.08(  50->  70)
  109    9.203   134.7     0.0187    -0.0740     0.33(  49->  73)  0.17(  49->  69)  0.11(  50->  69)
  110    9.225   134.4     0.0323    -0.2100     0.12(  40->  53)  0.12(  49->  63)  0.09(  50->  68)
  111    9.265   133.8     0.0001     0.0792     0.32(  32->  52)  0.07(  39->  54)  0.06(  46->  54)
  112    9.278   133.6     0.0235     0.0625     0.21(  45->  63)  0.19(  45->  59)  0.08(  45->  55)
  113    9.308   133.2     0.0001    -0.0297     0.16(  42->  59)  0.12(  42->  56)  0.07(  34->  52)
  114    9.326   132.9     0.0386     0.6625     0.18(  50->  71)  0.10(  51->  71)  0.09(  50->  69)
  115    9.334   132.8     0.0002    -0.7233     0.37(  45->  60)  0.15(  45->  57)  0.10(  51->  70)
  116    9.389   132.1     0.0005    -0.0789     0.17(  49->  74)  0.15(  49->  70)  0.08(  44->  58)
  117    9.395   132.0     0.0000    -0.0604     0.23(  37->  55)  0.14(  37->  56)  0.09(  48->  59)
  118    9.412   131.7     0.0126     0.0475     0.20(  48->  66)  0.12(  48->  60)  0.09(  48->  70)
  119    9.434   131.4     0.0045    -0.0119     0.17(  33->  52)  0.08(  34->  52)  0.08(  46->  65)
  120    9.447   131.2     0.0001     0.0633     0.14(  37->  55)  0.13(  48->  59)  0.12(  33->  52)
  121    9.465   131.0     0.0081    -0.0022     0.28(  49->  63)  0.08(  49->  71)  0.08(  49->  73)
  122    9.483   130.7     0.0017     0.2197     0.12(  47->  70)  0.11(  43->  58)  0.08(  50->  70)
  123    9.490   130.6     0.0035    -0.0161     0.21(  46->  65)  0.16(  33->  52)  0.06(  48->  65)
  124    9.494   130.6     0.0095    -0.0899     0.33(  50->  73)  0.13(  47->  69)  0.08(  50->  69)
  125    9.527   130.1     0.0061     0.0074     0.09(  48->  58)  0.09(  48->  72)  0.09(  48->  62)
  126    9.576   129.5     0.0013     0.0116     0.16(  50->  75)  0.15(  47->  65)  0.10(  47->  69)
  127    9.583   129.4     0.0039    -0.0091     0.10(  39->  55)  0.08(  38->  53)  0.06(  48->  59)
  128    9.615   129.0     0.0029    -0.0433     0.29(  38->  55)  0.14(  38->  56)  0.06(  39->  54)
  129    9.633   128.7     0.0001     0.0082     0.35(  36->  54)  0.20(  36->  53)  0.05(  45->  55)
  130    9.642   128.6     0.0028    -0.0538     0.25(  49->  60)  0.13(  49->  58)  0.09(  44->  60)
  131    9.645   128.5     0.0002     0.0068     0.18(  35->  53)  0.16(  32->  52)  0.10(  41->  56)
  132    9.648   128.5     0.0001     0.1640     0.12(  51->  74)  0.07(  44->  58)  0.07(  51->  62)
  133    9.681   128.1     0.0012     0.0055     0.35(  45->  55)  0.28(  45->  56)  0.03(  36->  53)
  134    9.727   127.5     0.0174    -0.0228     0.31(  44->  59)  0.11(  44->  56)  0.06(  44->  55)
  135    9.739   127.3     0.0124    -0.1913     0.13(  46->  62)  0.13(  30->  52)  0.09(  50->  77)
  136    9.751   127.1     0.0017     0.2222     0.20(  50->  74)  0.08(  47->  70)  0.07(  51->  62)
  137    9.768   126.9     0.0013    -0.0838     0.16(  47->  63)  0.07(  43->  59)  0.06(  46->  62)
  138    9.784   126.7     0.0006    -0.0217     0.16(  47->  61)  0.08(  40->  57)  0.08(  50->  62)
  139    9.827   126.2     0.0039    -0.0426     0.15(  46->  63)  0.08(  42->  56)  0.08(  46->  59)
  140    9.854   125.8     0.0259    -0.0427     0.11(  42->  58)  0.09(  42->  60)  0.08(  30->  52)
  141    9.856   125.8     0.0007     0.2550     0.17(  51->  61)  0.14(  51->  76)  0.12(  51->  62)
  142    9.868   125.6     0.0048     0.0195     0.19(  46->  62)  0.09(  30->  52)  0.08(  50->  77)
  143    9.893   125.3     0.0010    -0.0785     0.20(  46->  63)  0.10(  35->  53)  0.06(  46->  59)
  144    9.899   125.2     0.0001    -0.0930     0.11(  49->  62)  0.07(  49->  74)  0.07(  50->  70)
  145    9.940   124.7     0.0007    -0.0013     0.15(  45->  62)  0.13(  45->  61)  0.07(  43->  57)
  146    9.960   124.5     0.0107    -0.1634     0.15(  45->  61)  0.12(  45->  62)  0.07(  43->  57)
  147    9.962   124.5     0.0096     0.2980     0.10(  41->  58)  0.08(  46->  62)  0.08(  37->  57)
  148    9.981   124.2     0.0017     0.0277     0.11(  48->  65)  0.06(  41->  53)  0.05(  41->  59)
  149    9.997   124.0     0.0004     1.0842     0.14(  48->  68)  0.09(  41->  53)  0.07(  48->  65)
  150    9.997   124.0     0.0028    -1.1594     0.07(  41->  58)  0.06(  51->  79)  0.05(  37->  57)

  alpha tensor

           1         2         3
 
    1 275.65563
    2 -29.77454 110.11680
    3  12.19609 -38.48759  19.06453
 trace alpha_L[0] / au:   134.945655140578     
 sum rule f_L           5.46983469067771     
 
 SOS specific optical rotation 
 including Lorentz factor for common solvent (n=1.4)
 lambda [eV] alpha[grad*cm^3*g^-1*dm^-1]
 632.8  1.96        0.17
 589.3  2.10        0.23        0.00 ##
 579.0  2.14        0.25
 546.0  2.27        0.33
 436.0  2.84        1.66
 365.0  3.40      -30.70
 
 sTD-DFT done.
Mon 21 Mar 14:24:06 GMT 2022
