Mon 21 Mar 13:52:03 GMT 2022


                 *********************************************
                 *                                           *
                 *               s  T  D  A                  *
                 *                                           *
                 *                S. Grimme                  *
                 * Mulliken Center for Theoretical Chemistry *
                 *             Universitaet Bonn             *
                 *              Version 1.6.2                *
                 *       Tue Sep 10 14:44:30 CET 2020        *
                 *********************************************
 
 Please cite as:
 S. Grimme, J. Chem. Phys. 138 (2013) 244104
 
 With contributions from:
 C. Bannwarth, P. Shushkov, M. de Wergifosse
 
======================================================================
 
 reading an xTB output...
 
 reading: wfn.xtb
======================================================================
                    M O / A O    I N P U T 
======================================================================
atom  #          x             y             z            charge
  C   1     16.35765679    4.12829531   -0.01851931         6.00
  C   2     13.84999045    4.65212734    1.29559611         6.00
  C   3     11.93777677    2.53903579    0.83998318         6.00
  C   4      9.42122872    3.07118261    2.14918532         6.00
  C   5      7.55625818    0.87343133    1.98685786         6.00
  C   6      6.65126842    0.36112663   -0.71941867         6.00
  N   7      4.69086672   -1.54598480   -0.80426736         7.00
  C   8      5.45129245   -4.07009175   -0.46336080         6.00
  C   9      4.35355064   -5.54766847    1.42409748         6.00
  C  10      5.12002349   -8.01565056    1.78824767         6.00
  C  11      7.00294642   -9.05008654    0.29234060         6.00
  C  12      8.10560151   -7.59386373   -1.58037781         6.00
  C  13      7.33950661   -5.12569266   -1.96285834         6.00
  C  14      2.17016128   -0.90064339   -0.69579709         6.00
  C  15      1.33943775    1.51215870    0.01058247         6.00
  C  16     -1.18863762    2.12310710   -0.01360603         6.00
  C  17     -3.02941967    0.37473266   -0.74190641         6.00
  C  18     -5.70300394    0.91859578   -0.79670846         6.00
  C  19     -6.80017883    3.16415713   -0.35337875         6.00
  C  20     -9.48869194    3.65869841   -0.55350073         6.00
  C  21    -10.28899088    5.88592941   -1.56582692         6.00
  C  22    -12.90682823    6.43470583   -2.08890306         6.00
  O  23    -13.69616676    8.36203733   -3.02356152         8.00
  O  24    -14.61948686    4.56765659   -1.52935521         8.00
  C  25    -13.92180004    2.41884922   -0.34071759         6.00
  C  26    -15.85215510    0.74946531    0.31085992         6.00
  C  27    -15.32964587   -1.44601830    1.62062897         6.00
  C  28    -17.38566771   -3.24900582    2.33910278         6.00
  C  29    -12.83142817   -1.93375656    2.32738648         6.00
  C  30    -10.91071071   -0.31634012    1.66560445         6.00
  C  31    -11.39410261    1.86515951    0.24774307         6.00
  C  32     -2.19000340   -2.03447896   -1.45074261         6.00
  C  33      0.32786745   -2.65827749   -1.43883734         6.00
  H  34     17.17817580    2.37311785    0.66896299         1.00
  H  35     16.08799290    3.96313326   -2.04997471         1.00
  H  36     17.69218126    5.65009162    0.33580430         1.00
  H  37     13.07180131    6.43470583    0.60357847         1.00
  H  38     14.16973209    4.85697363    3.32478384         1.00
  H  39     12.70991879    0.75948086    1.54749658         1.00
  H  40     11.64449130    2.33626819   -1.19166118         1.00
  H  41      8.56518287    4.76003069    1.32450892         1.00
  H  42      9.78556788    3.47218246    4.14171236         1.00
  H  43      5.91805476    1.28841515    3.17228295         1.00
  H  44      8.43592561   -0.84262880    2.72574071         1.00
  H  45      8.24392945   -0.29649800   -1.85193143         1.00
  H  46      5.93619612    2.09287149   -1.58491315         1.00
  H  47      2.89902858   -4.73697604    2.60498722         1.00
  H  48      4.25509592   -9.13228962    3.26166699         1.00
  H  49      7.60539106  -10.97685112    0.58411429         1.00
  H  50      9.56560378   -8.38811554   -2.76504701         1.00
  H  51      8.19026124   -4.02795086   -3.45782054         1.00
  H  52      2.67226146    2.92983111    0.61529477         1.00
  H  53     -1.74176041    3.99790422    0.56842957         1.00
  H  54     -6.88389369   -0.66367175   -1.33660316         1.00
  H  55     -5.65046956    4.81710042   -0.00680301         1.00
  H  56     -8.96297018    7.32098730   -2.14880738         1.00
  H  57    -17.76077831    1.24003817   -0.21259417         1.00
  H  58    -17.59259270   -3.30985500    4.38643187         1.00
  H  59    -19.17996249   -2.68719030    1.51574918         1.00
  H  60    -16.92608636   -5.15025910    1.70056438         1.00
  H  61    -12.41474360   -3.60635300    3.42097089         1.00
  H  62     -9.00643387   -0.69787579    2.28392278         1.00
  H  63     -3.55854294   -3.42966363   -2.04600629         1.00
  H  64      0.91198174   -4.52003550   -2.03617971         1.00

 # atoms          =   64
 # mos            =  273
 # primitive  aos = 2165
 # contracted aos =  419

 spherical AO basis
======================================================================
                    A O   I N T E G R A L S
======================================================================
 memory needed for AO int data:   6 Mb
 done.
  
Restricted MOs found... RKS-sTD-DFT will be performed
  
======================================================================
                    s T D A
======================================================================
 spectral range up to (eV)     :    10.0000000000000     
 occ MO cut-off (eV)           :   -35.8608011071492     
 virtMO cut-off (eV)           :    14.1560356167349     
 perturbation thr              :   1.000000000000000E-004
 triplet                       :  F
 MOs in TDA :          216
 oMOs in TDA:           82
 vMOs in TDA:          134
 sorting MOs ...
 reading and transforming R..V..L AO ints ...
 ints done.
 S^1/2 ...
 S^1/2 orthogonalized MO coefficients done.

 SCF atom population (using active MOs):
  3.916  4.012  3.979  3.992  3.979  3.862  5.141  3.944  3.990  3.994
  4.009  3.996  3.986  3.897  3.992  3.948  4.095  3.940  3.992  3.923
  3.893  2.750  5.509  5.049  3.428  3.864  4.028  3.913  3.963  3.918
  3.917  3.967  4.012  1.015  1.016  1.016  1.001  1.004  1.003  1.023
  1.005  1.005  1.018  1.000  1.062  1.024  0.995  0.992  0.997  0.992
  0.999  1.027  1.016  1.027  1.015  0.961  0.946  1.008  1.026  1.014
  0.981  1.015  0.996  1.003
 
 # electrons in TDA: 164.000
 
 
 ax(DF)   :   0.500000000000000     
 s^K      :    2.00000000000000     
 beta  (J):    4.00000000000000     
 alpha (K):    2.00000000000000     
 
 hardness table read.
 setting up gammas ...
 memory needed for q data (Mb)                      8
 computing q(ij,n) ...
 
         171 CSF included by energy.
 
       10817 considered in PT2.
 ordered frontier orbitals
         eV     # centers
  72   -18.361    15.2
  73   -18.169    21.0
  74   -17.665    17.3
  75   -17.003     3.9
  76   -16.729    13.6
  77   -16.369     6.4
  78   -16.281     6.4
  79   -16.053     9.4
  80   -15.678    13.5
  81   -15.296     9.2
  82   -13.844     7.8
 
  83    -7.861    10.5
  84    -6.552    14.8
  85    -5.962     6.1
  86    -5.854     9.0
  87    -5.823    10.7
  88    -5.750     6.4
  89    -5.374    32.2
  90    -5.107    16.1
  91    -4.983    27.0
  92    -4.903    33.9
  93    -4.718    34.3
 
             lowest CSF states
       eV     nm      excitation i->a               eV
    1  3.87   320.7       82 ->  83     gap,J,K:   5.983   2.761   0.320   Kshft:   0.005  locality: 0.684
    2  4.67   265.8       82 ->  85     gap,J,K:   7.882   3.603   0.160   Kshft:   0.067  locality: 0.831
    3  4.71   263.2       82 ->  88     gap,J,K:   8.094   4.079   0.346   Kshft:   0.003  locality: 0.953
    4  4.81   258.0       82 ->  84     gap,J,K:   7.291   3.077   0.292   Kshft:   0.007  locality: 0.822
    5  4.83   256.7       81 ->  83     gap,J,K:   7.435   3.847   0.621   Kshft:   0.000  locality: 0.980
    6  4.88   254.3       80 ->  83     gap,J,K:   7.817   3.477   0.263   Kshft:   0.010  locality: 0.938
    7  5.27   235.3       79 ->  83     gap,J,K:   8.192   3.349   0.198   Kshft:   0.031  locality: 0.892
    8  5.35   231.7       82 ->  87     gap,J,K:   8.021   3.095   0.197   Kshft:   0.031  locality: 0.859
    9  5.63   220.4       82 ->  89     gap,J,K:   8.470   3.346   0.001   Kshft:   0.500  locality: 0.875
   10  5.75   215.7       75 ->  83     gap,J,K:   9.142   3.914   0.009   Kshft:   0.500  locality: 0.846
   11  5.86   211.7       81 ->  84     gap,J,K:   8.744   3.315   0.198   Kshft:   0.030  locality: 0.911
   12  6.10   203.2       82 ->  86     gap,J,K:   7.990   2.413   0.077   Kshft:   0.372  locality: 0.635
   13  6.17   200.9       78 ->  83     gap,J,K:   8.420   2.743   0.086   Kshft:   0.322  locality: 0.655
   14  6.39   194.1       80 ->  84     gap,J,K:   9.126   3.343   0.300   Kshft:   0.006  locality: 0.973
   15  6.44   192.5       82 ->  90     gap,J,K:   8.736   2.699   0.180   Kshft:   0.043  locality: 0.724
   16  6.60   187.8       76 ->  83     gap,J,K:   8.868   2.649   0.155   Kshft:   0.073  locality: 0.738
   17  6.68   185.7       82 ->  93     gap,J,K:   9.126   2.960   0.005   Kshft:   0.500  locality: 0.893
   18  6.69   185.3       81 ->  86     gap,J,K:   9.442   3.429   0.338   Kshft:   0.004  locality: 0.929
   19  6.76   183.4       82 ->  95     gap,J,K:   9.505   3.270   0.013   Kshft:   0.500  locality: 0.891
   20  6.80   182.4       82 ->  92     gap,J,K:   8.941   2.662   0.009   Kshft:   0.500  locality: 0.797
   21  6.84   181.3       79 ->  84     gap,J,K:   9.501   3.291   0.313   Kshft:   0.005  locality: 0.946
   22  6.97   177.8       78 ->  84     gap,J,K:   9.729   3.154   0.173   Kshft:   0.050  locality: 0.812
   23  7.03   176.4       82 ->  96     gap,J,K:   9.582   3.077   0.012   Kshft:   0.500  locality: 0.851
   24  7.08   175.1       77 ->  83     gap,J,K:   8.508   1.985   0.032   Kshft:   0.495  locality: 0.473
   25  7.09   174.9       74 ->  83     gap,J,K:   9.804   3.288   0.284   Kshft:   0.008  locality: 0.944
 
 selecting CSF ...
 average/max PT2 energy lowering (eV):     0.035     0.230
        1044 CSF included by PT.
        1215 CSF in total.
 sTD-DFT procedure...
 setting up A+B and A-B matrices
  calculating (A-B)^0.5 ...
 estimated time (min)     0.07
  calculating (A+B)*(A-B)^0.5 ...
 calculate eigenvalues of (A-B)^0.5*(A+B)*(A-B)^0.5 ...
  rpa vectors ok
  210 roots found, lowest/highest eigenvalue :    3.273   9.995   0
 writing spectral data to tda.dat ...
 
 excitation energies, transition moments and TDA amplitudes
 state    eV      nm       fL         Rv
    1    3.273   378.8     1.3114    -2.0492     0.79(  82->  83)  0.09(  82->  84)  0.05(  80->  83)
    2    3.920   316.3     0.1851    23.1330     0.51(  81->  83)  0.30(  80->  83)  0.05(  80->  84)
    3    4.055   305.7     0.0446   -57.7544     0.56(  82->  88)  0.23(  82->  85)  0.06(  82->  84)
    4    4.219   293.9     0.0369    28.3007     0.29(  82->  84)  0.19(  82->  88)  0.17(  82->  87)
    5    4.266   290.6     0.0539    41.0983     0.51(  82->  85)  0.18(  82->  84)  0.08(  82->  88)
    6    4.489   276.2     0.1876   -44.7235     0.35(  79->  83)  0.27(  81->  83)  0.18(  80->  83)
    7    4.790   258.8     0.0516     1.6833     0.45(  82->  87)  0.15(  82->  84)  0.09(  82->  86)
    8    4.955   250.2     0.1278   -37.8764     0.21(  79->  83)  0.19(  80->  83)  0.14(  76->  83)
    9    5.112   242.5     0.0041     4.7950     0.78(  82->  89)  0.05(  82->  93)  0.03(  82->  92)
   10    5.185   239.1     0.0323    24.3397     0.57(  75->  83)  0.10(  79->  83)  0.09(  81->  84)
   11    5.227   237.2     0.0120     8.1156     0.14(  80->  84)  0.12(  80->  83)  0.12(  81->  84)
   12    5.471   226.6     0.1019    -2.1253     0.45(  78->  83)  0.17(  78->  84)  0.06(  77->  83)
   13    5.486   226.0     0.0732   -19.4305     0.33(  81->  84)  0.14(  81->  86)  0.10(  82->  90)
   14    5.621   220.6     0.0067    -5.0801     0.22(  76->  85)  0.18(  77->  87)  0.08(  77->  84)
   15    5.674   218.5     0.0097     8.6799     0.29(  82->  93)  0.25(  82->  90)  0.07(  82->  92)
   16    5.817   213.1     0.0022    18.2503     0.29(  82->  92)  0.11(  82->  95)  0.11(  82->  94)
   17    5.879   210.9     0.0222   -10.1963     0.36(  82->  86)  0.07(  82->  87)  0.06(  81->  86)
   18    5.921   209.4     0.0245   -12.6769     0.14(  82->  91)  0.10(  82->  97)  0.09(  82->  93)
   19    6.076   204.0     0.1926     8.5126     0.13(  81->  86)  0.10(  80->  86)  0.10(  81->  90)
   20    6.141   201.9     0.0267    39.4237     0.23(  76->  83)  0.21(  74->  83)  0.09(  79->  84)
   21    6.199   200.0     0.0858   -80.4297     0.40(  82->  95)  0.05(  80->  86)  0.05(  82->  94)
   22    6.263   198.0     0.1300    18.5106     0.20(  80->  84)  0.14(  74->  83)  0.10(  73->  83)
   23    6.351   195.2     0.0197    52.4455     0.46(  82->  96)  0.04(  82-> 101)  0.03(  82->  99)
   24    6.405   193.6     0.0105   -16.3395     0.12(  80->  84)  0.11(  82->  97)  0.11(  77->  85)
   25    6.460   191.9     0.0335    98.7828     0.16(  77->  85)  0.08(  78->  85)  0.07(  81->  90)
   26    6.526   190.0     0.7268   -34.1767     0.19(  79->  84)  0.08(  76->  83)  0.07(  78->  88)
   27    6.598   187.9     0.1162   -29.6445     0.13(  78->  83)  0.11(  80->  88)  0.06(  81->  88)
   28    6.609   187.6     0.0515    -1.5673     0.14(  82->  98)  0.06(  73->  83)  0.06(  82->  97)
   29    6.685   185.5     0.0826    26.0212     0.17(  81->  91)  0.15(  80->  91)  0.04(  80->  90)
   30    6.783   182.8     0.1530    58.2231     0.17(  78->  88)  0.06(  78->  85)  0.04(  82->  97)
   31    6.810   182.1     0.0479   -87.6202     0.13(  80->  91)  0.07(  82-> 101)  0.05(  79->  91)
   32    6.848   181.0     0.0480    32.2912     0.10(  77->  89)  0.08(  82->  98)  0.08(  77->  92)
   33    6.898   179.7     0.0114    34.2839     0.12(  81->  91)  0.11(  79->  91)  0.06(  77->  89)
   34    6.918   179.2     0.0277     4.8026     0.15(  78->  84)  0.11(  77->  83)  0.08(  77->  89)
   35    6.958   178.2     0.1487  -106.6665     0.23(  78->  84)  0.06(  80->  88)  0.05(  81->  88)
   36    6.962   178.1     0.0277   -23.6765     0.10(  82-> 104)  0.07(  82-> 100)  0.06(  79->  91)
   37    6.990   177.4     0.0220   -31.1125     0.13(  75->  86)  0.09(  74->  83)  0.04(  68->  83)
   38    7.000   177.1     0.0282    39.3424     0.09(  82->  97)  0.07(  82->  98)  0.07(  77->  83)
   39    7.012   176.8     0.0442     8.9515     0.32(  77->  83)  0.09(  77->  84)  0.06(  78->  83)
   40    7.077   175.2     0.0155    -5.2738     0.16(  82-> 101)  0.08(  81->  96)  0.07(  82-> 107)
   41    7.151   173.4     0.0773   -37.9577     0.18(  73->  83)  0.12(  74->  83)  0.09(  75->  86)
   42    7.208   172.0     0.0070   -12.4158     0.07(  82-> 104)  0.06(  82-> 110)  0.06(  82-> 106)
   43    7.236   171.4     0.1257   -14.1117     0.11(  77->  85)  0.11(  82-> 108)  0.06(  82->  98)
   44    7.278   170.3     0.1358   141.0390     0.11(  77->  85)  0.04(  82->  92)  0.04(  80->  86)
   45    7.292   170.0     0.2267   111.0520     0.10(  79->  86)  0.06(  81->  90)  0.05(  82-> 104)
   46    7.330   169.2     0.2274   -97.0323     0.10(  79->  90)  0.08(  79->  87)  0.08(  80->  90)
   47    7.362   168.4     0.0681    36.2144     0.30(  78->  85)  0.12(  78->  88)  0.07(  78->  89)
   48    7.377   168.1     0.0518    -6.0182     0.20(  78->  85)  0.11(  78->  89)  0.10(  78->  93)
   49    7.393   167.7     0.1143    15.0298     0.10(  74->  84)  0.06(  82-> 108)  0.06(  75->  84)
   50    7.413   167.3     0.2410  -121.5261     0.12(  77->  87)  0.11(  80->  85)  0.07(  79->  85)
   51    7.443   166.6     0.0109    -0.4573     0.29(  68->  83)  0.16(  75->  86)  0.06(  69->  83)
   52    7.459   166.2     0.0763     7.0888     0.06(  80->  89)  0.06(  82->  92)  0.05(  79->  89)
   53    7.469   166.0     0.0748    91.4585     0.05(  82-> 108)  0.05(  81-> 102)  0.04(  80->  89)
   54    7.539   164.5     0.0131   -38.0151     0.20(  78->  87)  0.15(  77->  88)  0.13(  77->  87)
   55    7.571   163.8     0.0012    -2.9539     0.22(  77->  88)  0.04(  81->  96)  0.04(  81-> 100)
   56    7.588   163.4     0.0056    32.9359     0.12(  81->  93)  0.08(  82->  91)  0.06(  81->  94)
   57    7.618   162.8     0.0184   -19.2196     0.08(  80->  97)  0.08(  82->  91)  0.06(  80->  93)
   58    7.629   162.5     0.0814     9.8640     0.12(  76->  84)  0.07(  70->  83)  0.06(  65->  83)
   59    7.649   162.1     0.0225   -12.6904     0.31(  78->  87)  0.25(  77->  88)  0.06(  78->  86)
   60    7.669   161.7     0.0570    -1.2433     0.17(  76->  88)  0.11(  79->  88)  0.08(  76->  85)
   61    7.685   161.3     0.0351   -32.1359     0.09(  65->  83)  0.07(  81-> 102)  0.07(  75->  84)
   62    7.716   160.7     0.0777   -16.3348     0.15(  76->  87)  0.06(  75->  84)  0.05(  66->  83)
   63    7.749   160.0     0.0038    -0.4266     0.25(  65->  83)  0.07(  76->  84)  0.06(  63->  83)
   64    7.778   159.4     0.0019     0.0094     0.12(  75->  84)  0.06(  74->  84)  0.05(  82-> 111)
   65    7.794   159.1     0.0450    43.8047     0.11(  82-> 111)  0.10(  82-> 112)  0.06(  76->  85)
   66    7.810   158.7     0.0054    42.7461     0.13(  82-> 111)  0.07(  75->  84)  0.05(  74->  84)
   67    7.827   158.4     0.0986    24.6125     0.12(  76->  85)  0.11(  81->  88)  0.09(  76->  88)
   68    7.873   157.5     0.0036   -35.6316     0.10(  82-> 110)  0.09(  82->  94)  0.05(  77->  95)
   69    7.887   157.2     0.0127    17.5867     0.05(  82-> 112)  0.05(  80->  94)  0.05(  82->  92)
   70    7.922   156.5     0.0070   -17.2430     0.18(  77->  95)  0.06(  77-> 101)  0.05(  78->  95)
   71    7.983   155.3     0.0117   -29.2529     0.12(  81->  88)  0.11(  76->  88)  0.07(  81->  85)
   72    7.992   155.1     0.0394   -48.6997     0.11(  81->  88)  0.04(  81->  85)  0.04(  76->  88)
   73    8.020   154.6     0.0029    -5.2385     0.08(  63->  83)  0.07(  64->  83)  0.06(  75->  90)
   74    8.031   154.4     0.0021     0.8305     0.08(  82-> 111)  0.07(  82-> 114)  0.03(  82->  91)
   75    8.073   153.6     0.0045   -16.8321     0.08(  78->  96)  0.06(  80->  93)  0.06(  78->  94)
   76    8.081   153.4     0.0028   -12.6592     0.08(  75->  90)  0.04(  63->  83)  0.04(  73->  84)
   77    8.138   152.4     0.0009    26.6100     0.05(  81-> 102)  0.05(  77->  84)  0.04(  81-> 103)
   78    8.153   152.1     0.0085     1.3075     0.30(  77->  84)  0.12(  77->  83)  0.05(  78->  84)
   79    8.159   152.0     0.0067   -18.9652     0.13(  77->  84)  0.05(  80-> 103)  0.05(  81-> 103)
   80    8.176   151.6     0.0069    17.6831     0.09(  62->  83)  0.07(  60->  83)  0.05(  54->  83)
   81    8.198   151.2     0.0064     5.2469     0.04(  75->  84)  0.04(  64->  83)  0.03(  81-> 100)
   82    8.199   151.2     0.0047    11.9588     0.06(  62->  83)  0.06(  60->  83)  0.05(  82-> 113)
   83    8.227   150.7     0.0004    -5.1817     0.08(  74->  84)  0.08(  73->  84)  0.04(  74->  87)
   84    8.256   150.2     0.0013    -1.6466     0.06(  73->  88)  0.04(  81-> 104)  0.04(  79->  88)
   85    8.260   150.1     0.0055    -1.2778     0.16(  73->  88)  0.06(  71->  88)  0.06(  72->  88)
   86    8.288   149.6     0.0123     2.1131     0.07(  80->  88)  0.06(  76->  88)  0.06(  79->  88)
   87    8.295   149.5     0.0020    -3.7119     0.05(  79->  88)  0.05(  80->  88)  0.05(  76->  88)
   88    8.312   149.2     0.0009    10.8278     0.10(  77->  89)  0.09(  77->  99)  0.05(  77->  96)
   89    8.327   148.9     0.0131     1.0657     0.04(  82-> 104)  0.03(  80->  96)  0.03(  80->  88)
   90    8.347   148.5     0.0142    -3.0699     0.06(  82->  99)  0.06(  80-> 102)  0.05(  81-> 103)
   91    8.365   148.2     0.0226    -3.3702     0.05(  82-> 103)  0.03(  82-> 107)  0.03(  82-> 113)
   92    8.372   148.1     0.0564    12.5476     0.10(  78->  90)  0.08(  79->  88)  0.05(  78->  97)
   93    8.412   147.4     0.0508   -18.9345     0.13(  74->  86)  0.07(  82-> 102)  0.06(  74->  87)
   94    8.451   146.7     0.0268    13.1741     0.11(  75->  96)  0.07(  75->  91)  0.07(  75-> 100)
   95    8.487   146.1     0.0021   -11.4490     0.11(  79->  87)  0.06(  80->  87)  0.03(  79->  86)
   96    8.500   145.9     0.0202    17.4843     0.08(  75->  96)  0.05(  82-> 105)  0.04(  75->  91)
   97    8.512   145.7     0.0048    -2.6344     0.11(  82-> 116)  0.05(  76->  95)  0.03(  82-> 100)
   98    8.531   145.3     0.0055    -3.7144     0.25(  67->  85)  0.22(  81->  85)  0.11(  66->  85)
   99    8.572   144.6     0.0040    -9.8074     0.10(  79-> 102)  0.08(  79-> 104)  0.04(  80-> 106)
  100    8.582   144.5     0.0042    11.8600     0.21(  78->  89)  0.09(  78->  94)  0.08(  78->  93)
  101    8.607   144.0     0.0006    12.2135     0.05(  82-> 101)  0.05(  81->  89)  0.05(  82-> 107)
  102    8.631   143.6     0.0084   -12.9021     0.23(  81->  85)  0.17(  80->  85)  0.08(  81->  88)
  103    8.645   143.4     0.0039    -0.6658     0.06(  81->  89)  0.04(  73->  84)  0.04(  67->  87)
  104    8.653   143.3     0.0076   -10.4494     0.06(  67->  87)  0.05(  82-> 120)  0.04(  82-> 116)
  105    8.667   143.1     0.0321   -32.4076     0.13(  82-> 120)  0.06(  80-> 103)  0.04(  82-> 114)
  106    8.704   142.4     0.0180     0.2178     0.08(  54->  83)  0.07(  68->  86)  0.04(  75->  90)
  107    8.713   142.3     0.0341   -10.0337     0.12(  74->  88)  0.05(  79->  85)  0.05(  70->  88)
  108    8.719   142.2     0.0005    -0.7789     0.43(  78->  86)  0.23(  77->  86)  0.10(  78->  87)
  109    8.726   142.1     0.0359    -5.2327     0.05(  74->  88)  0.04(  79-> 103)  0.04(  82-> 107)
  110    8.750   141.7     0.0067    -9.5935     0.06(  73->  84)  0.05(  82-> 120)  0.03(  56->  83)
  111    8.763   141.5     0.0158    30.0804     0.06(  77-> 101)  0.05(  77-> 108)  0.05(  77->  96)
  112    8.772   141.3     0.0041   -17.7691     0.05(  79->  96)  0.05(  79->  93)  0.04(  76->  89)
  113    8.790   141.1     0.0049    -1.3987     0.10(  82-> 120)  0.04(  79->  96)  0.04(  76->  89)
  114    8.809   140.7     0.0309   -13.5460     0.06(  80->  97)  0.03(  79->  87)  0.03(  82->  99)
  115    8.835   140.3     0.0033     5.3129     0.08(  82-> 116)  0.05(  76->  89)  0.05(  82-> 122)
  116    8.852   140.1     0.0016    -3.1959     0.11(  73->  84)  0.06(  68->  86)  0.05(  54->  83)
  117    8.870   139.8     0.0011     0.7378     0.18(  64->  85)  0.17(  61->  85)  0.17(  60->  85)
  118    8.877   139.7     0.0115   -13.4983     0.10(  56->  83)  0.08(  68->  86)  0.05(  68->  87)
  119    8.895   139.4     0.0028     2.0800     0.07(  81-> 115)  0.05(  81-> 108)  0.04(  81-> 101)
  120    8.923   138.9     0.0059    -5.0649     0.26(  79->  85)  0.13(  79->  88)  0.08(  80->  85)
  121    8.925   138.9     0.0006     0.7300     0.13(  79->  85)  0.06(  79->  88)  0.04(  80->  85)
  122    8.943   138.6     0.0114     6.3331     0.06(  72->  89)  0.04(  82-> 124)  0.04(  59->  83)
  123    8.960   138.4     0.0051   -23.1745     0.11(  72->  89)  0.05(  72->  92)  0.03(  82-> 124)
  124    8.970   138.2     0.0024    -4.5218     0.10(  72->  89)  0.04(  72->  92)  0.04(  64->  87)
  125    8.979   138.1     0.0139    -0.7981     0.04(  82-> 113)  0.03(  79-> 102)  0.03(  59->  83)
  126    8.997   137.8     0.0007    -0.5579     0.13(  72->  89)  0.06(  72->  92)  0.04(  82-> 122)
  127    9.005   137.7     0.0005     1.9173     0.06(  82-> 122)  0.03(  56->  83)  0.03(  79-> 103)
  128    9.019   137.5     0.0075     6.7678     0.05(  80-> 110)  0.04(  79->  91)  0.04(  80-> 106)
  129    9.036   137.2     0.0057   -12.9660     0.10(  68->  84)  0.09(  54->  83)  0.05(  47->  83)
  130    9.054   136.9     0.0061     3.5067     0.04(  82-> 112)  0.04(  82-> 106)  0.03(  81->  89)
  131    9.069   136.7     0.0087     4.2213     0.10(  82-> 122)  0.06(  82-> 103)  0.05(  82-> 110)
  132    9.091   136.4     0.0397   -24.9511     0.06(  78->  96)  0.06(  78->  92)  0.06(  71->  83)
  133    9.105   136.2     0.0056    -0.4214     0.07(  71->  83)  0.05(  81-> 110)  0.03(  52->  83)
  134    9.109   136.1     0.0466    -6.6975     0.03(  71->  83)  0.03(  78->  90)  0.03(  77->  92)
  135    9.120   135.9     0.0035   -12.0918     0.10(  71->  89)  0.04(  70->  89)  0.03(  82-> 106)
  136    9.146   135.6     0.0013     4.9777     0.04(  77-> 111)  0.03(  82-> 113)  0.03(  82-> 124)
  137    9.154   135.4     0.0100    -1.7486     0.08(  71->  83)  0.03(  70->  83)  0.03(  71->  89)
  138    9.163   135.3     0.0004     6.9683     0.06(  71->  89)  0.04(  77-> 111)  0.04(  77->  89)
  139    9.174   135.2     0.0034    19.6963     0.04(  79-> 110)  0.03(  70->  89)  0.03(  76->  87)
  140    9.189   134.9     0.0021     0.9421     0.18(  76->  86)  0.06(  73->  86)  0.05(  76->  87)
  141    9.204   134.7     0.0032   -13.2436     0.04(  82-> 112)  0.04(  81->  92)  0.03(  81->  97)
  142    9.223   134.4     0.0063     3.2803     0.06(  81->  89)  0.05(  52->  83)  0.04(  77->  93)
  143    9.241   134.2     0.0161    -3.6663     0.06(  52->  83)  0.04(  78->  92)  0.03(  78->  96)
  144    9.256   133.9     0.0030    12.3628     0.04(  81->  89)  0.03(  77->  93)  0.03(  77-> 111)
  145    9.266   133.8     0.0066    -6.6758     0.09(  81->  89)  0.06(  61->  85)  0.04(  60->  85)
  146    9.268   133.8     0.0134    -8.1368     0.05(  78->  95)  0.03(  78->  92)  0.03(  78->  96)
  147    9.285   133.5     0.0140     0.5584     0.12(  61->  85)  0.12(  60->  85)  0.03(  78->  95)
  148    9.306   133.2     0.0016     6.4415     0.05(  61->  85)  0.04(  68->  84)  0.04(  75->  88)
  149    9.316   133.1     0.0091    -4.8023     0.05(  82-> 120)  0.04(  82-> 127)  0.03(  82-> 122)
  150    9.319   133.0     0.0028    -8.9665     0.04(  65->  86)  0.03(  82-> 114)  0.03(  75-> 102)
  151    9.333   132.8     0.0044    12.5912     0.17(  77->  86)  0.08(  78->  86)  0.05(  77->  87)
  152    9.343   132.7     0.0044    10.2725     0.22(  77->  86)  0.14(  78->  86)  0.08(  77->  87)
  153    9.346   132.7     0.0102    -2.2507     0.05(  77->  86)  0.03(  78->  86)  0.03(  82-> 109)
  154    9.356   132.5     0.0264    16.5063     0.11(  75->  88)  0.05(  68->  88)  0.04(  64->  88)
  155    9.371   132.3     0.0109    17.7788     0.06(  75->  90)  0.03(  75-> 102)  0.03(  74->  87)
  156    9.386   132.1     0.0083     3.6225     0.04(  78->  95)  0.03(  78-> 110)  0.03(  78->  91)
  157    9.388   132.1     0.0093    -3.3889     0.06(  70->  83)  0.05(  68->  84)  0.05(  65->  84)
  158    9.402   131.9     0.0209     4.9103     0.03(  65->  86)  0.02(  82-> 128)  0.02(  75->  91)
  159    9.417   131.7     0.0016     9.8185     0.06(  65->  86)  0.04(  75->  91)  0.03(  65->  84)
  160    9.439   131.3     0.0132   -17.7312     0.10(  65->  86)  0.05(  65->  87)  0.04(  75->  91)
  161    9.448   131.2     0.0074    10.2994     0.07(  75->  91)  0.06(  81->  92)  0.04(  76->  92)
  162    9.455   131.1     0.0104     8.8038     0.08(  72->  83)  0.05(  75->  91)  0.03(  52->  83)
  163    9.476   130.8     0.0162   -10.3759     0.25(  72->  83)  0.04(  67->  83)  0.04(  65->  84)
  164    9.483   130.7     0.0028    14.5449     0.06(  69->  89)  0.05(  71->  89)  0.03(  69->  92)
  165    9.507   130.4     0.0067   -35.8886     0.07(  69->  89)  0.05(  79->  89)  0.05(  69->  92)
  166    9.519   130.2     0.0035     9.7239     0.05(  52->  83)  0.04(  80-> 100)  0.04(  81-> 115)
  167    9.529   130.1     0.0011    -3.6724     0.07(  78->  98)  0.05(  78-> 105)  0.04(  72->  83)
  168    9.540   130.0     0.0017    -1.5219     0.09(  52->  83)  0.08(  81-> 117)  0.06(  80-> 117)
  169    9.567   129.6     0.0026    -1.4094     0.06(  82-> 115)  0.05(  79->  89)  0.05(  81-> 115)
  170    9.579   129.4     0.0107    -2.9822     0.12(  57->  83)  0.05(  57->  84)  0.03(  82-> 128)
  171    9.589   129.3     0.0074    -0.0711     0.08(  82-> 117)  0.07(  82-> 122)  0.04(  82-> 127)
  172    9.600   129.1     0.0042    -5.4512     0.10(  77->  90)  0.08(  77->  97)  0.08(  77-> 108)
  173    9.611   129.0     0.0118   -13.7803     0.05(  63->  86)  0.04(  78->  90)  0.03(  76->  86)
  174    9.620   128.9     0.0019    -5.6944     0.05(  63->  86)  0.05(  78->  90)  0.03(  78->  97)
  175    9.632   128.7     0.0060    -3.6308     0.05(  82-> 115)  0.04(  82-> 110)  0.03(  82-> 122)
  176    9.637   128.7     0.0030     6.9427     0.05(  69->  83)  0.04(  70->  83)  0.04(  66->  83)
  177    9.654   128.4     0.0206     1.8549     0.06(  79->  89)  0.05(  82-> 115)  0.04(  80->  89)
  178    9.663   128.3     0.0205    -3.3688     0.15(  74->  85)  0.13(  73->  85)  0.04(  61->  85)
  179    9.672   128.2     0.0172    -4.8594     0.10(  69->  83)  0.04(  57->  84)  0.04(  57->  83)
  180    9.678   128.1     0.0093     9.2395     0.06(  74->  85)  0.04(  73->  85)  0.02(  76->  95)
  181    9.701   127.8     0.0022   -11.2362     0.14(  81->  92)  0.09(  67->  89)  0.03(  81->  91)
  182    9.709   127.7     0.0009   -11.1647     0.04(  73->  93)  0.04(  69->  83)  0.03(  67->  89)
  183    9.724   127.5     0.0037     0.5499     0.04(  77->  91)  0.03(  77->  96)  0.03(  67->  83)
  184    9.735   127.4     0.0104     8.2666     0.05(  82-> 127)  0.03(  82-> 128)  0.03(  74->  87)
  185    9.739   127.3     0.0121     4.7222     0.03(  80->  92)  0.02(  75->  93)  0.02(  82-> 110)
  186    9.753   127.1     0.0118     0.9088     0.10(  67->  83)  0.03(  78->  90)  0.03(  72->  83)
  187    9.766   127.0     0.0046     3.4518     0.06(  67->  83)  0.02(  78-> 112)  0.02(  76->  95)
  188    9.779   126.8     0.0018   -10.8058     0.10(  67->  83)  0.09(  82-> 119)  0.04(  69->  83)
  189    9.790   126.6     0.0053     6.5242     0.09(  67->  83)  0.03(  61->  87)  0.03(  69->  83)
  190    9.792   126.6     0.0145    -2.9798     0.09(  81-> 121)  0.02(  81-> 110)  0.02(  74-> 102)
  191    9.804   126.5     0.0020    -8.8504     0.12(  80->  92)  0.05(  81->  92)  0.04(  67->  89)
  192    9.815   126.3     0.0135   -19.0514     0.06(  80-> 118)  0.04(  81->  94)  0.03(  79-> 112)
  193    9.833   126.1     0.0043    -4.2967     0.11(  71->  87)  0.06(  71->  85)  0.06(  75->  88)
  194    9.839   126.0     0.0014    -5.7714     0.07(  47->  83)  0.05(  71->  87)  0.04(  70->  87)
  195    9.846   125.9     0.0074    -2.6344     0.13(  77->  90)  0.07(  77->  98)  0.07(  77->  94)
  196    9.855   125.8     0.0027     2.5116     0.04(  71->  87)  0.04(  79->  97)  0.03(  66->  89)
  197    9.866   125.7     0.0044     6.2998     0.09(  75->  88)  0.03(  75->  85)  0.02(  73->  88)
  198    9.871   125.6     0.0042   -13.2404     0.04(  70->  89)  0.04(  80->  91)  0.04(  74->  91)
  199    9.894   125.3     0.0032    -4.1339     0.08(  67->  89)  0.05(  71->  94)  0.05(  64->  89)
  200    9.906   125.2     0.0023    12.9289     0.13(  71->  85)  0.06(  59->  88)  0.06(  70->  85)
  201    9.913   125.1     0.0068   -28.2974     0.05(  82-> 119)  0.04(  82-> 124)  0.03(  82-> 118)
  202    9.919   125.0     0.0088    13.7671     0.05(  79->  97)  0.04(  76->  90)  0.03(  71->  85)
  203    9.936   124.8     0.0023    -3.9802     0.03(  75->  88)  0.03(  59->  88)  0.03(  79-> 115)
  204    9.939   124.7     0.0041    -2.0919     0.11(  71->  85)  0.05(  70->  85)  0.04(  64->  89)
  205    9.950   124.6     0.0056    27.3272     0.03(  81->  99)  0.02(  79-> 102)  0.02(  76->  98)
  206    9.964   124.4     0.0067     8.0736     0.09(  66->  83)  0.06(  64->  83)  0.05(  69->  83)
  207    9.966   124.4     0.0074     8.3767     0.04(  82-> 127)  0.04(  82-> 118)  0.04(  82-> 121)
  208    9.988   124.1     0.0013    -0.1806     0.14(  77->  98)  0.07(  77-> 109)  0.04(  78->  98)
  209    9.992   124.1     0.0085   -16.1543     0.07(  47->  83)  0.03(  44->  83)  0.02(  47->  84)
  210    9.995   124.0     0.0062   -30.6264     0.17(  47->  83)  0.07(  44->  83)  0.05(  47->  84)

  alpha tensor

           1         2         3
 
    1 332.73865
    2-110.05007 212.70225
    3 -12.35168 -39.18012  47.89782
 trace alpha_L[0] / au:   197.779572628404     
 sum rule f_L           7.53565354519940     
 
 SOS specific optical rotation 
 including Lorentz factor for common solvent (n=1.4)
 lambda [eV] alpha[grad*cm^3*g^-1*dm^-1]
 632.8  1.96     -270.55
 589.3  2.10     -318.51        0.00 ##
 579.0  2.14     -331.90
 546.0  2.27     -381.78
 436.0  2.84     -720.18
 365.0  3.40       21.11
 
 sTD-DFT done.
Mon 21 Mar 13:52:08 GMT 2022
