Mon 21 Mar 14:26:16 GMT 2022


                 *********************************************
                 *                                           *
                 *               s  T  D  A                  *
                 *                                           *
                 *                S. Grimme                  *
                 * Mulliken Center for Theoretical Chemistry *
                 *             Universitaet Bonn             *
                 *              Version 1.6.2                *
                 *       Tue Sep 10 14:44:30 CET 2020        *
                 *********************************************
 
 Please cite as:
 S. Grimme, J. Chem. Phys. 138 (2013) 244104
 
 With contributions from:
 C. Bannwarth, P. Shushkov, M. de Wergifosse
 
======================================================================
 
 reading an xTB output...
 
 reading: wfn.xtb
======================================================================
                    M O / A O    I N P U T 
======================================================================
atom  #          x             y             z            charge
  C   1     -9.27496393    6.68717322    0.33958375         6.00
  C   2     -6.75066801    5.48455162    0.34846547         6.00
  N   3     -6.43659556    2.98501111    0.12831239         7.00
  C   4     -3.88678833    2.45078558    0.19672047         6.00
  C   5     -2.97291686   -0.01851931   -0.05763664         6.00
  C   6     -0.26531752   -0.51721799    0.05518000         6.00
  C   7      0.93087900   -1.99214910   -1.77596445         6.00
  C   8      3.48862307   -2.44322668   -1.68487966         6.00
  C   9      4.99624644   -1.46548247    0.27117567         6.00
  N  10      7.52469976   -1.97854307    0.36490608         7.00
  C  11      9.07427504   -1.46283686    2.54470496         6.00
  C  12     10.50612039    1.04766407    2.25179744         6.00
  C  13     11.14900516    1.45357720   -0.54537491         6.00
  C  14     11.50956487   -1.09698591   -1.84286075         6.00
  C  15      8.97393059   -2.51068990   -1.89671794         6.00
  C  16      3.77434964   -0.01001555    2.12348505         6.00
  C  17      1.22095194    0.46203799    2.00178670         6.00
  C  18     -4.68444166   -2.00235362   -0.41933019         6.00
  C  19     -4.27304832   -4.63228522   -0.59394087         6.00
  C  20     -6.60874959   -5.74949120   -0.86965188         6.00
  C  21     -8.42137472   -3.81497875   -0.83847140         6.00
  C  22    -11.20116159   -4.03664360   -1.04426256         6.00
  N  23     -7.25390203   -1.58944850   -0.55916991         7.00
  B  24     -8.53815978    1.01062544   -0.28459273         5.00
  F  25     -9.88950281    1.58510213   -2.45532093         9.00
  F  26    -10.17220581    0.98832667    1.76405917         9.00
  C  27     -2.57890900    4.76248734    0.44219587         6.00
  C  28     -4.37547146    6.64427644    0.54972128         6.00
  H  29     -9.11471517    8.71069176    0.64836497         1.00
  H  30    -10.45396395    5.84681209    1.80185369         1.00
  H  31    -10.20754369    6.33284960   -1.46151405         1.00
  H  32     -0.16629588   -2.74104749   -3.32478384         1.00
  H  33      4.32766140   -3.60994348   -3.13052001         1.00
  H  34      7.92494371   -1.48173412    4.25245030         1.00
  H  35     10.43185416   -3.01808131    2.70570961         1.00
  H  36      9.35924571    2.61764838    2.93493337         1.00
  H  37     12.22539306    0.97925599    3.38695582         1.00
  H  38     12.84749084    2.60479825   -0.72943422         1.00
  H  39      9.60453214    2.45513195   -1.47852158         1.00
  H  40     12.17437046   -0.83884935   -3.77605039         1.00
  H  41     12.93895357   -2.18622395   -0.83223531         1.00
  H  42      7.89659782   -1.86893896   -3.53586622         1.00
  H  43      9.30104215   -4.55310570   -2.09003690         1.00
  H  44      4.83335206    0.79633052    3.66644629         1.00
  H  45      0.33448149    1.56450411    3.47237143         1.00
  H  46     -2.47232846   -5.55503840   -0.48792724         1.00
  H  47     -7.00918252   -7.72727838   -1.06051420         1.00
  H  48    -11.88391958   -2.85613180   -2.58552304         1.00
  H  49    -11.75107184   -5.98873051   -1.36343727         1.00
  H  50    -12.08366361   -3.34103548    0.68086826         1.00
  H  51     -0.56502806    4.97961685    0.49208464         1.00
  H  52     -4.05648572    8.63718142    0.73812696         1.00

 # atoms          =   52
 # mos            =  224
 # primitive  aos = 1784
 # contracted aos =  344

 spherical AO basis
======================================================================
                    A O   I N T E G R A L S
======================================================================
 memory needed for AO int data:   4 Mb
 done.
  
Restricted MOs found... RKS-sTD-DFT will be performed
  
======================================================================
                    s T D A
======================================================================
 spectral range up to (eV)     :    10.0000000000000     
 occ MO cut-off (eV)           :   -36.6862539185964     
 virtMO cut-off (eV)           :    13.9536448612375     
 perturbation thr              :   1.000000000000000E-004
 triplet                       :  F
 MOs in TDA :          180
 oMOs in TDA:           72
 vMOs in TDA:          108
 sorting MOs ...
 reading and transforming R..V..L AO ints ...
 ints done.
 S^1/2 ...
 S^1/2 orthogonalized MO coefficients done.

 SCF atom population (using active MOs):
  3.893  3.995  5.182  3.988  3.929  4.106  3.960  4.007  3.870  5.128
  3.868  3.981  3.977  3.989  3.875  3.994  3.959  3.988  4.006  4.031
  3.994  3.893  5.182  2.750  7.021  7.021  4.006  4.031  1.030  1.051
  1.049  1.005  1.011  1.028  1.024  1.009  1.000  1.001  1.000  0.998
  1.010  1.041  1.010  1.024  1.004  0.998  0.977  1.051  1.030  1.050
  0.999  0.977
 
 # electrons in TDA: 144.000
 
 
 ax(DF)   :   0.500000000000000     
 s^K      :    2.00000000000000     
 beta  (J):    4.00000000000000     
 alpha (K):    2.00000000000000     
 
 hardness table read.
 setting up gammas ...
 memory needed for q data (Mb)                      4
 computing q(ij,n) ...
 
         152 CSF included by energy.
 
        7624 considered in PT2.
 ordered frontier orbitals
         eV     # centers
  62   -18.937    20.3
  63   -18.563    24.3
  64   -18.494    19.9
  65   -18.428    17.0
  66   -17.527    12.7
  67   -16.509    14.2
  68   -16.379     4.4
  69   -16.106     6.6
  70   -16.048     6.5
  71   -14.481     7.5
  72   -14.046     5.6
 
  73    -8.686     7.7
  74    -5.893     4.7
  75    -5.584    13.3
  76    -5.442    18.4
  77    -4.892    35.6
  78    -4.718    37.3
  79    -4.600    32.0
  80    -4.561     8.3
  81    -4.468    25.1
  82    -4.334    18.6
  83    -4.184    11.0
 
             lowest CSF states
       eV     nm      excitation i->a               eV
    1  2.95   419.9       72 ->  73     gap,J,K:   5.360   2.988   0.287   Kshft:   0.007  locality: 0.685
    2  3.49   355.6       71 ->  73     gap,J,K:   5.795   4.119   0.906   Kshft:   0.000  locality: 0.986
    3  3.77   329.3       70 ->  73     gap,J,K:   7.362   4.143   0.268   Kshft:   0.009  locality: 0.985
    4  3.97   312.3       69 ->  73     gap,J,K:   7.420   4.101   0.323   Kshft:   0.005  locality: 0.982
    5  4.53   273.4       72 ->  74     gap,J,K:   8.154   4.485   0.432   Kshft:   0.001  locality: 0.927
    6  4.80   258.4       68 ->  73     gap,J,K:   7.692   3.465   0.049   Kshft:   0.472  locality: 0.752
    7  4.99   248.4       72 ->  76     gap,J,K:   8.604   4.227   0.304   Kshft:   0.006  locality: 0.989
    8  5.02   247.1       72 ->  75     gap,J,K:   8.462   4.233   0.392   Kshft:   0.002  locality: 0.987
    9  5.10   243.0       67 ->  73     gap,J,K:   7.823   3.843   0.560   Kshft:   0.001  locality: 0.977
   10  5.93   209.1       66 ->  73     gap,J,K:   8.840   3.468   0.274   Kshft:   0.009  locality: 0.876
   11  6.17   200.8       71 ->  74     gap,J,K:   8.588   2.915   0.001   Kshft:   0.500  locality: 0.628
   12  6.35   195.2       72 ->  82     gap,J,K:   9.713   3.880   0.009   Kshft:   0.500  locality: 0.875
   13  6.38   194.4       72 ->  77     gap,J,K:   9.155   3.300   0.012   Kshft:   0.500  locality: 0.874
   14  6.50   190.8       72 ->  78     gap,J,K:   9.329   3.347   0.008   Kshft:   0.500  locality: 0.915
   15  6.67   185.9       71 ->  80     gap,J,K:   9.920   4.392   0.569   Kshft:   0.000  locality: 0.994
   16  6.91   179.5       71 ->  75     gap,J,K:   8.897   2.531   0.021   Kshft:   0.499  locality: 0.616
   17  6.92   179.1       71 ->  77     gap,J,K:   9.589   3.170   0.002   Kshft:   0.500  locality: 0.876
   18  6.93   178.9       72 ->  79     gap,J,K:   9.446   3.020   0.001   Kshft:   0.500  locality: 0.844
   19  6.99   177.4       64 ->  73     gap,J,K:   9.808   3.328   0.005   Kshft:   0.500  locality: 0.892
   20  7.07   175.3       71 ->  83     gap,J,K:  10.297   3.962   0.367   Kshft:   0.003  locality: 0.987
   21  7.08   175.0       61 ->  73     gap,J,K:  10.487   3.914   0.006   Kshft:   0.500  locality: 0.901
   22  7.10   174.6       71 ->  76     gap,J,K:   9.038   2.469   0.016   Kshft:   0.500  locality: 0.603
   23  7.14   173.7       68 ->  75     gap,J,K:  10.795   4.208   0.270   Kshft:   0.009  locality: 0.928
   24  7.22   171.8       68 ->  76     gap,J,K:  10.936   4.138   0.193   Kshft:   0.034  locality: 0.915
   25  7.28   170.2       67 ->  74     gap,J,K:  10.616   3.724   0.127   Kshft:   0.138  locality: 0.853
 
 selecting CSF ...
 average/max PT2 energy lowering (eV):     0.033     0.281
         991 CSF included by PT.
        1143 CSF in total.
 sTD-DFT procedure...
 setting up A+B and A-B matrices
  calculating (A-B)^0.5 ...
 estimated time (min)     0.06
  calculating (A+B)*(A-B)^0.5 ...
 calculate eigenvalues of (A-B)^0.5*(A+B)*(A-B)^0.5 ...
  rpa vectors ok
  165 roots found, lowest/highest eigenvalue :    2.587   9.991   0
 writing spectral data to tda.dat ...
 
 excitation energies, transition moments and TDA amplitudes
 state    eV      nm       fL         Rv
    1    2.587   479.3     0.4640   -38.0706     0.94(  72->  73)  0.02(  67->  73)  0.02(  66->  73)
    2    2.648   468.1     0.5325     6.5812     0.97(  71->  73)  0.01(  70->  73)  0.00(  69->  80)
    3    3.506   353.6     0.0380    26.1310     0.97(  70->  73)  0.01(  71->  73)  0.00(  70->  98)
    4    3.586   345.8     0.0508    -8.8676     0.94(  69->  73)  0.04(  67->  73)  0.00(  66->  73)
    5    3.990   310.7     0.0516    21.5302     0.90(  72->  74)  0.03(  68->  75)  0.03(  68->  73)
    6    4.116   301.2     0.0231   -20.9490     0.47(  72->  75)  0.46(  72->  76)  0.01(  67->  76)
    7    4.517   274.5     0.2775    -4.3059     0.74(  67->  73)  0.09(  72->  76)  0.07(  72->  75)
    8    4.720   262.7     0.0200    -1.4262     0.95(  68->  73)  0.03(  72->  74)  0.00(  67->  74)
    9    4.876   254.3     0.1344    -5.6483     0.38(  72->  75)  0.34(  72->  76)  0.15(  67->  73)
   10    5.474   226.5     0.0090   -10.2921     0.53(  72->  78)  0.37(  72->  79)  0.01(  67->  79)
   11    5.542   223.7     0.0322     2.2591     0.82(  66->  73)  0.04(  60->  73)  0.03(  71->  80)
   12    5.665   218.9     0.0058     3.5767     0.60(  72->  77)  0.19(  72->  81)  0.08(  72->  82)
   13    6.019   206.0     0.0416     1.9100     0.69(  72->  82)  0.06(  72->  77)  0.03(  72->  78)
   14    6.108   203.0     0.1683   -19.8244     0.54(  71->  80)  0.23(  71->  74)  0.07(  71->  77)
   15    6.118   202.6     0.0427    -3.3145     0.71(  71->  74)  0.12(  71->  80)  0.09(  71->  77)
   16    6.166   201.1     0.0532    20.9659     0.43(  71->  77)  0.16(  71->  80)  0.09(  71->  81)
   17    6.230   199.0     0.0208     1.7278     0.54(  64->  73)  0.27(  63->  73)  0.05(  65->  73)
   18    6.240   198.7     0.0080   -13.6549     0.28(  71->  75)  0.17(  71->  76)  0.13(  71->  79)
   19    6.287   197.2     0.0505     8.8764     0.28(  68->  75)  0.17(  68->  76)  0.16(  67->  74)
   20    6.312   196.4     0.0105     5.6272     0.27(  71->  75)  0.18(  71->  78)  0.17(  71->  76)
   21    6.524   190.0     0.0052    -4.0750     0.69(  71->  83)  0.11(  69->  80)  0.03(  70->  83)
   22    6.561   189.0     0.2271   -37.3148     0.37(  68->  74)  0.24(  72->  84)  0.04(  72->  87)
   23    6.600   187.8     0.2047    42.7319     0.23(  68->  74)  0.16(  72->  85)  0.16(  72->  84)
   24    6.646   186.5     0.0978    -1.2775     0.27(  72->  85)  0.13(  68->  74)  0.11(  72->  84)
   25    6.705   184.9     0.0305     0.8543     0.49(  71->  86)  0.24(  70->  80)  0.03(  67->  83)
   26    6.809   182.1     0.0009     1.5384     0.43(  71->  81)  0.11(  71->  84)  0.07(  71->  76)
   27    6.851   181.0     0.0085     3.8830     0.47(  72->  88)  0.10(  72->  89)  0.06(  72->  85)
   28    6.896   179.8     0.0025    -5.9272     0.90(  61->  73)  0.03(  59->  73)  0.01(  43->  73)
   29    6.951   178.4     0.0025    16.7789     0.43(  68->  76)  0.24(  68->  75)  0.14(  68->  77)
   30    6.984   177.5     0.0008     6.9673     0.24(  72->  87)  0.11(  62->  73)  0.10(  72->  92)
   31    7.012   176.8     0.0342    11.3877     0.20(  62->  73)  0.15(  63->  73)  0.13(  72->  87)
   32    7.027   176.5     0.0004    -7.7485     0.24(  70->  77)  0.14(  69->  78)  0.10(  69->  79)
   33    7.030   176.4     0.0148   -79.4371     0.22(  69->  77)  0.14(  70->  78)  0.12(  70->  79)
   34    7.039   176.1     0.1908   146.4488     0.25(  69->  80)  0.14(  72->  80)  0.14(  70->  83)
   35    7.137   173.7     0.0828    26.9059     0.14(  72->  89)  0.13(  72->  80)  0.11(  71->  85)
   36    7.179   172.7     0.0155   -15.5637     0.26(  71->  85)  0.17(  72->  80)  0.11(  71->  87)
   37    7.211   171.9     0.0411    -6.4147     0.29(  72->  80)  0.14(  72->  90)  0.11(  72->  91)
   38    7.292   170.0     0.3053     0.7908     0.58(  67->  74)  0.14(  68->  75)  0.07(  68->  76)
   39    7.340   168.9     0.0187     6.6366     0.20(  70->  80)  0.15(  71->  86)  0.14(  67->  75)
   40    7.467   166.1     0.0188   -22.5530     0.10(  56->  73)  0.08(  71->  87)  0.08(  72->  91)
   41    7.476   165.8     0.0170   -19.8982     0.12(  71->  87)  0.09(  59->  73)  0.08(  72->  91)
   42    7.480   165.8     0.0001    -4.5590     0.43(  59->  73)  0.13(  55->  73)  0.08(  56->  73)
   43    7.503   165.3     0.0200     0.3705     0.21(  72->  91)  0.14(  72->  92)  0.11(  71->  89)
   44    7.513   165.0     0.0321   -21.9399     0.19(  59->  73)  0.13(  71->  87)  0.10(  55->  73)
   45    7.612   162.9     0.0122     0.0251     0.50(  58->  73)  0.11(  56->  73)  0.05(  69->  74)
   46    7.622   162.7     0.0195    -3.4510     0.35(  58->  73)  0.13(  57->  73)  0.09(  56->  73)
   47    7.629   162.5     0.1342    13.4559     0.47(  67->  75)  0.08(  58->  73)  0.05(  66->  76)
   48    7.682   161.4     0.0007     1.3596     0.79(  70->  74)  0.03(  67->  75)  0.03(  69->  75)
   49    7.717   160.7     0.0031    -3.9577     0.13(  72->  92)  0.11(  72->  94)  0.09(  72->  79)
   50    7.750   160.0     0.0389    15.0588     0.45(  67->  76)  0.11(  66->  75)  0.09(  66->  76)
   51    7.769   159.6     0.0267     1.1495     0.53(  69->  74)  0.13(  54->  73)  0.11(  56->  73)
   52    7.792   159.1     0.0111   -16.9703     0.77(  54->  73)  0.14(  69->  74)  0.01(  53->  73)
   53    7.810   158.7     0.1098   -31.4320     0.41(  66->  74)  0.19(  53->  73)  0.04(  59->  73)
   54    7.818   158.6     0.0159    22.5290     0.16(  72->  81)  0.12(  72->  77)  0.10(  72->  89)
   55    7.855   157.8     0.1155    -1.6482     0.53(  53->  73)  0.19(  66->  74)  0.03(  68->  75)
   56    7.907   156.8     0.0223    25.0601     0.16(  71->  76)  0.13(  71->  75)  0.09(  71->  77)
   57    7.927   156.4     0.0134     1.8646     0.12(  70->  81)  0.10(  70->  84)  0.09(  72->  83)
   58    7.939   156.2     0.0209   -10.1302     0.15(  51->  73)  0.12(  72->  83)  0.10(  52->  73)
   59    7.942   156.1     0.0072     7.5986     0.13(  70->  85)  0.11(  69->  85)  0.10(  69->  81)
   60    7.948   156.0     0.0026     0.6371     0.18(  72->  83)  0.16(  51->  73)  0.08(  50->  73)
   61    7.969   155.6     0.0227    11.1007     0.26(  68->  78)  0.08(  68->  79)  0.05(  68->  85)
   62    7.986   155.3     0.0106   -12.8123     0.07(  72->  95)  0.06(  67->  80)  0.06(  72->  97)
   63    7.990   155.2     0.0027    -8.4802     0.09(  52->  73)  0.08(  55->  73)  0.06(  70->  75)
   64    8.000   155.0     0.0865    -9.6829     0.29(  71->  93)  0.18(  72->  83)  0.04(  71->  91)
   65    8.004   154.9     0.0147    -5.0219     0.18(  70->  75)  0.10(  70->  76)  0.09(  72->  95)
   66    8.035   154.3     0.0331     2.8142     0.28(  69->  75)  0.16(  69->  76)  0.15(  70->  80)
   67    8.049   154.0     0.0138    12.0525     0.13(  70->  83)  0.13(  67->  80)  0.08(  69->  86)
   68    8.070   153.6     0.0126     8.5463     0.23(  71->  94)  0.11(  71->  90)  0.11(  71->  91)
   69    8.104   153.0     0.1731    34.4682     0.15(  69->  83)  0.14(  70->  86)  0.13(  60->  73)
   70    8.158   152.0     0.0138    -1.9025     0.15(  72->  79)  0.09(  72->  85)  0.08(  72->  78)
   71    8.184   151.5     0.0042    -6.2995     0.41(  72->  86)  0.07(  71->  96)  0.06(  72->  80)
   72    8.191   151.4     0.0726    18.9407     0.29(  68->  77)  0.09(  52->  73)  0.08(  50->  73)
   73    8.216   150.9     0.0777   -23.4315     0.22(  68->  77)  0.11(  52->  73)  0.09(  50->  73)
   74    8.288   149.6     0.0018     0.5801     0.28(  65->  73)  0.14(  63->  73)  0.13(  64->  73)
   75    8.291   149.5     0.0023     6.9504     0.15(  72->  97)  0.11(  72->  81)  0.11(  71->  79)
   76    8.307   149.3     0.0083    -3.6612     0.36(  72->  98)  0.11(  71->  95)  0.08(  72-> 104)
   77    8.331   148.8     0.0041   -10.2954     0.16(  72->  81)  0.11(  71->  96)  0.07(  71->  92)
   78    8.366   148.2     0.0044   -21.5480     0.34(  67->  80)  0.10(  70->  83)  0.06(  69->  80)
   79    8.404   147.5     0.0017     3.7845     0.19(  71->  95)  0.08(  71->  94)  0.08(  66->  75)
   80    8.415   147.3     0.0217    17.2544     0.31(  66->  75)  0.09(  66->  76)  0.08(  67->  77)
   81    8.429   147.1     0.0069     3.6421     0.26(  62->  74)  0.22(  65->  74)  0.18(  63->  74)
   82    8.472   146.3     0.0038   -12.8794     0.20(  45->  73)  0.14(  62->  73)  0.09(  65->  73)
   83    8.482   146.2     0.0048     0.8400     0.27(  45->  73)  0.10(  66->  76)  0.09(  48->  73)
   84    8.503   145.8     0.0054    -3.3008     0.14(  62->  73)  0.07(  45->  73)  0.07(  63->  73)
   85    8.507   145.7     0.0114   -10.5961     0.15(  62->  73)  0.06(  63->  73)  0.06(  66->  76)
   86    8.545   145.1     0.0062     8.4085     0.14(  71->  98)  0.12(  72->  99)  0.07(  72->  93)
   87    8.573   144.6     0.0022    -1.3907     0.17(  69->  87)  0.16(  70->  89)  0.14(  70->  77)
   88    8.602   144.1     0.0068     0.1858     0.25(  65->  76)  0.25(  65->  75)  0.05(  65->  77)
   89    8.628   143.7     0.0011    -1.7114     0.10(  71->  96)  0.08(  69->  77)  0.07(  69->  89)
   90    8.643   143.4     0.0015    -1.6006     0.70(  47->  73)  0.08(  41->  73)  0.03(  46->  73)
   91    8.668   143.0     0.0228   -19.0059     0.21(  71->  98)  0.06(  69->  77)  0.04(  71->  95)
   92    8.690   142.7     0.0132    -4.5200     0.08(  71->  97)  0.07(  70->  93)  0.06(  67->  78)
   93    8.747   141.8     0.0017     2.6366     0.50(  48->  73)  0.14(  43->  73)  0.10(  45->  73)
   94    8.760   141.5     0.0190   -10.2713     0.18(  67->  78)  0.08(  66->  78)  0.07(  66->  79)
   95    8.776   141.3     0.0341     1.6156     0.13(  71->  98)  0.06(  71->  96)  0.05(  69->  93)
   96    8.809   140.7     0.0380    -3.8094     0.16(  71->  97)  0.10(  71->  84)  0.05(  71->  98)
   97    8.847   140.1     0.0225     3.1264     0.31(  68->  82)  0.13(  68->  87)  0.08(  68->  79)
   98    8.853   140.1     0.0016   -11.3258     0.19(  63->  75)  0.18(  63->  76)  0.10(  62->  75)
   99    8.874   139.7     0.0397    -5.2544     0.41(  71->  82)  0.09(  71->  96)  0.09(  71-> 100)
  100    8.914   139.1     0.0155     2.4263     0.58(  43->  73)  0.09(  48->  73)  0.06(  45->  73)
  101    8.916   139.1     0.0014     1.5892     0.13(  67->  78)  0.11(  71->  99)  0.10(  72-> 103)
  102    8.959   138.4     0.0133     0.4090     0.09(  72-> 104)  0.08(  71->  99)  0.06(  67->  78)
  103    8.996   137.8     0.0008     2.6302     0.17(  62->  75)  0.12(  65->  75)  0.09(  63->  75)
  104    9.010   137.6     0.0096    -0.7953     0.12(  71->  99)  0.10(  71->  84)  0.06(  72-> 100)
  105    9.045   137.1     0.0044     1.0873     0.20(  66->  77)  0.08(  72-> 102)  0.07(  72->  93)
  106    9.079   136.6     0.0021   -10.8360     0.15(  71->  82)  0.09(  69->  86)  0.06(  71-> 100)
  107    9.094   136.3     0.0102    -0.4834     0.09(  72-> 101)  0.06(  72->  93)  0.06(  66->  77)
  108    9.107   136.1     0.0174     2.9853     0.29(  41->  73)  0.09(  70->  86)  0.07(  67->  83)
  109    9.115   136.0     0.0135    -1.6575     0.38(  41->  73)  0.06(  70->  86)  0.05(  67->  83)
  110    9.124   135.9     0.0428    23.6094     0.10(  69->  86)  0.08(  70->  83)  0.07(  70->  78)
  111    9.129   135.8     0.0276     6.8472     0.10(  69->  86)  0.08(  67->  79)  0.08(  70->  83)
  112    9.148   135.5     0.0132     0.6861     0.11(  70->  78)  0.07(  70->  94)  0.05(  69->  77)
  113    9.171   135.2     0.0118     0.6789     0.09(  68->  79)  0.08(  66->  77)  0.07(  68->  85)
  114    9.186   135.0     0.0071    -6.4661     0.15(  68->  80)  0.10(  67->  79)  0.08(  69->  78)
  115    9.194   134.9     0.0009    -1.0500     0.51(  68->  80)  0.12(  68->  86)  0.04(  67->  79)
  116    9.216   134.5     0.0022     1.5148     0.46(  42->  73)  0.23(  35->  73)  0.07(  41->  73)
  117    9.220   134.5     0.0667     8.0149     0.40(  67->  83)  0.11(  69->  83)  0.09(  42->  73)
  118    9.224   134.4     0.0087     6.9345     0.14(  71-> 100)  0.06(  71->  82)  0.05(  72->  95)
  119    9.255   134.0     0.0030     1.8175     0.26(  57->  73)  0.11(  39->  73)  0.11(  40->  73)
  120    9.288   133.5     0.0062    -7.7610     0.30(  36->  73)  0.12(  39->  73)  0.10(  37->  73)
  121    9.300   133.3     0.0011    -9.4736     0.27(  39->  73)  0.22(  40->  73)  0.10(  57->  73)
  122    9.307   133.2     0.0010    -1.1222     0.20(  70->  76)  0.14(  70->  75)  0.11(  70->  77)
  123    9.310   133.2     0.0003    -0.6380     0.35(  60->  74)  0.05(  70->  76)  0.05(  68->  98)
  124    9.342   132.7     0.0017    -3.8652     0.10(  67->  81)  0.07(  67->  77)  0.07(  69->  76)
  125    9.356   132.5     0.0062    -2.1412     0.18(  68->  84)  0.11(  68->  81)  0.06(  68->  85)
  126    9.359   132.5     0.0029     0.8941     0.20(  72-> 104)  0.09(  72-> 103)  0.08(  72-> 105)
  127    9.378   132.2     0.0059     2.2497     0.07(  67->  81)  0.05(  69->  76)  0.05(  67->  77)
  128    9.386   132.1     0.0001    -0.1666     0.17(  67->  82)  0.11(  66->  82)  0.08(  68->  81)
  129    9.402   131.9     0.0060     8.0940     0.17(  37->  73)  0.08(  71-> 101)  0.06(  71->  84)
  130    9.410   131.8     0.0054     4.7000     0.13(  37->  73)  0.06(  71-> 101)  0.05(  69->  76)
  131    9.443   131.3     0.0028    -2.6899     0.16(  59->  74)  0.11(  53->  74)  0.11(  61->  74)
  132    9.453   131.2     0.0081     1.6455     0.15(  68->  88)  0.13(  68->  89)  0.06(  72-> 107)
  133    9.473   130.9     0.0241     2.1505     0.10(  71->  87)  0.09(  71->  92)  0.08(  71-> 102)
  134    9.488   130.7     0.0017    -0.6726     0.14(  36->  73)  0.11(  35->  73)  0.08(  69->  96)
  135    9.498   130.5     0.0093   -15.8703     0.26(  68->  82)  0.12(  68->  87)  0.05(  72-> 107)
  136    9.511   130.4     0.0018    -2.4456     0.11(  72-> 107)  0.09(  68->  82)  0.05(  72-> 108)
  137    9.540   130.0     0.0049   -14.0559     0.07(  65->  78)  0.05(  65->  79)  0.05(  70->  81)
  138    9.558   129.7     0.0022     4.7124     0.11(  70->  81)  0.06(  69->  79)  0.06(  69->  81)
  139    9.581   129.4     0.0035    -1.0237     0.06(  44->  73)  0.05(  69->  81)  0.03(  72-> 109)
  140    9.581   129.4     0.0048     3.5284     0.22(  67->  86)  0.06(  37->  73)  0.05(  44->  73)
  141    9.594   129.2     0.0133    -2.0999     0.12(  44->  73)  0.08(  69->  81)  0.04(  35->  73)
  142    9.610   129.0     0.0038   -23.3708     0.16(  72-> 109)  0.09(  38->  73)  0.05(  72->  94)
  143    9.620   128.9     0.0029     0.6949     0.26(  67->  86)  0.06(  38->  73)  0.05(  51->  73)
  144    9.649   128.5     0.0068    18.0780     0.10(  67->  87)  0.09(  65->  78)  0.07(  65->  79)
  145    9.654   128.4     0.0071    13.8270     0.10(  71-> 106)  0.10(  72-> 108)  0.07(  67->  81)
  146    9.672   128.2     0.0070   -12.9195     0.18(  38->  73)  0.10(  52->  73)  0.08(  51->  73)
  147    9.699   127.8     0.0643    24.3592     0.14(  70->  79)  0.07(  69->  93)  0.07(  70->  96)
  148    9.715   127.6     0.0149   -20.6111     0.16(  71->  88)  0.09(  71-> 104)  0.08(  71-> 102)
  149    9.718   127.6     0.0207   -44.7774     0.20(  65->  82)  0.05(  62->  76)  0.05(  65->  76)
  150    9.731   127.4     0.0063    31.7324     0.08(  69->  79)  0.05(  70->  93)  0.05(  69->  78)
  151    9.746   127.2     0.0112    -0.4864     0.14(  64->  80)  0.11(  71->  88)  0.07(  71-> 105)
  152    9.749   127.2     0.0269   -28.7982     0.23(  64->  80)  0.11(  63->  80)  0.04(  69->  79)
  153    9.762   127.0     0.0165    -1.3760     0.15(  65->  82)  0.07(  64->  82)  0.06(  62->  76)
  154    9.778   126.8     0.0111    15.6822     0.11(  71-> 106)  0.07(  72-> 107)  0.05(  72-> 110)
  155    9.833   126.1     0.0006     0.2494     0.21(  67->  87)  0.19(  67->  85)  0.05(  66->  82)
  156    9.882   125.5     0.0509    48.5803     0.13(  65->  82)  0.09(  63->  78)  0.08(  63->  79)
  157    9.886   125.4     0.0078   -26.2132     0.08(  70-> 100)  0.05(  69-> 100)  0.03(  65->  82)
  158    9.896   125.3     0.0052    -9.7304     0.10(  72-> 100)  0.05(  72-> 110)  0.05(  72->  95)
  159    9.903   125.2     0.0055    -8.5045     0.13(  33->  73)  0.08(  59->  75)  0.07(  61->  75)
  160    9.912   125.1     0.0083    34.2224     0.11(  72-> 110)  0.05(  72->  94)  0.04(  72-> 111)
  161    9.923   124.9     0.0036    -5.8876     0.10(  72-> 110)  0.08(  71-> 105)  0.07(  66->  84)
  162    9.941   124.7     0.0014   -19.0260     0.07(  69-> 100)  0.06(  72-> 100)  0.06(  72->  94)
  163    9.982   124.2     0.0088    15.9713     0.15(  65->  74)  0.12(  63->  74)  0.11(  64->  74)
  164    9.983   124.2     0.0047    -2.2364     0.13(  72->  96)  0.11(  71->  90)  0.04(  72-> 103)
  165    9.991   124.1     0.0079     8.5331     0.08(  67->  84)  0.04(  60->  75)  0.04(  66->  76)

  alpha tensor

           1         2         3
 
    1 292.61681
    2 -16.76718 225.13068
    3  16.67932  32.40656  29.81487
 trace alpha_L[0] / au:   182.520789921147     
 sum rule f_L           5.47523063850076     
 
 SOS specific optical rotation 
 including Lorentz factor for common solvent (n=1.4)
 lambda [eV] alpha[grad*cm^3*g^-1*dm^-1]
 632.8  1.96    -1086.27
 589.3  2.10    -1649.83        0.00 ##
 579.0  2.14    -1862.29
 546.0  2.27    -3026.74
 436.0  2.84     6661.84
 365.0  3.40    12876.03
 
 sTD-DFT done.
Mon 21 Mar 14:26:20 GMT 2022
