Mon 21 Mar 14:50:34 GMT 2022


                 *********************************************
                 *                                           *
                 *               s  T  D  A                  *
                 *                                           *
                 *                S. Grimme                  *
                 * Mulliken Center for Theoretical Chemistry *
                 *             Universitaet Bonn             *
                 *              Version 1.6.2                *
                 *       Tue Sep 10 14:44:30 CET 2020        *
                 *********************************************
 
 Please cite as:
 S. Grimme, J. Chem. Phys. 138 (2013) 244104
 
 With contributions from:
 C. Bannwarth, P. Shushkov, M. de Wergifosse
 
======================================================================
 
 reading an xTB output...
 
 reading: wfn.xtb
======================================================================
                    M O / A O    I N P U T 
======================================================================
atom  #          x             y             z            charge
  C   1      6.77844698    5.15687314   -0.72036353         6.00
  C   2      6.06054009    2.46287983   -0.34789855         6.00
  N   3      3.71161074    1.82490835   -0.26966389         7.00
  C   4      3.09196960   -0.65497901    0.07596698         6.00
  C   5      4.96941233   -2.48234401    0.33674916         6.00
  C   6      4.37112509   -5.04311164    0.68861614         6.00
  C   7      1.88953698   -5.75818394    0.78140168         6.00
  C   8     -0.07785671   -3.98146360    0.53309169         6.00
  C   9     -2.64882886   -4.66781207    0.62795593         6.00
  C  10     -4.52343700   -2.91471330    0.38928355         6.00
  C  11     -3.96804655   -0.31463937    0.03382609         6.00
  N  12     -5.86268579    1.41937316   -0.20768088         7.00
  C  13     -5.26572136    4.02776189   -0.72414298         6.00
  C  14     -8.47183040    0.70448983    0.11470637         6.00
  C  15     -1.43619172    0.38890560   -0.06859705         6.00
  C  16      0.49454128   -1.38762576    0.17272095         6.00
  O  17      7.44929969   -1.82453040    0.25586889         8.00
  C  18      8.14434090    0.63570381   -0.07936849         6.00
  O  19     10.36420197    1.16218146   -0.13908383         8.00
  H  20      7.85521283    5.81449777    0.90555667         1.00
  H  21      8.00317837    5.32486978   -2.36480305         1.00
  H  22      5.09715780    6.30525960   -0.96338229         1.00
  H  23      5.89500010   -6.38198248    0.87834462         1.00
  H  24      1.40538919   -7.72293201    1.05219941         1.00
  H  25     -3.12768542   -6.63520575    0.89346243         1.00
  H  26     -6.46059508   -3.53870081    0.46033724         1.00
  H  27     -4.07670579    4.18479811   -2.40543216         1.00
  H  28     -4.27437112    4.90535062    0.86587243         1.00
  H  29     -6.99935594    5.07599287   -1.06599441         1.00
  H  30     -9.64988556    2.38785771    0.09410835         1.00
  H  31     -8.76303717   -0.25171150    1.92355204         1.00
  H  32     -9.10999086   -0.54594183   -1.40595611         1.00
  H  33     -0.86643935    2.32379600   -0.32125341         1.00

 # atoms          =   33
 # mos            =  148
 # primitive  aos = 1158
 # contracted aos =  222

 spherical AO basis
======================================================================
                    A O   I N T E G R A L S
======================================================================
 memory needed for AO int data:   1 Mb
 done.
  
Restricted MOs found... RKS-sTD-DFT will be performed
  
======================================================================
                    s T D A
======================================================================
 spectral range up to (eV)     :    10.0000000000000     
 occ MO cut-off (eV)           :   -35.7537771037963     
 virtMO cut-off (eV)           :    14.2334547215637     
 perturbation thr              :   1.000000000000000E-004
 triplet                       :  F
 MOs in TDA :          118
 oMOs in TDA:           46
 vMOs in TDA:           72
 sorting MOs ...
 reading and transforming R..V..L AO ints ...
 ints done.
 S^1/2 ...
 S^1/2 orthogonalized MO coefficients done.

 SCF atom population (using active MOs):
  3.918  3.830  5.008  3.881  3.417  3.931  3.928  4.057  3.966  3.992
  3.883  5.145  3.791  3.792  3.999  4.011  5.051  2.689  5.508  1.000
  1.003  1.010  0.951  0.990  0.993  1.030  1.031  1.024  1.031  1.031
  1.032  1.028  1.051
 
 # electrons in TDA:  92.000
 
 
 ax(DF)   :   0.500000000000000     
 s^K      :    2.00000000000000     
 beta  (J):    4.00000000000000     
 alpha (K):    2.00000000000000     
 
 hardness table read.
 setting up gammas ...
 memory needed for q data (Mb)                      1
 computing q(ij,n) ...
 
         101 CSF included by energy.
 
        3211 considered in PT2.
 ordered frontier orbitals
         eV     # centers
  36   -19.992     9.3
  37   -19.400    14.2
  38   -19.368    11.6
  39   -18.612     4.0
  40   -18.391    14.1
  41   -18.211     9.4
  42   -16.748     8.5
  43   -16.493     7.3
  44   -15.897     5.6
  45   -15.029    10.0
  46   -13.767     6.2
 
  47    -7.754     8.5
  48    -6.459     9.9
  49    -5.528     7.7
  50    -5.188    11.3
  51    -4.702    10.1
  52    -4.652     8.9
  53    -4.589    13.7
  54    -4.258    20.1
  55    -3.902    19.1
  56    -3.752    14.9
  57    -3.571    15.5
 
             lowest CSF states
       eV     nm      excitation i->a               eV
    1  3.32   373.7       46 ->  47     gap,J,K:   6.013   3.436   0.369   Kshft:   0.003  locality: 0.776
    2  4.02   308.2       44 ->  47     gap,J,K:   8.143   4.620   0.000   Kshft:   0.500  locality: 0.969
    3  4.17   297.2       46 ->  48     gap,J,K:   7.308   3.921   0.391   Kshft:   0.002  locality: 0.908
    4  4.45   278.4       45 ->  47     gap,J,K:   7.275   4.065   0.621   Kshft:   0.000  locality: 0.960
    5  4.88   254.1       46 ->  50     gap,J,K:   8.578   4.200   0.000   Kshft:   0.500  locality: 0.922
    6  5.30   234.1       46 ->  49     gap,J,K:   8.238   4.009   0.533   Kshft:   0.001  locality: 0.902
    7  5.39   229.9       45 ->  48     gap,J,K:   8.570   4.091   0.457   Kshft:   0.001  locality: 0.990
    8  5.49   226.0       43 ->  47     gap,J,K:   8.739   3.936   0.340   Kshft:   0.004  locality: 0.908
    9  5.73   216.3       42 ->  47     gap,J,K:   8.994   3.811   0.270   Kshft:   0.009  locality: 0.886
   10  5.86   211.6       46 ->  52     gap,J,K:   9.115   3.701   0.211   Kshft:   0.024  locality: 0.860
   11  5.90   210.3       44 ->  48     gap,J,K:   9.438   4.041   0.000   Kshft:   0.500  locality: 0.869
   12  6.00   206.8       46 ->  53     gap,J,K:   9.178   3.682   0.000   Kshft:   0.500  locality: 0.877
   13  6.21   199.6       45 ->  49     gap,J,K:   9.500   4.209   0.459   Kshft:   0.001  locality: 0.990
   14  6.37   194.7       46 ->  54     gap,J,K:   9.508   3.640   0.000   Kshft:   0.500  locality: 0.945
   15  6.42   193.2       46 ->  56     gap,J,K:  10.014   4.162   0.057   Kshft:   0.453  locality: 0.953
   16  6.44   192.7       43 ->  48     gap,J,K:  10.034   4.071   0.228   Kshft:   0.018  locality: 0.962
   17  6.51   190.6       46 ->  55     gap,J,K:   9.864   3.860   0.001   Kshft:   0.500  locality: 0.964
   18  6.51   190.4       46 ->  51     gap,J,K:   9.064   3.056   0.001   Kshft:   0.500  locality: 0.707
   19  6.99   177.3       45 ->  52     gap,J,K:  10.377   4.100   0.357   Kshft:   0.003  locality: 0.996
   20  7.01   176.8       46 ->  57     gap,J,K:  10.195   3.637   0.217   Kshft:   0.021  locality: 0.911
   21  7.03   176.4       44 ->  49     gap,J,K:  10.368   3.842   0.000   Kshft:   0.500  locality: 0.803
   22  7.04   176.2       42 ->  48     gap,J,K:  10.288   4.141   0.444   Kshft:   0.001  locality: 0.987
   23  7.08   175.2       39 ->  47     gap,J,K:  10.858   4.283   0.000   Kshft:   0.500  locality: 0.929
   24  7.19   172.5       45 ->  53     gap,J,K:  10.440   3.754   0.000   Kshft:   0.500  locality: 0.935
   25  7.23   171.4       46 ->  58     gap,J,K:  10.414   3.684   0.002   Kshft:   0.500  locality: 0.945
 
 selecting CSF ...
 average/max PT2 energy lowering (eV):     0.022     0.098
         942 CSF included by PT.
        1043 CSF in total.
 sTD-DFT procedure...
 setting up A+B and A-B matrices
  calculating (A-B)^0.5 ...
 estimated time (min)     0.05
  calculating (A+B)*(A-B)^0.5 ...
 calculate eigenvalues of (A-B)^0.5*(A+B)*(A-B)^0.5 ...
  rpa vectors ok
  109 roots found, lowest/highest eigenvalue :    2.894   9.958   0
 writing spectral data to tda.dat ...
 
 excitation energies, transition moments and TDA amplitudes
 state    eV      nm       fL         Rv
    1    2.894   428.4     0.3528     2.6379     0.93(  46->  47)  0.02(  46->  48)  0.02(  45->  49)
    2    3.479   356.4     0.0307    -0.1322     0.52(  46->  48)  0.36(  45->  47)  0.04(  46->  49)
    3    3.677   337.2     0.0013    -0.8740     0.88(  44->  47)  0.08(  44->  48)  0.03(  44->  49)
    4    3.917   316.6     0.1702     2.3977     0.50(  45->  47)  0.36(  46->  48)  0.03(  43->  47)
    5    4.534   273.5     0.0125    22.7754     0.86(  46->  50)  0.04(  43->  50)  0.03(  45->  50)
    6    4.614   268.7     0.1233   -34.6816     0.54(  46->  49)  0.28(  45->  48)  0.04(  46->  48)
    7    4.965   249.7     0.2659    -4.8968     0.46(  43->  47)  0.27(  45->  48)  0.07(  45->  49)
    8    5.035   246.2     0.7901     2.7373     0.29(  46->  49)  0.23(  45->  48)  0.17(  42->  47)
    9    5.295   234.2     0.0010     5.1986     0.35(  46->  54)  0.27(  46->  53)  0.26(  46->  51)
   10    5.500   225.4     0.0411    -3.4687     0.34(  46->  52)  0.20(  42->  47)  0.14(  45->  49)
   11    5.570   222.6     0.0002    -0.3651     0.69(  44->  48)  0.15(  44->  52)  0.06(  44->  47)
   12    5.667   218.8     0.0232     1.0025     0.49(  42->  47)  0.22(  46->  52)  0.15(  43->  47)
   13    5.765   215.1     0.0023     7.9984     0.39(  46->  53)  0.36(  46->  55)  0.07(  46->  51)
   14    5.808   213.5     0.1793   -12.9471     0.28(  46->  56)  0.26(  45->  49)  0.16(  46->  52)
   15    5.847   212.1     0.0572     7.5735     0.38(  46->  56)  0.17(  45->  49)  0.17(  46->  57)
   16    6.187   200.4     0.0028    -3.0799     0.31(  46->  55)  0.21(  46->  53)  0.19(  46->  54)
   17    6.268   197.8     0.3020     0.8670     0.49(  43->  48)  0.22(  45->  52)  0.18(  45->  49)
   18    6.428   192.9     0.0125    -4.2320     0.50(  39->  47)  0.13(  39->  48)  0.09(  44->  48)
   19    6.476   191.4     0.0280    -8.5525     0.34(  45->  52)  0.13(  43->  48)  0.07(  42->  49)
   20    6.489   191.1     0.0087    13.4896     0.19(  46->  51)  0.13(  45->  51)  0.12(  45->  53)
   21    6.551   189.3     0.0611    -7.1483     0.63(  42->  48)  0.08(  41->  47)  0.04(  42->  49)
   22    6.681   185.6     0.0033     1.8718     0.34(  45->  53)  0.22(  45->  50)  0.13(  46->  51)
   23    6.724   184.4     0.0314    13.8027     0.27(  46->  57)  0.23(  46->  60)  0.22(  46->  62)
   24    6.854   180.9     0.0912    58.2941     0.20(  46->  58)  0.12(  46->  57)  0.09(  46->  63)
   25    6.889   180.0     0.0003    -0.1992     0.85(  44->  49)  0.03(  44->  47)  0.03(  44->  57)
   26    6.896   179.8     0.0843   -82.9334     0.23(  46->  58)  0.08(  46->  60)  0.05(  45->  51)
   27    7.003   177.0     0.0118     4.6668     0.53(  44->  51)  0.11(  41->  47)  0.06(  44->  54)
   28    7.043   176.0     0.0016    -4.7328     0.19(  45->  50)  0.18(  45->  53)  0.17(  45->  55)
   29    7.066   175.5     0.0149    -0.9267     0.24(  44->  51)  0.18(  43->  49)  0.16(  41->  47)
   30    7.139   173.7     0.0423    -0.2079     0.31(  41->  47)  0.20(  43->  49)  0.12(  40->  47)
   31    7.237   171.3     0.0033    -8.8714     0.38(  40->  47)  0.15(  46->  60)  0.12(  46->  63)
   32    7.253   170.9     0.0019     8.5217     0.19(  46->  63)  0.19(  40->  47)  0.11(  46->  60)
   33    7.312   169.6     0.0426     3.0228     0.22(  42->  49)  0.11(  45->  57)  0.09(  43->  49)
   34    7.403   167.5     0.0001     1.6994     0.47(  44->  52)  0.22(  39->  47)  0.09(  44->  57)
   35    7.439   166.7     0.0004    -3.0729     0.30(  46->  65)  0.15(  46->  66)  0.14(  46->  61)
   36    7.490   165.5     0.0001     1.0031     0.18(  45->  51)  0.15(  45->  50)  0.09(  46->  66)
   37    7.633   162.4     0.0009     0.9737     0.41(  46->  66)  0.12(  45->  54)  0.11(  46->  61)
   38    7.665   161.7     0.0438    -0.9091     0.14(  45->  57)  0.12(  42->  49)  0.09(  43->  49)
   39    7.690   161.2     0.0005     8.6846     0.21(  45->  51)  0.13(  45->  54)  0.09(  46->  51)
   40    7.805   158.9     0.0515    -1.6214     0.19(  46->  67)  0.11(  46->  59)  0.09(  43->  52)
   41    7.864   157.7     0.0254    -6.3095     0.15(  41->  48)  0.14(  45->  57)  0.13(  46->  59)
   42    7.908   156.8     0.0023    19.9971     0.15(  45->  54)  0.15(  45->  61)  0.10(  45->  55)
   43    7.929   156.4     0.0247   -11.6635     0.17(  38->  47)  0.15(  46->  62)  0.08(  37->  47)
   44    7.936   156.2     0.0032    -0.6801     0.53(  37->  47)  0.09(  40->  48)  0.07(  44->  52)
   45    8.003   154.9     0.0327     1.4795     0.15(  42->  49)  0.14(  38->  47)  0.11(  41->  48)
   46    8.068   153.7     0.0898    20.5611     0.36(  40->  48)  0.16(  43->  52)  0.05(  41->  48)
   47    8.094   153.2     0.0013    -1.5996     0.23(  43->  50)  0.18(  43->  53)  0.11(  45->  55)
   48    8.109   152.9     0.0058    -2.5420     0.20(  46->  64)  0.16(  43->  50)  0.10(  46->  70)
   49    8.133   152.5     0.1015     1.4903     0.22(  40->  48)  0.14(  41->  48)  0.08(  42->  52)
   50    8.194   151.3     0.1336    -7.5269     0.27(  44->  53)  0.11(  44->  54)  0.07(  44->  55)
   51    8.230   150.6     0.0494    21.5556     0.19(  45->  56)  0.14(  45->  63)  0.10(  45->  60)
   52    8.291   149.5     0.0049   -46.5604     0.17(  43->  50)  0.16(  43->  53)  0.12(  41->  50)
   53    8.294   149.5     0.0283     0.0432     0.58(  44->  59)  0.13(  44->  57)  0.07(  44->  52)
   54    8.325   148.9     0.0201    13.5059     0.21(  46->  67)  0.13(  35->  47)  0.11(  43->  52)
   55    8.398   147.6     0.0354     4.8154     0.18(  45->  62)  0.13(  45->  56)  0.11(  45->  60)
   56    8.423   147.2     0.0214    -0.3641     0.27(  35->  47)  0.21(  38->  47)  0.12(  46->  67)
   57    8.436   147.0     0.0104    -2.2893     0.22(  44->  59)  0.19(  39->  48)  0.13(  39->  52)
   58    8.464   146.5     0.0003    -0.0886     0.17(  43->  53)  0.14(  46->  61)  0.13(  45->  61)
   59    8.532   145.3     0.1210    20.9160     0.29(  44->  50)  0.16(  42->  52)  0.09(  44->  61)
   60    8.564   144.8     0.0024   -22.9955     0.18(  42->  52)  0.15(  44->  50)  0.10(  45->  58)
   61    8.572   144.6     0.0067     3.4912     0.20(  45->  58)  0.14(  42->  52)  0.04(  45->  55)
   62    8.611   144.0     0.0009     5.0611     0.27(  42->  50)  0.20(  42->  53)  0.10(  45->  55)
   63    8.684   142.8     0.0109     2.3908     0.26(  34->  47)  0.22(  33->  47)  0.21(  40->  49)
   64    8.700   142.5     0.0003    -2.6951     0.25(  44->  57)  0.17(  39->  48)  0.09(  31->  47)
   65    8.764   141.5     0.0024     0.4038     0.46(  46->  68)  0.07(  46->  63)  0.05(  45->  59)
   66    8.814   140.7     0.0042     0.4813     0.13(  43->  54)  0.12(  46->  69)  0.10(  45->  61)
   67    8.830   140.4     0.0029    -1.2157     0.21(  45->  60)  0.09(  46->  59)  0.08(  41->  49)
   68    8.861   139.9     0.0004     1.4037     0.39(  43->  51)  0.07(  46->  69)  0.06(  46->  70)
   69    8.914   139.1     0.0032     4.2677     0.19(  42->  53)  0.08(  45->  64)  0.07(  42->  50)
   70    8.926   138.9     0.0188    -1.5863     0.33(  41->  49)  0.08(  33->  47)  0.07(  40->  49)
   71    8.958   138.4     0.0135    -8.2952     0.25(  45->  63)  0.08(  28->  47)  0.04(  45->  56)
   72    8.978   138.1     0.0120     1.0829     0.14(  41->  49)  0.08(  40->  49)  0.07(  44->  53)
   73    9.014   137.5     0.0284    -4.2919     0.23(  44->  61)  0.14(  44->  53)  0.14(  44->  50)
   74    9.051   137.0     0.0528    17.0666     0.35(  28->  47)  0.16(  38->  48)  0.14(  41->  49)
   75    9.122   135.9     0.0010    -2.4401     0.53(  37->  48)  0.07(  44->  57)  0.06(  29->  47)
   76    9.139   135.7     0.0099     3.2755     0.17(  44->  50)  0.08(  44->  64)  0.08(  44->  58)
   77    9.148   135.5     0.0006     0.7578     0.24(  38->  48)  0.06(  44->  58)  0.06(  44->  64)
   78    9.153   135.5     0.0005     1.1048     0.19(  42->  50)  0.14(  46->  70)  0.14(  42->  53)
   79    9.168   135.2     0.0005    -2.7414     0.10(  40->  49)  0.10(  46->  65)  0.08(  45->  61)
   80    9.169   135.2     0.0023    -7.5577     0.33(  40->  49)  0.08(  31->  47)  0.06(  29->  47)
   81    9.247   134.1     0.0006    -2.1189     0.13(  43->  55)  0.12(  42->  51)  0.11(  43->  51)
   82    9.288   133.5     0.0061     0.4885     0.15(  31->  47)  0.14(  30->  47)  0.12(  29->  47)
   83    9.296   133.4     0.0300     2.2282     0.26(  45->  62)  0.09(  28->  47)  0.07(  46->  68)
   84    9.320   133.0     0.0099    -1.6089     0.26(  43->  57)  0.12(  45->  59)  0.09(  45->  67)
   85    9.326   132.9     0.0023     1.5593     0.23(  43->  55)  0.12(  42->  51)  0.06(  46->  65)
   86    9.391   132.0     0.0088    -0.3017     0.39(  44->  62)  0.19(  44->  60)  0.14(  44->  67)
   87    9.416   131.7     0.0019     0.0768     0.17(  43->  57)  0.16(  26->  47)  0.09(  28->  47)
   88    9.487   130.7     0.0036     1.3474     0.21(  43->  56)  0.14(  43->  57)  0.10(  46->  73)
   89    9.506   130.4     0.0031     1.5930     0.17(  42->  54)  0.15(  43->  54)  0.08(  43->  51)
   90    9.538   130.0     0.0002    -1.0243     0.13(  43->  60)  0.11(  45->  68)  0.10(  46->  73)
   91    9.579   129.4     0.0094   -12.8926     0.20(  26->  47)  0.12(  37->  49)  0.10(  43->  56)
   92    9.584   129.4     0.0037     0.6785     0.26(  37->  49)  0.13(  39->  49)  0.10(  30->  47)
   93    9.596   129.2     0.0076     6.2560     0.10(  45->  65)  0.08(  46->  72)  0.07(  45->  64)
   94    9.670   128.2     0.0356    -0.4875     0.47(  40->  50)  0.11(  40->  53)  0.04(  45->  67)
   95    9.687   128.0     0.0382    -2.1152     0.26(  44->  55)  0.20(  44->  64)  0.12(  44->  53)
   96    9.706   127.7     0.0022    -2.8145     0.18(  43->  58)  0.06(  41->  55)  0.05(  42->  55)
   97    9.721   127.5     0.0018     7.9990     0.19(  44->  63)  0.18(  44->  56)  0.11(  25->  47)
   98    9.758   127.1     0.0055     6.5233     0.15(  46->  73)  0.07(  45->  68)  0.07(  39->  51)
   99    9.762   127.0     0.0037    -1.4722     0.15(  44->  56)  0.13(  44->  63)  0.10(  34->  47)
  100    9.820   126.3     0.0229    10.7437     0.09(  42->  56)  0.07(  42->  57)  0.05(  43->  57)
  101    9.841   126.0     0.0183    -7.4829     0.22(  46->  74)  0.11(  45->  66)  0.10(  45->  64)
  102    9.850   125.9     0.0169   -14.7457     0.14(  46->  74)  0.11(  44->  54)  0.06(  44->  65)
  103    9.857   125.8     0.0107     4.8839     0.12(  46->  74)  0.07(  44->  54)  0.05(  45->  64)
  104    9.869   125.6     0.0009    -4.8596     0.24(  29->  47)  0.14(  25->  47)  0.12(  27->  47)
  105    9.898   125.3     0.0021    12.9916     0.20(  39->  51)  0.10(  43->  60)  0.09(  45->  68)
  106    9.908   125.1     0.0048    10.9475     0.09(  45->  65)  0.08(  42->  55)  0.08(  45->  69)
  107    9.926   124.9     0.0424   -15.3887     0.12(  39->  51)  0.10(  42->  56)  0.09(  43->  60)
  108    9.945   124.7     0.0035     1.7715     0.09(  42->  54)  0.09(  41->  50)  0.05(  45->  68)
  109    9.958   124.5     0.0495     4.8986     0.31(  35->  48)  0.06(  39->  51)  0.04(  42->  56)

  alpha tensor

           1         2         3
 
    1 217.92708
    2  10.46268 104.02117
    3  -0.75228 -13.12615   7.99471
 trace alpha_L[0] / au:   109.980983437947     
 sum rule f_L           4.12463487583302     
 
 SOS specific optical rotation 
 including Lorentz factor for common solvent (n=1.4)
 lambda [eV] alpha[grad*cm^3*g^-1*dm^-1]
 632.8  1.96       30.44
 589.3  2.10       50.00        0.00 ##
 579.0  2.14       56.94
 546.0  2.27       90.23
 436.0  2.84     3281.69
 365.0  3.40     -989.96
 
 sTD-DFT done.
Mon 21 Mar 14:50:37 GMT 2022
