Mon 21 Mar 14:10:48 GMT 2022


                 *********************************************
                 *                                           *
                 *               s  T  D  A                  *
                 *                                           *
                 *                S. Grimme                  *
                 * Mulliken Center for Theoretical Chemistry *
                 *             Universitaet Bonn             *
                 *              Version 1.6.2                *
                 *       Tue Sep 10 14:44:30 CET 2020        *
                 *********************************************
 
 Please cite as:
 S. Grimme, J. Chem. Phys. 138 (2013) 244104
 
 With contributions from:
 C. Bannwarth, P. Shushkov, M. de Wergifosse
 
======================================================================
 
 reading an xTB output...
 
 reading: wfn.xtb
======================================================================
                    M O / A O    I N P U T 
======================================================================
atom  #          x             y             z            charge
  C   1      1.18372433   -5.01174219   -3.82423840         6.00
  C   2     -1.51234768   -5.26439855   -2.87427317         6.00
  O   3     -2.42111689   -2.81852625   -2.19869614         8.00
  C   4     -4.18498709   -2.68454468   -0.39268505         6.00
  O   5     -5.07504801   -4.50000440    0.66215997         8.00
  C   6     -4.82541521   -0.03722760    0.15098910         6.00
  C   7     -3.15811001    2.05356519    0.29536417         6.00
  C   8     -0.43010163    2.02937670   -0.02947972         6.00
  C   9      1.04898687    0.22317663    1.02139688         6.00
  C  10      3.70613053    0.20994855    0.59412984         6.00
  C  11      5.34981416   -1.61325904    1.57111815         6.00
  C  12      7.90774721   -1.55184295    1.09736386         6.00
  C  13      8.89550696    0.41498382   -0.39835423         6.00
  C  14      7.28716121    2.23308915   -1.41049145         6.00
  C  15      4.71562213    2.13860286   -0.92898928         6.00
  O  16      3.23105343    3.94650367   -1.95416560         8.00
  C  17      0.66782915    4.02114785   -1.61477082         6.00
  O  18     -0.49265155    5.67409114   -2.65846647         8.00
  O  19     11.36197727    0.65384518   -0.97868907         8.00
  C  20     13.15438233   -0.89932058    0.32730053         6.00
  C  21     13.75229162    0.31652910    2.88617844         6.00
  C  22     15.51389415   -0.91727298   -1.33868186         6.00
  C  23     12.10199395   -3.58159759    0.62285367         6.00
  C  24      9.64062590   -3.55684218    2.12140635         6.00
  N  25     -4.44444646    4.12546072    0.80483428         7.00
  N  26     -6.85894931    3.49240253    1.02385352         7.00
  C  27     -8.61148115    5.46697717    1.37288590         6.00
  C  28     -8.04342953    7.78037968    0.25360122         6.00
  C  29     -9.67029460    9.79766213    0.56408320         6.00
  C  30    -11.85443985    9.52119522    1.98326738         6.00
  C  31    -12.39414558    7.22347744    3.11200069         6.00
  C  32    -10.77465045    5.18786465    2.83080947         6.00
  C  33     -7.20628094    0.97490962    0.64231785         6.00
  C  34     -9.59772912   -0.47318738    0.59186217         6.00
  O  35    -11.30434063   -0.30046643    2.09041485         8.00
  O  36     -9.56428097   -2.05167546   -1.36343727         8.00
  C  37    -11.58269726   -3.84143491   -1.53502439         6.00
  C  38    -11.23045234   -5.98154955    0.35281183         6.00
  H  39      1.87404122   -6.84685506   -4.43254119         1.00
  H  40      2.40694394   -4.28797715   -2.34080353         1.00
  H  41      1.24608529   -3.70896512   -5.41009642         1.00
  H  42     -2.74558283   -6.03238318   -4.35033811         1.00
  H  43     -1.62648712   -6.50254699   -1.21792837         1.00
  H  44      0.23508191   -1.22492036    2.21230217         1.00
  H  45      4.57918392   -3.11389042    2.72271715         1.00
  H  46      8.05533480    3.71822478   -2.57116113         1.00
  H  47     14.99667616   -0.89724188    3.97881799         1.00
  H  48     12.02980642    0.65384518    3.95349566         1.00
  H  49     14.67939117    2.12556375    2.58873558         1.00
  H  50     16.12975584    1.01024749   -1.68525760         1.00
  H  51     15.10080006   -1.80015294   -3.14639371         1.00
  H  52     17.02567491   -1.95227588   -0.41403896         1.00
  H  53     11.74181219   -4.34202331   -1.26290385         1.00
  H  54     13.50435958   -4.77647131    1.54371713         1.00
  H  55     10.02480719   -3.19798322    4.12035846         1.00
  H  56      8.71938450   -5.39951395    2.00216464         1.00
  H  57     -6.32718042    7.95234474   -0.83318017         1.00
  H  58     -9.23490174   11.58893336   -0.30915917         1.00
  H  59    -13.12811514   11.09798256    2.21759340         1.00
  H  60    -14.08148188    7.00804868    4.23789941         1.00
  H  61    -11.19360269    3.40963253    3.72805135         1.00
  H  62    -13.37812589   -2.86406865   -1.21055844         1.00
  H  63    -11.49652576   -4.52967310   -3.47766266         1.00
  H  64     -9.30784516   -6.69624390    0.23375910         1.00
  H  65    -11.55359548   -5.29727978    2.26200196         1.00
  H  66    -12.55722893   -7.49370825   -0.05423513         1.00

 # atoms          =   66
 # mos            =  293
 # primitive  aos = 2316
 # contracted aos =  444

 spherical AO basis
======================================================================
                    A O   I N T E G R A L S
======================================================================
 memory needed for AO int data:   7 Mb
 done.
  
Restricted MOs found... RKS-sTD-DFT will be performed
  
======================================================================
                    s T D A
======================================================================
 spectral range up to (eV)     :    10.0000000000000     
 occ MO cut-off (eV)           :   -35.3737616740420     
 virtMO cut-off (eV)           :    13.4333222368212     
 perturbation thr              :   1.000000000000000E-004
 triplet                       :  F
 MOs in TDA :          229
 oMOs in TDA:           91
 vMOs in TDA:          138
 sorting MOs ...
 reading and transforming R..V..L AO ints ...
 ints done.
 S^1/2 ...
 S^1/2 orthogonalized MO coefficients done.

 SCF atom population (using active MOs):
  3.863  3.555  5.024  2.633  5.423  3.889  3.861  3.928  3.795  3.970
  3.886  3.977  3.444  3.877  3.407  5.070  2.742  5.559  5.340  3.761
  3.831  3.858  3.912  3.929  5.047  4.864  3.954  3.964  3.998  3.991
  3.997  3.953  3.736  2.493  5.260  5.041  3.577  3.872  1.002  1.045
  0.986  0.958  0.967  0.969  0.974  0.910  1.001  1.006  0.988  0.994
  0.993  1.000  0.967  0.985  1.000  0.992  1.006  0.992  0.997  0.993
  1.022  0.964  0.963  1.030  1.008  1.007
 
 # electrons in TDA: 182.000
 
 
 ax(DF)   :   0.500000000000000     
 s^K      :    2.00000000000000     
 beta  (J):    4.00000000000000     
 alpha (K):    2.00000000000000     
 
 hardness table read.
 setting up gammas ...
 memory needed for q data (Mb)                      9
 computing q(ij,n) ...
 
         168 CSF included by energy.
 
       12390 considered in PT2.
 ordered frontier orbitals
         eV     # centers
  81   -18.090    12.5
  82   -17.518     4.9
  83   -17.488    15.7
  84   -17.300     9.3
  85   -16.820     7.0
  86   -16.660    15.0
  87   -16.201     4.0
  88   -16.111     4.3
  89   -15.745     5.1
  90   -15.395    14.9
  91   -14.567    14.6
 
  92    -7.374     8.3
  93    -6.815    11.3
  94    -5.890     7.9
  95    -5.684     4.6
  96    -5.546    13.9
  97    -5.370    24.0
  98    -5.207     7.6
  99    -5.079    26.8
 100    -4.984    11.9
 101    -4.796    33.4
 102    -4.609    16.2
 
             lowest CSF states
       eV     nm      excitation i->a               eV
    1  4.34   285.5       91 ->  92     gap,J,K:   7.193   3.904   0.527   Kshft:   0.001  locality: 0.978
    2  4.94   251.2       89 ->  92     gap,J,K:   8.371   4.126   0.343   Kshft:   0.004  locality: 0.894
    3  5.16   240.2       91 ->  93     gap,J,K:   7.752   2.981   0.168   Kshft:   0.056  locality: 0.742
    4  5.31   233.3       90 ->  92     gap,J,K:   8.021   3.239   0.261   Kshft:   0.011  locality: 0.846
    5  5.64   219.9       90 ->  93     gap,J,K:   8.580   3.428   0.235   Kshft:   0.016  locality: 0.890
    6  5.66   219.1       91 ->  94     gap,J,K:   8.676   3.660   0.320   Kshft:   0.005  locality: 0.948
    7  5.86   211.5       87 ->  93     gap,J,K:   9.386   4.581   0.528   Kshft:   0.001  locality: 0.962
    8  5.91   209.9       85 ->  92     gap,J,K:   9.446   4.087   0.025   Kshft:   0.498  locality: 0.907
    9  5.99   206.9       87 ->  92     gap,J,K:   8.828   3.304   0.094   Kshft:   0.281  locality: 0.698
   10  6.04   205.3       88 ->  93     gap,J,K:   9.296   3.707   0.214   Kshft:   0.023  locality: 0.779
   11  6.42   193.1       91 ->  96     gap,J,K:   9.020   2.993   0.169   Kshft:   0.055  locality: 0.866
   12  6.61   187.7       86 ->  92     gap,J,K:   9.286   3.343   0.330   Kshft:   0.004  locality: 0.887
   13  6.65   186.4       91 -> 100     gap,J,K:   9.582   3.524   0.294   Kshft:   0.007  locality: 0.967
   14  6.74   183.9       89 ->  94     gap,J,K:   9.854   4.389   0.639   Kshft:   0.000  locality: 0.984
   15  6.88   180.2       82 ->  93     gap,J,K:  10.703   4.332   0.005   Kshft:   0.500  locality: 0.930
   16  6.89   179.8       90 ->  95     gap,J,K:   9.711   3.421   0.299   Kshft:   0.006  locality: 0.823
   17  6.91   179.5       91 ->  95     gap,J,K:   8.883   2.469   0.087   Kshft:   0.317  locality: 0.570
   18  6.92   179.1       90 ->  94     gap,J,K:   9.504   2.989   0.184   Kshft:   0.040  locality: 0.807
   19  6.93   179.0       91 ->  98     gap,J,K:   9.359   3.001   0.055   Kshft:   0.459  locality: 0.790
   20  6.96   178.2       91 ->  97     gap,J,K:   9.197   2.763   0.012   Kshft:   0.500  locality: 0.753
   21  7.01   176.9       83 ->  92     gap,J,K:  10.114   3.632   0.258   Kshft:   0.011  locality: 0.928
   22  7.04   176.1       86 ->  93     gap,J,K:   9.844   3.187   0.157   Kshft:   0.070  locality: 0.841
   23  7.10   174.6       84 ->  92     gap,J,K:   9.926   3.333   0.004   Kshft:   0.500  locality: 0.784
   24  7.12   174.0       84 ->  93     gap,J,K:  10.485   3.901   0.020   Kshft:   0.499  locality: 0.912
   25  7.16   173.3       90 ->  96     gap,J,K:   9.848   3.258   0.279   Kshft:   0.008  locality: 0.983
 
 selecting CSF ...
 average/max PT2 energy lowering (eV):     0.037     0.288
        1072 CSF included by PT.
        1240 CSF in total.
 sTD-DFT procedure...
 setting up A+B and A-B matrices
  calculating (A-B)^0.5 ...
 estimated time (min)     0.08
  calculating (A+B)*(A-B)^0.5 ...
 calculate eigenvalues of (A-B)^0.5*(A+B)*(A-B)^0.5 ...
  rpa vectors ok
  203 roots found, lowest/highest eigenvalue :    3.722   9.995   0
 writing spectral data to tda.dat ...
 
 excitation energies, transition moments and TDA amplitudes
 state    eV      nm       fL         Rv
    1    3.722   333.1     0.8545    31.1226     0.88(  91->  92)  0.04(  89->  92)  0.02(  90->  92)
    2    4.245   292.1     0.1048     7.0438     0.52(  89->  92)  0.22(  91->  94)  0.08(  90->  92)
    3    4.474   277.1     0.3035   -39.9175     0.63(  91->  93)  0.26(  90->  93)  0.03(  90->  92)
    4    4.737   261.7     0.0339    16.8239     0.62(  90->  92)  0.12(  89->  92)  0.06(  85->  92)
    5    4.890   253.5     0.0005    -0.6208     0.33(  88->  93)  0.27(  90->  95)  0.13(  88->  96)
    6    5.153   240.6     0.1674   -23.1984     0.45(  91->  94)  0.26(  89->  92)  0.05(  89->  94)
    7    5.215   237.7     0.1366    22.9512     0.71(  87->  93)  0.04(  90->  93)  0.03(  91->  96)
    8    5.406   229.3     0.0202    27.8626     0.53(  85->  92)  0.08(  84->  92)  0.06(  90->  92)
    9    5.495   225.6     0.0811    -8.4278     0.41(  90->  93)  0.12(  86->  93)  0.10(  91->  93)
   10    5.694   217.7     0.0669    19.6292     0.22(  87->  92)  0.20(  91->  96)  0.10(  91-> 100)
   11    5.714   217.0     0.1390    16.1232     0.58(  87->  92)  0.07(  91->  96)  0.06(  91-> 100)
   12    5.875   211.0     0.2147     1.3701     0.30(  91-> 100)  0.27(  89->  94)  0.13(  91->  96)
   13    5.954   208.2     0.1013    -9.0207     0.22(  82->  93)  0.18(  84->  93)  0.07(  82->  98)
   14    6.054   204.8     0.0042    30.3484     0.22(  82->  93)  0.14(  86->  92)  0.06(  88->  95)
   15    6.098   203.3     0.0140   -23.4607     0.20(  91->  97)  0.13(  84->  93)  0.08(  90->  96)
   16    6.158   201.3     0.0178   -76.1923     0.31(  91->  97)  0.12(  86->  92)  0.08(  90->  97)
   17    6.231   199.0     0.0057     5.7405     0.25(  91->  98)  0.14(  86->  92)  0.08(  90->  98)
   18    6.251   198.3     0.1924    37.2524     0.44(  88->  93)  0.12(  90->  95)  0.12(  91->  95)
   19    6.395   193.9     0.4647  -136.4496     0.28(  88->  95)  0.08(  91->  98)  0.07(  85->  93)
   20    6.429   192.9     0.1589   -80.2303     0.14(  89->  94)  0.12(  86->  93)  0.09(  91->  96)
   21    6.480   191.3     0.1643    79.1234     0.14(  87->  98)  0.10(  84->  92)  0.06(  85->  93)
   22    6.519   190.2     0.0167    -7.3224     0.21(  91->  99)  0.12(  91-> 100)  0.04(  89-> 100)
   23    6.571   188.7     0.0666    37.0767     0.15(  90->  94)  0.06(  91->  96)  0.06(  83->  92)
   24    6.636   186.8     0.1669    18.1201     0.21(  90-> 102)  0.11(  91-> 102)  0.08(  91-> 101)
   25    6.659   186.2     0.2029    50.2102     0.32(  89-> 100)  0.18(  91->  99)  0.08(  91-> 101)
   26    6.768   183.2     0.1416     5.4717     0.11(  88->  95)  0.10(  90->  94)  0.07(  91->  99)
   27    6.804   182.2     0.0280    13.7049     0.34(  91->  95)  0.22(  88->  96)  0.13(  86->  95)
   28    6.844   181.2     0.0123    15.2185     0.33(  87->  98)  0.18(  91-> 104)  0.08(  91->  98)
   29    6.863   180.7     0.0066     6.8473     0.20(  83->  92)  0.09(  89->  97)  0.08(  86->  92)
   30    6.903   179.6     0.0216     2.0898     0.30(  89->  97)  0.10(  83->  92)  0.07(  86->  93)
   31    6.958   178.2     0.0393   -20.3721     0.25(  88-> 102)  0.08(  88-> 101)  0.07(  90->  96)
   32    6.966   178.0     0.0192     0.2619     0.35(  88-> 102)  0.12(  88-> 101)  0.04(  87->  96)
   33    6.990   177.4     0.0932     2.0566     0.19(  87->  96)  0.11(  84->  92)  0.09(  83->  92)
   34    7.050   175.9     0.0724   -39.0422     0.08(  91-> 104)  0.07(  85->  93)  0.07(  88->  95)
   35    7.086   175.0     0.1162   -47.2564     0.11(  85->  94)  0.10(  84->  92)  0.08(  89-> 100)
   36    7.142   173.6     0.0180   -15.2100     0.13(  91-> 107)  0.09(  91-> 105)  0.07(  89->  97)
   37    7.171   172.9     0.0338    -3.2880     0.68(  88->  92)  0.07(  84->  92)  0.02(  90->  95)
   38    7.278   170.4     0.0041    12.3540     0.18(  91-> 103)  0.12(  91-> 105)  0.11(  91->  99)
   39    7.334   169.1     0.1503    42.2863     0.12(  90->  95)  0.12(  91-> 104)  0.08(  88->  96)
   40    7.354   168.6     0.1060   -17.8902     0.19(  90->  95)  0.14(  88->  96)  0.07(  87->  95)
   41    7.386   167.9     0.0289    -0.3227     0.19(  80->  92)  0.17(  85->  94)  0.09(  73->  92)
   42    7.417   167.2     0.0163    17.8368     0.25(  91-> 105)  0.12(  91-> 107)  0.07(  91-> 101)
   43    7.449   166.4     0.0064    -4.2804     0.79(  89->  93)  0.03(  89->  96)  0.03(  83->  93)
   44    7.529   164.7     0.0024     0.8476     0.20(  91-> 106)  0.09(  91->  99)  0.07(  90->  99)
   45    7.573   163.7     0.0205    18.4816     0.13(  90-> 100)  0.08(  91-> 103)  0.04(  89-> 107)
   46    7.619   162.7     0.0704    -8.8372     0.11(  90-> 104)  0.07(  87-> 104)  0.05(  81->  92)
   47    7.630   162.5     0.0013    19.6537     0.10(  81->  92)  0.10(  89-> 107)  0.08(  82->  92)
   48    7.647   162.1     0.0391   -51.5128     0.10(  82->  92)  0.08(  81->  92)  0.07(  80->  92)
   49    7.687   161.3     0.0509     5.2646     0.41(  78->  93)  0.04(  82->  93)  0.03(  84->  93)
   50    7.704   160.9     0.0183    17.3208     0.08(  89->  99)  0.06(  84->  93)  0.06(  78->  93)
   51    7.714   160.7     0.0589    10.2049     0.59(  87->  95)  0.07(  86->  95)  0.04(  88->  96)
   52    7.734   160.3     0.0650     4.9155     0.11(  84->  93)  0.06(  73->  92)  0.05(  85->  93)
   53    7.746   160.1     0.0152    11.2558     0.13(  73->  92)  0.10(  84->  93)  0.07(  90-> 100)
   54    7.760   159.8     0.0063    -0.7187     0.07(  83->  93)  0.07(  90-> 109)  0.06(  90-> 110)
   55    7.785   159.3     0.0355    11.8451     0.14(  90-> 109)  0.08(  91-> 109)  0.08(  90-> 110)
   56    7.803   158.9     0.0033    -1.6558     0.12(  83->  93)  0.10(  86->  94)  0.08(  89->  99)
   57    7.840   158.1     0.0192   -40.1922     0.08(  91-> 103)  0.08(  91-> 101)  0.06(  91-> 108)
   58    7.900   156.9     0.0607     3.0929     0.07(  87-> 104)  0.05(  83->  93)  0.04(  76->  93)
   59    7.917   156.6     0.0058    22.5508     0.10(  81->  93)  0.09(  90->  98)  0.07(  80->  93)
   60    7.937   156.2     0.0471    45.7271     0.12(  78->  93)  0.06(  80->  92)  0.05(  84->  98)
   61    7.947   156.0     0.0138    -0.9395     0.05(  91-> 101)  0.05(  82->  92)  0.05(  90->  99)
   62    7.983   155.3     0.0023    37.4582     0.16(  79->  92)  0.08(  91-> 108)  0.04(  86->  95)
   63    8.003   154.9     0.1240   -34.6945     0.16(  86->  95)  0.11(  91->  95)  0.11(  83->  95)
   64    8.011   154.8     0.0162    -8.8084     0.18(  89->  96)  0.09(  79->  92)  0.08(  91-> 108)
   65    8.018   154.6     0.0046    -5.9129     0.12(  89->  96)  0.05(  85->  96)  0.05(  88-> 109)
   66    8.041   154.2     0.0103   -53.3410     0.25(  88-> 109)  0.20(  88-> 110)  0.06(  91-> 108)
   67    8.079   153.5     0.0409     6.9980     0.13(  87-> 104)  0.05(  87->  99)  0.04(  89->  96)
   68    8.097   153.1     0.0224    15.5269     0.10(  87-> 104)  0.07(  90-> 104)  0.04(  87->  94)
   69    8.129   152.5     0.0151     0.0605     0.07(  73->  92)  0.05(  86->  96)  0.05(  81->  92)
   70    8.140   152.3     0.0029   -11.0513     0.11(  91-> 117)  0.09(  91-> 112)  0.06(  82->  92)
   71    8.195   151.3     0.0246     0.2941     0.08(  86->  96)  0.08(  85->  96)  0.05(  82->  92)
   72    8.222   150.8     0.0049     3.1380     0.17(  82->  92)  0.06(  86->  96)  0.05(  82->  98)
   73    8.231   150.6     0.0084     4.3516     0.09(  87->  99)  0.07(  90-> 108)  0.06(  91-> 113)
   74    8.250   150.3     0.0218   -13.3021     0.09(  76->  93)  0.05(  87->  99)  0.05(  82->  98)
   75    8.277   149.8     0.0096    20.9907     0.15(  89-> 105)  0.06(  87->  99)  0.04(  86->  96)
   76    8.306   149.3     0.0180    11.9111     0.12(  89-> 105)  0.05(  69->  92)  0.03(  89->  99)
   77    8.325   148.9     0.0044    -1.4347     0.24(  91-> 113)  0.09(  91-> 107)  0.08(  90-> 113)
   78    8.352   148.4     0.0025   -44.5127     0.08(  69->  92)  0.05(  80->  94)  0.04(  91-> 116)
   79    8.378   148.0     0.0071     7.7663     0.05(  91-> 114)  0.05(  73->  92)  0.05(  80->  94)
   80    8.406   147.5     0.0090    -3.5855     0.06(  87->  94)  0.03(  91-> 112)  0.03(  76->  95)
   81    8.412   147.4     0.0797    24.5663     0.13(  79->  93)  0.07(  79->  92)  0.07(  84->  99)
   82    8.421   147.2     0.0080    15.4689     0.08(  91->  97)  0.07(  86->  97)  0.04(  87-> 101)
   83    8.433   147.0     0.0162     2.6539     0.19(  76->  95)  0.17(  81->  95)  0.10(  85->  95)
   84    8.455   146.6     0.0042    11.6007     0.11(  75->  92)  0.09(  87->  94)  0.04(  73->  92)
   85    8.469   146.4     0.0112     6.1482     0.09(  90-> 118)  0.07(  75->  92)  0.05(  91-> 102)
   86    8.479   146.2     0.0043    -3.8215     0.07(  86-> 100)  0.07(  91-> 102)  0.05(  87->  94)
   87    8.503   145.8     0.0197    13.2659     0.07(  91-> 115)  0.06(  79->  99)  0.05(  91-> 110)
   88    8.524   145.5     0.0129   -22.0809     0.04(  91-> 119)  0.04(  82-> 101)  0.03(  82->  99)
   89    8.541   145.2     0.0297   -27.1998     0.06(  89-> 103)  0.05(  85-> 100)  0.04(  80->  94)
   90    8.547   145.1     0.0095     5.9235     0.11(  82-> 101)  0.10(  82->  99)  0.06(  91-> 102)
   91    8.564   144.8     0.0071    18.2805     0.14(  84->  95)  0.11(  85->  95)  0.09(  82->  95)
   92    8.575   144.6     0.0031    13.1881     0.10(  84->  95)  0.09(  85->  98)  0.08(  84->  96)
   93    8.604   144.1     0.0078   -28.6045     0.12(  88->  98)  0.09(  88->  94)  0.06(  88-> 118)
   94    8.610   144.0     0.0207    19.9291     0.08(  88->  94)  0.08(  88->  98)  0.07(  88-> 104)
   95    8.635   143.6     0.0028    17.4896     0.09(  91-> 115)  0.04(  90->  99)  0.04(  87-> 101)
   96    8.656   143.2     0.0135    14.1320     0.05(  86-> 100)  0.03(  87-> 100)  0.03(  72->  93)
   97    8.671   143.0     0.0066    -1.8849     0.18(  72->  93)  0.06(  72->  96)  0.03(  70->  93)
   98    8.683   142.8     0.0029     0.6837     0.33(  74->  93)  0.04(  75->  93)  0.04(  72->  93)
   99    8.700   142.5     0.0099   -15.4941     0.09(  74->  93)  0.05(  84->  99)  0.04(  77->  92)
  100    8.710   142.3     0.0017    -7.2486     0.12(  80->  97)  0.07(  81->  97)  0.06(  79->  97)
  101    8.718   142.2     0.0057     0.9250     0.27(  88->  98)  0.08(  88-> 104)  0.05(  88-> 117)
  102    8.725   142.1     0.0086   -24.0470     0.34(  77->  92)  0.10(  76->  92)  0.06(  69->  92)
  103    8.732   142.0     0.0022    -6.9209     0.08(  80->  97)  0.04(  79->  99)  0.03(  74->  93)
  104    8.740   141.9     0.0055     7.8022     0.07(  89-> 117)  0.06(  89-> 112)  0.06(  80->  97)
  105    8.765   141.5     0.0234     5.6274     0.06(  85->  98)  0.06(  91-> 114)  0.05(  91-> 116)
  106    8.778   141.2     0.0022   -11.5615     0.07(  86->  98)  0.06(  85->  96)  0.04(  91-> 114)
  107    8.799   140.9     0.0240   -17.6390     0.17(  78->  99)  0.16(  78-> 101)  0.07(  78-> 100)
  108    8.808   140.8     0.0181    -0.5078     0.12(  87-> 101)  0.09(  86->  98)  0.04(  87->  97)
  109    8.828   140.4     0.0279   -11.7112     0.07(  88-> 118)  0.05(  91-> 122)  0.04(  91-> 119)
  110    8.845   140.2     0.0145    46.2937     0.06(  91-> 119)  0.03(  91-> 114)  0.03(  89-> 106)
  111    8.859   140.0     0.0779   -57.3480     0.18(  88-> 118)  0.10(  88-> 104)  0.05(  88-> 116)
  112    8.890   139.5     0.0009     2.0299     0.30(  72->  95)  0.13(  76->  95)  0.10(  85->  95)
  113    8.895   139.4     0.0141   -29.4289     0.10(  89-> 106)  0.04(  87-> 102)  0.04(  87-> 101)
  114    8.907   139.2     0.0007    -4.5400     0.18(  70->  93)  0.06(  86->  98)  0.04(  83->  96)
  115    8.918   139.0     0.0067     4.4881     0.10(  87-> 102)  0.07(  85->  97)  0.05(  85-> 106)
  116    8.925   138.9     0.0082    -3.0360     0.09(  87-> 100)  0.08(  83->  94)  0.06(  87->  94)
  117    8.934   138.8     0.0108    -8.9419     0.05(  88-> 118)  0.05(  91-> 124)  0.04(  90-> 101)
  118    8.963   138.3     0.0052     6.4443     0.07(  88-> 120)  0.07(  88->  98)  0.06(  88-> 104)
  119    8.976   138.1     0.0217   -11.2596     0.13(  89-> 106)  0.08(  83->  94)  0.06(  87-> 100)
  120    8.993   137.9     0.0008   -19.0324     0.08(  91-> 123)  0.07(  87-> 102)  0.05(  77->  97)
  121    9.019   137.5     0.0008    -1.0074     0.88(  89->  95)  0.02(  72->  95)  0.01(  86->  95)
  122    9.031   137.3     0.0038   -13.2297     0.22(  87-> 102)  0.09(  87-> 100)  0.09(  77->  97)
  123    9.042   137.1     0.0289    37.7460     0.09(  82->  96)  0.04(  82->  94)  0.04(  83->  94)
  124    9.060   136.9     0.0150     5.9715     0.13(  71->  92)  0.09(  82->  96)  0.07(  89-> 108)
  125    9.075   136.6     0.0070     9.2051     0.23(  71->  92)  0.10(  71->  93)  0.04(  70->  92)
  126    9.095   136.3     0.0040     3.3892     0.06(  77->  97)  0.04(  91-> 123)  0.04(  90->  97)
  127    9.100   136.2     0.0027     2.3811     0.48(  89->  98)  0.12(  89->  96)  0.04(  89->  97)
  128    9.129   135.8     0.0038    -6.1473     0.04(  91-> 111)  0.04(  91-> 126)  0.03(  87-> 100)
  129    9.145   135.6     0.0243   -10.0408     0.31(  88->  94)  0.16(  70->  95)  0.08(  88->  96)
  130    9.155   135.4     0.0099    23.9745     0.07(  90-> 107)  0.06(  90-> 101)  0.06(  90-> 103)
  131    9.171   135.2     0.0139   -39.6743     0.09(  90->  97)  0.06(  90-> 101)  0.04(  77->  97)
  132    9.177   135.1     0.0015     2.4221     0.21(  89-> 108)  0.07(  91-> 121)  0.06(  91-> 122)
  133    9.204   134.7     0.0101   -12.4553     0.14(  78->  98)  0.05(  89-> 104)  0.04(  78->  92)
  134    9.209   134.6     0.0034    -3.2115     0.09(  89-> 113)  0.04(  90-> 107)  0.04(  89-> 104)
  135    9.223   134.4     0.0177    12.7434     0.12(  78->  98)  0.06(  88->  94)  0.04(  79->  98)
  136    9.236   134.2     0.0189    -7.1967     0.10(  78->  98)  0.10(  70->  95)  0.09(  88->  94)
  137    9.244   134.1     0.0074    -8.5930     0.04(  89-> 116)  0.03(  84->  94)  0.03(  89-> 104)
  138    9.264   133.8     0.0203    12.1239     0.05(  91-> 121)  0.05(  85-> 104)  0.05(  91-> 123)
  139    9.283   133.6     0.0011    -4.0921     0.07(  86-> 104)  0.06(  91-> 121)  0.03(  90-> 120)
  140    9.302   133.3     0.0806     0.5299     0.17(  79->  98)  0.08(  79->  93)  0.07(  78->  98)
  141    9.327   132.9     0.0178    28.5864     0.04(  91-> 124)  0.04(  91-> 111)  0.03(  83->  96)
  142    9.336   132.8     0.0015     2.3889     0.09(  72->  95)  0.07(  90-> 102)  0.05(  82->  95)
  143    9.358   132.5     0.0012     4.3493     0.06(  90-> 102)  0.04(  70->  95)  0.03(  72->  95)
  144    9.370   132.3     0.0024    -7.9961     0.06(  70->  95)  0.06(  72->  95)  0.03(  82->  95)
  145    9.388   132.1     0.0024    10.3243     0.06(  81->  96)  0.04(  84->  94)  0.03(  80->  96)
  146    9.390   132.0     0.0130    26.7595     0.13(  89-> 113)  0.10(  89-> 107)  0.07(  90-> 107)
  147    9.419   131.6     0.0066    -6.5488     0.05(  87-> 103)  0.04(  87-> 106)  0.04(  84->  96)
  148    9.421   131.6     0.0015     4.3000     0.12(  91-> 125)  0.03(  91-> 111)  0.03(  84->  94)
  149    9.426   131.5     0.0052    -2.4072     0.08(  84->  94)  0.04(  78->  92)  0.03(  82->  94)
  150    9.455   131.1     0.0452   -26.7084     0.05(  88->  99)  0.04(  78->  92)  0.04(  84->  94)
  151    9.466   131.0     0.0046    -1.0276     0.24(  78->  92)  0.04(  84->  96)  0.02(  82->  96)
  152    9.479   130.8     0.0089    27.1472     0.10(  88->  99)  0.04(  74-> 101)  0.03(  74->  99)
  153    9.484   130.7     0.0455     4.6496     0.14(  88->  99)  0.05(  88-> 101)  0.04(  88-> 100)
  154    9.495   130.6     0.0064    17.7181     0.03(  91-> 111)  0.03(  74-> 101)  0.03(  71->  92)
  155    9.504   130.5     0.0085    12.9482     0.14(  78->  92)  0.04(  84-> 101)  0.04(  82-> 101)
  156    9.510   130.4     0.0018     0.1717     0.08(  78->  92)  0.03(  73->  94)  0.02(  91-> 120)
  157    9.523   130.2     0.0224    45.1715     0.03(  75->  97)  0.03(  91-> 116)  0.03(  91-> 111)
  158    9.536   130.0     0.0385   -26.0445     0.09(  74-> 101)  0.09(  74->  99)  0.04(  74-> 100)
  159    9.544   129.9     0.0111   -40.7766     0.04(  84-> 101)  0.04(  73->  94)  0.03(  91-> 109)
  160    9.554   129.8     0.0425     6.5121     0.06(  73->  94)  0.03(  85-> 107)  0.02(  73->  96)
  161    9.556   129.7     0.0428     9.7459     0.04(  87->  97)  0.04(  91-> 109)  0.02(  91-> 105)
  162    9.575   129.5     0.0013     9.6481     0.03(  84->  96)  0.03(  87-> 108)  0.03(  85-> 107)
  163    9.592   129.3     0.0029     3.0602     0.18(  84->  95)  0.13(  85->  95)  0.08(  83->  95)
  164    9.599   129.2     0.0150    19.6781     0.12(  76->  92)  0.04(  91-> 124)  0.03(  91-> 110)
  165    9.615   129.0     0.0323    15.0248     0.04(  84->  95)  0.04(  69->  94)  0.04(  77->  94)
  166    9.619   128.9     0.0133   -31.5910     0.05(  75->  97)  0.05(  73->  97)  0.04(  84->  95)
  167    9.626   128.8     0.0053     3.1211     0.19(  76->  92)  0.04(  75->  92)  0.02(  77->  92)
  168    9.639   128.6     0.0231   -13.8698     0.07(  87->  97)  0.03(  76->  92)  0.03(  85-> 107)
  169    9.653   128.4     0.0130     7.7241     0.06(  76->  92)  0.06(  76-> 102)  0.04(  81-> 102)
  170    9.682   128.1     0.0084     5.8388     0.04(  82-> 102)  0.04(  89-> 101)  0.03(  76-> 102)
  171    9.698   127.9     0.0103    -4.3540     0.04(  89-> 101)  0.03(  63->  92)  0.03(  69->  94)
  172    9.699   127.8     0.0116    -4.0172     0.06(  57->  92)  0.05(  63->  92)  0.04(  69->  94)
  173    9.707   127.7     0.0122     1.1867     0.10(  87->  97)  0.05(  87-> 108)  0.02(  85->  99)
  174    9.721   127.5     0.0013    -6.5018     0.09(  75->  94)  0.03(  85->  97)  0.03(  60->  92)
  175    9.727   127.5     0.0040   -11.2956     0.03(  75->  94)  0.03(  88-> 100)  0.03(  84-> 100)
  176    9.749   127.2     0.0059    -9.9872     0.10(  89-> 101)  0.03(  89-> 114)  0.02(  89-> 103)
  177    9.756   127.1     0.0077   -28.8028     0.05(  89-> 112)  0.03(  90-> 106)  0.03(  89-> 119)
  178    9.765   127.0     0.0109    10.1487     0.04(  91-> 127)  0.03(  67->  93)  0.03(  88-> 100)
  179    9.771   126.9     0.0095    -4.4805     0.10(  77->  94)  0.08(  88-> 100)  0.03(  66->  92)
  180    9.782   126.8     0.0038   -19.5965     0.27(  88-> 100)  0.08(  88->  99)  0.05(  88->  97)
  181    9.787   126.7     0.0161    -8.5038     0.13(  87->  97)  0.04(  85->  97)  0.03(  91-> 127)
  182    9.797   126.6     0.0019   -28.6862     0.05(  90-> 106)  0.03(  85->  99)  0.03(  88-> 100)
  183    9.807   126.4     0.0004    -9.0171     0.10(  66->  92)  0.06(  89-> 101)  0.04(  67->  92)
  184    9.818   126.3     0.0241    25.7849     0.09(  66->  92)  0.04(  67->  92)  0.04(  77->  94)
  185    9.824   126.2     0.0008    13.4991     0.10(  66->  92)  0.05(  67->  92)  0.03(  85->  99)
  186    9.829   126.1     0.0179    -5.7292     0.05(  85->  96)  0.04(  83->  98)  0.03(  67->  93)
  187    9.838   126.0     0.0041    14.4006     0.05(  88->  97)  0.05(  88->  99)  0.04(  89-> 101)
  188    9.857   125.8     0.0144   -16.1033     0.08(  85->  99)  0.05(  81->  98)  0.02(  88-> 126)
  189    9.859   125.8     0.0109   -10.7045     0.11(  77->  94)  0.03(  85-> 100)  0.03(  69->  94)
  190    9.865   125.7     0.0065    -0.5380     0.04(  83-> 100)  0.03(  91-> 122)  0.02(  86-> 100)
  191    9.877   125.5     0.0076    -0.8880     0.05(  88-> 126)  0.04(  88-> 129)  0.04(  88-> 100)
  192    9.883   125.5     0.0127    -2.2472     0.05(  82-> 102)  0.03(  84-> 102)  0.03(  67->  93)
  193    9.894   125.3     0.0041     2.0319     0.07(  57->  92)  0.07(  80-> 100)  0.06(  69->  94)
  194    9.917   125.0     0.0098     3.0426     0.16(  88->  97)  0.11(  88-> 101)  0.07(  88-> 100)
  195    9.918   125.0     0.0026    19.4141     0.04(  88->  97)  0.04(  88-> 100)  0.03(  87-> 109)
  196    9.924   124.9     0.0032     0.4025     0.05(  89-> 114)  0.03(  90-> 103)  0.03(  55->  92)
  197    9.938   124.8     0.0109    10.0973     0.04(  88-> 100)  0.04(  88->  97)  0.03(  88-> 101)
  198    9.947   124.6     0.0089    -1.8545     0.18(  87-> 109)  0.08(  87-> 110)  0.03(  87-> 118)
  199    9.964   124.4     0.0011    15.3912     0.14(  83->  95)  0.04(  86->  95)  0.03(  82->  95)
  200    9.970   124.4     0.0161     2.0585     0.05(  83->  95)  0.04(  87-> 111)  0.03(  87-> 109)
  201    9.973   124.3     0.0396    17.8794     0.15(  83->  95)  0.05(  85->  97)  0.04(  86->  95)
  202    9.992   124.1     0.0043     3.2258     0.10(  83->  95)  0.06(  89-> 114)  0.04(  80-> 105)
  203    9.995   124.0     0.0335    -4.7489     0.08(  89-> 114)  0.07(  83-> 100)  0.05(  86-> 100)

  alpha tensor

           1         2         3
 
    1 259.96475
    2 -70.19876 143.31245
    3 -19.17858 -19.53619  43.23538
 trace alpha_L[0] / au:   148.837527227326     
 sum rule f_L           7.09499340887590     
 
 SOS specific optical rotation 
 including Lorentz factor for common solvent (n=1.4)
 lambda [eV] alpha[grad*cm^3*g^-1*dm^-1]
 632.8  1.96       92.49
 589.3  2.10      121.45        0.00 ##
 579.0  2.14      130.35
 546.0  2.27      166.73
 436.0  2.84      540.77
 365.0  3.40     2765.49
 
 sTD-DFT done.
Mon 21 Mar 14:10:52 GMT 2022
