Mon 21 Mar 14:06:36 GMT 2022


                 *********************************************
                 *                                           *
                 *               s  T  D  A                  *
                 *                                           *
                 *                S. Grimme                  *
                 * Mulliken Center for Theoretical Chemistry *
                 *             Universitaet Bonn             *
                 *              Version 1.6.2                *
                 *       Tue Sep 10 14:44:30 CET 2020        *
                 *********************************************
 
 Please cite as:
 S. Grimme, J. Chem. Phys. 138 (2013) 244104
 
 With contributions from:
 C. Bannwarth, P. Shushkov, M. de Wergifosse
 
======================================================================
 
 reading an xTB output...
 
 reading: wfn.xtb
======================================================================
                    M O / A O    I N P U T 
======================================================================
atom  #          x             y             z            charge
  C   1     12.35502826   -1.94169341    4.07783963         6.00
  N   2     10.15293061   -0.33485944    4.15456250         7.00
  C   3     10.00231945    1.59360589    6.07603584         6.00
  C   4      8.32367589   -0.52534381    2.36102360         6.00
  C   5      8.39869801   -2.45721065    0.51154881         6.00
  C   6      6.55999466   -2.66319078   -1.29200563         6.00
  C   7      4.52967310   -0.96281537   -1.38498015         6.00
  C   8      2.56794859   -1.04029414   -3.20554213         6.00
  C   9      0.66215997    0.68389182   -3.16377918         6.00
  C  10     -1.34359515    0.70959209   -5.08222897         6.00
  C  11     -3.94083449    0.72130839   -4.38114064         6.00
  C  12     -4.79839213    0.30953711   -2.00594410         6.00
  C  13     -7.38807257    0.31671807   -1.28255700         6.00
  C  14     -9.49077064    0.75078812   -2.77336180         6.00
  N  15    -11.61935794    0.60282258   -1.36060268         7.00
  C  16    -10.99480352    0.07540007    1.09793078         6.00
  C  17    -12.52264695   -0.24453054    3.20459726         6.00
  C  18    -11.34534768   -0.76515004    5.47113457         6.00
  C  19     -8.71919553   -0.95941386    5.63572970         6.00
  C  20     -7.19815511   -0.64439655    3.54418102         6.00
  C  21     -8.33595911   -0.12207630    1.23134543         6.00
  C  22     -0.64836497    0.74398511   -7.59386373         6.00
  C  23      1.88915903    0.83166839   -8.38225739         6.00
  N  24      3.95009415    0.90196620   -9.06104695         7.00
  C  25     -2.43680161    0.72414298   -9.56220228         6.00
  N  26     -3.88489861    0.68691538  -11.17867385         7.00
  C  27      0.63740456    2.69002489   -1.25969132         6.00
  O  28     -0.90820229    4.36167646   -1.11418242         8.00
  O  29      2.55056311    2.67811962    0.47564402         8.00
  C  30      4.44747002    0.95960284    0.44824300         6.00
  C  31      6.29448816    1.17389776    2.28486765         6.00
  H  32     11.85387293   -3.91777984    4.42365947         1.00
  H  33     13.68161587   -1.35474453    5.53198374         1.00
  H  34     13.30971781   -1.80884568    2.25047463         1.00
  H  35     11.51750172    1.32753248    7.43701647         1.00
  H  36      8.20632391    1.47493110    7.08703923         1.00
  H  37     10.18089855    3.48730027    5.26364266         1.00
  H  38      9.92087226   -3.80704190    0.50984806         1.00
  H  39      6.65674863   -4.14624771   -2.68945797         1.00
  H  40      2.59572756   -2.52316209   -4.61206515         1.00
  H  41     -5.27724869    1.02649914   -5.89688982         1.00
  H  42     -3.46254486   -0.06670733   -0.50625758         1.00
  H  43     -9.59092611    1.15575639   -4.75738508         1.00
  H  44    -13.38889732    0.86039222   -2.01010149         1.00
  H  45    -14.55296851   -0.08749431    3.07156056         1.00
  H  46    -12.47067948   -1.02479838    7.15317964         1.00
  H  47     -7.87165344   -1.36305933    7.44778791         1.00
  H  48     -5.16953431   -0.78990545    3.70102827         1.00
  H  49      6.11383036    2.70344194    3.61126629         1.00

 # atoms          =   49
 # mos            =  226
 # primitive  aos = 1778
 # contracted aos =  338

 spherical AO basis
======================================================================
                    A O   I N T E G R A L S
======================================================================
 memory needed for AO int data:   4 Mb
 done.
  
Restricted MOs found... RKS-sTD-DFT will be performed
  
======================================================================
                    s T D A
======================================================================
 spectral range up to (eV)     :    10.0000000000000     
 occ MO cut-off (eV)           :   -36.3615233417169     
 virtMO cut-off (eV)           :    13.8529607513593     
 perturbation thr              :   1.000000000000000E-004
 triplet                       :  F
 MOs in TDA :          181
 oMOs in TDA:           73
 vMOs in TDA:          108
 sorting MOs ...
 reading and transforming R..V..L AO ints ...
 ints done.
 S^1/2 ...
 S^1/2 orthogonalized MO coefficients done.

 SCF atom population (using active MOs):
  3.791  5.136  3.789  3.841  3.989  3.928  3.982  3.816  3.955  3.935
  4.005  3.872  4.125  3.846  4.972  3.989  3.978  4.017  4.014  3.955
  4.067  4.026  3.853  5.210  3.850  5.218  2.791  5.603  5.055  3.424
  3.932  1.026  1.028  1.024  1.028  1.028  1.017  1.024  0.978  0.989
  1.038  1.016  0.969  0.916  0.983  1.000  0.998  1.002  0.976
 
 # electrons in TDA: 146.000
 
 
 ax(DF)   :   0.500000000000000     
 s^K      :    2.00000000000000     
 beta  (J):    4.00000000000000     
 alpha (K):    2.00000000000000     
 
 hardness table read.
 setting up gammas ...
 memory needed for q data (Mb)                      4
 computing q(ij,n) ...
 
         182 CSF included by energy.
 
        7702 considered in PT2.
 ordered frontier orbitals
         eV     # centers
  63   -18.749    14.7
  64   -18.699    19.5
  65   -18.305    10.9
  66   -17.510    14.5
  67   -17.075     5.7
  68   -16.514    10.7
  69   -15.997    14.7
  70   -15.813     8.6
  71   -15.582     5.9
  72   -14.374     8.9
  73   -14.147     6.7
 
  74    -8.362     8.8
  75    -7.283    10.3
  76    -6.301     7.9
  77    -5.815     6.0
  78    -5.438    11.7
  79    -5.251     6.4
  80    -5.179    10.1
  81    -5.031     8.6
  82    -4.944    14.6
  83    -4.745    22.8
  84    -4.712    17.7
 
             lowest CSF states
       eV     nm      excitation i->a               eV
    1  3.54   350.6       73 ->  74     gap,J,K:   5.785   2.643   0.171   Kshft:   0.053  locality: 0.638
    2  3.63   341.2       72 ->  74     gap,J,K:   6.012   3.659   0.640   Kshft:   0.000  locality: 0.926
    3  4.30   288.1       73 ->  75     gap,J,K:   6.864   3.624   0.531   Kshft:   0.001  locality: 0.864
    4  4.61   268.9       72 ->  75     gap,J,K:   7.091   2.903   0.110   Kshft:   0.204  locality: 0.726
    5  4.79   258.7       71 ->  74     gap,J,K:   7.220   2.843   0.114   Kshft:   0.187  locality: 0.644
    6  4.87   254.6       70 ->  74     gap,J,K:   7.451   2.972   0.129   Kshft:   0.134  locality: 0.732
    7  4.91   252.7       73 ->  77     gap,J,K:   8.332   4.237   0.405   Kshft:   0.002  locality: 0.951
    8  5.07   244.5       73 ->  78     gap,J,K:   8.709   4.140   0.001   Kshft:   0.500  locality: 0.922
    9  5.10   243.3       69 ->  74     gap,J,K:   7.635   3.257   0.357   Kshft:   0.003  locality: 0.921
   10  5.18   239.5       72 ->  76     gap,J,K:   8.073   3.673   0.386   Kshft:   0.002  locality: 0.908
   11  5.25   236.3       70 ->  75     gap,J,K:   8.530   3.893   0.302   Kshft:   0.006  locality: 0.947
   12  5.42   228.6       68 ->  74     gap,J,K:   8.152   3.115   0.136   Kshft:   0.114  locality: 0.838
   13  5.67   218.7       67 ->  74     gap,J,K:   8.714   3.615   0.050   Kshft:   0.472  locality: 0.838
   14  5.92   209.4       72 ->  80     gap,J,K:   9.194   3.783   0.005   Kshft:   0.500  locality: 0.897
   15  5.93   209.2       69 ->  75     gap,J,K:   8.714   3.170   0.142   Kshft:   0.099  locality: 0.885
   16  5.97   207.7       71 ->  76     gap,J,K:   9.281   4.495   0.592   Kshft:   0.000  locality: 0.994
   17  6.08   204.0       73 ->  81     gap,J,K:   9.116   3.841   0.401   Kshft:   0.002  locality: 0.922
   18  6.13   202.4       72 ->  79     gap,J,K:   9.123   3.655   0.326   Kshft:   0.004  locality: 0.861
   19  6.22   199.4       66 ->  74     gap,J,K:   9.149   3.588   0.326   Kshft:   0.004  locality: 0.965
   20  6.26   198.2       73 ->  83     gap,J,K:   9.402   3.653   0.004   Kshft:   0.500  locality: 0.969
   21  6.32   196.2       67 ->  75     gap,J,K:   9.792   4.006   0.016   Kshft:   0.500  locality: 0.917
   22  6.44   192.6       72 ->  82     gap,J,K:   9.430   3.660   0.331   Kshft:   0.004  locality: 0.979
   23  6.44   192.6       68 ->  75     gap,J,K:   9.231   3.656   0.431   Kshft:   0.001  locality: 0.972
   24  6.49   191.2       71 ->  80     gap,J,K:  10.402   4.442   0.012   Kshft:   0.500  locality: 0.941
   25  6.52   190.2       73 ->  76     gap,J,K:   7.846   1.876   0.025   Kshft:   0.498  locality: 0.442
 
 selecting CSF ...
 average/max PT2 energy lowering (eV):     0.030     0.191
        1189 CSF included by PT.
        1371 CSF in total.
 sTD-DFT procedure...
 setting up A+B and A-B matrices
  calculating (A-B)^0.5 ...
 estimated time (min)     0.11
  calculating (A+B)*(A-B)^0.5 ...
 calculate eigenvalues of (A-B)^0.5*(A+B)*(A-B)^0.5 ...
  rpa vectors ok
  208 roots found, lowest/highest eigenvalue :    2.955   9.986   0
 writing spectral data to tda.dat ...
 
 excitation energies, transition moments and TDA amplitudes
 state    eV      nm       fL         Rv
    1    2.955   419.6     0.8938   -23.7400     0.43(  73->  74)  0.43(  72->  74)  0.04(  68->  74)
    2    3.225   384.5     0.7003    40.3064     0.53(  72->  74)  0.38(  73->  74)  0.03(  73->  75)
    3    3.661   338.6     0.2622   -15.9263     0.81(  73->  75)  0.04(  73->  74)  0.03(  73->  77)
    4    4.104   302.1     0.0368     3.7305     0.47(  73->  77)  0.15(  70->  75)  0.12(  70->  74)
    5    4.276   290.0     0.0548    -9.9449     0.76(  72->  75)  0.07(  70->  75)  0.04(  70->  74)
    6    4.307   287.9     0.0412    -4.6762     0.47(  71->  74)  0.15(  72->  76)  0.11(  71->  76)
    7    4.532   273.6     0.0774   -13.9392     0.33(  73->  77)  0.27(  70->  74)  0.19(  70->  75)
    8    4.640   267.2     0.1985     6.9370     0.33(  72->  76)  0.20(  69->  74)  0.15(  71->  76)
    9    4.698   263.9     0.0067     2.6762     0.88(  73->  78)  0.04(  68->  78)  0.04(  70->  78)
   10    4.740   261.6     0.0323    21.9941     0.34(  72->  76)  0.29(  71->  74)  0.23(  69->  74)
   11    4.872   254.5     0.0588   -27.5284     0.28(  71->  76)  0.21(  69->  74)  0.12(  72->  79)
   12    5.078   244.1     0.0280    -6.3558     0.36(  68->  74)  0.19(  70->  75)  0.12(  70->  74)
   13    5.276   235.0     0.0195    -0.5186     0.41(  67->  74)  0.19(  67->  75)  0.16(  66->  74)
   14    5.355   231.5     0.0491    11.2851     0.31(  68->  74)  0.28(  70->  75)  0.19(  70->  74)
   15    5.453   227.4     0.0072    -2.9708     0.75(  72->  80)  0.06(  72->  84)  0.03(  72->  81)
   16    5.455   227.3     0.0003    -1.3581     0.52(  73->  83)  0.32(  73->  85)  0.02(  72->  80)
   17    5.475   226.5     0.1154    19.0562     0.73(  73->  81)  0.04(  73->  89)  0.03(  73->  82)
   18    5.550   223.4     0.0628   -37.4222     0.26(  67->  75)  0.18(  67->  74)  0.12(  69->  75)
   19    5.765   215.1     0.0237    -7.7067     0.40(  72->  82)  0.19(  66->  74)  0.12(  67->  74)
   20    5.823   212.9     0.0971    63.3698     0.22(  69->  75)  0.17(  68->  75)  0.07(  67->  75)
   21    5.849   212.0     0.0162    32.9355     0.29(  73->  86)  0.14(  73->  85)  0.13(  73->  83)
   22    5.982   207.3     0.0381   -64.8557     0.17(  72->  82)  0.17(  68->  75)  0.16(  72->  79)
   23    6.082   203.8     0.3928    21.4247     0.25(  72->  79)  0.15(  71->  76)  0.10(  71->  80)
   24    6.111   202.9     0.1692    18.0997     0.27(  71->  80)  0.14(  72->  84)  0.08(  72->  79)
   25    6.139   202.0     0.0192     2.1576     0.18(  68->  75)  0.11(  71->  79)  0.09(  69->  75)
   26    6.189   200.3     0.0652     6.3797     0.61(  73->  89)  0.11(  70->  77)  0.04(  73->  88)
   27    6.225   199.2     0.0158    -7.1003     0.37(  71->  80)  0.15(  72->  84)  0.04(  72->  85)
   28    6.310   196.5     0.1149   -21.5756     0.37(  73->  76)  0.12(  73->  82)  0.11(  70->  77)
   29    6.322   196.1     0.1096   -70.7130     0.18(  71->  79)  0.12(  69->  76)  0.11(  71->  80)
   30    6.345   195.4     0.4086     3.0466     0.49(  70->  77)  0.12(  73->  89)  0.04(  73->  81)
   31    6.374   194.5     0.0018     5.4583     0.16(  72->  86)  0.14(  72->  85)  0.11(  72->  84)
   32    6.439   192.5     0.0116     4.3251     0.27(  73->  88)  0.13(  73->  76)  0.08(  73->  85)
   33    6.545   189.4     0.1837    -3.4128     0.40(  70->  81)  0.27(  68->  77)  0.06(  69->  77)
   34    6.581   188.4     0.0682    -4.9328     0.78(  71->  75)  0.07(  71->  82)  0.06(  71->  74)
   35    6.662   186.1     0.0491   -16.1570     0.44(  72->  77)  0.09(  69->  77)  0.09(  72->  81)
   36    6.722   184.4     0.0189    37.6987     0.37(  71->  84)  0.17(  64->  74)  0.08(  61->  74)
   37    6.731   184.2     0.0036     3.5355     0.32(  71->  84)  0.20(  64->  74)  0.13(  61->  74)
   38    6.754   183.6     0.1052   -94.5093     0.19(  69->  76)  0.16(  71->  79)  0.11(  65->  74)
   39    6.801   182.3     0.1068   -27.6163     0.14(  68->  77)  0.13(  73->  76)  0.11(  70->  81)
   40    6.842   181.2     0.0209    13.9724     0.22(  72->  87)  0.10(  72->  77)  0.05(  68->  77)
   41    6.913   179.3     0.1004   -55.5132     0.10(  73->  82)  0.07(  72->  87)  0.07(  73->  94)
   42    6.928   179.0     0.0245    51.1091     0.17(  70->  78)  0.12(  73->  94)  0.10(  73->  97)
   43    6.933   178.8     0.0445   157.3870     0.24(  72->  90)  0.17(  73->  94)  0.11(  73->  97)
   44    6.948   178.4     0.1286    73.5954     0.21(  72->  90)  0.07(  60->  74)  0.06(  65->  74)
   45    6.989   177.4     0.0518    15.6016     0.18(  70->  78)  0.08(  73->  82)  0.07(  73->  91)
   46    7.055   175.7     0.0173   -15.4256     0.13(  73->  82)  0.08(  73->  91)  0.07(  73->  98)
   47    7.107   174.5     0.0312   -52.3473     0.21(  60->  74)  0.09(  65->  74)  0.08(  65->  75)
   48    7.126   174.0     0.1737     6.7868     0.11(  71->  82)  0.11(  69->  79)  0.09(  71->  76)
   49    7.163   173.1     0.0037    11.6113     0.10(  67->  77)  0.08(  61->  74)  0.06(  67->  81)
   50    7.195   172.3     0.0086     0.6897     0.15(  72->  91)  0.12(  72->  92)  0.07(  69->  79)
   51    7.248   171.1     0.0165   -21.6089     0.25(  59->  74)  0.06(  56->  74)  0.06(  58->  74)
   52    7.257   170.9     0.0162   -47.8237     0.18(  72->  92)  0.09(  59->  74)  0.04(  69->  82)
   53    7.302   169.8     0.0020    26.3124     0.12(  73-> 100)  0.11(  73->  94)  0.10(  73->  97)
   54    7.333   169.1     0.0023     2.3617     0.46(  72->  81)  0.07(  72->  93)  0.07(  72->  77)
   55    7.402   167.5     0.0095     3.0499     0.13(  71->  86)  0.13(  71->  87)  0.11(  71->  85)
   56    7.421   167.1     0.0269   -62.5833     0.25(  58->  74)  0.16(  61->  74)  0.10(  59->  74)
   57    7.440   166.6     0.0101   -18.2974     0.10(  67->  77)  0.07(  61->  75)  0.07(  63->  74)
   58    7.452   166.4     0.0220   -27.5476     0.07(  73-> 104)  0.05(  73->  95)  0.04(  73->  98)
   59    7.493   165.5     0.0382    12.4622     0.14(  68->  81)  0.07(  66->  75)  0.06(  70->  83)
   60    7.517   164.9     0.0260   -21.6044     0.11(  66->  75)  0.09(  70->  83)  0.06(  69->  82)
   61    7.531   164.6     0.0817   164.8677     0.11(  58->  74)  0.08(  66->  76)  0.05(  70->  83)
   62    7.558   164.0     0.0020     9.4213     0.19(  66->  75)  0.05(  73->  93)  0.05(  73->  90)
   63    7.573   163.7     0.0004    -9.9643     0.08(  73->  80)  0.08(  58->  74)  0.07(  72->  95)
   64    7.597   163.2     0.0325   -70.0887     0.08(  61->  74)  0.07(  58->  74)  0.06(  66->  76)
   65    7.623   162.6     0.0519    13.7137     0.25(  71->  82)  0.14(  69->  79)  0.03(  71->  91)
   66    7.653   162.0     0.0088     8.5342     0.09(  72->  93)  0.06(  73->  95)  0.05(  72->  95)
   67    7.701   161.0     0.0043    -0.5770     0.36(  69->  80)  0.10(  68->  80)  0.05(  66->  80)
   68    7.740   160.2     0.0093   -15.3985     0.22(  73->  79)  0.21(  65->  75)  0.07(  65->  74)
   69    7.746   160.1     0.0140   -17.5773     0.58(  73->  79)  0.07(  65->  75)  0.06(  73->  82)
   70    7.781   159.3     0.0110   -22.3642     0.20(  70->  76)  0.16(  68->  81)  0.05(  69->  82)
   71    7.816   158.6     0.0351    -3.7578     0.14(  70->  76)  0.11(  72->  93)  0.06(  72->  98)
   72    7.830   158.3     0.0073     7.3036     0.07(  73-> 106)  0.06(  72->  95)  0.06(  73-> 104)
   73    7.862   157.7     0.0090     9.4660     0.33(  73->  80)  0.06(  73-> 106)  0.05(  70->  85)
   74    7.877   157.4     0.0140     8.4641     0.08(  68->  81)  0.07(  72->  78)  0.06(  70->  76)
   75    7.889   157.2     0.0122    -1.3670     0.17(  62->  74)  0.17(  72->  99)  0.16(  63->  74)
   76    7.912   156.7     0.0177   -33.9223     0.10(  73-> 106)  0.09(  70->  85)  0.08(  73->  80)
   77    7.919   156.6     0.0165   -10.3123     0.39(  72->  78)  0.05(  62->  74)  0.03(  72->  95)
   78    7.945   156.0     0.0060   -41.1397     0.16(  68->  78)  0.06(  63->  74)  0.05(  70->  85)
   79    7.957   155.8     0.0121    23.7209     0.21(  70->  76)  0.07(  69->  82)  0.05(  69->  77)
   80    7.989   155.2     0.0070     1.7897     0.12(  68->  78)  0.12(  72->  78)  0.08(  72->  99)
   81    8.013   154.7     0.0148    25.6952     0.15(  71->  92)  0.06(  73-> 106)  0.04(  72->  96)
   82    8.026   154.5     0.0097   -10.4516     0.06(  73-> 106)  0.06(  69->  82)  0.06(  67->  81)
   83    8.030   154.4     0.0586   -10.5439     0.26(  71->  90)  0.19(  72->  96)  0.06(  71->  98)
   84    8.049   154.0     0.0613    51.7949     0.22(  72->  96)  0.13(  71->  90)  0.10(  71->  92)
   85    8.062   153.8     0.0070    -5.0094     0.10(  71->  92)  0.07(  73->  87)  0.06(  73-> 106)
   86    8.073   153.6     0.0195     3.6795     0.23(  63->  76)  0.20(  64->  76)  0.07(  61->  76)
   87    8.137   152.4     0.0127    -2.6842     0.19(  72->  99)  0.11(  71->  92)  0.04(  72-> 100)
   88    8.164   151.9     0.0233    39.4751     0.08(  69->  77)  0.06(  61->  74)  0.04(  55->  74)
   89    8.199   151.2     0.0082   -24.0624     0.11(  55->  74)  0.07(  72-> 103)  0.06(  65->  77)
   90    8.205   151.1     0.0054   -12.9879     0.12(  69->  84)  0.05(  72-> 103)  0.04(  72->  84)
   91    8.216   150.9     0.0185     9.9351     0.07(  55->  74)  0.07(  72-> 101)  0.07(  72-> 103)
   92    8.234   150.6     0.0032    -2.2361     0.26(  73->  84)  0.09(  73->  80)  0.08(  73->  87)
   93    8.274   149.9     0.0059    -6.4806     0.10(  69->  84)  0.09(  68->  76)  0.06(  72-> 102)
   94    8.299   149.4     0.0056   -28.7505     0.05(  68->  76)  0.04(  73-> 104)  0.04(  67->  76)
   95    8.309   149.2     0.0177    12.7863     0.09(  68->  76)  0.07(  57->  75)  0.03(  70->  89)
   96    8.339   148.7     0.0247     0.7991     0.14(  65->  77)  0.09(  70->  89)  0.06(  67->  76)
   97    8.380   148.0     0.0151     8.1951     0.06(  57->  75)  0.06(  69->  82)  0.06(  67->  77)
   98    8.394   147.7     0.0031    -4.3020     0.17(  71->  93)  0.09(  71->  95)  0.06(  71->  91)
   99    8.396   147.7     0.0065    24.3869     0.09(  56->  74)  0.08(  52->  74)  0.05(  54->  74)
  100    8.407   147.5     0.0270    -2.8031     0.09(  56->  74)  0.06(  57->  75)  0.05(  71->  93)
  101    8.425   147.2     0.0050   -13.2605     0.11(  68->  83)  0.04(  69->  86)  0.04(  70->  83)
  102    8.447   146.8     0.0165    17.5484     0.09(  51->  74)  0.07(  72->  83)  0.07(  62->  76)
  103    8.469   146.4     0.0146    -8.4657     0.07(  62->  76)  0.04(  71->  77)  0.04(  63->  76)
  104    8.476   146.3     0.0616   -23.5927     0.37(  51->  74)  0.08(  52->  74)  0.06(  57->  75)
  105    8.490   146.0     0.0145     6.2152     0.05(  67->  76)  0.05(  61->  75)  0.04(  71->  77)
  106    8.505   145.8     0.0166    -7.0940     0.08(  70->  82)  0.06(  70->  89)  0.06(  51->  74)
  107    8.512   145.7     0.0282   -23.4123     0.25(  71->  77)  0.07(  51->  74)  0.07(  54->  74)
  108    8.524   145.5     0.0220    10.7900     0.45(  71->  77)  0.06(  54->  74)  0.04(  52->  74)
  109    8.532   145.3     0.0365   -25.5351     0.40(  54->  74)  0.07(  51->  74)  0.06(  52->  74)
  110    8.555   144.9     0.0136   -29.3471     0.07(  65->  77)  0.06(  73-> 108)  0.04(  66->  76)
  111    8.590   144.3     0.0073     4.1230     0.04(  73->  86)  0.04(  72-> 100)  0.03(  73->  84)
  112    8.613   143.9     0.0002     0.4029     0.07(  70->  82)  0.06(  72-> 105)  0.04(  73-> 109)
  113    8.634   143.6     0.0075   -31.2833     0.06(  52->  74)  0.06(  49->  74)  0.05(  72->  85)
  114    8.650   143.3     0.0038    -3.9739     0.12(  70->  88)  0.05(  72->  85)  0.05(  70->  87)
  115    8.671   143.0     0.0703    41.9845     0.13(  65->  77)  0.08(  70->  89)  0.07(  70->  82)
  116    8.676   142.9     0.0085   -12.0012     0.18(  72->  85)  0.08(  70->  88)  0.07(  72->  83)
  117    8.703   142.5     0.0087    22.8978     0.40(  71->  99)  0.09(  71-> 102)  0.05(  71-> 101)
  118    8.736   141.9     0.0083     2.5341     0.14(  73->  90)  0.09(  73->  84)  0.05(  68->  85)
  119    8.777   141.3     0.0076     5.7546     0.07(  67->  85)  0.04(  67->  83)  0.03(  73->  90)
  120    8.788   141.1     0.0080    10.5271     0.09(  64->  75)  0.04(  72-> 102)  0.04(  66->  79)
  121    8.819   140.6     0.0033     3.6860     0.07(  60->  75)  0.06(  67->  85)  0.05(  68->  85)
  122    8.834   140.3     0.0010     1.4294     0.10(  68->  85)  0.04(  70->  86)  0.03(  60->  75)
  123    8.845   140.2     0.0075     9.1320     0.15(  60->  75)  0.04(  60->  77)  0.03(  72->  93)
  124    8.865   139.9     0.0135    -6.6263     0.09(  66->  79)  0.06(  61->  77)  0.05(  60->  77)
  125    8.887   139.5     0.0103    -5.4291     0.08(  73->  96)  0.07(  70->  91)  0.07(  70->  86)
  126    8.903   139.3     0.0298    -2.6048     0.08(  66->  82)  0.06(  66->  79)  0.05(  63->  79)
  127    8.933   138.8     0.0155    -3.5047     0.14(  56->  76)  0.08(  63->  79)  0.07(  58->  76)
  128    8.936   138.7     0.0210   -59.1154     0.08(  73->  96)  0.06(  68->  82)  0.04(  63->  79)
  129    8.943   138.6     0.0073   -47.8846     0.12(  73->  96)  0.05(  72->  86)  0.04(  72-> 107)
  130    8.962   138.3     0.0088   -20.6536     0.05(  72->  93)  0.04(  72-> 103)  0.04(  72->  97)
  131    8.974   138.2     0.0247    30.7150     0.09(  59->  75)  0.05(  73->  96)  0.05(  68->  82)
  132    8.986   138.0     0.0135    -0.6473     0.17(  63->  79)  0.15(  64->  79)  0.06(  66->  79)
  133    9.004   137.7     0.0010     6.0123     0.03(  66->  79)  0.03(  55->  75)  0.03(  59->  75)
  134    9.036   137.2     0.0015    10.9458     0.11(  73->  96)  0.08(  68->  86)  0.06(  69->  87)
  135    9.040   137.1     0.0202    29.1109     0.06(  70->  94)  0.05(  66->  82)  0.05(  59->  75)
  136    9.075   136.6     0.0016     0.3923     0.08(  55->  74)  0.05(  67->  76)  0.05(  47->  74)
  137    9.092   136.4     0.0045    -8.9711     0.11(  71->  81)  0.11(  71-> 101)  0.05(  71-> 102)
  138    9.099   136.3     0.0018   -15.8724     0.16(  71->  81)  0.03(  71-> 101)  0.02(  69->  90)
  139    9.103   136.2     0.0071     0.9026     0.08(  59->  75)  0.07(  55->  75)  0.03(  67->  81)
  140    9.133   135.8     0.0244     6.0597     0.06(  67->  82)  0.06(  57->  77)  0.05(  70->  97)
  141    9.145   135.6     0.0049    -2.2184     0.17(  71->  81)  0.08(  71-> 103)  0.04(  71-> 102)
  142    9.155   135.4     0.0033    -3.7461     0.15(  71->  81)  0.08(  67->  82)  0.04(  71-> 103)
  143    9.165   135.3     0.0048     3.7248     0.06(  72->  88)  0.04(  71->  81)  0.04(  69->  90)
  144    9.194   134.9     0.0075    14.2700     0.08(  70->  94)  0.08(  73->  92)  0.05(  73-> 108)
  145    9.204   134.7     0.0006    -5.0781     0.06(  59->  75)  0.05(  66->  82)  0.04(  68->  82)
  146    9.231   134.3     0.0237    13.5429     0.11(  70->  79)  0.05(  57->  74)  0.03(  67->  82)
  147    9.241   134.2     0.0026     0.0423     0.06(  70->  79)  0.04(  69->  88)  0.03(  70->  88)
  148    9.258   133.9     0.0012     1.5087     0.29(  70->  79)  0.09(  70->  82)  0.04(  73->  92)
  149    9.264   133.8     0.0051    12.6334     0.12(  71-> 103)  0.12(  62->  79)  0.07(  63->  79)
  150    9.278   133.6     0.0076    14.5115     0.08(  70->  79)  0.05(  72->  88)  0.03(  66->  85)
  151    9.288   133.5     0.0031     8.9179     0.09(  71->  78)  0.09(  70->  79)  0.05(  73->  92)
  152    9.301   133.3     0.0057    -5.3808     0.05(  69->  78)  0.04(  70->  89)  0.04(  70->  97)
  153    9.311   133.2     0.0005    -0.2935     0.71(  71->  78)  0.02(  71-> 103)  0.02(  71->  90)
  154    9.324   133.0     0.0019    14.2212     0.04(  71-> 103)  0.04(  71->  78)  0.03(  69->  78)
  155    9.335   132.8     0.0048     2.9059     0.07(  73->  91)  0.06(  72->  88)  0.04(  73->  93)
  156    9.356   132.5     0.0009    -9.1597     0.10(  69->  78)  0.05(  65->  81)  0.05(  70->  97)
  157    9.387   132.1     0.0089    -2.5857     0.41(  57->  77)  0.07(  47->  74)  0.03(  56->  77)
  158    9.392   132.0     0.0091    -7.3221     0.14(  70->  80)  0.10(  65->  81)  0.04(  69->  78)
  159    9.406   131.8     0.0055    -0.8736     0.09(  62->  79)  0.07(  71-> 103)  0.05(  70->  80)
  160    9.421   131.6     0.0051    19.5485     0.11(  70->  80)  0.10(  69->  78)  0.04(  67->  83)
  161    9.426   131.5     0.0021    -7.5287     0.05(  70->  97)  0.03(  49->  74)  0.03(  70->  80)
  162    9.445   131.3     0.0027   -15.4105     0.07(  49->  74)  0.03(  58->  75)  0.03(  46->  74)
  163    9.478   130.8     0.0225   -18.8764     0.12(  72->  89)  0.06(  70->  97)  0.04(  70->  89)
  164    9.491   130.6     0.0067    -0.9775     0.10(  69->  92)  0.03(  72-> 112)  0.03(  73-> 100)
  165    9.500   130.5     0.0058     2.2131     0.06(  69->  92)  0.03(  72-> 111)  0.03(  70->  87)
  166    9.507   130.4     0.0369   -25.0919     0.20(  72->  89)  0.03(  67->  83)  0.03(  72-> 108)
  167    9.531   130.1     0.0063    14.5253     0.05(  73->  98)  0.05(  72->  89)  0.04(  70->  80)
  168    9.539   130.0     0.0048     3.1602     0.05(  68->  88)  0.05(  68->  89)  0.05(  58->  75)
  169    9.552   129.8     0.0071   -13.3913     0.08(  58->  75)  0.06(  73->  98)  0.04(  72->  89)
  170    9.566   129.6     0.0038    -8.1748     0.06(  68->  89)  0.03(  72->  89)  0.03(  40->  74)
  171    9.582   129.4     0.0005     3.0126     0.06(  47->  75)  0.05(  47->  74)  0.05(  73->  92)
  172    9.586   129.3     0.0305   -12.5291     0.14(  71-> 105)  0.07(  64->  80)  0.04(  72-> 112)
  173    9.590   129.3     0.0061    -2.1455     0.04(  39->  74)  0.03(  58->  75)  0.03(  56->  76)
  174    9.611   129.0     0.0284    42.1902     0.06(  73->  92)  0.04(  67->  78)  0.03(  67->  86)
  175    9.614   129.0     0.0116   -10.9066     0.12(  64->  80)  0.11(  63->  80)  0.06(  61->  80)
  176    9.628   128.8     0.0120    20.4272     0.04(  73-> 100)  0.04(  70->  84)  0.03(  73->  92)
  177    9.639   128.6     0.0005    -1.9837     0.11(  71->  83)  0.06(  71->  87)  0.05(  71-> 107)
  178    9.645   128.6     0.0046    -5.0818     0.06(  42->  74)  0.06(  47->  75)  0.05(  67->  78)
  179    9.653   128.4     0.0083     0.3652     0.08(  42->  74)  0.05(  63->  80)  0.03(  71->  83)
  180    9.665   128.3     0.0134    -3.2096     0.14(  42->  74)  0.04(  64->  80)  0.03(  71->  83)
  181    9.676   128.1     0.0105   -13.8982     0.13(  58->  75)  0.11(  64->  75)  0.09(  42->  74)
  182    9.689   128.0     0.0542   -36.2237     0.07(  67->  83)  0.06(  66->  77)  0.05(  73->  92)
  183    9.693   127.9     0.0029     3.2564     0.08(  62->  80)  0.05(  63->  80)  0.03(  46->  74)
  184    9.701   127.8     0.0024    12.7180     0.11(  66->  77)  0.04(  66->  82)  0.03(  64->  75)
  185    9.721   127.5     0.0229   -12.7472     0.04(  64->  75)  0.04(  72-> 101)  0.03(  66->  84)
  186    9.726   127.5     0.0186    10.7279     0.16(  43->  74)  0.08(  44->  74)  0.07(  66->  77)
  187    9.751   127.1     0.0011     0.7988     0.07(  62->  80)  0.06(  63->  80)  0.03(  69->  95)
  188    9.767   126.9     0.0257    37.5453     0.05(  73-> 110)  0.04(  68->  79)  0.03(  72-> 113)
  189    9.773   126.9     0.0004     8.1877     0.06(  70->  87)  0.05(  72-> 112)  0.03(  68->  80)
  190    9.791   126.6     0.0092   -11.6491     0.06(  43->  74)  0.04(  72-> 112)  0.03(  68->  79)
  191    9.797   126.6     0.0102    -3.4525     0.06(  68->  79)  0.04(  67->  84)  0.03(  67->  90)
  192    9.806   126.4     0.0117    -4.5699     0.04(  73-> 114)  0.03(  70->  95)  0.03(  68->  78)
  193    9.826   126.2     0.0098     8.2071     0.04(  69->  78)  0.03(  53->  75)  0.03(  47->  74)
  194    9.832   126.1     0.0039    -2.7061     0.12(  68->  79)  0.04(  68->  78)  0.04(  72->  94)
  195    9.838   126.0     0.0013    -1.8342     0.09(  73-> 114)  0.08(  68->  79)  0.03(  65->  81)
  196    9.843   126.0     0.0010    18.6743     0.15(  68->  79)  0.03(  44->  74)  0.03(  68->  82)
  197    9.869   125.6     0.0006    -6.1153     0.05(  68->  80)  0.05(  66->  84)  0.04(  69->  80)
  198    9.884   125.4     0.0047    12.4356     0.08(  73-> 115)  0.04(  73-> 116)  0.04(  73-> 102)
  199    9.900   125.2     0.0027    12.5323     0.06(  53->  75)  0.05(  53->  74)  0.04(  44->  75)
  200    9.910   125.1     0.0019     8.5029     0.14(  72-> 112)  0.06(  70->  84)  0.02(  69->  84)
  201    9.923   124.9     0.0034     2.7753     0.35(  62->  75)  0.28(  63->  75)  0.03(  64->  75)
  202    9.930   124.9     0.0016     2.2576     0.09(  71->  83)  0.07(  72-> 112)  0.04(  56->  79)
  203    9.935   124.8     0.0022    16.0991     0.22(  56->  79)  0.11(  59->  79)  0.11(  58->  79)
  204    9.941   124.7     0.0033     3.4614     0.05(  70->  84)  0.05(  65->  83)  0.04(  71->  83)
  205    9.954   124.6     0.0002     0.6621     0.07(  70->  84)  0.06(  73-> 115)  0.03(  73-> 102)
  206    9.965   124.4     0.0024     1.2292     0.26(  71->  83)  0.12(  71->  85)  0.05(  71-> 109)
  207    9.984   124.2     0.0104    -0.4293     0.06(  47->  74)  0.04(  47->  75)  0.04(  73-> 120)
  208    9.986   124.2     0.0014     2.5311     0.11(  67->  80)  0.05(  67->  86)  0.05(  67->  84)

  alpha tensor

           1         2         3
 
    1 365.42059
    2 -32.79985  49.41743
    3 -29.76834 -21.24000 284.12054
 trace alpha_L[0] / au:   232.986186848566     
 sum rule f_L           7.25862793049252     
 
 SOS specific optical rotation 
 including Lorentz factor for common solvent (n=1.4)
 lambda [eV] alpha[grad*cm^3*g^-1*dm^-1]
 632.8  1.96     -261.45
 589.3  2.10     -330.28        0.00 ##
 579.0  2.14     -352.16
 546.0  2.27     -448.04
 436.0  2.84    -5951.39
 365.0  3.40   -13211.83
 
 sTD-DFT done.
Mon 21 Mar 14:06:40 GMT 2022
