Mon 21 Mar 14:44:04 GMT 2022


                 *********************************************
                 *                                           *
                 *               s  T  D  A                  *
                 *                                           *
                 *                S. Grimme                  *
                 * Mulliken Center for Theoretical Chemistry *
                 *             Universitaet Bonn             *
                 *              Version 1.6.2                *
                 *       Tue Sep 10 14:44:30 CET 2020        *
                 *********************************************
 
 Please cite as:
 S. Grimme, J. Chem. Phys. 138 (2013) 244104
 
 With contributions from:
 C. Bannwarth, P. Shushkov, M. de Wergifosse
 
======================================================================
 
 reading an xTB output...
 
 reading: wfn.xtb
======================================================================
                    M O / A O    I N P U T 
======================================================================
atom  #          x             y             z            charge
  O   1     12.17418148    2.23441196   -3.03565576         8.00
  N   2      9.97491842    1.58982644   -3.14696062         7.00
  O   3      9.06199182    0.38474820   -4.87776062         8.00
  C   4      8.35013205    2.27787566   -1.09660797         6.00
  C   5      9.28800304    3.73995663    0.89440729         6.00
  C   6      7.69250742    4.47241440    2.80132975         6.00
  C   7      5.13986561    3.74619272    2.77373975         6.00
  C   8      4.26341071    2.08701334    0.87399825         6.00
  C   9      5.86438654    1.45716768   -1.10870221         6.00
  C  10      1.64708514    1.21112536    0.95809106         6.00
  C  11      0.82902277   -1.03556982   -0.19539766         6.00
  C  12     -1.73098897   -1.14630776   -0.91330455         6.00
  C  13     -3.45838746    0.50965909    0.19142924         6.00
  C  14     -2.53298866    2.51352449    1.65766760         6.00
  N  15     -0.04913287    2.84762803    1.94830745         7.00
  B  16      0.97434270    4.98774267    3.93100792         5.00
  F  17     -0.45882546    4.78573097    6.06450852         9.00
  F  18      0.64231785    7.28848401    2.76277934         9.00
  O  19      3.59784923    4.56557789    4.54309015         8.00
  C  20     -4.37320379    4.43121838    2.61084537         6.00
  C  21     -6.41108426    4.85961925    0.60074388         6.00
  C  22     -7.71669591    2.39957401    0.10752541         6.00
  C  23    -10.31695882    2.19094827   -0.09259657         6.00
  C  24    -11.44720391   -0.15533547   -0.34714266         6.00
  C  25     -9.97321767   -2.31680401   -0.31293862         6.00
  C  26     -7.37295476   -2.12915423   -0.13889486         6.00
  C  27     -6.21115125    0.23054657   -0.02116493         6.00
  C  28     -2.33324463   -2.79169214   -3.13902377         6.00
  C  29     -1.23172337   -5.42937162   -2.86217892         6.00
  C  30      1.44186090   -5.37494752   -1.90730040         6.00
  C  31      2.90639851   -7.53358147   -2.18754676         6.00
  C  32      5.27498101   -7.71631797   -1.10662352         6.00
  C  33      6.14349906   -5.75383757    0.39211813         6.00
  C  34      4.71694494   -3.59066828    0.66839607         6.00
  C  35      2.40221963   -3.29265849   -0.57712230         6.00
  H  36     11.24594810    4.30914208    0.86568346         1.00
  H  37      8.33142377    5.66369764    4.32463783         1.00
  H  38      5.21224211    0.31766293   -2.66942688         1.00
  H  39     -3.42531726    6.19943495    3.04000213         1.00
  H  40     -5.23926519    3.73957868    4.35525140         1.00
  H  41     -7.75486838    6.27559091    1.25477803         1.00
  H  42     -5.52744840    5.56883340   -1.12930023         1.00
  H  43    -11.46629014    3.87601689   -0.01908623         1.00
  H  44    -13.47544677   -0.30027745   -0.50587964         1.00
  H  45    -10.85061743   -4.15645223   -0.40496827         1.00
  H  46     -6.25196933   -3.82839580   -0.01039349         1.00
  H  47     -4.34977119   -2.85386413   -3.53095294         1.00
  H  48     -1.41937316   -1.87423020   -4.75889686         1.00
  H  49     -1.32809940   -6.42431234   -4.66592234         1.00
  H  50     -2.35157497   -6.52031042   -1.50119829         1.00
  H  51      2.15296477   -9.10129812   -3.25713165         1.00
  H  52      6.40239152   -9.39401667   -1.37345282         1.00
  H  53      7.93155775   -5.91106277    1.35984679         1.00
  H  54      5.39649039   -2.13047704    1.91334752         1.00

 # atoms          =   54
 # mos            =  248
 # primitive  aos = 1977
 # contracted aos =  375

 spherical AO basis
======================================================================
                    A O   I N T E G R A L S
======================================================================
 memory needed for AO int data:   5 Mb
 done.
  
Restricted MOs found... RKS-sTD-DFT will be performed
  
======================================================================
                    s T D A
======================================================================
 spectral range up to (eV)     :    10.0000000000000     
 occ MO cut-off (eV)           :   -36.1947953659144     
 virtMO cut-off (eV)           :    12.7553001888954     
 perturbation thr              :   1.000000000000000E-004
 triplet                       :  F
 MOs in TDA :          194
 oMOs in TDA:           82
 vMOs in TDA:          112
 sorting MOs ...
 reading and transforming R..V..L AO ints ...
 ints done.
 S^1/2 ...
 S^1/2 orthogonalized MO coefficients done.

 SCF atom population (using active MOs):
  5.230  2.904  5.232  3.939  3.862  3.942  3.371  3.913  3.805  3.673
  3.790  3.782  3.777  3.735  4.948  2.543  7.001  7.021  5.503  3.931
  3.963  3.998  3.946  3.982  3.976  3.917  3.921  3.900  3.949  4.007
  3.961  3.975  3.966  3.923  3.920  0.979  0.939  0.979  1.090  0.971
  0.997  0.961  0.987  0.988  0.986  1.008  1.010  0.949  0.997  0.986
  0.987  0.984  0.983  1.012
 
 # electrons in TDA: 164.000
 
 
 ax(DF)   :   0.500000000000000     
 s^K      :    2.00000000000000     
 beta  (J):    4.00000000000000     
 alpha (K):    2.00000000000000     
 
 hardness table read.
 setting up gammas ...
 memory needed for q data (Mb)                      5
 computing q(ij,n) ...
 
         206 CSF included by energy.
 
        8978 considered in PT2.
 ordered frontier orbitals
         eV     # centers
  72   -18.690     5.6
  73   -18.250    24.6
  74   -18.113     3.9
  75   -17.813    15.7
  76   -17.713    17.0
  77   -17.028     9.6
  78   -16.461     5.1
  79   -16.311     6.0
  80   -16.242     9.0
  81   -15.933    12.7
  82   -15.245    16.8
 
  83    -8.195     6.9
  84    -8.163    13.6
  85    -7.964     6.5
  86    -6.656    12.1
  87    -6.229     5.2
  88    -6.178     6.0
  89    -5.912    12.5
  90    -5.701    32.5
  91    -5.385    12.8
  92    -5.315    37.1
  93    -5.035    29.9
 
             lowest CSF states
       eV     nm      excitation i->a               eV
    1  4.02   308.6       82 ->  85     gap,J,K:   7.280   3.958   0.346   Kshft:   0.003  locality: 0.952
    2  4.15   298.8       82 ->  84     gap,J,K:   7.082   3.690   0.378   Kshft:   0.002  locality: 0.989
    3  4.18   296.8       82 ->  83     gap,J,K:   7.050   3.258   0.159   Kshft:   0.068  locality: 0.764
    4  4.78   259.2       81 ->  85     gap,J,K:   7.969   3.840   0.324   Kshft:   0.004  locality: 0.922
    5  4.92   251.8       80 ->  83     gap,J,K:   8.047   3.934   0.405   Kshft:   0.002  locality: 0.883
    6  4.97   249.6       81 ->  84     gap,J,K:   7.770   3.196   0.127   Kshft:   0.137  locality: 0.855
    7  4.98   248.7       80 ->  84     gap,J,K:   8.079   3.634   0.265   Kshft:   0.010  locality: 0.933
    8  5.12   242.1       74 ->  83     gap,J,K:   9.918   5.299   0.002   Kshft:   0.500  locality: 0.973
    9  5.30   234.0       79 ->  84     gap,J,K:   8.148   3.237   0.132   Kshft:   0.125  locality: 0.791
   10  5.39   230.0       79 ->  85     gap,J,K:   8.347   3.412   0.099   Kshft:   0.258  locality: 0.748
   11  5.53   224.3       77 ->  83     gap,J,K:   8.833   3.722   0.191   Kshft:   0.035  locality: 0.867
   12  5.68   218.2       80 ->  85     gap,J,K:   8.278   3.160   0.059   Kshft:   0.447  locality: 0.728
   13  5.73   216.5       82 ->  86     gap,J,K:   8.589   3.259   0.172   Kshft:   0.051  locality: 0.886
   14  5.75   215.6       79 ->  83     gap,J,K:   8.116   2.936   0.046   Kshft:   0.479  locality: 0.627
   15  5.79   214.1       77 ->  84     gap,J,K:   8.865   3.617   0.266   Kshft:   0.010  locality: 0.963
   16  5.86   211.6       81 ->  83     gap,J,K:   7.738   2.445   0.038   Kshft:   0.490  locality: 0.572
   17  5.87   211.1       78 ->  85     gap,J,K:   8.497   3.191   0.039   Kshft:   0.488  locality: 0.679
   18  6.03   205.6       82 ->  88     gap,J,K:   9.066   3.487   0.214   Kshft:   0.023  locality: 0.840
   19  6.13   202.4       76 ->  85     gap,J,K:   9.749   4.047   0.196   Kshft:   0.032  locality: 0.977
   20  6.21   199.7       78 ->  84     gap,J,K:   8.298   2.619   0.075   Kshft:   0.380  locality: 0.621
   21  6.27   197.8       77 ->  85     gap,J,K:   9.064   3.320   0.077   Kshft:   0.368  locality: 0.794
   22  6.32   196.2       82 ->  89     gap,J,K:   9.332   3.616   0.298   Kshft:   0.006  locality: 0.957
   23  6.32   196.1       81 ->  86     gap,J,K:   9.277   3.510   0.273   Kshft:   0.009  locality: 0.953
   24  6.49   190.9       76 ->  84     gap,J,K:   9.550   3.464   0.117   Kshft:   0.174  locality: 0.932
   25  6.54   189.6       75 ->  85     gap,J,K:   9.849   3.915   0.300   Kshft:   0.006  locality: 0.964
 
 selecting CSF ...
 average/max PT2 energy lowering (eV):     0.033     0.248
        1262 CSF included by PT.
        1468 CSF in total.
 sTD-DFT procedure...
 setting up A+B and A-B matrices
  calculating (A-B)^0.5 ...
 estimated time (min)     0.13
  calculating (A+B)*(A-B)^0.5 ...
 calculate eigenvalues of (A-B)^0.5*(A+B)*(A-B)^0.5 ...
  rpa vectors ok
  238 roots found, lowest/highest eigenvalue :    3.439   9.992   0
 writing spectral data to tda.dat ...
 
 excitation energies, transition moments and TDA amplitudes
 state    eV      nm       fL         Rv
    1    3.439   360.5     0.3687    21.4477     0.42(  82->  85)  0.29(  82->  84)  0.16(  82->  83)
    2    3.583   346.0     0.2023    44.0857     0.48(  82->  85)  0.24(  82->  84)  0.19(  82->  83)
    3    3.901   317.8     0.1078    -1.4159     0.39(  82->  83)  0.32(  82->  84)  0.06(  77->  83)
    4    4.184   296.3     0.1746    59.2416     0.45(  80->  83)  0.27(  80->  84)  0.08(  77->  83)
    5    4.304   288.1     0.2907   -28.9686     0.40(  81->  85)  0.23(  81->  84)  0.06(  81->  83)
    6    4.340   285.7     0.0123    10.8957     0.74(  74->  83)  0.11(  74->  84)  0.04(  74->  91)
    7    4.442   279.1     0.2851    29.7822     0.17(  79->  84)  0.13(  81->  84)  0.13(  80->  83)
    8    4.513   274.7     0.1671    23.9852     0.38(  81->  85)  0.19(  81->  84)  0.07(  79->  85)
    9    4.607   269.1     0.0677   -41.8603     0.26(  80->  84)  0.22(  80->  83)  0.09(  79->  84)
   10    4.775   259.6     0.0008    -6.8343     0.50(  72->  83)  0.19(  71->  83)  0.08(  72->  84)
   11    4.819   257.3     0.0218     1.4577     0.27(  78->  86)  0.22(  81->  87)  0.18(  78->  84)
   12    5.180   239.4     0.0143     3.8792     0.38(  77->  84)  0.13(  77->  83)  0.09(  80->  84)
   13    5.245   236.4     0.0036    -3.5580     0.37(  79->  85)  0.19(  82->  86)  0.15(  80->  85)
   14    5.306   233.7     0.1168    12.5823     0.47(  77->  83)  0.13(  77->  84)  0.07(  82->  89)
   15    5.402   229.5     0.0439    66.9197     0.49(  82->  86)  0.16(  79->  85)  0.04(  81->  86)
   16    5.484   226.1     0.0271    18.6519     0.39(  80->  85)  0.16(  79->  84)  0.11(  82->  88)
   17    5.648   219.5     0.1440   -66.9385     0.49(  76->  85)  0.09(  78->  85)  0.05(  73->  85)
   18    5.684   218.1     0.0862   -28.4533     0.26(  82->  88)  0.21(  80->  85)  0.10(  79->  85)
   19    5.725   216.6     0.0328   -14.3574     0.60(  79->  83)  0.08(  81->  83)  0.05(  82->  88)
   20    5.757   215.3     0.0625   -34.3539     0.22(  78->  85)  0.19(  76->  84)  0.09(  82->  86)
   21    5.861   211.5     0.0160    -7.3462     0.29(  82->  89)  0.18(  81->  86)  0.09(  79->  88)
   22    5.870   211.2     0.0791   -18.4977     0.20(  82->  89)  0.15(  81->  86)  0.09(  75->  84)
   23    5.887   210.6     0.0129    48.5171     0.47(  78->  85)  0.09(  76->  84)  0.08(  76->  85)
   24    5.996   206.8     0.0347    -1.0103     0.22(  75->  85)  0.12(  77->  85)  0.11(  81->  83)
   25    6.013   206.2     0.0571     3.7625     0.41(  81->  83)  0.07(  79->  83)  0.06(  75->  85)
   26    6.104   203.1     0.1807   -11.5911     0.17(  78->  84)  0.15(  75->  84)  0.12(  75->  85)
   27    6.121   202.5     0.0742     1.2290     0.16(  79->  88)  0.14(  82->  91)  0.10(  80->  89)
   28    6.223   199.2     0.0119    21.0365     0.21(  75->  84)  0.17(  76->  84)  0.07(  73->  84)
   29    6.275   197.6     0.1107   -39.4877     0.30(  77->  85)  0.12(  75->  85)  0.10(  79->  88)
   30    6.305   196.6     0.0619    20.0943     0.21(  82->  90)  0.11(  82->  91)  0.09(  77->  85)
   31    6.348   195.3     0.3182   -22.5812     0.25(  78->  87)  0.15(  82->  90)  0.08(  77->  85)
   32    6.404   193.6     0.0081    -7.4260     0.31(  81->  90)  0.11(  82->  94)  0.09(  81->  88)
   33    6.522   190.1     0.0361   -14.8837     0.28(  73->  85)  0.06(  79->  89)  0.06(  82->  92)
   34    6.538   189.6     0.1064    41.7670     0.13(  82->  92)  0.11(  73->  85)  0.07(  80->  91)
   35    6.595   188.0     0.0284    -1.1210     0.24(  76->  83)  0.19(  73->  83)  0.07(  70->  83)
   36    6.613   187.5     0.0136    -4.6112     0.20(  82->  88)  0.11(  79->  89)  0.07(  77->  88)
   37    6.660   186.2     0.2358    50.9363     0.09(  78->  87)  0.09(  73->  85)  0.08(  82->  93)
   38    6.750   183.7     0.1833   -58.6895     0.15(  78->  86)  0.12(  82->  87)  0.10(  73->  84)
   39    6.783   182.8     0.0167    43.1777     0.08(  79->  92)  0.07(  73->  84)  0.07(  79->  90)
   40    6.804   182.2     0.0520   -14.0460     0.14(  78->  90)  0.09(  82->  87)  0.07(  80->  91)
   41    6.855   180.9     0.0601    57.6897     0.24(  82->  87)  0.07(  78->  90)  0.07(  81->  87)
   42    6.871   180.4     0.0171   -25.0775     0.12(  79->  92)  0.09(  78->  90)  0.08(  79->  96)
   43    6.909   179.5     0.1821  -225.6175     0.12(  81->  87)  0.08(  78->  86)  0.08(  82->  92)
   44    6.945   178.5     0.1205   110.6351     0.11(  82->  91)  0.08(  80->  91)  0.08(  78->  90)
   45    6.993   177.3     0.0095    54.4694     0.16(  75->  83)  0.13(  82->  87)  0.10(  81->  88)
   46    7.052   175.8     0.0974   -60.4353     0.19(  75->  83)  0.13(  82->  94)  0.04(  82->  90)
   47    7.072   175.3     0.0926   -15.9473     0.19(  82->  94)  0.10(  82->  92)  0.09(  71->  84)
   48    7.089   174.9     0.1248   101.9643     0.15(  81->  88)  0.11(  79->  89)  0.10(  82->  96)
   49    7.148   173.4     0.0095   -28.3723     0.22(  82->  93)  0.10(  81->  95)  0.06(  71->  85)
   50    7.164   173.1     0.0028    -0.3584     0.64(  78->  83)  0.12(  78->  84)  0.07(  74->  84)
   51    7.170   172.9     0.0326     8.8156     0.43(  74->  84)  0.10(  78->  83)  0.08(  74->  86)
   52    7.193   172.4     0.1102    70.4737     0.14(  71->  85)  0.07(  82->  93)  0.06(  81->  89)
   53    7.223   171.7     0.0214     3.4369     0.23(  80->  86)  0.15(  80->  89)  0.04(  71->  85)
   54    7.253   170.9     0.0142    25.1004     0.07(  82->  96)  0.07(  81->  93)  0.05(  82->  94)
   55    7.312   169.6     0.0148    12.7814     0.15(  79->  86)  0.08(  76->  86)  0.07(  72->  84)
   56    7.326   169.2     0.0053    -5.9291     0.07(  71->  84)  0.07(  81->  96)  0.06(  81->  92)
   57    7.384   167.9     0.0572   -40.3016     0.13(  79->  86)  0.12(  81->  89)  0.09(  71->  84)
   58    7.424   167.0     0.0864   140.2561     0.14(  81->  89)  0.06(  77->  86)  0.06(  71->  84)
   59    7.440   166.6     0.2387   -73.2416     0.35(  63->  83)  0.07(  79->  86)  0.06(  64->  83)
   60    7.466   166.1     0.0730    12.8486     0.11(  79->  86)  0.11(  63->  83)  0.04(  81->  92)
   61    7.517   164.9     0.0366     1.3492     0.10(  64->  83)  0.10(  69->  84)  0.08(  63->  83)
   62    7.524   164.8     0.0186    18.2835     0.18(  82->  97)  0.08(  79->  86)  0.05(  79->  93)
   63    7.549   164.2     0.1451   -56.7966     0.08(  64->  83)  0.08(  63->  83)  0.04(  65->  83)
   64    7.581   163.5     0.0717     0.4034     0.10(  82->  98)  0.09(  80->  88)  0.05(  81->  93)
   65    7.618   162.8     0.0981   -72.1929     0.14(  80->  88)  0.10(  79->  86)  0.06(  82->  97)
   66    7.639   162.3     0.1866   -55.8575     0.28(  77->  86)  0.05(  80->  89)  0.05(  80->  88)
   67    7.675   161.6     0.0876   -22.2228     0.06(  79->  96)  0.06(  82->  97)  0.06(  77->  93)
   68    7.692   161.2     0.0259   -65.9816     0.06(  77->  89)  0.05(  78->  93)  0.05(  75->  86)
   69    7.711   160.8     0.0126    45.8260     0.15(  80->  88)  0.13(  78->  93)  0.08(  78->  92)
   70    7.730   160.4     0.0213   -27.3266     0.09(  78->  95)  0.07(  78->  93)  0.06(  76->  87)
   71    7.765   159.7     0.1470   -41.9057     0.19(  77->  88)  0.13(  77->  89)  0.12(  80->  88)
   72    7.785   159.3     0.0600    79.5015     0.19(  76->  87)  0.06(  80->  88)  0.06(  77->  87)
   73    7.832   158.3     0.0462     6.8815     0.18(  67->  84)  0.04(  81->  97)  0.03(  70->  86)
   74    7.866   157.6     0.0591   103.3634     0.12(  68->  84)  0.06(  76->  86)  0.05(  71->  86)
   75    7.884   157.3     0.0024    13.6781     0.15(  70->  85)  0.08(  76->  86)  0.07(  70->  84)
   76    7.889   157.2     0.0020   -27.8466     0.09(  76->  83)  0.07(  82-> 100)  0.06(  70->  85)
   77    7.899   157.0     0.0060   -24.7806     0.18(  76->  83)  0.08(  70->  85)  0.06(  81->  97)
   78    7.925   156.4     0.0861   -25.6899     0.14(  81->  97)  0.14(  70->  85)  0.06(  69->  85)
   79    7.949   156.0     0.0177    11.9529     0.11(  76->  86)  0.06(  77->  89)  0.06(  70->  85)
   80    7.968   155.6     0.0050   -12.9948     0.06(  78->  90)  0.06(  77->  91)  0.06(  78->  95)
   81    7.986   155.3     0.0126    42.5871     0.06(  78->  97)  0.05(  82->  99)  0.05(  77->  89)
   82    8.003   154.9     0.0041    11.5503     0.11(  67->  85)  0.10(  69->  85)  0.06(  77->  91)
   83    8.017   154.6     0.0261   -42.7683     0.08(  77->  91)  0.08(  79->  96)  0.07(  79->  90)
   84    8.033   154.3     0.0480    25.1465     0.20(  69->  85)  0.12(  72->  84)  0.07(  70->  84)
   85    8.048   154.1     0.0033   -12.7299     0.07(  68->  85)  0.07(  72->  84)  0.06(  69->  85)
   86    8.086   153.3     0.0062    -3.5679     0.12(  82-> 100)  0.05(  82-> 102)  0.05(  81->  99)
   87    8.102   153.0     0.0209    27.0637     0.09(  73->  83)  0.07(  80->  90)  0.04(  64->  83)
   88    8.134   152.4     0.0690   -19.0492     0.13(  75->  86)  0.06(  68->  85)  0.04(  80->  90)
   89    8.158   152.0     0.0665    31.7487     0.14(  75->  86)  0.04(  74->  85)  0.03(  81->  94)
   90    8.181   151.5     0.0525   -37.2617     0.14(  79->  91)  0.08(  82->  99)  0.06(  64->  84)
   91    8.188   151.4     0.0396    -9.8419     0.08(  82->  99)  0.06(  78->  97)  0.05(  64->  84)
   92    8.198   151.2     0.0723     5.8279     0.10(  79->  91)  0.10(  74->  85)  0.08(  68->  85)
   93    8.225   150.7     0.0180    -2.8431     0.60(  74->  85)  0.05(  71->  85)  0.04(  74->  84)
   94    8.257   150.2     0.0109   -17.2249     0.24(  82-> 101)  0.08(  82-> 103)  0.05(  80-> 105)
   95    8.277   149.8     0.0330   -16.5365     0.06(  66->  85)  0.06(  78->  94)  0.06(  67->  85)
   96    8.293   149.5     0.0311   -23.7960     0.14(  67->  85)  0.09(  68->  85)  0.05(  64->  84)
   97    8.307   149.3     0.0552    15.5398     0.18(  75->  88)  0.13(  79->  91)  0.06(  69->  88)
   98    8.331   148.8     0.0430   -25.6075     0.09(  66->  85)  0.08(  66->  84)  0.06(  75->  88)
   99    8.343   148.6     0.0056   -29.2010     0.06(  70->  87)  0.06(  75->  88)  0.05(  67->  84)
  100    8.362   148.3     0.0040   -24.8282     0.21(  74->  91)  0.08(  74->  94)  0.05(  81->  91)
  101    8.376   148.0     0.0289    14.1209     0.06(  68->  85)  0.06(  66->  84)  0.05(  82-> 104)
  102    8.381   147.9     0.0322    53.8485     0.15(  70->  87)  0.11(  76->  87)  0.07(  73->  87)
  103    8.392   147.7     0.0243    17.9047     0.10(  82-> 102)  0.08(  81-> 101)  0.05(  81->  97)
  104    8.409   147.4     0.0088    11.6340     0.33(  79->  87)  0.09(  68->  87)  0.09(  71->  87)
  105    8.416   147.3     0.0086     3.2313     0.10(  74->  91)  0.08(  81->  91)  0.08(  79->  87)
  106    8.446   146.8     0.0086     3.5398     0.05(  80-> 101)  0.04(  82-> 103)  0.04(  82-> 101)
  107    8.463   146.5     0.0310    -3.5633     0.06(  82-> 105)  0.04(  65->  84)  0.03(  81->  98)
  108    8.471   146.4     0.0444   -27.9093     0.07(  80->  94)  0.06(  81-> 103)  0.05(  82-> 101)
  109    8.487   146.1     0.0034     6.6717     0.05(  81->  94)  0.04(  71->  88)  0.04(  76->  88)
  110    8.514   145.6     0.0353   -29.1322     0.16(  75->  89)  0.10(  76->  89)  0.04(  81->  99)
  111    8.529   145.4     0.0052   -23.4769     0.14(  71->  83)  0.05(  80->  94)  0.04(  69->  83)
  112    8.544   145.1     0.0194    10.7541     0.11(  82-> 102)  0.04(  71->  83)  0.03(  79->  94)
  113    8.563   144.8     0.0018    -2.1616     0.16(  79->  87)  0.07(  80->  87)  0.05(  65->  84)
  114    8.566   144.7     0.0052    -2.1996     0.13(  80->  87)  0.06(  79->  87)  0.06(  69->  87)
  115    8.575   144.6     0.0128    23.8618     0.05(  81->  91)  0.04(  80->  94)  0.04(  82->  95)
  116    8.588   144.4     0.0209    -5.9691     0.06(  79->  97)  0.05(  65->  84)  0.05(  82-> 105)
  117    8.596   144.2     0.0076   -16.6365     0.09(  82-> 104)  0.06(  81-> 100)  0.06(  80->  87)
  118    8.618   143.9     0.0317     2.3028     0.10(  76->  90)  0.05(  80->  87)  0.04(  82->  95)
  119    8.632   143.6     0.0014     5.7252     0.22(  80->  87)  0.06(  65->  85)  0.03(  71->  87)
  120    8.647   143.4     0.0026    -0.4334     0.08(  80->  87)  0.06(  75->  89)  0.05(  65->  84)
  121    8.668   143.0     0.0058     2.2631     0.07(  65->  85)  0.06(  61->  85)  0.05(  75->  89)
  122    8.670   143.0     0.0548    -6.7574     0.06(  73->  86)  0.05(  62->  84)  0.05(  68->  88)
  123    8.694   142.6     0.0180    27.0961     0.06(  61->  84)  0.05(  78->  88)  0.04(  75->  89)
  124    8.704   142.4     0.0151     7.6767     0.08(  78->  88)  0.06(  65->  85)  0.05(  82-> 106)
  125    8.708   142.4     0.0049   -12.4193     0.09(  78->  88)  0.05(  69->  83)  0.04(  68->  88)
  126    8.724   142.1     0.0069     3.1184     0.08(  75->  89)  0.07(  65->  85)  0.07(  63->  84)
  127    8.748   141.7     0.0167    13.4168     0.06(  79->  94)  0.05(  60->  84)  0.04(  79->  92)
  128    8.764   141.5     0.0056    -2.0898     0.54(  63->  84)  0.12(  64->  84)  0.05(  63->  86)
  129    8.768   141.4     0.0083    -3.6357     0.09(  60->  84)  0.06(  65->  85)  0.04(  67->  83)
  130    8.785   141.1     0.0267    26.6470     0.06(  79->  94)  0.06(  61->  85)  0.06(  59->  85)
  131    8.793   141.0     0.0193   -15.8754     0.09(  78->  88)  0.06(  76->  90)  0.04(  60->  84)
  132    8.810   140.7     0.0099    -5.2733     0.16(  79->  94)  0.03(  82-> 103)  0.03(  81-> 100)
  133    8.821   140.6     0.0504   -29.7375     0.06(  79->  94)  0.05(  76->  90)  0.04(  81-> 107)
  134    8.836   140.3     0.0035    -0.1474     0.15(  59->  85)  0.05(  60->  85)  0.05(  67->  83)
  135    8.842   140.2     0.0153    22.0838     0.11(  67->  83)  0.05(  56->  84)  0.05(  56->  85)
  136    8.847   140.1     0.0153   -27.5356     0.13(  78->  88)  0.04(  79->  94)  0.04(  82->  97)
  137    8.863   139.9     0.0762   -31.1669     0.05(  81-> 102)  0.05(  60->  85)  0.04(  59->  84)
  138    8.888   139.5     0.0087     0.3141     0.16(  59->  85)  0.05(  58->  85)  0.04(  67->  83)
  139    8.897   139.4     0.0193     5.9263     0.09(  59->  85)  0.07(  72->  85)  0.04(  58->  85)
  140    8.904   139.2     0.0120    10.3645     0.04(  67->  83)  0.04(  81-> 104)  0.03(  81->  99)
  141    8.925   138.9     0.0277    43.1485     0.06(  61->  84)  0.04(  58->  84)  0.04(  56->  85)
  142    8.946   138.6     0.0052    -5.8997     0.06(  73->  86)  0.04(  53->  84)  0.04(  53->  83)
  143    8.950   138.5     0.0122    -8.3438     0.16(  72->  85)  0.15(  58->  85)  0.05(  61->  85)
  144    8.957   138.4     0.0012    14.9618     0.05(  72->  85)  0.04(  78->  99)  0.03(  78-> 103)
  145    8.968   138.2     0.0128    15.2002     0.24(  57->  85)  0.11(  72->  85)  0.05(  70->  85)
  146    8.979   138.1     0.0033     0.9398     0.07(  53->  83)  0.04(  79-> 104)  0.03(  80->  92)
  147    9.002   137.7     0.0033    -9.8388     0.05(  53->  83)  0.04(  77->  94)  0.04(  66->  85)
  148    9.027   137.3     0.0003     1.8500     0.38(  78->  89)  0.07(  58->  85)  0.04(  64->  85)
  149    9.033   137.3     0.0017    14.4575     0.08(  78->  99)  0.08(  78->  89)  0.04(  77->  94)
  150    9.054   136.9     0.0121   -21.1755     0.05(  77-> 100)  0.02(  81-> 106)  0.02(  79-> 103)
  151    9.075   136.6     0.0011     4.7535     0.09(  78->  99)  0.04(  78-> 103)  0.03(  81-> 102)
  152    9.084   136.5     0.0012    -1.2733     0.20(  78->  89)  0.09(  58->  85)  0.03(  66->  85)
  153    9.098   136.3     0.0023   -11.9305     0.06(  74->  89)  0.05(  64->  85)  0.04(  74->  86)
  154    9.104   136.2     0.0016     2.1760     0.12(  74->  89)  0.09(  74->  86)  0.07(  60->  85)
  155    9.114   136.0     0.0101     6.2371     0.08(  74->  89)  0.05(  74->  86)  0.03(  62->  85)
  156    9.124   135.9     0.0028     1.4758     0.11(  57->  85)  0.06(  61->  85)  0.05(  64->  85)
  157    9.133   135.8     0.0055    -9.3038     0.04(  82-> 106)  0.04(  77-> 101)  0.04(  82-> 109)
  158    9.148   135.5     0.0096     4.4098     0.08(  58->  84)  0.07(  60->  84)  0.05(  65->  85)
  159    9.162   135.3     0.0202     2.1856     0.06(  67->  88)  0.04(  73->  90)  0.04(  73->  88)
  160    9.171   135.2     0.0132     5.5157     0.06(  58->  84)  0.04(  72->  91)  0.03(  67->  88)
  161    9.179   135.1     0.0021     1.6606     0.09(  78-> 101)  0.04(  76->  92)  0.04(  78-> 105)
  162    9.198   134.8     0.0100     7.2126     0.06(  65->  87)  0.05(  75->  87)  0.04(  82-> 105)
  163    9.210   134.6     0.0019    -0.4333     0.07(  72->  91)  0.07(  67->  88)  0.04(  61->  84)
  164    9.214   134.6     0.0056     5.8314     0.05(  80->  93)  0.05(  82-> 111)  0.03(  80->  90)
  165    9.229   134.3     0.0027    11.1768     0.18(  77->  87)  0.08(  65->  87)  0.06(  76->  87)
  166    9.232   134.3     0.0171    -0.9977     0.05(  76->  92)  0.04(  77->  94)  0.03(  79-> 106)
  167    9.252   134.0     0.0030     0.1998     0.11(  59->  84)  0.05(  67->  88)  0.04(  61->  84)
  168    9.264   133.8     0.0019     0.1536     0.04(  58->  84)  0.03(  60->  84)  0.03(  71->  86)
  169    9.267   133.8     0.0031     0.1437     0.10(  65->  87)  0.08(  59->  84)  0.03(  82-> 111)
  170    9.276   133.7     0.0050    -5.6630     0.12(  58->  84)  0.03(  60->  84)  0.03(  62->  85)
  171    9.286   133.5     0.0068   -18.4933     0.17(  59->  84)  0.04(  58->  84)  0.03(  66->  83)
  172    9.293   133.4     0.0196    30.6944     0.12(  59->  84)  0.03(  56->  84)  0.03(  81->  99)
  173    9.307   133.2     0.0054   -15.4027     0.04(  57->  85)  0.04(  77->  92)  0.03(  57->  84)
  174    9.318   133.1     0.0238     1.7883     0.10(  74->  93)  0.06(  74->  92)  0.04(  81-> 102)
  175    9.327   132.9     0.0138     0.0604     0.08(  62->  85)  0.04(  74->  93)  0.04(  64->  85)
  176    9.341   132.7     0.0253     4.3432     0.09(  71->  90)  0.04(  57->  84)  0.03(  82-> 106)
  177    9.348   132.6     0.0097    27.0785     0.05(  74->  93)  0.04(  82-> 106)  0.04(  74->  92)
  178    9.361   132.4     0.0050     6.3445     0.12(  54->  85)  0.08(  57->  84)  0.04(  57->  85)
  179    9.369   132.3     0.0058   -12.0803     0.04(  81-> 105)  0.03(  82-> 108)  0.03(  74->  93)
  180    9.395   132.0     0.0052    -5.6745     0.04(  76->  88)  0.04(  73->  92)  0.03(  82-> 109)
  181    9.411   131.7     0.0047    -9.7666     0.05(  56->  85)  0.05(  80->  93)  0.03(  71->  86)
  182    9.422   131.6     0.0007    -4.3584     0.16(  57->  84)  0.14(  56->  84)  0.06(  58->  84)
  183    9.423   131.6     0.0021    -5.8710     0.06(  57->  84)  0.04(  54->  85)  0.04(  62->  85)
  184    9.432   131.5     0.0123     6.2196     0.10(  71->  90)  0.06(  76->  88)  0.02(  72->  90)
  185    9.465   131.0     0.0082     5.6293     0.05(  79->  92)  0.04(  79-> 111)  0.03(  79-> 106)
  186    9.473   130.9     0.0037    -7.9749     0.10(  70->  83)  0.08(  69->  83)  0.07(  75->  91)
  187    9.477   130.8     0.0135    -0.2804     0.06(  69->  90)  0.06(  78-> 107)  0.04(  75->  92)
  188    9.498   130.5     0.0017    -1.2228     0.03(  56->  85)  0.03(  54->  85)  0.03(  81-> 111)
  189    9.503   130.5     0.0068   -14.0447     0.06(  61->  83)  0.04(  56->  85)  0.04(  78-> 107)
  190    9.512   130.3     0.0013     1.6066     0.05(  80->  96)  0.04(  78-> 107)  0.03(  70->  83)
  191    9.515   130.3     0.0021   -11.5466     0.03(  82-> 110)  0.03(  82-> 109)  0.03(  76->  89)
  192    9.520   130.2     0.0086   -25.6069     0.03(  76->  94)  0.03(  80->  93)  0.03(  69->  83)
  193    9.528   130.1     0.0042     6.2236     0.09(  76->  88)  0.03(  76->  93)  0.03(  82-> 108)
  194    9.542   129.9     0.0002     0.2577     0.11(  68->  83)  0.05(  61->  83)  0.03(  68->  84)
  195    9.550   129.8     0.0124     0.1565     0.10(  75->  87)  0.04(  76->  89)  0.03(  81-> 102)
  196    9.574   129.5     0.0157    21.7790     0.06(  77->  87)  0.05(  75->  87)  0.04(  55->  85)
  197    9.576   129.5     0.0030    -6.6583     0.25(  68->  83)  0.06(  68->  84)  0.05(  71->  83)
  198    9.591   129.3     0.0061   -13.4772     0.06(  77->  87)  0.05(  75->  87)  0.03(  76->  91)
  199    9.599   129.2     0.0052    -9.4163     0.09(  53->  84)  0.05(  70->  86)  0.04(  55->  84)
  200    9.607   129.1     0.0040     3.5247     0.07(  82-> 114)  0.06(  75->  91)  0.03(  77->  87)
  201    9.615   128.9     0.0254   -17.1909     0.06(  55->  85)  0.03(  82-> 108)  0.02(  70->  89)
  202    9.640   128.6     0.0017    -1.0419     0.04(  82-> 113)  0.03(  81-> 111)  0.02(  71->  92)
  203    9.650   128.5     0.0025    -6.5350     0.08(  75->  91)  0.03(  82-> 109)  0.03(  82-> 113)
  204    9.666   128.3     0.0072   -10.0869     0.05(  77->  90)  0.04(  73->  93)  0.04(  75->  87)
  205    9.672   128.2     0.0048     0.5637     0.05(  54->  85)  0.04(  54->  84)  0.04(  55->  85)
  206    9.686   128.0     0.0047    -0.2002     0.03(  54->  85)  0.03(  51->  84)  0.03(  82-> 110)
  207    9.689   128.0     0.0036    10.6969     0.05(  54->  85)  0.03(  55->  85)  0.03(  82-> 111)
  208    9.699   127.8     0.0111    12.7531     0.33(  74->  88)  0.04(  73->  88)  0.03(  74->  89)
  209    9.708   127.7     0.0196     9.0735     0.26(  74->  88)  0.02(  74->  89)  0.02(  76->  92)
  210    9.713   127.7     0.0055     8.5711     0.06(  82-> 114)  0.05(  79->  98)  0.04(  76->  95)
  211    9.727   127.5     0.0039    11.1726     0.14(  76->  89)  0.10(  74->  88)  0.07(  73->  89)
  212    9.729   127.4     0.0173    15.0762     0.05(  45->  83)  0.04(  45->  84)  0.03(  75->  94)
  213    9.741   127.3     0.0029    -5.5760     0.05(  45->  83)  0.03(  82-> 114)  0.03(  46->  83)
  214    9.753   127.1     0.0058    34.0103     0.11(  55->  85)  0.06(  54->  84)  0.04(  51->  84)
  215    9.764   127.0     0.0089     3.3580     0.05(  79->  95)  0.04(  54->  84)  0.04(  55->  85)
  216    9.769   126.9     0.0005    -3.4606     0.05(  78->  91)  0.04(  52->  84)  0.02(  68->  90)
  217    9.786   126.7     0.0008     4.6889     0.24(  78->  91)  0.05(  78->  94)  0.05(  59->  83)
  218    9.788   126.7     0.0087    -3.9781     0.08(  79->  98)  0.08(  79->  95)  0.04(  79-> 103)
  219    9.805   126.5     0.0048    20.5286     0.05(  73->  88)  0.04(  78->  91)  0.03(  82-> 114)
  220    9.814   126.3     0.0047     0.8561     0.04(  82-> 112)  0.04(  82-> 103)  0.03(  73->  88)
  221    9.826   126.2     0.0072     4.4376     0.10(  78->  91)  0.05(  73->  88)  0.04(  75->  91)
  222    9.842   126.0     0.0046    11.8114     0.19(  73->  88)  0.03(  76->  94)  0.03(  65->  86)
  223    9.846   125.9     0.0046    -4.1345     0.07(  78->  91)  0.06(  59->  83)  0.03(  57->  83)
  224    9.853   125.8     0.0025    -2.5235     0.07(  75->  94)  0.04(  75->  92)  0.02(  80->  95)
  225    9.862   125.7     0.0040     1.6675     0.07(  82-> 110)  0.03(  82-> 112)  0.03(  82-> 107)
  226    9.885   125.4     0.0024     4.4725     0.04(  78->  92)  0.03(  78->  96)  0.03(  73->  87)
  227    9.897   125.3     0.0046    -7.0733     0.04(  51->  84)  0.04(  78->  92)  0.03(  51->  85)
  228    9.904   125.2     0.0037     1.1522     0.12(  73->  87)  0.05(  61->  87)  0.03(  66->  87)
  229    9.909   125.1     0.0120    10.5169     0.05(  52->  85)  0.04(  78->  92)  0.03(  78->  96)
  230    9.914   125.1     0.0054    -1.0987     0.10(  72->  89)  0.07(  72->  86)  0.04(  73->  89)
  231    9.932   124.8     0.0031     3.0888     0.05(  65->  83)  0.04(  69->  86)  0.02(  73->  87)
  232    9.945   124.7     0.0012   -11.9237     0.05(  82-> 114)  0.03(  50->  84)  0.02(  80->  95)
  233    9.955   124.5     0.0019     7.0985     0.15(  58->  83)  0.09(  65->  83)  0.09(  59->  83)
  234    9.958   124.5     0.0040     5.1779     0.10(  58->  83)  0.04(  61->  83)  0.04(  82-> 114)
  235    9.963   124.5     0.0043     0.5802     0.05(  80->  95)  0.03(  82-> 116)  0.02(  77-> 101)
  236    9.982   124.2     0.0010    -2.6478     0.06(  57->  83)  0.05(  65->  83)  0.04(  60->  83)
  237    9.989   124.1     0.0133   -13.4081     0.09(  75->  94)  0.04(  53->  85)  0.04(  58->  83)
  238    9.992   124.1     0.0067    -2.2930     0.07(  50->  84)  0.04(  52->  84)  0.02(  55->  86)

  alpha tensor

           1         2         3
 
    1 290.60076
    2  -5.60324 155.67165
    3  -9.12320  57.06936  80.83661
 trace alpha_L[0] / au:   175.703005305298     
 sum rule f_L           8.39097056382267     
 
 SOS specific optical rotation 
 including Lorentz factor for common solvent (n=1.4)
 lambda [eV] alpha[grad*cm^3*g^-1*dm^-1]
 632.8  1.96     1045.95
 589.3  2.10     1288.05        0.00 ##
 579.0  2.14     1359.25
 546.0  2.27     1638.76
 436.0  2.84     4098.93
 365.0  3.40    34490.88
 
 sTD-DFT done.
Mon 21 Mar 14:44:10 GMT 2022
