Mon 21 Mar 14:12:39 GMT 2022


                 *********************************************
                 *                                           *
                 *               s  T  D  A                  *
                 *                                           *
                 *                S. Grimme                  *
                 * Mulliken Center for Theoretical Chemistry *
                 *             Universitaet Bonn             *
                 *              Version 1.6.2                *
                 *       Tue Sep 10 14:44:30 CET 2020        *
                 *********************************************
 
 Please cite as:
 S. Grimme, J. Chem. Phys. 138 (2013) 244104
 
 With contributions from:
 C. Bannwarth, P. Shushkov, M. de Wergifosse
 
======================================================================
 
 reading an xTB output...
 
 reading: wfn.xtb
======================================================================
                    M O / A O    I N P U T 
======================================================================
atom  #          x             y             z            charge
  C   1     -9.04214969  -10.77994168    0.95771311         6.00
  O   2     -8.85941320   -9.37663119   -1.29181666         8.00
  C   3     -7.43815031   -7.22952456   -1.29049385         6.00
  C   4     -6.12592461   -6.28409467    0.78045682         6.00
  C   5     -4.74963720   -4.07179250    0.56465011         6.00
  C   6     -4.62963960   -2.77052721   -1.71511527         6.00
  N   7     -3.24428151   -0.51702902   -1.92714252         7.00
  C   8     -4.27474907    1.48097823   -3.33876781         6.00
  C   9     -6.84364253    2.01709348   -3.21026644         6.00
  C  10     -7.88488152    3.95897586   -4.61678947         6.00
  C  11     -6.35930576    5.42370245   -6.17656927         6.00
  O  12     -7.17547840    7.38259237   -7.63335900         8.00
  C  13     -9.75835583    8.00676885   -7.59121811         6.00
  C  14     -3.77812909    4.88853206   -6.30639344         6.00
  C  15     -2.75200790    2.94230330   -4.92065740         6.00
  C  16     -0.91349352   -0.26342780   -0.76118161         6.00
  C  17     -0.06954191    2.09476121    0.08579356         6.00
  C  18      2.25368717    2.34231531    1.22605420         6.00
  C  19      3.82423840    0.25341225    1.60399939         6.00
  C  20      6.28012625    0.52269820    2.83062050         6.00
  C  21      7.22177669   -1.36513803    4.42403742         6.00
  C  22      9.53045488   -1.10397790    5.58357326         6.00
  C  23     11.02277146    1.05767961    5.20260451         6.00
  C  24     13.41081814    1.19903111    6.47457905         6.00
  C  25     15.16788533    3.07571796    6.43621761         6.00
  C  26     15.06054890    5.38779765    5.11359842         6.00
  N  27     15.11346122    7.30605847    4.10146120         7.00
  C  28     17.41363565    2.79112523    7.86107098         6.00
  N  29     19.22607181    2.54187037    9.02155168         7.00
  C  30     10.08017616    2.94438200    3.59784923         6.00
  C  31      7.76431701    2.67717475    2.44946278         6.00
  C  32      2.96611385   -2.10043039    0.76930743         6.00
  C  33      0.65913641   -2.35837798   -0.40137779         6.00
  C  34     -5.94469989   -3.72786238   -3.79116820         6.00
  C  35     -7.33175874   -5.91692092   -3.57762917         6.00
  H  36    -10.25025149  -12.38564182    0.51513929         1.00
  H  37     -9.90802212   -9.67388508    2.47705277         1.00
  H  38     -7.19229696  -11.46874679    1.57773220         1.00
  H  39     -6.17071111   -7.23802833    2.58098770         1.00
  H  40     -3.75809800   -3.34235829    2.19302696         1.00
  H  41     -8.04418542    0.89799777   -1.99706238         1.00
  H  42     -9.88572336    4.31405537   -4.46561139         1.00
  H  43    -10.37194985    8.58162348   -5.70054730         1.00
  H  44    -10.93225359    6.43338302   -8.24581918         1.00
  H  45     -9.96849336    9.59357173   -8.88397963         1.00
  H  46     -2.61500277    6.02633605   -7.53282558         1.00
  H  47     -0.75778011    2.53298866   -5.05804048         1.00
  H  48     -1.27102967    3.72805135   -0.14248534         1.00
  H  49      2.83402201    4.17591640    1.90824526         1.00
  H  50      6.09776769   -3.02979761    4.78421919         1.00
  H  51     10.21226800   -2.57928695    6.82115479         1.00
  H  52     13.87720251   -0.42594423    7.63487078         1.00
  H  53     11.18037461    4.62264762    3.24598226         1.00
  H  54      7.10196806    4.14095647    1.19222810         1.00
  H  55      4.16495599   -3.73976765    0.97131914         1.00
  H  56      0.05763664   -4.18744373   -1.07752174         1.00
  H  57     -5.86741010   -2.73632317   -5.57261285         1.00
  H  58     -8.35183281   -6.66978774   -5.17274684         1.00

 # atoms          =   58
 # mos            =  262
 # primitive  aos = 2069
 # contracted aos =  395

 spherical AO basis
======================================================================
                    A O   I N T E G R A L S
======================================================================
 memory needed for AO int data:   5 Mb
 done.
  
Restricted MOs found... RKS-sTD-DFT will be performed
  
======================================================================
                    s T D A
======================================================================
 spectral range up to (eV)     :    10.0000000000000     
 occ MO cut-off (eV)           :   -36.5853650718761     
 virtMO cut-off (eV)           :    14.5251916597168     
 perturbation thr              :   1.000000000000000E-004
 triplet                       :  F
 MOs in TDA :          211
 oMOs in TDA:           83
 vMOs in TDA:          128
 sorting MOs ...
 reading and transforming R..V..L AO ints ...
 ints done.
 S^1/2 ...
 S^1/2 orthogonalized MO coefficients done.

 SCF atom population (using active MOs):
  3.501  5.213  3.515  3.923  3.979  3.972  5.129  3.973  3.976  3.922
  3.514  5.213  3.501  3.954  3.972  3.930  4.000  3.962  4.094  4.029
  3.977  3.956  4.077  3.894  4.026  3.838  5.204  3.873  5.218  3.931
  3.972  3.963  4.000  3.969  3.954  0.976  0.992  0.991  1.000  0.987
  0.985  1.000  0.992  0.991  0.976  0.956  0.990  0.997  1.007  1.007
  0.996  1.016  1.066  1.004  1.008  0.997  0.988  0.956
 
 # electrons in TDA: 166.000
 
 
 ax(DF)   :   0.500000000000000     
 s^K      :    2.00000000000000     
 beta  (J):    4.00000000000000     
 alpha (K):    2.00000000000000     
 
 hardness table read.
 setting up gammas ...
 memory needed for q data (Mb)                      7
 computing q(ij,n) ...
 
         218 CSF included by energy.
 
       10406 considered in PT2.
 ordered frontier orbitals
         eV     # centers
  73   -18.408    22.9
  74   -18.131    12.8
  75   -17.339    20.2
  76   -16.702     4.3
  77   -16.425     5.9
  78   -16.298    14.2
  79   -16.271    12.3
  80   -16.209    10.5
  81   -15.456    19.5
  82   -15.269    12.1
  83   -13.475    10.5
 
  84    -8.585     7.6
  85    -6.387    12.1
  86    -6.164     4.7
  87    -6.002    12.2
  88    -5.812    12.5
  89    -5.762     8.8
  90    -5.657     9.4
  91    -5.298    32.7
  92    -5.228    33.6
  93    -5.155    16.1
  94    -5.022    15.5
 
             lowest CSF states
       eV     nm      excitation i->a               eV
    1  3.37   367.4       83 ->  84     gap,J,K:   4.889   1.905   0.166   Kshft:   0.058  locality: 0.471
    2  4.21   294.7       83 ->  87     gap,J,K:   7.473   3.683   0.191   Kshft:   0.035  locality: 0.965
    3  4.43   280.0       83 ->  88     gap,J,K:   7.663   3.706   0.226   Kshft:   0.018  locality: 0.976
    4  4.49   276.0       83 ->  89     gap,J,K:   7.713   3.743   0.255   Kshft:   0.011  locality: 0.940
    5  4.50   275.3       83 ->  85     gap,J,K:   7.088   3.133   0.269   Kshft:   0.009  locality: 0.836
    6  4.62   268.1       83 ->  90     gap,J,K:   7.817   3.795   0.298   Kshft:   0.006  locality: 0.964
    7  4.68   264.9       76 ->  84     gap,J,K:   8.117   4.075   0.316   Kshft:   0.005  locality: 0.875
    8  4.69   264.2       81 ->  84     gap,J,K:   6.870   2.834   0.326   Kshft:   0.004  locality: 0.791
    9  5.66   219.1       83 ->  86     gap,J,K:   7.311   2.202   0.026   Kshft:   0.498  locality: 0.494
   10  5.76   215.2       83 ->  93     gap,J,K:   8.320   3.089   0.260   Kshft:   0.011  locality: 0.906
   11  5.78   214.7       82 ->  84     gap,J,K:   6.683   1.429   0.011   Kshft:   0.500  locality: 0.357
   12  5.89   210.6       80 ->  84     gap,J,K:   7.624   2.126   0.165   Kshft:   0.059  locality: 0.567
   13  5.92   209.4       79 ->  84     gap,J,K:   7.685   2.178   0.188   Kshft:   0.037  locality: 0.597
   14  6.05   204.9       77 ->  84     gap,J,K:   7.839   2.350   0.035   Kshft:   0.493  locality: 0.537
   15  6.12   202.6       83 ->  91     gap,J,K:   8.177   2.560   0.001   Kshft:   0.500  locality: 0.762
   16  6.18   200.5       83 ->  92     gap,J,K:   8.246   2.567   0.002   Kshft:   0.500  locality: 0.819
   17  6.19   200.5       83 ->  94     gap,J,K:   8.453   2.770   0.001   Kshft:   0.500  locality: 0.775
   18  6.23   199.1       78 ->  84     gap,J,K:   7.712   1.949   0.095   Kshft:   0.275  locality: 0.522
   19  6.32   196.0       82 ->  89     gap,J,K:   9.507   3.872   0.343   Kshft:   0.004  locality: 0.984
   20  6.33   195.8       83 ->  97     gap,J,K:   8.983   3.297   0.321   Kshft:   0.005  locality: 0.946
   21  6.43   192.8       82 ->  87     gap,J,K:   9.267   3.222   0.161   Kshft:   0.064  locality: 0.854
   22  6.46   192.0       81 ->  85     gap,J,K:   9.068   3.270   0.327   Kshft:   0.004  locality: 0.985
   23  6.50   190.6       81 ->  86     gap,J,K:   9.291   3.256   0.225   Kshft:   0.019  locality: 0.824
   24  6.53   189.9       82 ->  88     gap,J,K:   9.457   3.355   0.197   Kshft:   0.031  locality: 0.894
   25  6.59   188.2       83 ->  95     gap,J,K:   8.585   2.498   0.001   Kshft:   0.500  locality: 0.792
 
 selecting CSF ...
 average/max PT2 energy lowering (eV):     0.031     0.268
        1360 CSF included by PT.
        1578 CSF in total.
 sTD-DFT procedure...
 setting up A+B and A-B matrices
  calculating (A-B)^0.5 ...
 estimated time (min)     0.16
  calculating (A+B)*(A-B)^0.5 ...
 calculate eigenvalues of (A-B)^0.5*(A+B)*(A-B)^0.5 ...
  rpa vectors ok
  249 roots found, lowest/highest eigenvalue :    2.997   9.993   0
 writing spectral data to tda.dat ...
 
 excitation energies, transition moments and TDA amplitudes
 state    eV      nm       fL         Rv
    1    2.997   413.7     1.4990    -7.1224     0.78(  83->  84)  0.12(  83->  85)  0.08(  81->  84)
    2    3.809   325.5     0.0417   198.0307     0.88(  83->  87)  0.02(  82->  89)  0.01(  81->  88)
    3    3.951   313.8     0.0082    24.3607     0.44(  83->  89)  0.25(  83->  85)  0.08(  83->  88)
    4    3.969   312.4     0.0051     0.3394     0.77(  83->  88)  0.09(  83->  89)  0.03(  77->  85)
    5    4.043   306.7     0.4232  -125.4952     0.25(  83->  89)  0.21(  83->  85)  0.19(  81->  84)
    6    4.156   298.3     0.0005     0.0591     0.65(  76->  84)  0.10(  83->  85)  0.05(  81->  84)
    7    4.225   293.4     0.1212    23.1172     0.42(  81->  84)  0.16(  76->  84)  0.14(  83->  85)
    8    4.256   291.3     0.5066   -79.2918     0.89(  83->  90)  0.04(  83->  89)  0.01(  83-> 123)
    9    4.913   252.4     0.0027    17.5910     0.39(  83->  91)  0.39(  83->  92)  0.06(  83->  96)
   10    5.161   240.2     0.0123     1.2444     0.29(  83->  97)  0.26(  83->  93)  0.10(  79->  84)
   11    5.189   238.9     0.0656   -16.4037     0.20(  83->  93)  0.15(  79->  84)  0.12(  80->  84)
   12    5.274   235.1     0.0111   -12.9483     0.28(  77->  84)  0.19(  77->  85)  0.10(  83->  86)
   13    5.308   233.6     0.0989    18.6498     0.47(  83->  86)  0.16(  81->  86)  0.06(  76->  84)
   14    5.413   229.0     0.0021     3.5818     0.42(  82->  89)  0.07(  80->  90)  0.07(  81->  87)
   15    5.415   229.0     0.0007    55.1168     0.50(  83->  94)  0.09(  82->  92)  0.05(  82->  91)
   16    5.465   226.9     0.0035    -8.0113     0.22(  82->  87)  0.19(  82->  88)  0.09(  83->  94)
   17    5.590   221.8     0.0014  -118.3699     0.42(  83->  95)  0.09(  82->  84)  0.08(  82->  94)
   18    5.627   220.3     0.0769   -25.0625     0.75(  82->  84)  0.09(  82->  85)  0.05(  83->  95)
   19    5.787   214.2     0.0362    17.3522     0.26(  81->  85)  0.20(  83->  97)  0.14(  83->  93)
   20    5.951   208.4     0.0089    -5.4841     0.27(  82->  90)  0.13(  81->  85)  0.06(  83->  93)
   21    5.965   207.9     0.0097   -24.1460     0.18(  77->  84)  0.13(  81->  87)  0.11(  78->  84)
   22    5.995   206.8     0.0325   -32.3890     0.19(  83->  99)  0.09(  82->  90)  0.07(  83->  96)
   23    6.033   205.5     0.0205     1.7214     0.16(  83->  86)  0.14(  81->  86)  0.11(  81->  85)
   24    6.049   205.0     0.1144    66.0416     0.16(  82->  90)  0.13(  74->  84)  0.08(  83->  97)
   25    6.064   204.4     0.0205    82.5248     0.34(  83->  98)  0.26(  83-> 100)  0.04(  82->  95)
   26    6.080   203.9     0.0349    -8.2409     0.43(  80->  84)  0.30(  79->  84)  0.03(  80->  85)
   27    6.128   202.3     0.0828   -31.0705     0.23(  74->  84)  0.16(  81->  85)  0.09(  76->  86)
   28    6.310   196.5     0.0031    -2.7061     0.17(  82->  93)  0.11(  82->  85)  0.10(  81->  90)
   29    6.351   195.2     0.0171    12.2648     0.17(  83-> 101)  0.08(  83->  91)  0.07(  81->  91)
   30    6.365   194.8     0.0274    22.0260     0.26(  78->  84)  0.20(  77->  84)  0.11(  79->  84)
   31    6.419   193.1     0.0131   -13.5166     0.11(  83-> 102)  0.10(  76->  86)  0.10(  78->  84)
   32    6.461   191.9     0.0093   -14.7460     0.11(  83-> 102)  0.10(  70->  84)  0.09(  75->  84)
   33    6.491   191.0     0.0177   -10.9699     0.10(  83-> 104)  0.07(  83-> 102)  0.05(  81->  91)
   34    6.531   189.8     0.1873    -7.9981     0.36(  82->  87)  0.24(  82->  88)  0.11(  76->  86)
   35    6.563   188.9     0.1877    52.7791     0.22(  83-> 103)  0.09(  83-> 104)  0.06(  83-> 101)
   36    6.570   188.7     0.0004     1.2165     0.15(  82->  87)  0.14(  76->  86)  0.09(  82->  88)
   37    6.646   186.5     0.7894   -89.4970     0.19(  77->  87)  0.13(  76->  86)  0.13(  77->  88)
   38    6.713   184.7     0.2427    42.9069     0.28(  81->  87)  0.19(  82->  89)  0.11(  77->  85)
   39    6.746   183.8     0.2623    40.5526     0.30(  82->  85)  0.05(  82->  93)  0.04(  83-> 108)
   40    6.808   182.1     0.0287   -70.2056     0.22(  81->  88)  0.12(  76->  85)  0.06(  77->  85)
   41    6.836   181.4     0.0165   -22.7667     0.20(  68->  84)  0.10(  75->  84)  0.08(  69->  84)
   42    6.861   180.7     0.0273   117.8660     0.12(  76->  85)  0.07(  81->  90)  0.06(  80->  90)
   43    6.885   180.1     0.0689    13.2269     0.11(  78->  90)  0.11(  82->  88)  0.06(  81->  89)
   44    6.892   179.9     0.0791   204.6750     0.20(  68->  84)  0.07(  81->  88)  0.06(  80->  90)
   45    6.906   179.5     0.0693   122.6600     0.33(  68->  84)  0.10(  69->  84)  0.05(  66->  84)
   46    6.940   178.6     0.1341  -112.4866     0.09(  83-> 107)  0.06(  82->  88)  0.05(  82->  92)
   47    6.970   177.9     0.8292  -213.9676     0.12(  76->  85)  0.11(  79->  90)  0.06(  81->  90)
   48    6.982   177.6     0.1914    -8.6719     0.08(  83-> 108)  0.08(  83-> 109)  0.05(  83->  98)
   49    7.017   176.7     0.1061   -53.4456     0.16(  83-> 107)  0.07(  83-> 109)  0.04(  82-> 101)
   50    7.030   176.4     0.0435    39.0932     0.19(  81->  90)  0.09(  77->  85)  0.08(  80->  87)
   51    7.072   175.3     0.0672   -27.6635     0.17(  81->  89)  0.06(  80->  89)  0.05(  81->  90)
   52    7.096   174.7     0.0145    46.8674     0.09(  83-> 107)  0.07(  83-> 108)  0.06(  83->  94)
   53    7.099   174.6     0.1314  -168.9262     0.11(  81->  89)  0.08(  79->  89)  0.06(  79->  85)
   54    7.151   173.4     0.0935   -14.4741     0.08(  80->  92)  0.06(  79->  92)  0.06(  78->  94)
   55    7.176   172.8     0.0245    30.6052     0.11(  80->  94)  0.08(  78->  92)  0.06(  80->  91)
   56    7.183   172.6     0.0034     4.7653     0.12(  83-> 108)  0.07(  82-> 108)  0.05(  81->  91)
   57    7.235   171.4     0.0126    -5.5529     0.12(  83->  91)  0.05(  83->  92)  0.05(  83-> 111)
   58    7.272   170.5     0.0292    39.8512     0.07(  80->  87)  0.05(  83->  91)  0.05(  80->  85)
   59    7.319   169.4     0.0209     5.0758     0.12(  83-> 113)  0.09(  77->  91)  0.08(  77->  95)
   60    7.339   168.9     0.0036   -31.0331     0.24(  80->  87)  0.09(  80->  88)  0.05(  80->  90)
   61    7.357   168.5     0.0035     2.8108     0.17(  78->  87)  0.09(  77->  87)  0.07(  78->  90)
   62    7.370   168.2     0.0076    14.4245     0.08(  77->  91)  0.07(  83-> 112)  0.07(  77->  95)
   63    7.378   168.0     0.0060     5.0718     0.21(  79->  87)  0.06(  78->  87)  0.06(  77->  85)
   64    7.393   167.7     0.0006    14.3700     0.38(  76->  91)  0.14(  76->  92)  0.04(  83-> 111)
   65    7.398   167.6     0.0108   -32.6603     0.41(  66->  84)  0.21(  62->  84)  0.09(  65->  84)
   66    7.415   167.2     0.0528    16.9428     0.15(  79->  86)  0.11(  80->  86)  0.09(  75->  86)
   67    7.428   166.9     0.0172    16.9470     0.18(  83-> 112)  0.05(  83-> 113)  0.03(  83-> 110)
   68    7.435   166.8     0.0420   -16.3942     0.17(  82->  97)  0.16(  82->  93)  0.08(  78->  89)
   69    7.449   166.4     0.0089    13.7463     0.19(  80->  89)  0.13(  80->  85)  0.08(  79->  89)
   70    7.460   166.2     0.0083    -1.3609     0.20(  79->  85)  0.14(  80->  85)  0.09(  78->  87)
   71    7.487   165.6     0.0073    -8.5282     0.08(  81->  96)  0.06(  83->  96)  0.05(  83-> 113)
   72    7.500   165.3     0.0044   -12.9329     0.36(  78->  88)  0.09(  80->  88)  0.08(  77->  87)
   73    7.517   164.9     0.0047   -14.1597     0.24(  78->  85)  0.13(  79->  87)  0.06(  79->  88)
   74    7.530   164.7     0.0073    -1.2440     0.15(  78->  88)  0.13(  80->  88)  0.04(  81->  93)
   75    7.550   164.2     0.0110     8.1500     0.35(  77->  88)  0.13(  77->  87)  0.12(  80->  88)
   76    7.564   163.9     0.0023    21.2039     0.27(  81->  93)  0.05(  79->  89)  0.03(  77->  86)
   77    7.575   163.7     0.0192   -29.4202     0.14(  77->  88)  0.13(  79->  88)  0.11(  78->  89)
   78    7.591   163.3     0.0014     2.2333     0.60(  77->  86)  0.14(  78->  86)  0.03(  77->  91)
   79    7.630   162.5     0.0052    19.2378     0.11(  83-> 116)  0.11(  83->  95)  0.04(  81->  95)
   80    7.645   162.2     0.0062    14.6621     0.17(  66->  84)  0.13(  62->  84)  0.06(  60->  84)
   81    7.674   161.6     0.0033   -21.6297     0.23(  62->  84)  0.15(  63->  84)  0.07(  69->  84)
   82    7.732   160.3     0.0087    -5.3077     0.09(  83-> 114)  0.08(  83->  99)  0.05(  82->  94)
   83    7.775   159.5     0.0137   -41.9560     0.13(  81->  97)  0.04(  81->  99)  0.04(  60->  84)
   84    7.815   158.6     0.0070   -10.7266     0.09(  83-> 113)  0.03(  83->  96)  0.03(  79->  99)
   85    7.821   158.5     0.0154    56.3031     0.07(  83-> 114)  0.05(  83-> 115)  0.05(  81->  97)
   86    7.865   157.6     0.0001   131.5961     0.05(  82->  95)  0.05(  78->  94)  0.05(  82->  91)
   87    7.886   157.2     0.0050    19.8567     0.06(  82->  95)  0.04(  83->  94)  0.04(  80-> 100)
   88    7.900   156.9     0.0049   -30.0325     0.23(  75->  87)  0.09(  80->  88)  0.07(  71->  89)
   89    7.934   156.3     0.0043   -39.6026     0.05(  83-> 119)  0.05(  80->  95)  0.05(  81-> 100)
   90    7.939   156.2     0.0277     2.4801     0.27(  60->  84)  0.10(  75->  85)  0.08(  70->  85)
   91    7.973   155.5     0.0005    25.7868     0.08(  80-> 100)  0.03(  78->  95)  0.03(  83-> 120)
   92    7.992   155.1     0.0014    -8.9471     0.10(  83-> 115)  0.05(  83-> 121)  0.03(  83-> 105)
   93    8.005   154.9     0.0288   -27.4201     0.15(  75->  85)  0.15(  74->  86)  0.07(  60->  84)
   94    8.018   154.6     0.0039    -8.4564     0.27(  74->  86)  0.12(  82->  86)  0.05(  75->  85)
   95    8.030   154.4     0.0011    -2.1024     0.81(  82->  86)  0.04(  74->  86)  0.01(  69->  86)
   96    8.036   154.3     0.0017    31.5579     0.21(  77->  98)  0.09(  77->  89)  0.05(  81->  98)
   97    8.045   154.1     0.0015    -0.6256     0.08(  81->  98)  0.07(  74->  86)  0.05(  77->  98)
   98    8.053   154.0     0.0399     2.5310     0.20(  75->  88)  0.14(  75->  87)  0.08(  70->  87)
   99    8.065   153.7     0.0079    -5.4084     0.36(  77->  90)  0.10(  75->  85)  0.09(  77->  89)
  100    8.088   153.3     0.0085   -16.5039     0.26(  76->  87)  0.17(  76->  88)  0.11(  76->  98)
  101    8.102   153.0     0.0010     9.3548     0.13(  75->  89)  0.11(  72->  89)  0.10(  81->  89)
  102    8.111   152.9     0.0017     1.1966     0.04(  75->  89)  0.04(  83-> 105)  0.04(  83-> 117)
  103    8.135   152.4     0.0050   -11.8001     0.14(  77->  90)  0.04(  82-> 102)  0.03(  82-> 111)
  104    8.165   151.8     0.0022     2.0090     0.43(  77->  89)  0.06(  77->  98)  0.05(  77->  90)
  105    8.189   151.4     0.1025    -7.0012     0.28(  76->  93)  0.15(  76->  97)  0.09(  70->  86)
  106    8.200   151.2     0.0118     0.5872     0.23(  75->  90)  0.20(  77->  89)  0.10(  79->  90)
  107    8.210   151.0     0.0214     3.4262     0.20(  76->  87)  0.16(  76->  98)  0.11(  76->  88)
  108    8.235   150.6     0.0187    -2.3717     0.15(  80->  93)  0.09(  80->  97)  0.07(  77->  90)
  109    8.282   149.7     0.0021    -8.1214     0.08(  83->  96)  0.06(  77->  90)  0.05(  83->  99)
  110    8.287   149.6     0.0180    43.9296     0.09(  78->  93)  0.08(  73->  89)  0.05(  72->  87)
  111    8.290   149.6     0.0045    -2.2334     0.22(  83-> 122)  0.05(  83-> 123)  0.04(  83-> 118)
  112    8.318   149.0     0.0052     3.1779     0.11(  56->  84)  0.04(  54->  84)  0.03(  83->  96)
  113    8.328   148.9     0.0017    -0.3469     0.18(  73->  89)  0.09(  72->  88)  0.09(  72->  87)
  114    8.333   148.8     0.0235    36.9210     0.31(  56->  84)  0.11(  54->  84)  0.03(  69->  85)
  115    8.344   148.6     0.0107     9.5810     0.14(  83-> 123)  0.05(  81->  99)  0.04(  81->  92)
  116    8.359   148.3     0.0257     1.3725     0.21(  83-> 123)  0.08(  83-> 121)  0.03(  82->  93)
  117    8.380   148.0     0.0298    28.6799     0.12(  70->  86)  0.08(  69->  86)  0.06(  74->  86)
  118    8.394   147.7     0.0286     9.5134     0.10(  72->  89)  0.09(  73->  87)  0.07(  73->  88)
  119    8.408   147.5     0.0056   -26.5359     0.05(  83-> 123)  0.04(  83-> 124)  0.03(  74->  85)
  120    8.430   147.1     0.0199     5.8430     0.13(  53->  84)  0.04(  78-> 101)  0.04(  77->  93)
  121    8.437   146.9     0.0096   -35.0999     0.29(  53->  84)  0.04(  83-> 120)  0.03(  83-> 124)
  122    8.441   146.9     0.0129    13.8091     0.30(  53->  84)  0.04(  83-> 124)  0.02(  74->  85)
  123    8.456   146.6     0.0573   -12.9679     0.04(  77->  93)  0.04(  73->  90)  0.04(  53->  84)
  124    8.478   146.2     0.0204     0.3225     0.17(  77->  93)  0.11(  83-> 124)  0.03(  83-> 120)
  125    8.491   146.0     0.0036    18.0992     0.20(  73->  84)  0.16(  57->  84)  0.08(  56->  84)
  126    8.506   145.8     0.0313   -13.3597     0.24(  77->  93)  0.04(  80->  94)  0.03(  79-> 101)
  127    8.518   145.6     0.0025   -12.1759     0.13(  83-> 125)  0.06(  83-> 118)  0.04(  76->  95)
  128    8.534   145.3     0.0104    31.5684     0.08(  73->  90)  0.05(  74->  85)  0.05(  56->  84)
  129    8.545   145.1     0.0034   -25.4091     0.31(  54->  84)  0.20(  56->  84)  0.11(  55->  84)
  130    8.550   145.0     0.0010     2.5211     0.19(  76->  95)  0.14(  76->  98)  0.11(  76->  92)
  131    8.580   144.5     0.0100    -3.1419     0.07(  82-> 103)  0.06(  74->  85)  0.04(  70->  84)
  132    8.588   144.4     0.0152    11.2128     0.09(  83-> 121)  0.07(  83-> 127)  0.05(  83-> 117)
  133    8.614   143.9     0.0184    75.3507     0.09(  57->  84)  0.08(  72->  90)  0.07(  73->  84)
  134    8.632   143.6     0.0085     4.7389     0.06(  75->  87)  0.05(  70->  87)  0.04(  75->  88)
  135    8.646   143.4     0.0353   -58.7838     0.10(  77->  97)  0.04(  82->  97)  0.03(  72->  90)
  136    8.651   143.3     0.0076    -1.9872     0.08(  72->  84)  0.08(  67->  84)  0.04(  81->  97)
  137    8.658   143.2     0.0024    -4.5970     0.12(  77->  97)  0.07(  83-> 104)  0.04(  77->  93)
  138    8.687   142.7     0.0204   -33.4481     0.06(  79->  91)  0.05(  81->  92)  0.04(  80->  91)
  139    8.706   142.4     0.0201   -33.6910     0.14(  82->  97)  0.08(  82->  93)  0.07(  77->  97)
  140    8.722   142.2     0.0007     0.9448     0.54(  80->  86)  0.34(  79->  86)  0.01(  75->  86)
  141    8.724   142.1     0.0032     3.5573     0.07(  77->  92)  0.05(  82->  91)  0.05(  81->  94)
  142    8.750   141.7     0.0119     7.2074     0.19(  77->  92)  0.06(  77->  96)  0.05(  77->  99)
  143    8.761   141.5     0.0691   -37.5899     0.11(  83-> 106)  0.06(  82->  97)  0.06(  81-> 106)
  144    8.780   141.2     0.0255    -6.2521     0.06(  67->  84)  0.04(  82->  97)  0.04(  80->  93)
  145    8.791   141.0     0.0039    13.3461     0.06(  83-> 127)  0.04(  81-> 110)  0.03(  83-> 110)
  146    8.803   140.8     0.0102    -3.8278     0.10(  71->  89)  0.08(  75->  88)  0.04(  79->  88)
  147    8.808   140.8     0.0600    41.1180     0.05(  83-> 106)  0.04(  81-> 106)  0.04(  83-> 105)
  148    8.834   140.3     0.0086    -1.0262     0.04(  83-> 125)  0.03(  83-> 128)  0.03(  83-> 127)
  149    8.839   140.3     0.0102    22.9736     0.06(  79->  93)  0.04(  82-> 108)  0.03(  82->  94)
  150    8.845   140.2     0.0249     9.3335     0.06(  80->  93)  0.04(  83-> 127)  0.04(  80-> 102)
  151    8.868   139.8     0.0047   -15.6016     0.06(  79->  93)  0.04(  72->  84)  0.03(  81-> 109)
  152    8.891   139.5     0.0077     3.8636     0.31(  73->  84)  0.09(  71->  84)  0.09(  72->  90)
  153    8.912   139.1     0.0044    -7.3643     0.12(  72->  84)  0.08(  73->  84)  0.04(  67->  84)
  154    8.928   138.9     0.0215    13.7799     0.15(  72->  84)  0.03(  75->  88)  0.02(  78-> 102)
  155    8.932   138.8     0.0011    -1.5426     0.53(  78->  86)  0.15(  77->  86)  0.13(  79->  86)
  156    8.955   138.5     0.0106    15.1719     0.13(  72->  84)  0.03(  81-> 114)  0.02(  73->  90)
  157    8.968   138.3     0.0021    -1.5303     0.12(  71->  84)  0.07(  73->  84)  0.04(  72->  90)
  158    8.991   137.9     0.0008     0.9532     0.05(  83-> 108)  0.04(  81-> 113)  0.03(  83-> 105)
  159    9.001   137.7     0.0039    12.1882     0.25(  68->  86)  0.07(  66->  86)  0.07(  46->  84)
  160    9.008   137.6     0.0045    -2.4236     0.25(  71->  84)  0.07(  68->  86)  0.03(  72->  90)
  161    9.022   137.4     0.0089     4.4297     0.09(  71->  84)  0.04(  81->  94)  0.04(  83-> 108)
  162    9.023   137.4     0.0049     3.4437     0.06(  82->  92)  0.05(  83-> 128)  0.04(  71->  84)
  163    9.050   137.0     0.0017     1.0074     0.15(  68->  86)  0.11(  69->  85)  0.06(  46->  84)
  164    9.060   136.8     0.0077   -50.2436     0.10(  75->  91)  0.07(  81->  95)  0.06(  74->  92)
  165    9.071   136.7     0.0127   -23.6430     0.04(  70->  85)  0.03(  75->  89)  0.03(  69->  85)
  166    9.086   136.5     0.0194   -34.8106     0.09(  75->  89)  0.04(  79->  89)  0.03(  80->  89)
  167    9.114   136.0     0.0070     7.8780     0.05(  83-> 129)  0.03(  73->  90)  0.03(  71->  84)
  168    9.146   135.6     0.0120   -26.7411     0.04(  83-> 110)  0.04(  82->  91)  0.03(  82->  98)
  169    9.154   135.4     0.0154    -6.3177     0.08(  77->  97)  0.07(  76-> 104)  0.06(  77-> 109)
  170    9.165   135.3     0.0038     3.9416     0.05(  70->  85)  0.03(  67->  85)  0.03(  83-> 125)
  171    9.173   135.2     0.0273    27.5359     0.15(  75->  90)  0.13(  76-> 104)  0.06(  79->  90)
  172    9.187   135.0     0.0361    43.1261     0.10(  76-> 104)  0.06(  75->  90)  0.04(  76-> 102)
  173    9.200   134.8     0.0061    -5.9632     0.06(  78->  91)  0.06(  80-> 104)  0.06(  80->  91)
  174    9.208   134.6     0.0132   -15.3819     0.04(  83-> 119)  0.03(  78->  91)  0.03(  82->  92)
  175    9.223   134.4     0.0033    -0.6422     0.06(  82->  92)  0.03(  82->  91)  0.03(  81-> 109)
  176    9.230   134.3     0.0126     1.2713     0.04(  81->  96)  0.02(  81->  92)  0.02(  75->  92)
  177    9.248   134.1     0.0069   -75.4358     0.08(  82->  91)  0.05(  75->  92)  0.03(  74->  91)
  178    9.263   133.9     0.0007     2.7621     0.12(  46->  84)  0.11(  66->  85)  0.10(  68->  85)
  179    9.288   133.5     0.0168   -44.2684     0.12(  83-> 106)  0.05(  82->  91)  0.03(  81-> 106)
  180    9.295   133.4     0.0095     1.9967     0.11(  83-> 106)  0.11(  75->  86)  0.03(  81-> 106)
  181    9.299   133.3     0.0410    53.9648     0.14(  83-> 106)  0.10(  75->  86)  0.08(  41->  84)
  182    9.304   133.3     0.0080    -4.4086     0.13(  75->  86)  0.03(  82-> 109)  0.03(  41->  84)
  183    9.318   133.1     0.0089    36.1523     0.14(  41->  84)  0.03(  81-> 101)  0.02(  81-> 103)
  184    9.331   132.9     0.0258   -13.6344     0.61(  41->  84)  0.04(  75->  86)  0.02(  41->  85)
  185    9.372   132.3     0.0087    37.5445     0.04(  83-> 131)  0.03(  83-> 132)  0.02(  71->  89)
  186    9.385   132.1     0.0050     2.3016     0.17(  77->  91)  0.11(  77-> 103)  0.05(  77->  99)
  187    9.395   132.0     0.0239   -16.1338     0.08(  76->  96)  0.05(  71->  89)  0.05(  82->  98)
  188    9.396   132.0     0.0133   -10.4852     0.31(  76->  96)  0.09(  76->  91)  0.05(  76->  99)
  189    9.401   131.9     0.0050    16.5460     0.06(  76->  96)  0.04(  81->  94)  0.03(  75->  94)
  190    9.421   131.6     0.0305     5.7197     0.10(  71->  89)  0.04(  75->  88)  0.04(  79-> 107)
  191    9.428   131.5     0.0013    -7.4600     0.31(  43->  84)  0.18(  44->  84)  0.10(  68->  85)
  192    9.442   131.3     0.0178    11.0950     0.08(  80-> 108)  0.04(  46->  84)  0.03(  78-> 108)
  193    9.462   131.0     0.0023    13.0268     0.10(  80-> 108)  0.06(  46->  84)  0.05(  45->  84)
  194    9.467   131.0     0.0020    -3.0819     0.11(  66->  87)  0.11(  68->  87)  0.07(  66->  88)
  195    9.473   130.9     0.0143     7.4948     0.07(  79-> 107)  0.06(  78-> 107)  0.04(  66->  87)
  196    9.483   130.7     0.0031     8.0682     0.09(  77->  94)  0.09(  77-> 100)  0.05(  46->  84)
  197    9.492   130.6     0.0088     3.7361     0.05(  77-> 100)  0.04(  77->  94)  0.04(  79-> 111)
  198    9.500   130.5     0.0089   -20.6186     0.04(  72->  92)  0.03(  79-> 111)  0.03(  81->  99)
  199    9.502   130.5     0.0084    30.5334     0.05(  79-> 107)  0.04(  73->  92)  0.04(  73->  94)
  200    9.514   130.3     0.0023   -36.6200     0.03(  80-> 111)  0.03(  79->  97)  0.03(  81->  99)
  201    9.540   130.0     0.0002    -5.9764     0.14(  73->  92)  0.14(  72->  94)  0.08(  73->  91)
  202    9.550   129.8     0.0046     3.4165     0.04(  78-> 111)  0.03(  73->  94)  0.03(  78->  97)
  203    9.561   129.7     0.0026    -1.1134     0.14(  60->  86)  0.07(  83-> 110)  0.04(  59->  86)
  204    9.573   129.5     0.0076    -5.5176     0.14(  60->  86)  0.06(  76-> 105)  0.04(  59->  86)
  205    9.583   129.4     0.0134    29.0110     0.05(  75->  89)  0.03(  71->  87)  0.03(  71->  88)
  206    9.596   129.2     0.0096   -16.6970     0.04(  72->  92)  0.03(  73->  94)  0.03(  75->  89)
  207    9.599   129.2     0.0016    -2.0824     0.03(  82-> 115)  0.03(  75->  95)  0.02(  81-> 100)
  208    9.603   129.1     0.0289   -12.5316     0.08(  75->  89)  0.07(  71->  87)  0.04(  71->  88)
  209    9.617   128.9     0.0059    -2.1668     0.09(  76-> 100)  0.08(  76->  99)  0.05(  76->  95)
  210    9.631   128.7     0.0057   -12.9026     0.11(  59->  84)  0.10(  67->  84)  0.06(  59->  85)
  211    9.654   128.4     0.0048    -1.3009     0.09(  82->  95)  0.04(  82->  92)  0.04(  83-> 127)
  212    9.661   128.3     0.0036     7.1319     0.05(  71->  90)  0.04(  74->  91)  0.03(  74->  92)
  213    9.680   128.1     0.0002     0.1498     0.51(  76->  88)  0.36(  76->  87)  0.04(  76->  90)
  214    9.699   127.8     0.0011     0.7359     0.04(  80->  97)  0.03(  75->  91)  0.03(  82-> 113)
  215    9.705   127.8     0.0021   -12.8737     0.04(  71->  90)  0.03(  81-> 100)  0.03(  79->  98)
  216    9.713   127.6     0.0208    -6.9965     0.09(  70->  87)  0.07(  74->  87)  0.05(  64->  87)
  217    9.722   127.5     0.0128    -0.2153     0.18(  80->  97)  0.04(  79->  93)  0.03(  80->  93)
  218    9.742   127.3     0.0156   -13.4893     0.12(  70->  91)  0.03(  83-> 134)  0.03(  69->  91)
  219    9.751   127.2     0.0011    -1.4538     0.03(  81->  99)  0.03(  82-> 112)  0.03(  82-> 116)
  220    9.772   126.9     0.0055    -0.3184     0.06(  83-> 110)  0.03(  79-> 110)  0.02(  80-> 114)
  221    9.782   126.7     0.0006    -0.5909     0.05(  79->  97)  0.05(  77->  95)  0.04(  77->  91)
  222    9.786   126.7     0.0047     2.7907     0.05(  78->  97)  0.03(  83-> 122)  0.03(  76->  89)
  223    9.803   126.5     0.0015    -3.3447     0.40(  76->  89)  0.04(  76-> 105)  0.02(  60->  86)
  224    9.806   126.4     0.0043     4.4461     0.11(  76->  89)  0.03(  81->  99)  0.02(  83-> 122)
  225    9.813   126.3     0.0020     1.0641     0.28(  76->  89)  0.03(  78->  97)  0.03(  79->  97)
  226    9.824   126.2     0.0016    -3.6521     0.06(  78->  97)  0.05(  80->  94)  0.04(  78->  93)
  227    9.826   126.2     0.0058    -4.5037     0.08(  76-> 105)  0.04(  76-> 109)  0.03(  76->  89)
  228    9.830   126.1     0.0011    -0.2211     0.05(  83-> 125)  0.03(  82-> 113)  0.03(  82->  96)
  229    9.833   126.1     0.0025     7.5888     0.08(  76->  89)  0.06(  73->  89)  0.05(  64->  89)
  230    9.851   125.9     0.0026    -2.1744     0.07(  83-> 118)  0.05(  83-> 126)  0.04(  83-> 125)
  231    9.862   125.7     0.0033     0.5168     0.21(  43->  84)  0.13(  68->  85)  0.10(  57->  84)
  232    9.866   125.7     0.0037    -0.1194     0.06(  69->  91)  0.06(  70->  91)  0.05(  76-> 105)
  233    9.871   125.6     0.0024    28.8398     0.04(  73->  85)  0.02(  76-> 105)  0.02(  80-> 113)
  234    9.881   125.5     0.0018     3.1876     0.07(  73->  85)  0.04(  75->  93)  0.03(  71->  85)
  235    9.889   125.4     0.0065    11.1212     0.05(  72->  89)  0.04(  75->  93)  0.04(  65->  89)
  236    9.891   125.3     0.0022     5.7566     0.07(  65->  89)  0.05(  72->  89)  0.05(  76->  90)
  237    9.895   125.3     0.0079     2.9259     0.19(  76->  90)  0.04(  65->  89)  0.03(  72->  89)
  238    9.903   125.2     0.0008    -0.9340     0.54(  76->  90)  0.04(  76->  88)  0.01(  78->  98)
  239    9.921   125.0     0.0027    -2.8421     0.07(  76-> 117)  0.07(  76->  90)  0.05(  76-> 112)
  240    9.929   124.9     0.0058     8.0846     0.04(  79->  91)  0.03(  78->  91)  0.03(  79->  98)
  241    9.935   124.8     0.0012     0.1658     0.06(  73->  85)  0.04(  71->  85)  0.03(  72->  90)
  242    9.940   124.7     0.0012    17.9076     0.04(  71->  85)  0.03(  80->  91)  0.02(  83-> 137)
  243    9.945   124.7     0.0008     1.1099     0.03(  71->  85)  0.02(  82->  98)  0.02(  83-> 120)
  244    9.957   124.5     0.0018     2.6601     0.12(  77-> 111)  0.04(  77-> 104)  0.03(  74->  87)
  245    9.964   124.4     0.0028     7.0120     0.04(  81-> 113)  0.03(  71->  85)  0.03(  79->  91)
  246    9.970   124.4     0.0023    -3.6847     0.08(  77->  94)  0.06(  77-> 100)  0.05(  75->  93)
  247    9.981   124.2     0.0016     3.1023     0.14(  77->  94)  0.08(  77-> 100)  0.04(  77->  92)
  248    9.985   124.2     0.0010     9.4309     0.06(  65->  84)  0.03(  75->  93)  0.03(  69->  86)
  249    9.993   124.1     0.0134    -7.2401     0.10(  69->  86)  0.08(  70->  86)  0.04(  60->  86)

  alpha tensor

           1         2         3
 
    1 462.88573
    2  97.00053 185.36196
    3 180.90718 -18.30074 149.45267
 trace alpha_L[0] / au:   265.900120828196     
 sum rule f_L           9.02814284878351     
 
 SOS specific optical rotation 
 including Lorentz factor for common solvent (n=1.4)
 lambda [eV] alpha[grad*cm^3*g^-1*dm^-1]
 632.8  1.96      552.20
 589.3  2.10      677.13        0.00 ##
 579.0  2.14      713.33
 546.0  2.27      852.19
 436.0  2.84     1170.04
 365.0  3.40    12485.16
 
 sTD-DFT done.
Mon 21 Mar 14:12:45 GMT 2022
