Mon 21 Mar 13:55:08 GMT 2022


                 *********************************************
                 *                                           *
                 *               s  T  D  A                  *
                 *                                           *
                 *                S. Grimme                  *
                 * Mulliken Center for Theoretical Chemistry *
                 *             Universitaet Bonn             *
                 *              Version 1.6.2                *
                 *       Tue Sep 10 14:44:30 CET 2020        *
                 *********************************************
 
 Please cite as:
 S. Grimme, J. Chem. Phys. 138 (2013) 244104
 
 With contributions from:
 C. Bannwarth, P. Shushkov, M. de Wergifosse
 
======================================================================
 
 reading an xTB output...
 
 reading: wfn.xtb
======================================================================
                    M O / A O    I N P U T 
======================================================================
atom  #          x             y             z            charge
  N   1     10.19733917    5.88706325   -1.53237877         7.00
  C   2      9.93920260    4.01717942   -0.46978587         6.00
  S   3      9.54065940    1.27688782    1.08356886        16.00
  C   4      6.19962392    1.18107872    0.80615709         6.00
  C   5      4.67045768    3.26393466    1.13534735         6.00
  C   6      2.17431868    2.42243969    0.87399825         6.00
  C   7     -0.05593589    3.82253765    0.84262880         6.00
  C   8      0.01417294    6.57360069    1.21944016         6.00
  C   9      1.57470863    8.09974336   -0.25208944         6.00
  C  10      1.62421945   10.68545538    0.12245424         6.00
  C  11      0.12604472   11.77866184    1.96909444         6.00
  C  12     -1.43392405   10.27443999    3.43778945         6.00
  C  13     -1.49741884    7.68986181    3.06437960         6.00
  C  14     -2.35176394    2.64108099    0.33977273         6.00
  C  15     -4.70844118    3.78417621   -0.04875493         6.00
  C  16     -6.38254939    1.87857657   -0.61831833         6.00
  S  17     -9.66254672    2.41355798   -1.09793078        16.00
  C  18     -9.96433596    4.84185583    0.92445393         6.00
  N  19    -10.19960684    6.49820062    2.30074134         7.00
  C  20     -5.03876527   -0.46279388   -0.60886970         6.00
  N  21     -6.07244537   -2.73518934   -1.11172578         7.00
  C  22     -5.07882746   -5.18899848   -0.45410115         6.00
  C  23     -4.57710522   -6.73063691   -2.86047817         6.00
  O  24     -6.38462809   -6.22003296   -4.76929035         8.00
  C  25     -8.71220354   -5.47283532   -3.75998772         6.00
  C  26     -8.48297979   -2.89883961   -2.41790435         6.00
  N  27     -2.59194811    0.05291233   -0.04100705         7.00
  B  28     -0.27778971   -1.71114685    0.29763184         5.00
  F  29     -0.61775141   -3.07911946    2.53128791         9.00
  F  30     -0.08976198   -3.35350767   -1.72720952         9.00
  N  31      2.19283799   -0.16913047    0.49718690         7.00
  C  32      4.62793885   -0.96924044    0.43047957         6.00
  N  33      5.38628587   -3.37032623    0.03136945         7.00
  C  34      4.06498949   -5.59358881    0.93673715         6.00
  C  35      6.02784783   -7.57987976    1.77199602         6.00
  O  36      8.23693747   -6.41127323    2.67585194         8.00
  C  37      9.57732008   -5.19277794    0.72168634         6.00
  C  38      7.75014406   -3.97371573   -1.19109427         6.00
  H  39      5.27006773    5.16065259    1.51310357         1.00
  H  40      2.71100085    7.25673662   -1.72248520         1.00
  H  41      2.83628968   11.84877067   -1.03538085         1.00
  H  42      0.17026431   13.79745607    2.26011224         1.00
  H  43     -2.60801078   11.11517906    4.87870548         1.00
  H  44     -2.69229256    6.51369637    4.22769489         1.00
  H  45     -5.11359842    5.76347517    0.08220308         1.00
  H  46     -6.50292494   -6.14009755    0.71639511         1.00
  H  47     -3.36862548   -5.03706452    0.65025470         1.00
  H  48     -2.74766153   -6.23911919   -3.67060368         1.00
  H  49     -4.59770323   -8.75510032   -2.38880257         1.00
  H  50     -9.45014153   -6.91620800   -2.45910038         1.00
  H  51    -10.01327986   -5.30691738   -5.35151492         1.00
  H  52    -10.06940472   -2.68189907   -1.09906461         1.00
  H  53     -8.57236382   -1.40520022   -3.84124594         1.00
  H  54      2.90734337   -5.05274924    2.54508291         1.00
  H  55      2.84649420   -6.38613987   -0.53668217         1.00
  H  56      6.49083069   -8.86791696    0.20786985         1.00
  H  57      5.28140608   -8.69179450    3.33838986         1.00
  H  58     10.81263394   -6.54827836   -0.26078218         1.00
  H  59     10.75461935   -3.77699525    1.65388815         1.00
  H  60      7.32476675   -5.31787779   -2.71081187         1.00
  H  61      8.58596985   -2.30225312   -2.04827396         1.00

 # atoms          =   61
 # mos            =  279
 # primitive  aos = 2201
 # contracted aos =  419

 spherical AO basis
======================================================================
                    A O   I N T E G R A L S
======================================================================
 memory needed for AO int data:   6 Mb
 done.
  
Restricted MOs found... RKS-sTD-DFT will be performed
  
======================================================================
                    s T D A
======================================================================
 spectral range up to (eV)     :    10.0000000000000     
 occ MO cut-off (eV)           :   -36.0711472288193     
 virtMO cut-off (eV)           :    15.3693189845524     
 perturbation thr              :   1.000000000000000E-004
 triplet                       :  F
 MOs in TDA :          227
 oMOs in TDA:           95
 vMOs in TDA:          132
 sorting MOs ...
 reading and transforming R..V..L AO ints ...
 ints done.
 S^1/2 ...
 S^1/2 orthogonalized MO coefficients done.

 SCF atom population (using active MOs):
  5.289  3.974  5.473  4.082  4.041  3.885  4.213  4.046  3.975  3.987
  3.995  3.988  3.982  3.850  4.052  3.996  5.479  3.975  5.292  3.687
  4.786  3.836  3.554  5.402  3.538  3.867  5.532  2.805  6.950  6.919
  5.533  3.720  4.936  3.855  3.538  5.389  3.560  3.837  1.012  1.003
  0.988  0.993  0.989  0.998  1.015  0.988  1.137  1.024  0.975  0.971
  0.954  1.030  1.036  1.068  1.062  0.965  0.957  0.970  1.008  0.998
  1.043
 
 # electrons in TDA: 190.000
 
 
 ax(DF)   :   0.500000000000000     
 s^K      :    2.00000000000000     
 beta  (J):    4.00000000000000     
 alpha (K):    2.00000000000000     
 
 hardness table read.
 setting up gammas ...
 memory needed for q data (Mb)                      8
 computing q(ij,n) ...
 
         229 CSF included by energy.
 
       12311 considered in PT2.
 ordered frontier orbitals
         eV     # centers
  85   -17.142     5.9
  86   -17.093     9.3
  87   -16.925    12.6
  88   -16.822     8.8
  89   -16.335     5.4
  90   -16.287    11.7
  91   -16.233    15.2
  92   -15.557     7.3
  93   -15.324     5.3
  94   -14.531    12.9
  95   -12.631    10.7
 
  96    -8.071    12.2
  97    -5.958     5.2
  98    -5.917     4.6
  99    -5.773    36.4
 100    -5.695    27.1
 101    -5.376    39.0
 102    -4.933    28.7
 103    -4.768    34.6
 104    -4.736    16.6
 105    -4.433    32.6
 106    -4.273    37.6
 
             lowest CSF states
       eV     nm      excitation i->a               eV
    1  3.26   380.7       95 ->  96     gap,J,K:   4.559   3.694   1.196   Kshft:   0.000  locality: 0.981
    2  4.19   296.0       94 ->  96     gap,J,K:   6.460   3.542   0.635   Kshft:   0.000  locality: 0.990
    3  4.29   288.8       95 ->  99     gap,J,K:   6.857   3.084   0.010   Kshft:   0.500  locality: 0.918
    4  4.40   281.7       95 -> 100     gap,J,K:   6.936   3.042   0.004   Kshft:   0.500  locality: 0.916
    5  4.41   281.0       92 ->  96     gap,J,K:   7.485   3.511   0.206   Kshft:   0.026  locality: 0.930
    6  4.44   279.0       93 ->  96     gap,J,K:   7.253   3.202   0.127   Kshft:   0.138  locality: 0.822
    7  4.45   278.4       95 ->  97     gap,J,K:   6.672   2.781   0.036   Kshft:   0.492  locality: 0.656
    8  4.64   267.5       95 ->  98     gap,J,K:   6.713   2.581   0.002   Kshft:   0.500  locality: 0.590
    9  4.74   261.5       95 -> 101     gap,J,K:   7.254   3.026   0.007   Kshft:   0.500  locality: 0.929
   10  4.99   248.6       95 -> 104     gap,J,K:   7.894   3.675   0.383   Kshft:   0.002  locality: 0.992
   11  5.14   241.1       95 -> 103     gap,J,K:   7.862   3.125   0.119   Kshft:   0.165  locality: 0.946
   12  5.33   232.4       91 ->  96     gap,J,K:   8.162   3.289   0.220   Kshft:   0.020  locality: 0.914
   13  5.36   231.3       90 ->  96     gap,J,K:   8.216   3.347   0.239   Kshft:   0.015  locality: 0.908
   14  5.49   225.7       95 -> 102     gap,J,K:   7.697   2.711   0.003   Kshft:   0.500  locality: 0.816
   15  5.70   217.5       95 -> 105     gap,J,K:   8.198   3.055   0.031   Kshft:   0.495  locality: 0.903
   16  5.71   217.0       89 ->  96     gap,J,K:   8.264   3.082   0.075   Kshft:   0.381  locality: 0.737
   17  5.85   211.8       95 -> 108     gap,J,K:   8.614   3.243   0.090   Kshft:   0.303  locality: 0.967
   18  5.88   210.9       94 ->  97     gap,J,K:   8.572   3.110   0.113   Kshft:   0.189  locality: 0.772
   19  5.91   209.9       95 -> 106     gap,J,K:   8.358   2.982   0.015   Kshft:   0.500  locality: 0.906
   20  6.03   205.6       85 ->  96     gap,J,K:   9.070   3.469   0.108   Kshft:   0.214  locality: 0.848
   21  6.11   203.0       95 -> 107     gap,J,K:   8.427   2.874   0.029   Kshft:   0.496  locality: 0.898
   22  6.19   200.4       95 -> 112     gap,J,K:   8.926   3.166   0.108   Kshft:   0.213  locality: 0.955
   23  6.20   200.0       94 ->  98     gap,J,K:   8.614   2.980   0.059   Kshft:   0.447  locality: 0.717
   24  6.37   194.5       95 -> 109     gap,J,K:   8.653   2.837   0.032   Kshft:   0.495  locality: 0.895
   25  6.38   194.4       95 -> 111     gap,J,K:   8.843   3.008   0.022   Kshft:   0.499  locality: 0.900
 
 selecting CSF ...
 average/max PT2 energy lowering (eV):     0.030     0.536
        1349 CSF included by PT.
        1578 CSF in total.
 sTD-DFT procedure...
 setting up A+B and A-B matrices
  calculating (A-B)^0.5 ...
 estimated time (min)     0.16
  calculating (A+B)*(A-B)^0.5 ...
 calculate eigenvalues of (A-B)^0.5*(A+B)*(A-B)^0.5 ...
  rpa vectors ok
  264 roots found, lowest/highest eigenvalue :    1.795   9.996   0
 writing spectral data to tda.dat ...
 
 excitation energies, transition moments and TDA amplitudes
 state    eV      nm       fL         Rv
    1    1.795   690.5     0.6258    35.9808     0.98(  95->  96)  0.01(  94-> 104)  0.00(  94-> 103)
    2    3.410   363.6     0.3327   -64.2321     0.93(  94->  96)  0.02(  92->  96)  0.02(  95-> 104)
    3    3.917   316.6     0.0326    -3.7793     0.67(  95->  99)  0.19(  95-> 100)  0.06(  94-> 100)
    4    4.059   305.4     0.0538     9.2062     0.70(  92->  96)  0.18(  93->  96)  0.03(  95-> 104)
    5    4.089   303.2     0.0206    -9.7433     0.65(  95-> 100)  0.19(  95->  99)  0.06(  94->  99)
    6    4.225   293.5     0.0138    10.2170     0.51(  93->  96)  0.24(  95->  97)  0.11(  95-> 104)
    7    4.270   290.4     0.0738     3.0251     0.67(  95->  97)  0.21(  93->  96)  0.06(  92->  96)
    8    4.439   279.3     0.2321   -74.2223     0.51(  95-> 101)  0.27(  95-> 104)  0.03(  95->  98)
    9    4.459   278.1     0.1363    40.2571     0.44(  95-> 104)  0.27(  95-> 101)  0.05(  95->  98)
   10    4.554   272.3     0.0007    -1.1866     0.87(  95->  98)  0.07(  95-> 101)  0.01(  90->  98)
   11    4.705   263.5     0.0790    48.7585     0.77(  95-> 103)  0.04(  90->  96)  0.04(  94-> 101)
   12    4.915   252.2     0.0114    -8.7947     0.24(  89->  97)  0.20(  90->  96)  0.12(  91->  98)
   13    5.023   246.8     0.0053     0.0466     0.36(  95-> 102)  0.19(  95-> 105)  0.09(  90->  96)
   14    5.041   246.0     0.0111    11.0177     0.74(  91->  96)  0.03(  95-> 102)  0.03(  95-> 105)
   15    5.104   242.9     0.0665    -1.4939     0.52(  90->  96)  0.11(  95-> 102)  0.05(  89->  96)
   16    5.245   236.4     0.0108     0.8092     0.35(  95-> 105)  0.13(  95-> 106)  0.12(  95-> 108)
   17    5.481   226.2     0.0045   -10.0275     0.41(  95-> 106)  0.21(  95-> 108)  0.04(  95-> 107)
   18    5.556   223.2     0.0314    -8.3545     0.84(  94->  97)  0.02(  91->  97)  0.02(  89->  98)
   19    5.589   221.8     0.0109     6.2725     0.34(  95-> 108)  0.10(  95-> 106)  0.10(  95-> 102)
   20    5.681   218.3     0.0233   -44.3955     0.26(  95-> 107)  0.23(  95-> 112)  0.07(  89->  96)
   21    5.716   216.9     0.0073     9.6342     0.69(  89->  96)  0.05(  89->  97)  0.04(  95-> 107)
   22    5.747   215.7     0.0669    42.3445     0.61(  85->  96)  0.07(  95-> 107)  0.06(  88->  96)
   23    5.797   213.9     0.0354    -8.2537     0.20(  95-> 111)  0.20(  95-> 112)  0.08(  95-> 107)
   24    5.881   210.8     0.0243     2.0321     0.34(  95-> 109)  0.18(  95-> 113)  0.06(  95-> 114)
   25    5.930   209.1     0.0104    20.2044     0.22(  93-> 100)  0.10(  94->  99)  0.08(  94-> 101)
   26    5.982   207.2     0.0101     4.2797     0.36(  87->  96)  0.35(  86->  96)  0.08(  84->  96)
   27    6.021   205.9     0.0677     2.4437     0.31(  95-> 118)  0.18(  95-> 110)  0.07(  95-> 111)
   28    6.059   204.6     0.0111     4.7233     0.23(  95-> 113)  0.15(  95-> 111)  0.08(  94-> 100)
   29    6.073   204.1     0.0093    11.8190     0.18(  94->  99)  0.08(  93->  99)  0.07(  95-> 113)
   30    6.135   202.1     0.0099    16.8135     0.15(  94-> 100)  0.11(  95-> 116)  0.07(  92->  99)
   31    6.165   201.1     0.0169    41.1415     0.59(  94->  98)  0.05(  89->  97)  0.05(  94-> 104)
   32    6.189   200.3     0.0182    16.4718     0.26(  95-> 110)  0.08(  95-> 111)  0.07(  95-> 119)
   33    6.209   199.7     0.0115    -5.1694     0.28(  95-> 118)  0.15(  95-> 110)  0.10(  95-> 111)
   34    6.250   198.4     0.0225   -24.6817     0.48(  88->  96)  0.06(  95-> 109)  0.04(  85->  96)
   35    6.259   198.1     0.0311    26.0652     0.33(  95-> 114)  0.08(  95-> 109)  0.05(  94-> 110)
   36    6.294   197.0     0.0417   -34.7152     0.31(  89->  98)  0.10(  91->  97)  0.09(  84->  96)
   37    6.340   195.6     0.0561    16.8254     0.13(  94-> 104)  0.09(  94-> 100)  0.08(  92-> 100)
   38    6.345   195.4     0.0514   -16.3475     0.21(  95-> 115)  0.16(  95-> 116)  0.05(  88->  96)
   39    6.379   194.4     0.0882    -4.1453     0.22(  94-> 104)  0.13(  88->  96)  0.09(  89->  98)
   40    6.411   193.4     0.0092    -4.4891     0.29(  84->  96)  0.13(  87->  96)  0.06(  95-> 116)
   41    6.432   192.8     0.0094     3.6190     0.21(  95-> 115)  0.11(  95-> 114)  0.10(  95-> 116)
   42    6.460   191.9     0.0281   -10.5979     0.22(  94-> 101)  0.13(  95-> 116)  0.08(  95-> 117)
   43    6.599   187.9     0.0036     7.0331     0.32(  86->  96)  0.17(  87->  96)  0.11(  84->  96)
   44    6.673   185.8     0.0129   -21.3722     0.20(  95-> 119)  0.07(  88->  99)  0.05(  95-> 117)
   45    6.745   183.8     0.0071    -4.6141     0.11(  88-> 100)  0.09(  88->  99)  0.06(  95-> 117)
   46    6.779   182.9     0.0194   -10.3131     0.31(  95-> 120)  0.07(  95-> 123)  0.04(  95-> 124)
   47    6.792   182.6     0.0124    65.4921     0.09(  88->  99)  0.09(  95-> 117)  0.09(  87-> 100)
   48    6.865   180.6     0.0099    -4.2072     0.10(  95-> 119)  0.08(  94-> 102)  0.06(  94-> 101)
   49    6.884   180.1     0.0203   -39.1767     0.43(  83->  96)  0.07(  95-> 117)  0.06(  95-> 120)
   50    6.889   180.0     0.0158   -24.2721     0.38(  83->  96)  0.10(  95-> 117)  0.05(  93->  97)
   51    6.916   179.3     0.0126   -30.9211     0.37(  89-> 102)  0.20(  89-> 101)  0.05(  83->  96)
   52    6.948   178.5     0.0079     1.9872     0.36(  93->  97)  0.10(  92->  97)  0.10(  95-> 120)
   53    7.035   176.2     0.0578    38.1328     0.09(  95-> 123)  0.07(  93-> 104)  0.07(  95-> 121)
   54    7.058   175.7     0.0167    -3.3683     0.09(  93-> 101)  0.09(  93-> 104)  0.08(  95-> 121)
   55    7.094   174.8     0.2994   -13.5897     0.14(  89->  98)  0.09(  91->  97)  0.09(  90->  97)
   56    7.128   173.9     0.0211   -14.4707     0.28(  95-> 124)  0.07(  94-> 105)  0.05(  95-> 127)
   57    7.151   173.4     0.0126    14.7018     0.12(  95-> 122)  0.12(  93->  98)  0.06(  93-> 104)
   58    7.154   173.3     0.0910     5.6507     0.41(  93->  98)  0.14(  91->  98)  0.06(  89->  97)
   59    7.178   172.7     0.3190    94.0149     0.16(  89->  97)  0.13(  90->  98)  0.09(  92->  98)
   60    7.186   172.5     0.1150   -79.7249     0.07(  95-> 126)  0.05(  94-> 102)  0.05(  95-> 119)
   61    7.226   171.6     0.1574   -67.3966     0.09(  94-> 102)  0.08(  89->  97)  0.06(  94-> 108)
   62    7.253   170.9     0.0177    12.7555     0.13(  95-> 122)  0.12(  95-> 121)  0.04(  94-> 103)
   63    7.267   170.6     0.1836    45.9724     0.07(  92-> 104)  0.05(  94-> 103)  0.04(  82->  96)
   64    7.276   170.4     0.0139    28.8741     0.54(  82->  96)  0.05(  95-> 122)  0.03(  95-> 121)
   65    7.298   169.9     0.0119    17.3944     0.17(  95-> 121)  0.13(  82->  96)  0.07(  95-> 125)
   66    7.334   169.1     0.0348    15.3764     0.13(  82->  96)  0.08(  95-> 125)  0.06(  95-> 123)
   67    7.356   168.6     0.0270   -16.1798     0.13(  92-> 104)  0.08(  95-> 122)  0.06(  95-> 125)
   68    7.378   168.0     0.0184    -6.1228     0.09(  95-> 123)  0.09(  92-> 101)  0.05(  92->  97)
   69    7.417   167.2     0.0455    21.1878     0.10(  92-> 110)  0.06(  94-> 107)  0.06(  94-> 110)
   70    7.447   166.5     0.0873   -48.6058     0.09(  93-> 102)  0.06(  93->  99)  0.05(  93-> 108)
   71    7.457   166.3     0.0664    24.5971     0.13(  92->  97)  0.11(  90->  97)  0.06(  95-> 124)
   72    7.485   165.7     0.0482    34.5892     0.08(  92->  97)  0.07(  95-> 124)  0.07(  92-> 104)
   73    7.505   165.2     0.0784   -50.5159     0.05(  95-> 127)  0.05(  88-> 101)  0.04(  95-> 130)
   74    7.545   164.3     0.0053    19.3542     0.09(  88-> 101)  0.08(  88-> 102)  0.05(  87-> 100)
   75    7.578   163.6     0.0322   -21.3158     0.05(  94-> 108)  0.05(  94-> 106)  0.04(  95-> 129)
   76    7.592   163.3     0.0133   -20.2581     0.08(  95-> 126)  0.05(  95-> 125)  0.04(  93-> 101)
   77    7.619   162.7     0.0546     2.0128     0.53(  92->  98)  0.11(  93->  98)  0.07(  84->  98)
   78    7.651   162.0     0.0172    12.3904     0.19(  95-> 126)  0.11(  95-> 127)  0.05(  95-> 128)
   79    7.684   161.3     0.0073    -8.9265     0.07(  95-> 126)  0.07(  93-> 101)  0.06(  93-> 105)
   80    7.690   161.2     0.0077    38.0095     0.10(  85-> 100)  0.08(  95-> 127)  0.08(  85->  99)
   81    7.732   160.4     0.0050    11.5395     0.14(  95-> 128)  0.05(  95-> 129)  0.04(  94-> 112)
   82    7.741   160.2     0.0049    22.6383     0.08(  95-> 128)  0.05(  92->  99)  0.04(  94-> 108)
   83    7.768   159.6     0.0083    24.6162     0.18(  91->  97)  0.11(  90->  97)  0.09(  95-> 129)
   84    7.806   158.8     0.0106    35.1918     0.06(  86-> 100)  0.05(  91->  97)  0.04(  86->  99)
   85    7.814   158.7     0.0176   -40.8662     0.06(  95-> 128)  0.06(  95-> 129)  0.04(  93->  99)
   86    7.833   158.3     0.0107   -36.0839     0.05(  95-> 129)  0.04(  90-> 106)  0.04(  92-> 106)
   87    7.870   157.5     0.0198    37.1090     0.08(  93-> 104)  0.06(  94-> 108)  0.05(  91->  97)
   88    7.879   157.4     0.0098   -29.8091     0.08(  94-> 109)  0.05(  85-> 100)  0.04(  95-> 128)
   89    7.936   156.2     0.0029    10.6977     0.05(  88-> 106)  0.04(  93-> 108)  0.04(  95-> 125)
   90    7.951   155.9     0.0023    32.1259     0.05(  93-> 108)  0.04(  92-> 104)  0.03(  95-> 129)
   91    7.980   155.4     0.0083    38.6502     0.07(  94-> 111)  0.06(  94-> 105)  0.06(  94-> 107)
   92    7.996   155.1     0.0228    -3.3812     0.16(  81->  96)  0.08(  91->  98)  0.07(  81->  97)
   93    7.999   155.0     0.0178    10.0973     0.42(  81->  96)  0.14(  81->  97)  0.05(  91->  98)
   94    8.010   154.8     0.0201     5.8952     0.07(  87-> 105)  0.05(  86-> 105)  0.04(  93-> 105)
   95    8.021   154.6     0.0018     8.8870     0.16(  91->  98)  0.10(  90->  98)  0.06(  93->  98)
   96    8.038   154.2     0.0006    -0.1869     0.08(  89-> 113)  0.08(  89-> 109)  0.08(  91->  98)
   97    8.081   153.4     0.0159     0.4051     0.08(  88-> 106)  0.05(  92-> 102)  0.04(  90->  99)
   98    8.087   153.3     0.0056   -16.5546     0.09(  95-> 132)  0.08(  95-> 130)  0.05(  94-> 114)
   99    8.114   152.8     0.0049   -21.0571     0.06(  94-> 109)  0.05(  92-> 101)  0.03(  93-> 101)
  100    8.127   152.6     0.0070    13.7436     0.06(  95-> 132)  0.05(  94-> 108)  0.05(  93-> 101)
  101    8.141   152.3     0.0157   -16.9427     0.16(  79->  96)  0.08(  80->  96)  0.07(  78->  96)
  102    8.146   152.2     0.0040     9.2884     0.16(  79->  96)  0.07(  80->  96)  0.05(  78->  96)
  103    8.166   151.8     0.0234    -6.9915     0.04(  94-> 111)  0.03(  93-> 100)  0.03(  94-> 106)
  104    8.173   151.7     0.0014    -0.5085     0.10(  93-> 100)  0.04(  95-> 128)  0.03(  95-> 130)
  105    8.216   150.9     0.0046     1.4190     0.06(  95-> 134)  0.06(  94-> 118)  0.04(  93-> 106)
  106    8.222   150.8     0.0233    31.5291     0.04(  92-> 101)  0.03(  95-> 133)  0.03(  93-> 100)
  107    8.238   150.5     0.0105    -3.0853     0.34(  72->  96)  0.14(  74->  96)  0.06(  75->  96)
  108    8.262   150.1     0.0129   -18.2292     0.05(  95-> 132)  0.04(  92-> 106)  0.03(  93-> 105)
  109    8.281   149.7     0.0187   -30.5372     0.07(  95-> 131)  0.05(  93->  99)  0.04(  95-> 130)
  110    8.301   149.4     0.0424    -9.7948     0.07(  93->  99)  0.07(  95-> 131)  0.06(  95-> 134)
  111    8.322   149.0     0.0033    -4.0413     0.09(  89-> 112)  0.08(  89-> 101)  0.08(  89->  99)
  112    8.347   148.5     0.0153   -26.7291     0.04(  91-> 101)  0.04(  92-> 101)  0.04(  94-> 112)
  113    8.358   148.3     0.0321    -9.4501     0.11(  95-> 133)  0.06(  78->  96)  0.04(  92-> 118)
  114    8.380   148.0     0.0192    -3.6296     0.40(  78->  96)  0.11(  79->  96)  0.04(  95-> 133)
  115    8.389   147.8     0.0330    -5.6204     0.17(  81->  98)  0.03(  90-> 104)  0.03(  92-> 118)
  116    8.394   147.7     0.0260    -1.6209     0.49(  81->  98)  0.09(  84->  98)  0.04(  95-> 133)
  117    8.413   147.4     0.0107   -28.3150     0.07(  95-> 133)  0.03(  90-> 104)  0.03(  95-> 129)
  118    8.424   147.2     0.0166    39.7009     0.22(  95-> 135)  0.05(  91-> 104)  0.05(  95-> 131)
  119    8.433   147.0     0.0200    14.6641     0.11(  95-> 136)  0.10(  92-> 100)  0.05(  92->  99)
  120    8.446   146.8     0.0009    -0.2091     0.21(  91-> 104)  0.04(  95-> 130)  0.03(  94-> 115)
  121    8.462   146.5     0.0170   -16.3691     0.06(  88-> 105)  0.05(  88-> 109)  0.03(  88-> 117)
  122    8.489   146.0     0.0107    28.7860     0.05(  95-> 136)  0.04(  95-> 133)  0.03(  91-> 104)
  123    8.520   145.5     0.0242   -21.4433     0.08(  95-> 131)  0.07(  83-> 100)  0.05(  95-> 136)
  124    8.538   145.2     0.0273    13.8585     0.06(  94-> 109)  0.05(  90-> 104)  0.03(  95-> 131)
  125    8.545   145.1     0.0408   -18.8279     0.08(  84->  97)  0.04(  86->  97)  0.04(  81->  96)
  126    8.550   145.0     0.0037    25.0397     0.06(  82->  99)  0.05(  82-> 100)  0.05(  95-> 134)
  127    8.568   144.7     0.0010    -0.7579     0.05(  94-> 113)  0.04(  95-> 130)  0.04(  95-> 132)
  128    8.574   144.6     0.0030    -1.9196     0.16(  77->  96)  0.14(  80->  96)  0.07(  72->  96)
  129    8.618   143.9     0.0196   -53.6365     0.08(  80->  96)  0.04(  90-> 104)  0.04(  84->  97)
  130    8.620   143.8     0.0443    53.3486     0.07(  94-> 113)  0.03(  80->  96)  0.03(  93-> 111)
  131    8.629   143.7     0.0024   -36.2345     0.08(  82-> 100)  0.05(  82->  99)  0.05(  95-> 132)
  132    8.637   143.5     0.0065    -2.9863     0.10(  90-> 104)  0.10(  95-> 135)  0.04(  95-> 130)
  133    8.646   143.4     0.0015   -10.0176     0.04(  95-> 134)  0.04(  94-> 119)  0.03(  95-> 131)
  134    8.678   142.9     0.0030     4.3786     0.15(  80->  96)  0.11(  79->  96)  0.07(  77->  96)
  135    8.687   142.7     0.0230     5.1834     0.07(  80->  96)  0.05(  94-> 110)  0.05(  95-> 134)
  136    8.697   142.6     0.0152     8.9503     0.17(  95-> 134)  0.04(  95-> 136)  0.04(  95-> 131)
  137    8.706   142.4     0.0021    -6.8423     0.06(  80->  96)  0.05(  94-> 117)  0.04(  90-> 104)
  138    8.731   142.0     0.0573   -22.9191     0.11(  86->  97)  0.08(  87->  97)  0.03(  86-> 104)
  139    8.757   141.6     0.0035     2.7958     0.09(  94-> 116)  0.06(  93-> 102)  0.03(  92-> 115)
  140    8.769   141.4     0.0011    -0.6228     0.32(  79->  98)  0.25(  78->  98)  0.15(  80->  98)
  141    8.778   141.2     0.0022     8.9431     0.07(  89-> 100)  0.06(  89-> 111)  0.06(  89-> 120)
  142    8.781   141.2     0.0068     8.0642     0.08(  79->  98)  0.06(  78->  98)  0.04(  89-> 111)
  143    8.789   141.1     0.0053    14.1341     0.11(  94-> 114)  0.04(  85->  97)  0.03(  94-> 112)
  144    8.813   140.7     0.0295   -21.7963     0.05(  86->  97)  0.04(  94-> 118)  0.04(  91-> 100)
  145    8.819   140.6     0.0001    -6.6463     0.14(  79->  97)  0.13(  67->  96)  0.11(  78->  97)
  146    8.836   140.3     0.0269    25.8651     0.12(  85->  97)  0.05(  73->  96)  0.03(  88->  97)
  147    8.847   140.1     0.0069    -5.2176     0.14(  74->  96)  0.07(  85->  97)  0.07(  71->  96)
  148    8.863   139.9     0.0215    -1.2624     0.06(  73->  96)  0.04(  95-> 139)  0.03(  90-> 100)
  149    8.877   139.7     0.0090    10.7572     0.15(  73->  96)  0.04(  95-> 138)  0.04(  92-> 115)
  150    8.894   139.4     0.0015    -5.2478     0.11(  73->  96)  0.04(  95-> 137)  0.04(  94-> 116)
  151    8.896   139.4     0.0075    -3.8316     0.13(  74->  96)  0.06(  71->  96)  0.05(  67->  96)
  152    8.914   139.1     0.0019    -5.7843     0.17(  89-> 104)  0.08(  89-> 103)  0.04(  81->  97)
  153    8.917   139.0     0.0029    -1.1198     0.19(  89-> 104)  0.05(  73->  96)  0.04(  89-> 103)
  154    8.935   138.8     0.0166     9.8804     0.11(  73->  96)  0.04(  95-> 137)  0.04(  85-> 110)
  155    8.956   138.4     0.0172    -2.6534     0.32(  76->  96)  0.13(  77->  96)  0.04(  70->  96)
  156    8.961   138.4     0.0024    -7.0987     0.08(  76->  96)  0.08(  93-> 103)  0.04(  81->  97)
  157    8.994   137.9     0.0227     5.9715     0.11(  81->  97)  0.07(  84->  97)  0.05(  89-> 104)
  158    9.001   137.8     0.0133   -15.4745     0.13(  95-> 139)  0.05(  94-> 120)  0.04(  94-> 123)
  159    9.004   137.7     0.0201    -3.9369     0.33(  86->  98)  0.19(  87->  98)  0.12(  84->  98)
  160    9.011   137.6     0.0048    -1.2939     0.04(  94-> 124)  0.03(  91-> 100)  0.03(  93-> 103)
  161    9.018   137.5     0.0018    -1.7108     0.05(  81->  97)  0.04(  86-> 103)  0.03(  91-> 108)
  162    9.035   137.2     0.0023    -7.4006     0.03(  95-> 139)  0.03(  94-> 117)  0.03(  92-> 108)
  163    9.046   137.1     0.0128    -5.4665     0.12(  95-> 138)  0.07(  94-> 117)  0.03(  90-> 100)
  164    9.064   136.8     0.0139    -0.9075     0.05(  94-> 123)  0.04(  91-> 100)  0.04(  88-> 116)
  165    9.071   136.7     0.0023   -13.8978     0.13(  90->  99)  0.08(  90-> 100)  0.07(  91->  99)
  166    9.081   136.5     0.0039    14.7237     0.05(  85-> 101)  0.05(  85->  98)  0.05(  95-> 140)
  167    9.092   136.4     0.0065     4.7821     0.46(  85->  98)  0.17(  88->  98)  0.02(  89-> 100)
  168    9.099   136.3     0.0092   -10.0711     0.06(  78->  99)  0.06(  78-> 100)  0.05(  95-> 139)
  169    9.118   136.0     0.0037    10.7812     0.18(  89-> 100)  0.04(  90->  99)  0.03(  85->  98)
  170    9.121   135.9     0.0089    -2.3701     0.04(  94-> 123)  0.04(  85->  98)  0.03(  87->  97)
  171    9.128   135.8     0.0133     4.8378     0.15(  89-> 100)  0.03(  94-> 124)  0.02(  94-> 123)
  172    9.143   135.6     0.0024     6.0068     0.12(  84->  98)  0.11(  87->  98)  0.07(  74->  98)
  173    9.153   135.5     0.0199   -10.0287     0.08(  95-> 139)  0.03(  94-> 123)  0.03(  94-> 120)
  174    9.157   135.4     0.0281     9.3633     0.05(  95-> 140)  0.03(  78-> 100)  0.03(  79->  99)
  175    9.176   135.1     0.0099    17.5007     0.11(  67->  96)  0.08(  69->  96)  0.06(  79->  97)
  176    9.181   135.0     0.0054    -9.8717     0.07(  85-> 110)  0.04(  92-> 110)  0.03(  85-> 103)
  177    9.192   134.9     0.0007   -27.9738     0.07(  66->  96)  0.05(  75->  96)  0.04(  69->  96)
  178    9.194   134.9     0.0020     8.4875     0.11(  75->  96)  0.05(  95-> 139)  0.02(  94-> 120)
  179    9.210   134.6     0.0150   -17.1288     0.04(  86-> 104)  0.04(  95-> 139)  0.03(  94-> 125)
  180    9.219   134.5     0.0125     1.8705     0.04(  71->  96)  0.04(  76->  96)  0.04(  66->  96)
  181    9.225   134.4     0.0109    32.5190     0.03(  71->  96)  0.02(  76->  96)  0.02(  95-> 140)
  182    9.234   134.3     0.0180    20.2211     0.07(  66->  96)  0.04(  75->  96)  0.03(  64->  96)
  183    9.248   134.1     0.0062    -1.0563     0.10(  89->  99)  0.09(  75->  96)  0.03(  95-> 137)
  184    9.254   134.0     0.0042    -3.5254     0.17(  89->  99)  0.03(  90->  99)  0.02(  75->  96)
  185    9.259   133.9     0.0271    -9.3894     0.14(  89->  99)  0.04(  71->  96)  0.02(  89-> 102)
  186    9.270   133.7     0.0093   -18.5799     0.09(  75->  96)  0.04(  71->  96)  0.04(  95-> 138)
  187    9.286   133.5     0.0076    11.4812     0.03(  95-> 140)  0.02(  88-> 107)  0.02(  95-> 142)
  188    9.299   133.3     0.0007   -23.9141     0.05(  85-> 104)  0.04(  80->  99)  0.04(  94-> 119)
  189    9.303   133.3     0.0067   -14.5092     0.06(  66->  96)  0.03(  90-> 102)  0.02(  64->  96)
  190    9.311   133.2     0.0024    32.6782     0.03(  92-> 117)  0.03(  94-> 122)  0.02(  85-> 104)
  191    9.324   133.0     0.0067     2.5582     0.11(  75->  96)  0.10(  74->  96)  0.09(  66->  96)
  192    9.339   132.8     0.0060    -9.3283     0.04(  95-> 140)  0.04(  95-> 141)  0.04(  95-> 142)
  193    9.354   132.5     0.0096    -8.8463     0.06(  92-> 108)  0.04(  95-> 141)  0.04(  92-> 103)
  194    9.366   132.4     0.0045    -3.9761     0.06(  95-> 140)  0.04(  93-> 112)  0.03(  92-> 103)
  195    9.381   132.2     0.0114   -15.8452     0.06(  94-> 123)  0.04(  93-> 105)  0.03(  95-> 141)
  196    9.395   132.0     0.0024    -0.3293     0.08(  95-> 141)  0.04(  87-> 101)  0.03(  92-> 108)
  197    9.402   131.9     0.0082    -0.6128     0.07(  95-> 141)  0.03(  94-> 122)  0.03(  92-> 108)
  198    9.409   131.8     0.0119    14.9632     0.04(  95-> 141)  0.03(  95-> 142)  0.02(  84-> 104)
  199    9.420   131.6     0.0166     2.1154     0.18(  74->  98)  0.10(  84->  98)  0.09(  88->  98)
  200    9.434   131.4     0.0544   -14.2690     0.04(  85-> 104)  0.03(  87-> 104)  0.03(  95-> 140)
  201    9.442   131.3     0.0022    -4.8571     0.04(  95-> 141)  0.03(  94-> 122)  0.03(  86-> 108)
  202    9.451   131.2     0.0010     2.8360     0.29(  62->  96)  0.08(  69->  96)  0.08(  66->  96)
  203    9.457   131.1     0.0252    11.5957     0.03(  85-> 118)  0.03(  95-> 143)  0.03(  84->  99)
  204    9.473   130.9     0.0033    -0.3860     0.05(  95-> 145)  0.04(  62->  96)  0.03(  95-> 143)
  205    9.476   130.8     0.0014     0.9786     0.07(  89-> 100)  0.07(  89-> 117)  0.06(  89-> 120)
  206    9.489   130.7     0.0012    -2.3836     0.03(  84-> 104)  0.02(  75->  99)  0.02(  70->  96)
  207    9.498   130.5     0.0030     6.8771     0.05(  86-> 104)  0.03(  87->  97)  0.03(  70->  96)
  208    9.501   130.5     0.0035    12.9953     0.10(  62->  96)  0.05(  63->  96)  0.04(  65->  96)
  209    9.510   130.4     0.0129   -14.7726     0.09(  74->  97)  0.04(  93-> 126)  0.04(  77->  97)
  210    9.523   130.2     0.0097    27.0578     0.08(  63->  96)  0.06(  62->  96)  0.05(  66->  96)
  211    9.531   130.1     0.0045     2.6247     0.05(  95-> 141)  0.05(  88-> 104)  0.03(  91-> 102)
  212    9.543   129.9     0.0043     2.3247     0.03(  85-> 102)  0.02(  93-> 121)  0.02(  93-> 106)
  213    9.557   129.7     0.0082    -1.8221     0.05(  95-> 142)  0.04(  85-> 102)  0.03(  95-> 140)
  214    9.566   129.6     0.0114     4.3575     0.05(  95-> 142)  0.04(  94-> 125)  0.02(  95-> 147)
  215    9.580   129.4     0.0040    -6.9361     0.03(  63->  96)  0.03(  93-> 106)  0.03(  95-> 147)
  216    9.591   129.3     0.0057     2.8197     0.05(  88->  97)  0.05(  88-> 100)  0.03(  88-> 108)
  217    9.597   129.2     0.0113    18.5842     0.08(  70->  96)  0.06(  63->  96)  0.04(  67->  96)
  218    9.608   129.0     0.0051    -0.5433     0.05(  92-> 107)  0.04(  94-> 124)  0.04(  95-> 147)
  219    9.617   128.9     0.0021    -0.7531     0.11(  88->  97)  0.06(  88-> 104)  0.04(  85->  97)
  220    9.620   128.9     0.0040    -1.7065     0.05(  73->  99)  0.04(  73-> 100)  0.03(  93-> 106)
  221    9.630   128.7     0.0117     2.1584     0.03(  93-> 111)  0.03(  94-> 122)  0.03(  90-> 102)
  222    9.635   128.7     0.0102   -20.6476     0.04(  90-> 102)  0.03(  94-> 121)  0.03(  73->  99)
  223    9.648   128.5     0.0105   -14.2228     0.05(  85-> 102)  0.04(  88->  97)  0.03(  85->  99)
  224    9.678   128.1     0.0032    14.8604     0.07(  93-> 107)  0.03(  93-> 112)  0.03(  93-> 106)
  225    9.681   128.1     0.0038    -9.4392     0.20(  61->  96)  0.03(  95-> 147)  0.03(  65->  96)
  226    9.692   127.9     0.0104    14.6957     0.05(  81-> 102)  0.03(  84-> 104)  0.02(  81-> 101)
  227    9.704   127.8     0.0100   -11.3012     0.07(  61->  96)  0.05(  83-> 110)  0.04(  81-> 102)
  228    9.712   127.7     0.0024    -5.6376     0.09(  61->  96)  0.07(  89-> 101)  0.05(  95-> 147)
  229    9.715   127.6     0.0022    -6.8834     0.11(  89-> 101)  0.04(  89-> 102)  0.02(  61->  96)
  230    9.717   127.6     0.0023    -1.3383     0.27(  89-> 101)  0.06(  89-> 102)  0.05(  89->  99)
  231    9.719   127.6     0.0013     3.5386     0.13(  89-> 108)  0.09(  89-> 110)  0.07(  89-> 121)
  232    9.742   127.3     0.0009    20.4029     0.07(  81-> 102)  0.04(  81-> 101)  0.03(  95-> 148)
  233    9.744   127.2     0.0061   -10.8046     0.05(  88->  99)  0.04(  95-> 143)  0.04(  95-> 145)
  234    9.750   127.2     0.0142   -16.8388     0.08(  95-> 142)  0.03(  94-> 124)  0.03(  90-> 108)
  235    9.767   126.9     0.0261   -19.9038     0.04(  84-> 104)  0.03(  94-> 130)  0.03(  90-> 103)
  236    9.769   126.9     0.0024    -1.0484     0.07(  88->  99)  0.05(  88-> 100)  0.04(  95-> 142)
  237    9.774   126.9     0.0051    31.2600     0.02(  87-> 119)  0.02(  88-> 100)  0.02(  82->  97)
  238    9.801   126.5     0.0120     0.3278     0.03(  63->  96)  0.02(  83-> 110)  0.02(  95-> 146)
  239    9.808   126.4     0.0063    20.3651     0.03(  63->  96)  0.03(  83-> 110)  0.03(  70->  96)
  240    9.812   126.4     0.0342    12.6103     0.04(  83->  97)  0.02(  85-> 101)  0.02(  95-> 144)
  241    9.827   126.2     0.0081   -27.0151     0.05(  63->  96)  0.03(  95-> 144)  0.03(  83->  97)
  242    9.833   126.1     0.0021    -2.1655     0.06(  83->  97)  0.05(  82->  97)  0.03(  84->  97)
  243    9.844   125.9     0.0234    -9.9915     0.12(  83->  97)  0.06(  94-> 127)  0.05(  95-> 148)
  244    9.849   125.9     0.0041    -3.7533     0.03(  91-> 111)  0.02(  95-> 146)  0.02(  82->  97)
  245    9.852   125.8     0.0042     8.1521     0.04(  69->  96)  0.04(  88-> 104)  0.03(  64->  96)
  246    9.867   125.7     0.0030    -9.0544     0.05(  82->  97)  0.03(  95-> 143)  0.02(  88->  97)
  247    9.876   125.5     0.0088     3.1122     0.06(  83->  97)  0.05(  69->  96)  0.05(  64->  96)
  248    9.876   125.5     0.0357   -13.1885     0.10(  88->  98)  0.04(  85->  98)  0.04(  87->  98)
  249    9.878   125.5     0.0089   -10.8405     0.14(  87->  98)  0.11(  88->  98)  0.07(  85->  98)
  250    9.891   125.3     0.0090     9.0438     0.09(  95-> 144)  0.05(  83->  97)  0.04(  88->  98)
  251    9.896   125.3     0.0151    24.5270     0.10(  95-> 146)  0.04(  95-> 148)  0.03(  85-> 115)
  252    9.905   125.2     0.0050   -20.0508     0.07(  88->  97)  0.03(  95-> 143)  0.03(  88->  98)
  253    9.912   125.1     0.0171    -7.8052     0.09(  95-> 144)  0.08(  95-> 148)  0.04(  95-> 145)
  254    9.917   125.0     0.0113     6.1862     0.04(  83->  97)  0.03(  94-> 125)  0.03(  86->  97)
  255    9.920   125.0     0.0308    20.3529     0.05(  87-> 100)  0.04(  64->  96)  0.03(  87->  99)
  256    9.934   124.8     0.0075   -10.0563     0.03(  95-> 146)  0.03(  93-> 109)  0.03(  94-> 125)
  257    9.942   124.7     0.0119    -7.8869     0.15(  79-> 102)  0.12(  78-> 102)  0.08(  79-> 101)
  258    9.950   124.6     0.0049   -21.5065     0.05(  86->  97)  0.05(  95-> 146)  0.04(  87->  97)
  259    9.954   124.6     0.0039     2.3005     0.20(  86->  98)  0.12(  88->  98)  0.11(  87->  98)
  260    9.959   124.5     0.0104    28.0116     0.03(  85-> 101)  0.02(  88->  98)  0.02(  95-> 149)
  261    9.962   124.5     0.0259   -11.3213     0.05(  64->  96)  0.04(  86-> 100)  0.04(  94-> 126)
  262    9.971   124.3     0.0174    -3.8944     0.06(  87->  99)  0.03(  86->  97)  0.03(  83->  97)
  263    9.976   124.3     0.0024     2.3232     0.04(  95-> 144)  0.04(  64->  96)  0.03(  95-> 143)
  264    9.996   124.0     0.0045     3.3275     0.05(  95-> 148)  0.04(  86-> 100)  0.04(  84-> 100)

  alpha tensor

           1         2         3
 
    1 503.14085
    2  -0.10346 215.10123
    3  25.70279  29.39936  43.93066
 trace alpha_L[0] / au:   254.057580375529     
 sum rule f_L           6.42734721253529     
 
 SOS specific optical rotation 
 including Lorentz factor for common solvent (n=1.4)
 lambda [eV] alpha[grad*cm^3*g^-1*dm^-1]
 632.8  1.96    -5380.00
 589.3  2.10    -3500.45        0.00 ##
 579.0  2.14    -3295.15
 546.0  2.27    -2910.73
 436.0  2.84    -3982.32
 365.0  3.40  -187087.68
 
 sTD-DFT done.
Mon 21 Mar 13:55:15 GMT 2022
