Mon 21 Mar 14:15:46 GMT 2022


                 *********************************************
                 *                                           *
                 *               s  T  D  A                  *
                 *                                           *
                 *                S. Grimme                  *
                 * Mulliken Center for Theoretical Chemistry *
                 *             Universitaet Bonn             *
                 *              Version 1.6.2                *
                 *       Tue Sep 10 14:44:30 CET 2020        *
                 *********************************************
 
 Please cite as:
 S. Grimme, J. Chem. Phys. 138 (2013) 244104
 
 With contributions from:
 C. Bannwarth, P. Shushkov, M. de Wergifosse
 
======================================================================
 
 reading an xTB output...
 
 reading: wfn.xtb
======================================================================
                    M O / A O    I N P U T 
======================================================================
atom  #          x             y             z            charge
  C   1     14.93166959   -3.41246712   -0.49378539         6.00
  N   2     16.41245884   -1.21490481    0.15401266         7.00
  C   3     19.12100305   -1.40160974   -0.07313239         6.00
  C   4     15.27182026    1.12344208    0.22185383         6.00
  C   5     16.69535082    3.35917685    0.28856115         6.00
  C   6     15.51805155    5.68524052    0.43520389         6.00
  C   7     12.91873351    5.87742565    0.50890320         6.00
  C   8     11.44191268    3.68761122    0.43236930         6.00
  C   9      8.72070731    3.94744854    0.50795834         6.00
  C  10      6.99274190    2.08833615    0.41082642         6.00
  C  11      4.33975564    2.58420024    0.50795834         6.00
  N  12      3.21914815    4.78251843    0.69957655         7.00
  C  13      0.71639511    4.27191448    0.72641065         6.00
  C  14      0.35470156    1.70245411    0.54575285         6.00
  C  15     -1.88462369    0.14928835    0.47110868         6.00
  C  16     -1.72229623   -2.43774647    0.06122712         6.00
  C  17     -3.88943395   -3.90209511   -0.04516445         6.00
  C  18     -6.25159139   -2.81606961    0.25756965         6.00
  O  19     -8.49507403   -4.05837545    0.17253198         8.00
  C  20     -8.49771965   -6.68452760   -0.24188492         6.00
  C  21    -11.17810694   -7.65414599   -0.26475061         6.00
  C  22    -13.21579843   -6.04220975    0.07615596         6.00
  C  23    -15.65619052   -6.98574992    0.04497548         6.00
  C  24    -16.07911118   -9.53895865   -0.32597773         6.00
  C  25    -14.04803373  -11.15505228   -0.66707326         6.00
  C  26    -11.60953137  -10.21793718   -0.63683764         6.00
  C  27     -6.43130432   -0.18330342    0.69749785         6.00
  O  28     -8.82766580    0.71148182    0.99361790         8.00
  C  29     -9.15591120    3.30116226    1.53237877         6.00
  C  30     -8.37280876    5.04462342   -0.58751580         6.00
  C  31     -8.57330869    4.26152099   -3.08289891         6.00
  C  32     -7.84633111    5.85134743   -5.02629308         6.00
  C  33     -6.92792430    8.24222870   -4.49395728         6.00
  C  34     -6.73989657    9.04007100   -2.00896766         6.00
  C  35     -7.45383503    7.44665408   -0.06330582         6.00
  C  36     -4.26416660    1.25855748    0.79954305         6.00
  O  37      2.68643441    0.63645970    0.40307854         8.00
  C  38     12.63980996    1.34624077    0.28799423         6.00
  H  39     13.58977519   -3.85806450    1.01308208         1.00
  H  40     13.88060402   -3.14204734   -2.25784456         1.00
  H  41     16.17529824   -5.03139534   -0.72867833         1.00
  H  42     19.68130679   -3.37297185    0.09259657         1.00
  H  43     20.03544143   -0.36093766    1.45490001         1.00
  H  44     19.81925678   -0.67255347   -1.88519061         1.00
  H  45     18.72888491    3.30210712    0.21448390         1.00
  H  46     16.66398137    7.37522243    0.48263601         1.00
  H  47     12.01771217    7.70384578    0.61812936         1.00
  H  48      8.00903652    5.85815044    0.65819155         1.00
  H  49      7.48936188    0.11527328    0.25511300         1.00
  H  50     -0.64949881    5.75856189    0.85321127         1.00
  H  51      0.10412390   -3.30815425   -0.18689390         1.00
  H  52     -3.70783129   -5.90539359   -0.37284293         1.00
  H  53     -7.43021346   -7.65584674    1.25855748         1.00
  H  54     -7.59254092   -7.13163676   -2.06301382         1.00
  H  55    -12.87111241   -4.05478497    0.36566197         1.00
  H  56    -17.23354477   -5.71774380    0.31199375         1.00
  H  57    -17.98357700  -10.27236129   -0.34959930         1.00
  H  58    -14.36550769  -13.15060288   -0.95714619         1.00
  H  59    -10.02556308  -11.48046309   -0.90310003         1.00
  H  60     -8.16229329    3.81044340    3.28415473         1.00
  H  61    -11.19171296    3.49183561    1.86742718         1.00
  H  62     -9.28800304    2.39295997   -3.48748924         1.00
  H  63     -7.99864303    5.22169074   -6.96175040         1.00
  H  64     -6.35628220    9.48188892   -6.01065133         1.00
  H  65     -6.02293455   10.90296284   -1.58340137         1.00
  H  66     -7.29301936    8.06705110    1.87725376         1.00
  H  67     -4.36829050    3.26487952    1.11399345         1.00
  H  68     11.48537637   -0.32616670    0.24528643         1.00

 # atoms          =   68
 # mos            =  299
 # primitive  aos = 2362
 # contracted aos =  454

 spherical AO basis
======================================================================
                    A O   I N T E G R A L S
======================================================================
 memory needed for AO int data:   7 Mb
 done.
  
Restricted MOs found... RKS-sTD-DFT will be performed
  
======================================================================
                    s T D A
======================================================================
 spectral range up to (eV)     :    10.0000000000000     
 occ MO cut-off (eV)           :   -35.5126162995238     
 virtMO cut-off (eV)           :    14.1904752449026     
 perturbation thr              :   1.000000000000000E-004
 triplet                       :  F
 MOs in TDA :          237
 oMOs in TDA:           92
 vMOs in TDA:          145
 sorting MOs ...
 reading and transforming R..V..L AO ints ...
 ints done.
 S^1/2 ...
 S^1/2 orthogonalized MO coefficients done.

 SCF atom population (using active MOs):
  3.796  5.162  3.799  3.902  3.998  4.001  4.011  4.070  3.948  3.944
  3.541  5.100  3.827  3.575  3.996  3.953  3.915  3.444  5.204  3.571
  4.043  3.930  3.998  3.988  4.001  3.970  3.462  5.256  3.581  4.040
  3.933  3.990  3.984  3.998  3.965  3.873  5.182  3.969  1.041  1.020
  1.033  1.035  1.046  1.018  1.035  0.991  1.006  1.016  0.981  0.994
  0.984  0.998  0.970  0.970  1.003  0.992  0.997  0.993  0.986  0.980
  0.952  0.982  0.990  0.996  0.993  0.991  1.025  1.065
 
 # electrons in TDA: 184.000
 
 
 ax(DF)   :   0.500000000000000     
 s^K      :    2.00000000000000     
 beta  (J):    4.00000000000000     
 alpha (K):    2.00000000000000     
 
 hardness table read.
 setting up gammas ...
 memory needed for q data (Mb)                     10
 computing q(ij,n) ...
 
         230 CSF included by energy.
 
       13110 considered in PT2.
 ordered frontier orbitals
         eV     # centers
  82   -17.468     2.1
  83   -16.934     9.8
  84   -16.346    12.5
  85   -16.151     4.3
  86   -16.127     4.3
  87   -15.984     5.1
  88   -15.938     5.7
  89   -15.697    10.6
  90   -14.980    12.8
  91   -13.982    14.3
  92   -13.810     8.1
 
  93    -7.513    10.7
  94    -6.097    12.5
  95    -5.873     5.0
  96    -5.839     4.9
  97    -5.755     4.7
  98    -5.708     4.6
  99    -5.425     5.5
 100    -5.233     7.0
 101    -5.097    32.5
 102    -5.072    15.7
 103    -4.970    25.5
 
             lowest CSF states
       eV     nm      excitation i->a               eV
    1  3.67   338.0       92 ->  93     gap,J,K:   6.297   3.221   0.292   Kshft:   0.007  locality: 0.825
    2  3.89   318.7       91 ->  93     gap,J,K:   6.470   3.263   0.340   Kshft:   0.004  locality: 0.909
    3  5.04   246.1       90 ->  93     gap,J,K:   7.467   3.057   0.312   Kshft:   0.005  locality: 0.801
    4  5.40   229.5       91 ->  94     gap,J,K:   7.885   3.284   0.400   Kshft:   0.002  locality: 0.968
    5  5.48   226.4       92 -> 102     gap,J,K:   8.738   3.822   0.061   Kshft:   0.441  locality: 0.958
    6  5.55   223.4       92 -> 100     gap,J,K:   8.576   4.001   0.487   Kshft:   0.001  locality: 0.968
    7  5.59   221.7       92 ->  94     gap,J,K:   7.713   2.572   0.214   Kshft:   0.023  locality: 0.698
    8  5.62   220.4       89 ->  93     gap,J,K:   8.184   3.115   0.273   Kshft:   0.009  locality: 0.853
    9  5.94   208.7       91 ->  99     gap,J,K:   8.557   3.242   0.310   Kshft:   0.005  locality: 0.826
   10  6.05   205.1       90 ->  94     gap,J,K:   8.883   3.479   0.319   Kshft:   0.005  locality: 0.965
   11  6.23   198.9       84 ->  93     gap,J,K:   8.834   3.181   0.286   Kshft:   0.007  locality: 0.900
   12  6.25   198.4       82 ->  93     gap,J,K:   9.955   4.207   0.000   Kshft:   0.500  locality: 0.853
   13  6.34   195.5       92 -> 104     gap,J,K:   9.163   3.450   0.311   Kshft:   0.005  locality: 0.933
   14  6.37   194.5       91 -> 100     gap,J,K:   8.749   2.776   0.177   Kshft:   0.046  locality: 0.730
   15  6.45   192.2       91 ->  95     gap,J,K:   8.109   2.176   0.008   Kshft:   0.500  locality: 0.550
   16  6.46   191.8       92 -> 107     gap,J,K:   9.461   3.501   0.002   Kshft:   0.500  locality: 0.961
   17  6.50   190.8       83 ->  93     gap,J,K:   9.421   3.385   0.220   Kshft:   0.021  locality: 0.868
   18  6.57   188.7       85 ->  95     gap,J,K:  10.278   5.040   0.666   Kshft:   0.000  locality: 1.003
   19  6.58   188.4       87 ->  97     gap,J,K:  10.229   5.002   0.676   Kshft:   0.000  locality: 1.002
   20  6.59   188.1       90 ->  99     gap,J,K:   9.554   3.889   0.462   Kshft:   0.001  locality: 0.932
   21  6.60   188.0       91 ->  97     gap,J,K:   8.228   2.135   0.001   Kshft:   0.500  locality: 0.528
   22  6.60   187.7       86 ->  96     gap,J,K:  10.288   5.063   0.689   Kshft:   0.000  locality: 1.003
   23  6.66   186.2       92 -> 106     gap,J,K:   9.345   3.186   0.000   Kshft:   0.500  locality: 0.948
   24  6.71   184.7       91 -> 104     gap,J,K:   9.336   3.110   0.236   Kshft:   0.016  locality: 0.914
   25  6.73   184.2       88 ->  98     gap,J,K:  10.230   4.825   0.663   Kshft:   0.000  locality: 0.999
 
 selecting CSF ...
 average/max PT2 energy lowering (eV):     0.032     0.273
        1303 CSF included by PT.
        1533 CSF in total.
 sTD-DFT procedure...
 setting up A+B and A-B matrices
  calculating (A-B)^0.5 ...
 estimated time (min)     0.15
  calculating (A+B)*(A-B)^0.5 ...
 calculate eigenvalues of (A-B)^0.5*(A+B)*(A-B)^0.5 ...
  rpa vectors ok
  272 roots found, lowest/highest eigenvalue :    3.108   9.998   0
 writing spectral data to tda.dat ...
 
 excitation energies, transition moments and TDA amplitudes
 state    eV      nm       fL         Rv
    1    3.108   398.9     0.1345    13.6600     0.69(  92->  93)  0.15(  91->  93)  0.06(  92->  94)
    2    3.412   363.3     1.5598    21.6690     0.70(  91->  93)  0.16(  92->  93)  0.04(  90->  93)
    3    4.232   293.0     0.0373    -3.4282     0.27(  90->  93)  0.22(  91->  99)  0.13(  90->  94)
    4    4.288   289.1     0.0299    19.6185     0.36(  92-> 102)  0.33(  92-> 100)  0.12(  91-> 102)
    5    4.694   264.2     0.0859     1.3637     0.34(  90->  93)  0.17(  89->  93)  0.08(  92->  94)
    6    4.816   257.4     0.1151   -76.1866     0.54(  91->  94)  0.13(  92->  94)  0.05(  92-> 100)
    7    4.855   255.4     0.2604    50.5072     0.22(  92-> 100)  0.20(  92-> 102)  0.11(  90->  93)
    8    4.904   252.8     0.0001     0.1300     0.43(  87->  97)  0.43(  85->  95)  0.03(  87->  95)
    9    4.915   252.2     0.0003    -0.1851     0.41(  86->  96)  0.38(  88->  98)  0.06(  88->  96)
   10    5.199   238.5     0.0914     0.5644     0.20(  89->  93)  0.17(  92-> 104)  0.10(  84->  93)
   11    5.233   236.9     0.0016   -10.7291     0.36(  92-> 106)  0.13(  91-> 106)  0.11(  89->  93)
   12    5.274   235.1     0.1039    -1.4603     0.23(  92-> 104)  0.16(  89->  93)  0.05(  91-> 100)
   13    5.601   221.4     0.0002    -4.2141     0.53(  92-> 107)  0.12(  91-> 107)  0.04(  92-> 109)
   14    5.636   220.0     0.0409    18.2593     0.24(  83->  93)  0.18(  91-> 100)  0.12(  84->  93)
   15    5.655   219.3     0.0047   -14.9105     0.26(  91-> 101)  0.16(  91-> 105)  0.09(  92-> 101)
   16    5.712   217.0     0.0283     9.8974     0.32(  90->  94)  0.13(  84->  93)  0.10(  90->  99)
   17    5.802   213.7     0.0086    19.5814     0.43(  91->  95)  0.19(  90->  95)  0.15(  92->  95)
   18    5.827   212.8     0.0071   -23.2368     0.86(  82->  93)  0.07(  82-> 104)  0.01(  82-> 100)
   19    5.884   210.7     0.1584   -90.1491     0.26(  92-> 111)  0.10(  84->  93)  0.08(  91-> 111)
   20    5.897   210.2     0.0761    79.3240     0.13(  92-> 111)  0.10(  90->  94)  0.09(  84->  93)
   21    5.979   207.4     0.0521    26.2474     0.26(  88->  96)  0.09(  86->  98)  0.08(  91->  96)
   22    5.996   206.8     0.0081   -11.3871     0.13(  88->  96)  0.09(  91-> 104)  0.07(  90->  99)
   23    6.017   206.1     0.0130    -4.7632     0.45(  87->  95)  0.28(  85->  97)  0.03(  85->  95)
   24    6.045   205.1     0.0267    -8.6278     0.33(  91->  97)  0.12(  92->  97)  0.07(  90->  97)
   25    6.097   203.4     0.0808   -63.0107     0.24(  90->  99)  0.06(  84->  93)  0.06(  91->  97)
   26    6.158   201.3     0.0077    19.4309     0.11(  91-> 103)  0.10(  91->  97)  0.08(  92->  94)
   27    6.191   200.3     0.0011     3.2667     0.30(  91->  96)  0.14(  86->  98)  0.12(  88->  96)
   28    6.229   199.1     0.0138   -35.9857     0.22(  92-> 112)  0.08(  91-> 112)  0.05(  91-> 103)
   29    6.251   198.4     0.1246    10.7948     0.29(  91-> 104)  0.21(  92->  94)  0.06(  90-> 104)
   30    6.300   196.8     0.0181   -11.2620     0.12(  92-> 112)  0.12(  90-> 101)  0.06(  91-> 105)
   31    6.394   193.9     0.1597   141.3297     0.22(  83->  93)  0.16(  91-> 100)  0.15(  92-> 104)
   32    6.487   191.1     0.0146    -1.0382     0.51(  91->  98)  0.18(  92->  98)  0.14(  90->  98)
   33    6.490   191.0     0.0045   -13.5005     0.45(  90->  95)  0.19(  89->  95)  0.11(  91->  95)
   34    6.580   188.4     0.0062   -92.5005     0.12(  91-> 102)  0.08(  90-> 101)  0.07(  90-> 102)
   35    6.665   186.0     0.0041     1.2885     0.34(  88-> 103)  0.16(  88-> 101)  0.08(  88-> 105)
   36    6.671   185.9     0.0856     7.5914     0.43(  89->  94)  0.07(  84->  93)  0.05(  81->  93)
   37    6.710   184.8     0.0132   -54.6265     0.14(  81->  93)  0.11(  87-> 101)  0.11(  89->  99)
   38    6.716   184.6     0.0144    57.3616     0.13(  92-> 122)  0.12(  92-> 121)  0.12(  92-> 118)
   39    6.721   184.5     0.0834  -106.1212     0.22(  87-> 101)  0.20(  81->  93)  0.13(  87-> 103)
   40    6.738   184.0     0.0276    31.7133     0.20(  90->  97)  0.14(  81->  93)  0.07(  87-> 101)
   41    6.779   182.9     0.2327   -44.2668     0.23(  89->  99)  0.16(  84->  99)  0.14(  90->  97)
   42    6.798   182.4     0.0358   -16.2174     0.17(  92-> 119)  0.12(  92-> 116)  0.09(  92-> 122)
   43    6.821   181.8     0.0024    36.7110     0.07(  90->  97)  0.06(  91-> 101)  0.05(  89-> 101)
   44    6.841   181.2     0.0011    18.8346     0.43(  86-> 103)  0.20(  86-> 101)  0.19(  86-> 105)
   45    6.864   180.6     0.1658  -109.2781     0.39(  85-> 101)  0.23(  85-> 103)  0.11(  85-> 108)
   46    6.870   180.5     0.0941   -14.3171     0.71(  87->  93)  0.17(  87->  94)  0.02(  86->  98)
   47    6.912   179.4     0.9252    75.9927     0.34(  86->  98)  0.19(  88->  96)  0.04(  85-> 101)
   48    6.941   178.6     0.0364   -32.9342     0.13(  90-> 105)  0.09(  91-> 106)  0.06(  91-> 107)
   49    6.967   178.0     0.2178   231.5692     0.14(  85->  97)  0.08(  91-> 113)  0.07(  87->  95)
   50    7.015   176.7     0.5664  -170.5533     0.40(  85->  95)  0.37(  87->  97)  0.06(  85->  93)
   51    7.055   175.7     0.6169   221.6921     0.37(  86->  96)  0.36(  88->  98)  0.04(  86->  98)
   52    7.066   175.5     0.1836    -9.0405     0.19(  85->  97)  0.12(  87->  95)  0.07(  92-> 122)
   53    7.081   175.1     0.1209    -5.9227     0.13(  92-> 122)  0.09(  92-> 126)  0.09(  85->  97)
   54    7.107   174.5     0.0067     8.2965     0.10(  89-> 105)  0.08(  90-> 103)  0.08(  91-> 117)
   55    7.114   174.3     0.0483   -18.3510     0.72(  85->  93)  0.14(  85->  94)  0.03(  87->  97)
   56    7.128   173.9     0.0141    -3.4245     0.08(  91-> 107)  0.06(  91-> 116)  0.05(  90-> 105)
   57    7.164   173.1     0.0731   -27.5619     0.13(  84->  94)  0.06(  89-> 100)  0.04(  86->  98)
   58    7.212   171.9     0.0076    -6.1594     0.72(  92->  99)  0.18(  91->  99)  0.01(  92->  95)
   59    7.294   170.0     0.0540   -79.5820     0.28(  88->  93)  0.09(  91-> 118)  0.07(  91-> 115)
   60    7.309   169.6     0.0517    24.6899     0.12(  91-> 109)  0.06(  90-> 109)  0.06(  91-> 110)
   61    7.322   169.3     0.0447   -10.7261     0.31(  73->  93)  0.06(  82->  94)  0.05(  84-> 100)
   62    7.332   169.1     0.0011    -0.2403     0.65(  92->  95)  0.28(  91->  95)  0.01(  92->  99)
   63    7.353   168.6     0.0648    16.5840     0.17(  73->  93)  0.07(  91-> 108)  0.07(  88->  93)
   64    7.363   168.4     0.0428   -47.0998     0.10(  84->  94)  0.09(  88->  93)  0.08(  84-> 100)
   65    7.416   167.2     0.0317    -6.7491     0.11(  88->  93)  0.06(  92-> 124)  0.05(  92-> 127)
   66    7.422   167.1     0.0116     5.6285     0.14(  88->  93)  0.06(  92-> 127)  0.05(  91-> 108)
   67    7.442   166.6     0.0069    10.5800     0.62(  82->  94)  0.15(  73->  93)  0.04(  82-> 115)
   68    7.456   166.3     0.0000    -0.3382     0.68(  92->  97)  0.29(  91->  97)  0.01(  89->  97)
   69    7.489   165.6     0.0116   -50.5369     0.58(  87-> 108)  0.04(  87-> 101)  0.04(  88-> 105)
   70    7.498   165.4     0.0028    96.0431     0.20(  88-> 105)  0.11(  88-> 110)  0.09(  87-> 108)
   71    7.506   165.2     0.0040    22.0595     0.05(  91-> 110)  0.04(  92-> 127)  0.04(  90-> 106)
   72    7.526   164.7     0.0184     0.4475     0.26(  78->  93)  0.06(  84->  94)  0.05(  79->  93)
   73    7.556   164.1     0.0114   -10.4700     0.40(  78->  93)  0.08(  79->  93)  0.05(  78->  94)
   74    7.576   163.7     0.0004    -0.2039     0.69(  92->  96)  0.12(  90->  96)  0.11(  91->  96)
   75    7.596   163.2     0.0101    19.0491     0.15(  70->  93)  0.11(  71->  93)  0.06(  90-> 104)
   76    7.622   162.7     0.0042   -48.8749     0.07(  91-> 102)  0.06(  84-> 107)  0.05(  92-> 102)
   77    7.633   162.4     0.0002     1.2356     0.15(  92-> 133)  0.12(  92-> 132)  0.07(  92-> 134)
   78    7.694   161.1     0.0002     1.6937     0.40(  90->  96)  0.16(  91->  96)  0.16(  89->  96)
   79    7.707   160.9     0.0002    -0.7765     0.82(  86->  93)  0.10(  86->  94)  0.01(  90-> 109)
   80    7.716   160.7     0.0083   -26.2394     0.10(  90-> 109)  0.04(  86->  93)  0.04(  90-> 110)
   81    7.735   160.3     0.0004     0.5402     0.68(  92->  98)  0.16(  91->  98)  0.07(  90->  96)
   82    7.753   159.9     0.0594   -17.6866     0.34(  83-> 100)  0.04(  84-> 100)  0.04(  83->  94)
   83    7.785   159.3     0.0010   -10.7255     0.44(  85-> 108)  0.13(  85-> 109)  0.09(  85-> 110)
   84    7.805   158.9     0.0033    40.3449     0.18(  86-> 110)  0.13(  86-> 105)  0.09(  86-> 114)
   85    7.807   158.8     0.0050   -43.0646     0.09(  92-> 128)  0.09(  86-> 110)  0.07(  92-> 132)
   86    7.830   158.3     0.0331    -0.0891     0.08(  92-> 101)  0.05(  92-> 132)  0.04(  83-> 100)
   87    7.838   158.2     0.0482    31.9434     0.38(  87->  99)  0.12(  87->  94)  0.06(  87->  93)
   88    7.848   158.0     0.1089     3.2482     0.10(  87->  99)  0.08(  90-> 104)  0.05(  87->  94)
   89    7.883   157.3     0.0044    -6.0927     0.06(  90-> 101)  0.04(  90-> 105)  0.04(  89-> 104)
   90    7.916   156.6     0.0063    -1.0767     0.56(  90->  98)  0.16(  91->  98)  0.14(  89->  98)
   91    7.921   156.5     0.0072    28.3702     0.42(  87-> 109)  0.16(  87-> 114)  0.10(  87-> 110)
   92    7.927   156.4     0.0025     2.3284     0.04(  91-> 109)  0.04(  91-> 121)  0.03(  91-> 106)
   93    7.963   155.7     0.0441    49.1237     0.11(  89->  95)  0.05(  89-> 104)  0.05(  84->  95)
   94    7.967   155.6     0.0102    -3.3775     0.32(  89->  95)  0.13(  84->  95)  0.09(  90->  95)
   95    7.982   155.3     0.0100   -91.6831     0.06(  90-> 116)  0.05(  83-> 100)  0.05(  90-> 104)
   96    8.014   154.7     0.0030     1.4982     0.18(  88-> 114)  0.10(  88-> 109)  0.07(  88-> 113)
   97    8.023   154.5     0.0009    -0.2203     0.33(  87->  94)  0.20(  87->  99)  0.06(  87->  93)
   98    8.030   154.4     0.0136   -12.0609     0.20(  92-> 101)  0.06(  87->  94)  0.06(  91-> 101)
   99    8.056   153.9     0.0083   -22.7357     0.11(  85-> 109)  0.09(  85-> 108)  0.08(  91-> 101)
  100    8.062   153.8     0.0051    20.4545     0.15(  85-> 109)  0.10(  85-> 108)  0.10(  85-> 114)
  101    8.113   152.8     0.0119   -13.3372     0.18(  83-> 102)  0.05(  84-> 102)  0.05(  92-> 126)
  102    8.133   152.5     0.0006     0.8795     0.48(  89->  97)  0.19(  84->  97)  0.13(  90->  97)
  103    8.134   152.4     0.0202    34.9714     0.06(  91-> 115)  0.05(  90-> 111)  0.04(  83-> 102)
  104    8.145   152.2     0.0020    -0.5909     0.47(  85->  94)  0.22(  85->  99)  0.11(  85->  93)
  105    8.147   152.2     0.0013    20.2766     0.05(  91-> 116)  0.04(  91-> 102)  0.03(  85->  94)
  106    8.174   151.7     0.0005    -6.0168     0.08(  89->  96)  0.06(  84->  96)  0.04(  90-> 103)
  107    8.192   151.4     0.0056    28.9661     0.11(  89->  96)  0.08(  84->  96)  0.03(  91->  96)
  108    8.205   151.1     0.0002    -1.1549     0.07(  79->  93)  0.06(  74->  93)  0.05(  79->  94)
  109    8.219   150.9     0.0003    15.7376     0.16(  86-> 114)  0.13(  86-> 109)  0.09(  86-> 101)
  110    8.230   150.7     0.0169    -1.9792     0.23(  88->  99)  0.12(  88-> 113)  0.08(  88->  94)
  111    8.232   150.6     0.0132    -8.8286     0.06(  79->  93)  0.06(  74->  93)  0.05(  74->  94)
  112    8.258   150.1     0.0040    -5.6865     0.16(  92-> 103)  0.07(  77->  95)  0.06(  83-> 104)
  113    8.266   150.0     0.0044     4.6094     0.35(  77->  95)  0.14(  92-> 103)  0.09(  80->  95)
  114    8.272   149.9     0.0034    -7.8272     0.16(  92-> 103)  0.12(  77->  95)  0.06(  83-> 104)
  115    8.288   149.6     0.0494    23.5578     0.30(  68->  93)  0.05(  92-> 103)  0.05(  67->  93)
  116    8.305   149.3     0.0028    -0.4689     0.45(  79->  96)  0.27(  74->  96)  0.10(  78->  96)
  117    8.335   148.7     0.0066    32.6230     0.11(  83-> 102)  0.07(  90-> 100)  0.05(  91-> 107)
  118    8.346   148.6     0.0067     0.9269     0.59(  77->  97)  0.11(  72->  97)  0.09(  80->  97)
  119    8.353   148.4     0.0082     4.8914     0.14(  88->  94)  0.05(  88->  99)  0.05(  88->  93)
  120    8.356   148.4     0.0006    -0.7566     0.61(  85->  99)  0.22(  85->  94)  0.03(  85-> 104)
  121    8.402   147.6     0.0014     4.9868     0.40(  79->  98)  0.25(  74->  98)  0.12(  75->  98)
  122    8.403   147.5     0.0113    18.1668     0.11(  88->  94)  0.07(  88-> 113)  0.06(  80->  95)
  123    8.415   147.3     0.0075   -11.2837     0.38(  80->  95)  0.14(  77->  95)  0.08(  76->  95)
  124    8.437   147.0     0.0031    -0.9032     0.07(  84->  99)  0.05(  89-> 103)  0.05(  91-> 114)
  125    8.453   146.7     0.0090     2.7684     0.06(  90-> 109)  0.05(  91-> 114)  0.04(  84->  99)
  126    8.469   146.4     0.0064    -7.3537     0.22(  84->  99)  0.09(  89->  99)  0.05(  90->  99)
  127    8.476   146.3     0.0026     0.2842     0.44(  89->  98)  0.23(  84->  98)  0.07(  91->  98)
  128    8.485   146.1     0.0113   -47.0364     0.23(  87-> 116)  0.10(  87-> 109)  0.04(  87-> 105)
  129    8.495   145.9     0.0201    -9.3710     0.10(  87-> 116)  0.08(  90-> 100)  0.06(  92-> 139)
  130    8.501   145.8     0.0206   -33.6897     0.04(  92-> 137)  0.03(  91-> 114)  0.03(  88->  94)
  131    8.526   145.4     0.0063    -8.8086     0.78(  75->  96)  0.08(  77->  96)  0.02(  79->  96)
  132    8.528   145.4     0.0485    33.9450     0.07(  67->  93)  0.05(  89-> 101)  0.04(  90-> 100)
  133    8.548   145.0     0.0378    11.0382     0.06(  92-> 139)  0.06(  92-> 105)  0.05(  90-> 100)
  134    8.557   144.9     0.0085   -11.2984     0.18(  67->  93)  0.04(  92-> 139)  0.04(  70->  93)
  135    8.569   144.7     0.0047    -6.9958     0.38(  80->  97)  0.08(  77->  97)  0.08(  76->  97)
  136    8.577   144.6     0.0135    26.0380     0.16(  88->  99)  0.05(  88->  94)  0.03(  91-> 110)
  137    8.581   144.5     0.0064   -17.4574     0.15(  88->  99)  0.09(  80->  97)  0.04(  88->  94)
  138    8.603   144.1     0.0049   -42.8170     0.08(  90-> 113)  0.06(  89-> 113)  0.02(  90-> 119)
  139    8.623   143.8     0.0041    -4.1602     0.09(  90-> 117)  0.06(  91-> 105)  0.03(  92-> 105)
  140    8.642   143.5     0.0010     1.4704     0.12(  92-> 105)  0.04(  83-> 106)  0.03(  91-> 134)
  141    8.647   143.4     0.0017    -1.8261     0.72(  75->  98)  0.09(  77->  98)  0.05(  79->  98)
  142    8.667   143.0     0.0079    83.1159     0.08(  88-> 117)  0.06(  91-> 120)  0.05(  88->  95)
  143    8.668   143.0     0.0050   -70.7155     0.09(  88-> 117)  0.08(  91-> 120)  0.05(  88->  95)
  144    8.686   142.7     0.0170    -0.0104     0.20(  86->  99)  0.16(  86->  94)  0.15(  86-> 113)
  145    8.693   142.6     0.0153    -2.0677     0.46(  87-> 120)  0.02(  90-> 121)  0.02(  87-> 119)
  146    8.711   142.3     0.0128    -8.7648     0.19(  87-> 120)  0.09(  91-> 120)  0.03(  91-> 111)
  147    8.721   142.2     0.0019     7.0514     0.10(  90-> 115)  0.04(  83-> 106)  0.03(  92-> 143)
  148    8.726   142.1     0.0747    42.8593     0.12(  84-> 104)  0.06(  89-> 115)  0.05(  84-> 115)
  149    8.738   141.9     0.0022    -6.4720     0.06(  83-> 106)  0.03(  90-> 114)  0.03(  81->  94)
  150    8.757   141.6     0.0084     0.2569     0.20(  85-> 116)  0.15(  85-> 109)  0.04(  85-> 105)
  151    8.767   141.4     0.0096    -2.8294     0.09(  85-> 116)  0.05(  85-> 109)  0.04(  91-> 120)
  152    8.784   141.1     0.0062     3.1236     0.50(  86->  94)  0.07(  86->  93)  0.07(  86-> 113)
  153    8.793   141.0     0.0045   -14.5290     0.05(  83-> 107)  0.05(  83-> 106)  0.03(  89-> 104)
  154    8.815   140.7     0.0149    -4.3053     0.05(  92-> 143)  0.04(  92-> 108)  0.04(  83-> 106)
  155    8.825   140.5     0.0048    -6.3659     0.69(  88->  95)  0.04(  88-> 117)  0.03(  88-> 127)
  156    8.845   140.2     0.0016     9.0192     0.25(  79->  99)  0.21(  74->  99)  0.08(  82->  99)
  157    8.854   140.0     0.0199     2.8300     0.06(  90-> 102)  0.04(  90-> 116)  0.03(  90-> 103)
  158    8.867   139.8     0.0322    21.1204     0.05(  92-> 137)  0.04(  92-> 115)  0.04(  92-> 108)
  159    8.884   139.6     0.0020     1.2485     0.30(  92-> 108)  0.12(  91-> 108)  0.03(  91-> 122)
  160    8.891   139.5     0.0007    -1.5077     0.70(  85-> 120)  0.03(  85-> 108)  0.02(  87->  96)
  161    8.901   139.3     0.0023    -2.4233     0.16(  92-> 108)  0.13(  78-> 100)  0.08(  91-> 108)
  162    8.902   139.3     0.0030     3.6536     0.78(  87->  96)  0.02(  87->  98)  0.02(  87->  99)
  163    8.906   139.2     0.0137     0.7200     0.11(  78-> 100)  0.07(  69->  93)  0.06(  77->  93)
  164    8.923   139.0     0.0008    -4.6699     0.23(  78-> 100)  0.04(  69->  93)  0.04(  79-> 100)
  165    8.937   138.7     0.0223     6.4181     0.13(  78-> 100)  0.04(  81->  94)  0.04(  89-> 100)
  166    8.959   138.4     0.0005    -1.5048     0.55(  88->  97)  0.08(  86->  99)  0.03(  88->  95)
  167    8.964   138.3     0.0030     9.2296     0.24(  88->  97)  0.03(  92-> 109)  0.03(  83-> 107)
  168    8.968   138.3     0.0005     0.7989     0.44(  86->  99)  0.09(  86->  95)  0.09(  86->  94)
  169    8.980   138.1     0.0034    15.3051     0.11(  92-> 109)  0.09(  92-> 106)  0.06(  92-> 105)
  170    8.994   137.9     0.0162    -7.3349     0.04(  76->  96)  0.03(  81->  94)  0.03(  91-> 122)
  171    8.998   137.8     0.0010     0.1603     0.32(  76->  96)  0.10(  72->  96)  0.09(  71->  96)
  172    9.010   137.6     0.0020     0.9334     0.12(  87-> 119)  0.09(  87-> 117)  0.06(  84->  95)
  173    9.018   137.5     0.0219    19.3298     0.18(  92-> 144)  0.03(  87-> 119)  0.03(  92-> 129)
  174    9.023   137.4     0.0024    -0.9350     0.48(  86->  95)  0.10(  86->  99)  0.05(  84->  95)
  175    9.028   137.3     0.0074    -0.7089     0.86(  87->  98)  0.03(  87->  96)  0.01(  85->  98)
  176    9.037   137.2     0.0203    18.7285     0.11(  84->  95)  0.07(  86->  95)  0.03(  87-> 119)
  177    9.045   137.1     0.0463     9.1516     0.17(  84->  95)  0.11(  80->  99)  0.08(  86->  95)
  178    9.059   136.9     0.0152     8.9018     0.38(  82-> 104)  0.12(  82-> 118)  0.08(  82-> 126)
  179    9.064   136.8     0.0069   -45.0375     0.05(  80->  99)  0.03(  89-> 118)  0.03(  82-> 101)
  180    9.076   136.6     0.0039    -8.1641     0.08(  72->  95)  0.06(  71->  95)  0.04(  90-> 102)
  181    9.094   136.3     0.0057    -3.6341     0.12(  71->  95)  0.10(  72->  95)  0.08(  84->  95)
  182    9.103   136.2     0.0008     4.1698     0.08(  88-> 123)  0.05(  88-> 121)  0.04(  90-> 102)
  183    9.112   136.1     0.0031     4.9220     0.05(  84->  95)  0.03(  92-> 109)  0.03(  91-> 109)
  184    9.127   135.8     0.0064   -11.9724     0.10(  88-> 123)  0.05(  88-> 121)  0.04(  88-> 113)
  185    9.139   135.7     0.0040    -1.5281     0.48(  85->  96)  0.05(  71->  97)  0.05(  72->  97)
  186    9.141   135.6     0.0171    11.2326     0.10(  85->  96)  0.08(  81->  94)  0.06(  89-> 100)
  187    9.144   135.6     0.0001     2.0541     0.36(  85->  96)  0.07(  71->  97)  0.07(  72->  97)
  188    9.160   135.3     0.0010    -2.4781     0.09(  90-> 106)  0.06(  90-> 105)  0.05(  89-> 109)
  189    9.171   135.2     0.0040     7.0941     0.17(  86->  97)  0.17(  84->  97)  0.05(  89->  97)
  190    9.179   135.1     0.0899    17.3744     0.06(  86->  97)  0.05(  82-> 101)  0.04(  91-> 126)
  191    9.185   135.0     0.0052    -0.8659     0.09(  86->  97)  0.03(  86->  95)  0.03(  92-> 110)
  192    9.193   134.9     0.0083    -8.9078     0.16(  84->  97)  0.07(  86-> 117)  0.04(  89->  97)
  193    9.203   134.7     0.0033    -7.4265     0.40(  86->  97)  0.12(  84->  97)  0.05(  92-> 110)
  194    9.212   134.6     0.0014     1.0720     0.17(  86->  97)  0.05(  92-> 109)  0.04(  92-> 110)
  195    9.229   134.3     0.0033     0.4583     0.09(  83->  94)  0.07(  81-> 104)  0.06(  92-> 109)
  196    9.253   134.0     0.0102   -13.3818     0.13(  76->  98)  0.04(  72->  98)  0.04(  83->  94)
  197    9.262   133.9     0.0199    14.0796     0.08(  80->  99)  0.04(  76->  99)  0.04(  76->  93)
  198    9.265   133.8     0.0014    -0.6498     0.88(  85->  98)  0.02(  85->  96)  0.01(  87->  98)
  199    9.268   133.8     0.0074    -8.2660     0.14(  76->  98)  0.05(  72->  98)  0.04(  80->  99)
  200    9.274   133.7     0.0028    -4.0887     0.06(  76->  98)  0.05(  89-> 108)  0.03(  84-> 108)
  201    9.286   133.5     0.0271    -8.2240     0.10(  71->  97)  0.09(  72->  97)  0.09(  85-> 119)
  202    9.299   133.3     0.0179     0.2108     0.07(  88-> 101)  0.03(  90-> 102)  0.03(  76->  98)
  203    9.311   133.2     0.0164    -4.6066     0.07(  88-> 101)  0.06(  88-> 124)  0.04(  80->  99)
  204    9.342   132.7     0.0023     6.4982     0.03(  84-> 101)  0.03(  90-> 102)  0.03(  91-> 125)
  205    9.363   132.4     0.0064    -7.3431     0.11(  91-> 145)  0.09(  80->  93)  0.05(  80->  94)
  206    9.388   132.1     0.0011    -1.1845     0.21(  87-> 103)  0.15(  87-> 101)  0.10(  87-> 124)
  207    9.388   132.1     0.0048    10.4652     0.05(  90-> 114)  0.04(  90-> 115)  0.03(  89-> 112)
  208    9.417   131.7     0.0036    -3.4852     0.05(  92-> 113)  0.04(  90-> 114)  0.03(  84-> 113)
  209    9.441   131.3     0.0046     5.2935     0.11(  87-> 125)  0.09(  87-> 103)  0.08(  87-> 121)
  210    9.453   131.2     0.0021     9.2052     0.24(  59->  93)  0.08(  73-> 100)  0.06(  64->  93)
  211    9.462   131.0     0.0026     7.9357     0.06(  92-> 126)  0.05(  92-> 113)  0.04(  92-> 118)
  212    9.466   131.0     0.0035     9.3040     0.22(  84->  96)  0.14(  89->  96)  0.02(  90->  96)
  213    9.469   130.9     0.0156     8.5133     0.15(  82->  99)  0.09(  73-> 100)  0.06(  69->  99)
  214    9.479   130.8     0.0018    -1.1357     0.06(  84->  96)  0.04(  81-> 107)  0.04(  83-> 112)
  215    9.484   130.7     0.0007     2.3938     0.18(  73-> 100)  0.10(  82->  99)  0.04(  59->  93)
  216    9.496   130.6     0.0037     0.2548     0.14(  73-> 100)  0.03(  91-> 131)  0.03(  67-> 100)
  217    9.500   130.5     0.0003     0.4155     0.09(  82->  99)  0.05(  90-> 120)  0.04(  84->  96)
  218    9.526   130.2     0.0021   -11.0056     0.06(  83-> 111)  0.06(  83-> 104)  0.05(  80-> 101)
  219    9.539   130.0     0.0053    12.0036     0.06(  90-> 105)  0.06(  90-> 110)  0.04(  90-> 117)
  220    9.543   129.9     0.0392    42.3992     0.16(  80-> 101)  0.08(  80-> 103)  0.05(  70->  94)
  221    9.551   129.8     0.0075   -25.2608     0.06(  89-> 102)  0.05(  92-> 116)  0.04(  81-> 102)
  222    9.567   129.6     0.0185    -8.0352     0.07(  92-> 113)  0.04(  70->  94)  0.04(  85-> 129)
  223    9.569   129.6     0.0108     1.5134     0.14(  85-> 129)  0.11(  85-> 121)  0.06(  85-> 124)
  224    9.575   129.5     0.0270   -17.1248     0.08(  70->  94)  0.06(  92-> 115)  0.05(  92-> 113)
  225    9.600   129.2     0.0042     3.1046     0.05(  92-> 113)  0.03(  90-> 125)  0.02(  81-> 107)
  226    9.620   128.9     0.0005    -4.6344     0.08(  92-> 116)  0.07(  91-> 116)  0.05(  92-> 115)
  227    9.625   128.8     0.0223    -3.5244     0.11(  83-> 111)  0.05(  91-> 123)  0.04(  90-> 129)
  228    9.636   128.7     0.0023     2.7541     0.30(  77->  93)  0.06(  79->  93)  0.05(  75->  93)
  229    9.640   128.6     0.0045    -8.7483     0.04(  91-> 113)  0.04(  92-> 115)  0.04(  89-> 108)
  230    9.658   128.4     0.0133    10.3039     0.35(  82->  95)  0.07(  69->  95)  0.06(  72->  95)
  231    9.664   128.3     0.0074     1.1193     0.45(  84->  98)  0.22(  89->  98)  0.04(  90->  98)
  232    9.668   128.2     0.0014     4.6377     0.05(  90-> 106)  0.04(  81-> 102)  0.03(  89-> 102)
  233    9.672   128.2     0.0027     0.5342     0.12(  85-> 103)  0.08(  82->  95)  0.07(  85-> 101)
  234    9.676   128.1     0.0021     1.9942     0.12(  85-> 103)  0.06(  85-> 101)  0.05(  86-> 101)
  235    9.683   128.0     0.0021     5.3850     0.09(  88-> 101)  0.07(  88-> 103)  0.06(  86-> 101)
  236    9.691   127.9     0.0024    -1.2077     0.07(  77-> 101)  0.06(  85-> 103)  0.05(  86-> 101)
  237    9.703   127.8     0.0022    -6.0438     0.14(  92-> 117)  0.07(  92-> 114)  0.05(  90-> 107)
  238    9.707   127.7     0.0012     0.5858     0.25(  77-> 101)  0.09(  77-> 103)  0.05(  75-> 103)
  239    9.722   127.5     0.0061     9.4539     0.06(  87-> 125)  0.06(  87-> 124)  0.05(  82->  95)
  240    9.728   127.4     0.0032    -2.8198     0.09(  86-> 101)  0.04(  86-> 103)  0.04(  82->  95)
  241    9.738   127.3     0.0037     0.0444     0.16(  86-> 101)  0.07(  86-> 103)  0.04(  88-> 101)
  242    9.746   127.2     0.0040   -11.5863     0.06(  86-> 101)  0.04(  71->  93)  0.03(  82->  99)
  243    9.757   127.1     0.0033     0.4382     0.07(  82->  95)  0.07(  71->  93)  0.04(  66->  95)
  244    9.766   127.0     0.0039    -6.3538     0.06(  71->  93)  0.06(  72->  93)  0.05(  82->  97)
  245    9.771   126.9     0.0019    -3.1851     0.05(  92-> 114)  0.03(  83-> 112)  0.03(  91-> 110)
  246    9.777   126.8     0.0010    -0.7465     0.12(  92-> 114)  0.08(  92-> 117)  0.04(  92-> 113)
  247    9.787   126.7     0.0021     3.0098     0.09(  88-> 130)  0.06(  92-> 117)  0.06(  92-> 114)
  248    9.791   126.6     0.0049    -3.2641     0.04(  84-> 103)  0.04(  76->  99)  0.03(  88-> 130)
  249    9.794   126.6     0.0160   -17.7801     0.16(  86-> 123)  0.15(  86-> 113)  0.12(  86-> 121)
  250    9.807   126.4     0.0027     1.5738     0.04(  91-> 113)  0.04(  92-> 117)  0.03(  89-> 108)
  251    9.809   126.4     0.0023    12.6932     0.12(  82->  97)  0.07(  78-> 104)  0.03(  55->  93)
  252    9.818   126.3     0.0013     0.3284     0.41(  82->  97)  0.04(  78-> 104)  0.02(  82->  95)
  253    9.824   126.2     0.0022    25.7223     0.08(  82->  97)  0.06(  89-> 102)  0.05(  84-> 103)
  254    9.826   126.2     0.0003    -1.0005     0.08(  82->  97)  0.04(  84-> 103)  0.02(  89-> 109)
  255    9.833   126.1     0.0019     2.9977     0.05(  83-> 111)  0.03(  83-> 104)  0.03(  91-> 130)
  256    9.840   126.0     0.0007     0.3520     0.16(  87-> 104)  0.14(  87-> 100)  0.06(  71->  93)
  257    9.850   125.9     0.0035     3.7596     0.12(  82->  99)  0.10(  77->  99)  0.09(  69->  99)
  258    9.873   125.6     0.0022     3.0137     0.05(  91-> 130)  0.03(  91-> 114)  0.03(  89-> 118)
  259    9.879   125.5     0.0036     1.4289     0.17(  73->  94)  0.08(  67->  94)  0.06(  79->  93)
  260    9.898   125.3     0.0022     7.3784     0.02(  91-> 141)  0.02(  76->  99)  0.02(  69->  99)
  261    9.920   125.0     0.0044   -22.1828     0.07(  79-> 103)  0.06(  72->  93)  0.05(  79-> 101)
  262    9.920   125.0     0.0038    30.6942     0.16(  65->  93)  0.08(  72->  93)  0.08(  56->  93)
  263    9.932   124.8     0.0028    -1.3598     0.07(  91-> 130)  0.03(  78-> 104)  0.03(  78->  93)
  264    9.942   124.7     0.0018    -5.5423     0.13(  65->  93)  0.05(  56->  93)  0.05(  79->  93)
  265    9.949   124.6     0.0096   -17.4501     0.04(  87-> 105)  0.03(  92-> 121)  0.03(  92-> 119)
  266    9.955   124.5     0.0073   -20.7358     0.06(  85-> 125)  0.05(  85-> 130)  0.05(  85-> 103)
  267    9.962   124.5     0.0072    13.7567     0.04(  79-> 103)  0.03(  79-> 101)  0.03(  87-> 105)
  268    9.965   124.4     0.0115    12.3808     0.05(  66->  95)  0.03(  60->  95)  0.03(  79->  93)
  269    9.969   124.4     0.0006    -1.9779     0.22(  87-> 105)  0.08(  87-> 103)  0.04(  85-> 125)
  270    9.977   124.3     0.0040     5.4631     0.06(  72->  93)  0.06(  66->  95)  0.04(  69->  95)
  271    9.988   124.1     0.0031    -1.1882     0.06(  66->  96)  0.04(  92-> 121)  0.03(  76->  96)
  272    9.998   124.0     0.0083    24.5806     0.07(  74->  93)  0.05(  59->  93)  0.04(  79->  94)

  alpha tensor

           1         2         3
 
    1 430.97837
    2  82.54848 204.07637
    3  -4.66779  11.84686  46.91229
 trace alpha_L[0] / au:   227.322342673468     
 sum rule f_L           9.05870458212214     
 
 SOS specific optical rotation 
 including Lorentz factor for common solvent (n=1.4)
 lambda [eV] alpha[grad*cm^3*g^-1*dm^-1]
 632.8  1.96      427.77
 589.3  2.10      543.07        0.00 ##
 579.0  2.14      578.37
 546.0  2.27      723.57
 436.0  2.84     2744.69
 365.0  3.40    54179.30
 
 sTD-DFT done.
Mon 21 Mar 14:15:54 GMT 2022
