Mon 21 Mar 13:54:42 GMT 2022


                 *********************************************
                 *                                           *
                 *               s  T  D  A                  *
                 *                                           *
                 *                S. Grimme                  *
                 * Mulliken Center for Theoretical Chemistry *
                 *             Universitaet Bonn             *
                 *              Version 1.6.2                *
                 *       Tue Sep 10 14:44:30 CET 2020        *
                 *********************************************
 
 Please cite as:
 S. Grimme, J. Chem. Phys. 138 (2013) 244104
 
 With contributions from:
 C. Bannwarth, P. Shushkov, M. de Wergifosse
 
======================================================================
 
 reading an xTB output...
 
 reading: wfn.xtb
======================================================================
                    M O / A O    I N P U T 
======================================================================
atom  #          x             y             z            charge
  N   1     -4.30611852   11.53129672   -4.31840174         7.00
  C   2     -2.83780146    9.98984726   -3.91381141         6.00
  S   3     -0.61378299    7.79001728   -3.34557082        16.00
  C   4     -2.61783736    5.41689943   -2.19453874         6.00
  C   5     -5.23586369    5.44637916   -1.88235602         6.00
  C   6     -5.89065373    3.10198515   -0.92464291         6.00
  C   7     -3.65132848    1.70661150   -0.65838052         6.00
  N   8     -1.66900596    3.17700727   -1.45943535         7.00
  B   9      1.07468715    2.27863155   -1.75687822         5.00
  F  10      2.68794619    3.95576333   -0.55595737         9.00
  F  11      1.63329014    2.21570368   -4.32766140         9.00
  N  12      1.34019364   -0.38739382   -0.58260251         7.00
  C  13      3.41567965   -1.78975945   -0.07634493         6.00
  N  14      5.83207222   -1.24211687   -0.61567271         7.00
  C  15      6.78657280    0.65838052   -2.33759100         6.00
  C  16      8.35617918    2.60819976   -0.88458072         6.00
  O  17     10.36269019    1.42485337    0.42008608         8.00
  C  18      9.43672447   -0.40364546    2.09910758         6.00
  C  19      7.90491262   -2.44700613    0.70826929         6.00
  C  20      2.63654564   -4.06990278    1.14763057         6.00
  C  21      0.07086472   -4.01566764    1.34567385         6.00
  C  22     -0.76949641   -1.70831226    0.27930150         6.00
  C  23     -3.20554213   -0.76118161    0.22260972         6.00
  C  24     -5.33186177   -2.29677292    1.13213482         6.00
  C  25     -6.95570327   -1.36305933    2.98142063         6.00
  C  26     -8.95919073   -2.80926660    3.83085244         6.00
  C  27     -9.37795400   -5.19391177    2.83610070         6.00
  C  28     -7.77678920   -6.13197173    0.99021640         6.00
  C  29     -5.76139647   -4.69937049    0.14588684         6.00
  H  30     -6.46116199    6.99860005   -2.31718196         1.00
  H  31     -7.75619119    2.44946278   -0.48395882         1.00
  H  32      5.28008327    1.58151165   -3.36012171         1.00
  H  33      8.01810720   -0.30537971   -3.69932752         1.00
  H  34      9.21959496    3.94801545   -2.18868059         1.00
  H  35      7.13371546    3.62808485    0.44370765         1.00
  H  36     11.08078605   -1.24514043    3.01789234         1.00
  H  37      8.22125274    0.48584854    3.53548828         1.00
  H  38      7.22763484   -3.81800231    2.07813163         1.00
  H  39      9.13039990   -3.39111322   -0.66915196         1.00
  H  40      3.84464744   -5.58621888    1.72891027         1.00
  H  41     -1.12911125   -5.42067889    2.17526354         1.00
  H  42     -6.60950548    0.48339190    3.77718423         1.00
  H  43    -10.19866198   -2.07246245    5.27479204         1.00
  H  44    -10.94812729   -6.31697590    3.49618198         1.00
  H  45     -8.10144412   -7.98635981    0.20220068         1.00
  H  46     -4.53080694   -5.41406484   -1.31695001         1.00

 # atoms          =   46
 # mos            =  213
 # primitive  aos = 1667
 # contracted aos =  317

 spherical AO basis
======================================================================
                    A O   I N T E G R A L S
======================================================================
 memory needed for AO int data:   3 Mb
 done.
  
Restricted MOs found... RKS-sTD-DFT will be performed
  
======================================================================
                    s T D A
======================================================================
 spectral range up to (eV)     :    10.0000000000000     
 occ MO cut-off (eV)           :   -36.4596197448794     
 virtMO cut-off (eV)           :    14.3800746852103     
 perturbation thr              :   1.000000000000000E-004
 triplet                       :  F
 MOs in TDA :          174
 oMOs in TDA:           72
 vMOs in TDA:          102
 sorting MOs ...
 reading and transforming R..V..L AO ints ...
 ints done.
 S^1/2 ...
 S^1/2 orthogonalized MO coefficients done.

 SCF atom population (using active MOs):
  5.275  4.016  5.447  4.035  4.075  4.009  4.001  5.250  2.744  7.000
  7.013  5.240  3.767  5.058  3.816  3.567  5.388  3.547  3.817  4.039
  3.989  3.986  4.003  4.073  3.972  3.992  3.990  3.993  3.976  1.018
  0.996  1.120  0.980  0.958  1.007  0.950  0.949  1.023  0.965  0.990
  0.987  1.002  0.990  0.994  0.990  1.000
 
 # electrons in TDA: 144.000
 
 
 ax(DF)   :   0.500000000000000     
 s^K      :    2.00000000000000     
 beta  (J):    4.00000000000000     
 alpha (K):    2.00000000000000     
 
 hardness table read.
 setting up gammas ...
 memory needed for q data (Mb)                      3
 computing q(ij,n) ...
 
         161 CSF included by energy.
 
        7183 considered in PT2.
 ordered frontier orbitals
         eV     # centers
  62   -18.864    16.5
  63   -18.258    13.6
  64   -17.691     2.0
  65   -17.400    12.2
  66   -16.728     6.3
  67   -16.580    10.6
  68   -16.531     4.4
  69   -16.442    12.1
  70   -16.028     3.4
  71   -15.198    10.2
  72   -13.620    10.7
 
  73    -8.460     9.2
  74    -6.124     4.7
  75    -6.103     5.2
  76    -5.521    16.0
  77    -5.279    20.3
  78    -5.016     9.2
  79    -4.641    13.4
  80    -4.533    19.8
  81    -4.466    19.1
  82    -4.317    27.0
  83    -4.076    22.9
 
             lowest CSF states
       eV     nm      excitation i->a               eV
    1  3.29   376.8       72 ->  73     gap,J,K:   5.160   3.818   0.974   Kshft:   0.000  locality: 0.972
    2  4.17   297.4       70 ->  73     gap,J,K:   7.568   3.870   0.226   Kshft:   0.019  locality: 0.824
    3  4.22   294.0       71 ->  73     gap,J,K:   6.739   3.587   0.533   Kshft:   0.001  locality: 0.956
    4  4.93   251.5       69 ->  73     gap,J,K:   7.982   3.452   0.176   Kshft:   0.047  locality: 0.912
    5  4.94   251.1       66 ->  73     gap,J,K:   8.268   3.894   0.277   Kshft:   0.008  locality: 0.941
    6  5.06   245.1       67 ->  73     gap,J,K:   8.120   3.522   0.221   Kshft:   0.020  locality: 0.965
    7  5.20   238.3       72 ->  75     gap,J,K:   7.516   2.876   0.035   Kshft:   0.493  locality: 0.667
    8  5.31   233.4       72 ->  74     gap,J,K:   7.496   2.699   0.007   Kshft:   0.500  locality: 0.610
    9  5.32   233.1       68 ->  73     gap,J,K:   8.071   3.300   0.068   Kshft:   0.411  locality: 0.729
   10  5.42   228.7       72 ->  76     gap,J,K:   8.098   3.185   0.004   Kshft:   0.500  locality: 0.804
   11  5.77   215.0       72 ->  78     gap,J,K:   8.603   3.345   0.005   Kshft:   0.500  locality: 0.887
   12  5.84   212.2       72 ->  79     gap,J,K:   8.978   3.761   0.309   Kshft:   0.005  locality: 0.973
   13  6.03   205.5       72 ->  77     gap,J,K:   8.340   2.813   0.003   Kshft:   0.500  locality: 0.752
   14  6.07   204.3       72 ->  81     gap,J,K:   9.154   3.577   0.239   Kshft:   0.015  locality: 0.982
   15  6.17   200.9       65 ->  73     gap,J,K:   8.940   3.293   0.257   Kshft:   0.011  locality: 0.889
   16  6.41   193.4       72 ->  80     gap,J,K:   9.086   3.207   0.015   Kshft:   0.500  locality: 0.851
   17  6.51   190.5       71 ->  75     gap,J,K:   9.095   2.972   0.157   Kshft:   0.070  locality: 0.722
   18  6.68   185.6       72 ->  83     gap,J,K:   9.544   3.251   0.131   Kshft:   0.126  locality: 0.917
   19  6.69   185.4       71 ->  74     gap,J,K:   9.074   2.846   0.097   Kshft:   0.266  locality: 0.673
   20  6.73   184.3       68 ->  75     gap,J,K:  10.428   4.978   0.639   Kshft:   0.000  locality: 1.003
   21  6.77   183.3       64 ->  73     gap,J,K:   9.232   2.967   0.000   Kshft:   0.500  locality: 0.659
   22  6.78   182.8       72 ->  82     gap,J,K:   9.303   3.036   0.008   Kshft:   0.500  locality: 0.873
   23  6.83   181.5       72 ->  86     gap,J,K:   9.808   3.360   0.147   Kshft:   0.089  locality: 0.863
   24  6.83   181.5       72 ->  87     gap,J,K:   9.837   3.400   0.171   Kshft:   0.052  locality: 0.889
   25  6.83   181.5       63 ->  73     gap,J,K:   9.798   3.477   0.249   Kshft:   0.013  locality: 0.889
 
 selecting CSF ...
 average/max PT2 energy lowering (eV):     0.034     0.335
        1085 CSF included by PT.
        1246 CSF in total.
 sTD-DFT procedure...
 setting up A+B and A-B matrices
  calculating (A-B)^0.5 ...
 estimated time (min)     0.08
  calculating (A+B)*(A-B)^0.5 ...
 calculate eigenvalues of (A-B)^0.5*(A+B)*(A-B)^0.5 ...
  rpa vectors ok
  178 roots found, lowest/highest eigenvalue :    2.307   9.999   0
 writing spectral data to tda.dat ...
 
 excitation energies, transition moments and TDA amplitudes
 state    eV      nm       fL         Rv
    1    2.307   537.4     0.7059   -11.4770     0.98(  72->  73)  0.00(  71->  79)  0.00(  71->  81)
    2    3.515   352.7     0.3280    17.5215     0.83(  71->  73)  0.05(  67->  73)  0.05(  70->  73)
    3    3.891   318.7     0.0377    -1.6473     0.87(  70->  73)  0.04(  66->  73)  0.04(  67->  73)
    4    4.294   288.7     0.2790    16.6807     0.39(  66->  73)  0.33(  69->  73)  0.12(  67->  73)
    5    4.735   261.9     0.0077    -2.8205     0.46(  69->  73)  0.37(  67->  73)  0.04(  66->  73)
    6    4.855   255.4     0.0025    -3.7253     0.39(  68->  73)  0.22(  68->  75)  0.15(  69->  74)
    7    4.902   252.9     0.0049    10.8364     0.71(  72->  76)  0.12(  71->  76)  0.03(  72->  79)
    8    4.975   249.2     0.0323    14.9711     0.79(  72->  75)  0.06(  72->  74)  0.02(  66->  73)
    9    5.127   241.8     0.0037   -16.6626     0.40(  66->  73)  0.37(  67->  73)  0.07(  69->  73)
   10    5.214   237.8     0.0014     1.8382     0.83(  72->  74)  0.06(  72->  75)  0.04(  68->  73)
   11    5.259   235.8     0.0724   -23.7357     0.39(  72->  79)  0.17(  72->  77)  0.15(  72->  78)
   12    5.386   230.2     0.1211   -55.4117     0.54(  72->  78)  0.23(  72->  79)  0.04(  71->  79)
   13    5.488   225.9     0.0078     3.1074     0.53(  68->  73)  0.22(  68->  75)  0.09(  69->  74)
   14    5.525   224.4     0.0679     2.3579     0.44(  72->  81)  0.15(  72->  77)  0.15(  72->  79)
   15    5.707   217.3     0.0282    32.1746     0.25(  72->  81)  0.25(  72->  80)  0.22(  72->  77)
   16    5.772   214.8     0.0128    12.4641     0.72(  65->  73)  0.09(  71->  75)  0.06(  63->  73)
   17    5.956   208.2     0.0051    -0.1753     0.33(  72->  80)  0.13(  72->  77)  0.08(  71->  75)
   18    5.995   206.8     0.0196     0.7621     0.42(  71->  75)  0.14(  68->  74)  0.07(  69->  75)
   19    6.140   201.9     0.0565    -4.5885     0.49(  72->  83)  0.20(  72->  82)  0.05(  72->  84)
   20    6.234   198.9     0.0580     2.7279     0.25(  72->  87)  0.23(  72->  82)  0.10(  72->  84)
   21    6.272   197.7     0.1861    27.8648     0.58(  72->  86)  0.11(  72->  87)  0.03(  71->  86)
   22    6.299   196.8     0.0098   -20.8521     0.32(  72->  87)  0.16(  72->  85)  0.10(  72->  86)
   23    6.470   191.6     0.0844    -6.4213     0.41(  68->  74)  0.22(  71->  75)  0.08(  69->  75)
   24    6.498   190.8     0.0225    66.2460     0.27(  72->  84)  0.08(  72->  83)  0.07(  72->  82)
   25    6.572   188.7     0.0390   -79.5199     0.50(  64->  73)  0.21(  63->  73)  0.06(  71->  74)
   26    6.590   188.1     0.0467    10.9676     0.31(  64->  73)  0.28(  71->  74)  0.18(  63->  73)
   27    6.617   187.4     0.0565    19.6610     0.36(  71->  74)  0.30(  63->  73)  0.07(  68->  75)
   28    6.696   185.2     0.0079   -14.8295     0.15(  69->  77)  0.14(  71->  77)  0.12(  72->  88)
   29    6.778   182.9     0.0056    49.9052     0.22(  72->  88)  0.09(  69->  77)  0.07(  71->  77)
   30    6.844   181.2     0.0014   -16.6561     0.22(  69->  76)  0.15(  71->  76)  0.10(  72->  76)
   31    6.895   179.8     0.0011    10.4152     0.74(  68->  77)  0.11(  68->  76)  0.02(  68->  80)
   32    6.952   178.3     0.0087    18.7183     0.35(  62->  73)  0.28(  61->  73)  0.06(  64->  73)
   33    6.959   178.2     0.0062    28.8051     0.33(  70->  78)  0.10(  70->  77)  0.08(  62->  73)
   34    7.013   176.8     0.0355   -14.8241     0.18(  72->  85)  0.15(  72->  89)  0.07(  71->  79)
   35    7.031   176.3     0.1022   -40.4393     0.21(  72->  89)  0.17(  72->  90)  0.16(  71->  79)
   36    7.074   175.3     0.0291   -84.4509     0.25(  71->  79)  0.12(  71->  81)  0.11(  72->  90)
   37    7.116   174.2     0.0168   -18.7773     0.18(  66->  76)  0.09(  71->  78)  0.06(  67->  78)
   38    7.187   172.5     0.0645    18.4684     0.10(  66->  76)  0.08(  72->  88)  0.06(  72->  89)
   39    7.195   172.3     0.2358  -172.0218     0.21(  70->  75)  0.12(  71->  79)  0.07(  71->  78)
   40    7.201   172.2     0.4197    16.6760     0.24(  69->  75)  0.18(  68->  74)  0.13(  67->  75)
   41    7.246   171.1     0.2374    90.2181     0.18(  69->  74)  0.16(  68->  75)  0.13(  70->  75)
   42    7.260   170.8     0.0076    38.6682     0.19(  72->  91)  0.14(  70->  75)  0.09(  71->  81)
   43    7.372   168.2     0.0443    48.8359     0.24(  72->  93)  0.16(  72->  92)  0.07(  72->  91)
   44    7.388   167.8     0.0492   -11.2195     0.37(  60->  73)  0.19(  59->  73)  0.04(  54->  73)
   45    7.413   167.3     0.0172    -0.0983     0.14(  72->  91)  0.08(  72->  92)  0.07(  71->  81)
   46    7.439   166.7     0.2053   113.3217     0.17(  70->  75)  0.11(  70->  81)  0.10(  70->  79)
   47    7.479   165.8     0.0042     1.9323     0.90(  70->  74)  0.04(  67->  74)  0.01(  69->  74)
   48    7.491   165.5     0.0335    28.8108     0.07(  67->  75)  0.07(  72->  90)  0.06(  72->  89)
   49    7.511   165.1     0.0712   -35.4922     0.07(  67->  75)  0.07(  66->  75)  0.06(  72->  92)
   50    7.600   163.1     0.0231    21.8146     0.11(  71->  80)  0.08(  69->  80)  0.06(  72->  80)
   51    7.642   162.2     0.1138     7.9414     0.35(  59->  73)  0.24(  60->  73)  0.06(  61->  73)
   52    7.684   161.4     0.0145  -145.3424     0.11(  71->  77)  0.08(  72->  82)  0.07(  71->  84)
   53    7.697   161.1     0.0100    24.4626     0.20(  72->  94)  0.07(  71->  82)  0.06(  72->  95)
   54    7.740   160.2     0.0060   -14.8456     0.10(  71->  81)  0.07(  71->  80)  0.05(  71->  77)
   55    7.777   159.4     0.0754   -33.1005     0.13(  70->  79)  0.07(  70->  78)  0.07(  66->  79)
   56    7.793   159.1     0.0581    30.6457     0.09(  72->  96)  0.09(  72->  92)  0.05(  71->  82)
   57    7.807   158.8     0.0082    -9.3960     0.25(  56->  73)  0.15(  62->  73)  0.11(  61->  73)
   58    7.810   158.8     0.0052    -5.9178     0.13(  67->  74)  0.12(  67->  75)  0.09(  66->  74)
   59    7.825   158.4     0.0491   -34.9931     0.17(  67->  74)  0.11(  66->  74)  0.07(  66->  79)
   60    7.867   157.6     0.0134    31.9613     0.11(  62->  73)  0.10(  56->  73)  0.09(  61->  73)
   61    7.874   157.5     0.0091    66.8934     0.07(  72->  96)  0.06(  62->  73)  0.05(  61->  73)
   62    7.900   156.9     0.0070     5.9284     0.11(  72->  96)  0.10(  66->  79)  0.06(  72->  92)
   63    7.954   155.9     0.0064    89.3125     0.33(  68->  82)  0.19(  68->  83)  0.13(  68->  84)
   64    7.974   155.5     0.0137   -11.7304     0.08(  70->  87)  0.08(  70->  86)  0.05(  72->  93)
   65    8.031   154.4     0.1064   -93.5284     0.10(  72->  96)  0.09(  71->  83)  0.03(  55->  73)
   66    8.072   153.6     0.0005    -9.5849     0.30(  55->  73)  0.11(  51->  73)  0.10(  54->  73)
   67    8.146   152.2     0.0025    -5.6506     0.14(  70->  86)  0.10(  70->  87)  0.08(  71->  87)
   68    8.163   151.9     0.0319   -59.8604     0.30(  72->  95)  0.04(  72-> 100)  0.03(  71->  90)
   69    8.192   151.4     0.0008     9.5173     0.79(  53->  73)  0.04(  55->  73)  0.02(  61->  73)
   70    8.196   151.3     0.0008    36.5460     0.08(  71->  85)  0.06(  71->  77)  0.05(  69->  84)
   71    8.238   150.5     0.0055     3.2837     0.07(  71->  84)  0.06(  65->  78)  0.05(  67->  84)
   72    8.285   149.7     0.0092    15.9514     0.35(  52->  73)  0.26(  54->  73)  0.07(  55->  73)
   73    8.296   149.4     0.0141   -18.0652     0.12(  66->  77)  0.07(  66->  82)  0.05(  71->  76)
   74    8.328   148.9     0.0255    35.1751     0.11(  66->  77)  0.09(  72->  97)  0.04(  66->  76)
   75    8.366   148.2     0.0223    -7.7998     0.11(  68->  85)  0.07(  68->  84)  0.06(  71->  87)
   76    8.367   148.2     0.0098    -4.3586     0.16(  66->  75)  0.08(  68->  85)  0.06(  68->  84)
   77    8.381   147.9     0.0052    -3.4279     0.13(  66->  75)  0.05(  68->  85)  0.05(  72->  97)
   78    8.394   147.7     0.0022    -5.3366     0.25(  59->  74)  0.23(  60->  74)  0.08(  52->  73)
   79    8.406   147.5     0.0279   -27.8579     0.14(  64->  78)  0.06(  70->  76)  0.05(  70->  77)
   80    8.407   147.5     0.0154    12.7837     0.26(  52->  73)  0.08(  55->  73)  0.06(  58->  73)
   81    8.422   147.2     0.0200     1.6226     0.10(  64->  78)  0.08(  66->  75)  0.07(  51->  73)
   82    8.442   146.9     0.0343     5.4416     0.13(  51->  73)  0.12(  64->  78)  0.08(  70->  76)
   83    8.456   146.6     0.0014    -9.7306     0.17(  51->  73)  0.07(  70->  76)  0.07(  55->  73)
   84    8.467   146.4     0.0025    12.1353     0.19(  64->  78)  0.05(  72->  95)  0.05(  72->  98)
   85    8.487   146.1     0.0033   -15.8528     0.13(  70->  86)  0.07(  70->  87)  0.06(  71->  87)
   86    8.508   145.7     0.0125    -7.2980     0.06(  69->  82)  0.05(  71->  83)  0.04(  64->  78)
   87    8.526   145.4     0.0021     1.4015     0.11(  72-> 100)  0.10(  72->  98)  0.06(  72->  97)
   88    8.556   144.9     0.0231    25.2619     0.09(  70->  87)  0.04(  70->  89)  0.04(  46->  73)
   89    8.565   144.8     0.0049     2.5392     0.41(  66->  74)  0.13(  67->  74)  0.09(  66->  75)
   90    8.618   143.9     0.0189    -5.7687     0.23(  60->  75)  0.07(  65->  75)  0.05(  63->  75)
   91    8.633   143.6     0.0180     9.5794     0.20(  56->  73)  0.13(  58->  73)  0.08(  50->  73)
   92    8.643   143.5     0.0413     2.2886     0.09(  56->  73)  0.09(  58->  73)  0.05(  71->  82)
   93    8.652   143.3     0.0101    -1.7144     0.11(  59->  74)  0.06(  60->  74)  0.06(  72->  99)
   94    8.659   143.2     0.0018    -6.2177     0.21(  60->  74)  0.18(  59->  74)  0.08(  66->  74)
   95    8.703   142.5     0.0236     6.5810     0.09(  66->  81)  0.05(  71->  83)  0.04(  66->  77)
   96    8.721   142.2     0.0373   -21.5322     0.15(  59->  75)  0.14(  54->  73)  0.11(  48->  73)
   97    8.729   142.0     0.0133    15.0139     0.06(  71->  84)  0.06(  71->  83)  0.04(  66->  83)
   98    8.742   141.8     0.0032    -0.9144     0.21(  68->  88)  0.15(  68->  85)  0.07(  68->  82)
   99    8.758   141.6     0.0064     6.2853     0.14(  69->  79)  0.04(  72-> 100)  0.04(  69->  81)
  100    8.775   141.3     0.0164   -21.6538     0.07(  71->  89)  0.07(  70->  76)  0.05(  63->  76)
  101    8.789   141.1     0.0040    11.3513     0.28(  50->  73)  0.17(  57->  73)  0.06(  60->  75)
  102    8.823   140.5     0.0073   -14.3834     0.09(  67->  79)  0.04(  71->  87)  0.04(  67->  81)
  103    8.831   140.4     0.0033    -6.4118     0.07(  67->  79)  0.06(  67->  81)  0.05(  69->  79)
  104    8.860   139.9     0.0306    18.3907     0.08(  72->  99)  0.06(  67->  81)  0.05(  69->  79)
  105    8.872   139.7     0.0061     0.9219     0.09(  71->  88)  0.06(  71->  91)  0.05(  66->  83)
  106    8.896   139.4     0.0012     1.0649     0.09(  70->  76)  0.06(  72->  99)  0.05(  72-> 101)
  107    8.907   139.2     0.0045     5.5271     0.09(  71->  88)  0.04(  71->  84)  0.03(  45->  73)
  108    8.926   138.9     0.0082     7.9296     0.06(  72-> 101)  0.05(  72-> 100)  0.05(  69->  79)
  109    8.936   138.7     0.0063     2.0554     0.23(  70->  76)  0.13(  70->  77)  0.05(  71->  89)
  110    8.957   138.4     0.0032     7.5490     0.20(  57->  73)  0.05(  60->  75)  0.04(  71->  90)
  111    8.989   137.9     0.0087     6.4886     0.31(  47->  73)  0.17(  57->  73)  0.03(  44->  73)
  112    8.990   137.9     0.0100    17.0549     0.07(  71->  85)  0.06(  65->  75)  0.06(  72-> 101)
  113    9.004   137.7     0.0102     4.6451     0.06(  72-> 104)  0.04(  69->  90)  0.03(  72-> 103)
  114    9.015   137.5     0.0029    -0.2819     0.14(  55->  74)  0.08(  47->  73)  0.04(  65->  74)
  115    9.031   137.3     0.0020    -5.3312     0.15(  55->  74)  0.12(  47->  73)  0.05(  70->  81)
  116    9.049   137.0     0.0119   -19.5706     0.06(  72-> 103)  0.05(  72-> 101)  0.04(  71->  92)
  117    9.068   136.7     0.0021    -6.1209     0.20(  65->  75)  0.05(  59->  75)  0.05(  60->  75)
  118    9.086   136.5     0.0047    -4.7359     0.06(  65->  75)  0.05(  62->  76)  0.04(  61->  76)
  119    9.133   135.8     0.1501    36.9225     0.30(  46->  73)  0.04(  66->  83)  0.04(  70->  83)
  120    9.176   135.1     0.0041   -17.1619     0.08(  62->  76)  0.07(  71->  91)  0.06(  61->  76)
  121    9.191   134.9     0.0039    -0.6032     0.19(  55->  75)  0.18(  68->  79)  0.14(  68->  81)
  122    9.207   134.7     0.0095     4.7843     0.36(  44->  73)  0.18(  49->  73)  0.06(  57->  73)
  123    9.223   134.4     0.0047     0.3279     0.10(  62->  76)  0.08(  61->  76)  0.03(  44->  73)
  124    9.233   134.3     0.0188    -4.0283     0.05(  71->  94)  0.04(  72-> 103)  0.04(  65->  74)
  125    9.243   134.1     0.0220     9.1646     0.15(  65->  74)  0.07(  55->  74)  0.05(  72-> 103)
  126    9.265   133.8     0.0022   -18.2244     0.05(  65->  74)  0.04(  69->  83)  0.03(  66->  80)
  127    9.279   133.6     0.0002     3.2010     0.14(  55->  75)  0.09(  68->  79)  0.08(  65->  74)
  128    9.285   133.5     0.0018     2.4382     0.10(  64->  86)  0.04(  64->  87)  0.03(  68->  93)
  129    9.297   133.4     0.0037    -6.8621     0.16(  45->  73)  0.05(  66->  83)  0.05(  55->  75)
  130    9.302   133.3     0.0030    19.3699     0.06(  72-> 103)  0.05(  64->  86)  0.05(  72-> 102)
  131    9.338   132.8     0.0024    -2.1942     0.06(  68->  76)  0.06(  72-> 103)  0.05(  55->  75)
  132    9.350   132.6     0.0091    -1.4408     0.09(  66->  77)  0.06(  66->  78)  0.04(  66->  84)
  133    9.373   132.3     0.0397   -21.5398     0.07(  72-> 102)  0.06(  64->  86)  0.06(  70->  83)
  134    9.390   132.0     0.0036    -1.5754     0.11(  70->  80)  0.07(  70->  89)  0.06(  64->  86)
  135    9.402   131.9     0.0122     8.5035     0.09(  64->  81)  0.09(  64->  87)  0.07(  64->  86)
  136    9.410   131.8     0.0102    -7.1315     0.11(  70->  89)  0.04(  70->  84)  0.04(  70->  93)
  137    9.417   131.7     0.0154    -2.1416     0.14(  72-> 106)  0.07(  72-> 104)  0.05(  72-> 101)
  138    9.450   131.2     0.0051    -1.0436     0.11(  72-> 104)  0.05(  72-> 102)  0.04(  72-> 107)
  139    9.452   131.2     0.0077    30.9826     0.09(  72-> 105)  0.05(  72-> 103)  0.04(  67->  76)
  140    9.484   130.7     0.1110    12.7633     0.15(  64->  87)  0.09(  70->  83)  0.07(  70->  82)
  141    9.491   130.6     0.0224    -8.7419     0.13(  49->  73)  0.08(  43->  73)  0.06(  44->  73)
  142    9.503   130.5     0.0220    -6.9624     0.08(  68->  76)  0.05(  71->  91)  0.05(  72-> 103)
  143    9.523   130.2     0.0109    -6.1897     0.12(  68->  76)  0.10(  67->  76)  0.04(  68->  95)
  144    9.537   130.0     0.0042    -5.6044     0.11(  69->  78)  0.07(  68->  76)  0.05(  66->  80)
  145    9.553   129.8     0.0122    -3.6803     0.07(  66->  82)  0.07(  67->  82)  0.05(  72-> 106)
  146    9.567   129.6     0.0310    -8.5076     0.05(  70->  85)  0.05(  70->  98)  0.03(  71->  96)
  147    9.582   129.4     0.0020     4.5562     0.09(  48->  73)  0.05(  49->  73)  0.05(  66->  83)
  148    9.585   129.4     0.0072    -8.9697     0.12(  59->  77)  0.08(  60->  77)  0.04(  65->  77)
  149    9.597   129.2     0.0120    -2.4044     0.06(  72-> 106)  0.04(  69->  78)  0.04(  60->  77)
  150    9.607   129.1     0.0043     3.0255     0.06(  70->  85)  0.05(  71->  96)  0.04(  70->  80)
  151    9.631   128.7     0.0039     3.2012     0.07(  63->  80)  0.04(  72-> 106)  0.04(  72-> 107)
  152    9.656   128.4     0.0020     2.1582     0.18(  66->  78)  0.07(  72-> 107)  0.06(  72-> 105)
  153    9.685   128.0     0.0064     0.5836     0.04(  68->  96)  0.04(  69->  81)  0.04(  72-> 107)
  154    9.712   127.7     0.0013    -2.1071     0.09(  68->  97)  0.09(  68->  95)  0.08(  68->  91)
  155    9.723   127.5     0.0079    12.0832     0.06(  69->  83)  0.04(  69->  78)  0.04(  65->  79)
  156    9.740   127.3     0.0265    -6.3481     0.22(  72-> 109)  0.04(  71->  90)  0.03(  65->  79)
  157    9.755   127.1     0.0066    -1.8144     0.06(  71->  90)  0.04(  72-> 107)  0.04(  71->  92)
  158    9.765   127.0     0.0230    -1.5583     0.09(  62->  80)  0.06(  70->  80)  0.06(  56->  76)
  159    9.772   126.9     0.0098    -1.8323     0.04(  71->  89)  0.04(  71->  96)  0.04(  60->  77)
  160    9.785   126.7     0.0004     4.0255     0.08(  72-> 107)  0.07(  69->  78)  0.04(  71->  88)
  161    9.797   126.6     0.0007     1.5732     0.20(  40->  73)  0.14(  39->  73)  0.09(  36->  73)
  162    9.807   126.4     0.0095    -2.0172     0.06(  72-> 109)  0.04(  70->  80)  0.03(  71-> 100)
  163    9.835   126.1     0.0024    -5.1664     0.09(  70->  80)  0.05(  38->  73)  0.04(  40->  73)
  164    9.850   125.9     0.0038    -9.8303     0.13(  68->  78)  0.05(  38->  73)  0.03(  68->  99)
  165    9.863   125.7     0.0008     2.5835     0.17(  68->  78)  0.04(  68->  92)  0.04(  68->  99)
  166    9.869   125.6     0.0037     4.3946     0.11(  38->  73)  0.08(  65->  79)  0.08(  40->  73)
  167    9.889   125.4     0.0073    -3.7685     0.04(  71-> 100)  0.03(  65->  79)  0.03(  67->  87)
  168    9.911   125.1     0.0127     2.0953     0.05(  65->  79)  0.05(  71->  92)  0.04(  70->  82)
  169    9.922   125.0     0.0131    -2.4939     0.06(  71->  87)  0.05(  71->  86)  0.05(  42->  73)
  170    9.926   124.9     0.0035     5.6111     0.19(  42->  73)  0.09(  43->  73)  0.03(  43->  75)
  171    9.930   124.9     0.0009    -4.4825     0.11(  42->  73)  0.06(  43->  73)  0.05(  64->  75)
  172    9.951   124.6     0.0287   -21.5933     0.10(  72-> 108)  0.07(  42->  73)  0.04(  43->  73)
  173    9.955   124.5     0.0025    -6.5204     0.59(  64->  75)  0.06(  37->  73)  0.03(  64->  86)
  174    9.965   124.4     0.0262    13.7729     0.16(  60->  77)  0.06(  59->  77)  0.04(  56->  76)
  175    9.969   124.4     0.0218    -3.0801     0.09(  59->  77)  0.09(  60->  77)  0.04(  38->  73)
  176    9.983   124.2     0.0044    -3.1612     0.08(  38->  73)  0.08(  39->  73)  0.07(  70->  83)
  177    9.992   124.1     0.0083    -9.2787     0.15(  39->  73)  0.11(  38->  73)  0.04(  70->  83)
  178    9.999   124.0     0.0035    -9.3632     0.08(  70->  96)  0.05(  70->  82)  0.05(  67->  80)

  alpha tensor

           1         2         3
 
    1 286.23187
    2 -86.70809 236.33176
    3  -1.42478 -65.64475  55.25153
 trace alpha_L[0] / au:   192.605051761734     
 sum rule f_L           5.82674912913120     
 
 SOS specific optical rotation 
 including Lorentz factor for common solvent (n=1.4)
 lambda [eV] alpha[grad*cm^3*g^-1*dm^-1]
 632.8  1.96     -706.62
 589.3  2.10    -1453.91        0.00 ##
 579.0  2.14    -1871.52
 546.0  2.27   -10153.54
 436.0  2.84     1848.36
 365.0  3.40     7817.78
 
 sTD-DFT done.
Mon 21 Mar 13:54:46 GMT 2022
