Mon 21 Mar 14:59:50 GMT 2022


                 *********************************************
                 *                                           *
                 *               s  T  D  A                  *
                 *                                           *
                 *                S. Grimme                  *
                 * Mulliken Center for Theoretical Chemistry *
                 *             Universitaet Bonn             *
                 *              Version 1.6.2                *
                 *       Tue Sep 10 14:44:30 CET 2020        *
                 *********************************************
 
 Please cite as:
 S. Grimme, J. Chem. Phys. 138 (2013) 244104
 
 With contributions from:
 C. Bannwarth, P. Shushkov, M. de Wergifosse
 
======================================================================
 
 reading an xTB output...
 
 reading: wfn.xtb
======================================================================
                    M O / A O    I N P U T 
======================================================================
atom  #          x             y             z            charge
  C   1     12.36202024    0.34941033   -1.49004891         6.00
  O   2     10.47815244    1.07279742    0.24131800         8.00
  C   3      8.05306713    0.35262286   -0.20352348         6.00
  C   4      6.26822097    1.14725262    1.57149610         6.00
  C   5      3.75148395    0.54934333    1.30202118         6.00
  C   6      2.93531132   -0.85944736   -0.77422072         6.00
  N   7      0.42783395   -1.54900836   -1.13232379         7.00
  C   8     -1.74780753   -0.37473266   -0.47091971         6.00
  C   9     -2.01274711    2.00651101    0.45920341         6.00
  C  10     -4.42063591    3.10160720    1.10378893         6.00
  O  11     -4.63379700    5.27157951    1.87857657         8.00
  C  12     -6.67545692    1.45130953    0.77629942         6.00
  C  13     -9.04158278    2.34968525    1.47096268         6.00
  C  14    -11.17300468    0.86417168    1.16123660         6.00
  C  15    -10.96286715   -1.54031562    0.13965075         6.00
  C  16     -8.62036286   -2.45475401   -0.56824059         6.00
  C  17     -6.46229583   -0.97717729   -0.25190047         6.00
  C  18     -3.99752627   -1.99290499   -1.00457831         6.00
  O  19     -3.72200423   -4.04703709   -2.01652656         8.00
  C  20      4.72752741   -1.70831226   -2.50539866         6.00
  C  21      7.25522484   -1.10908016   -2.23932525         6.00
  H  22     12.55080386   -1.70831226   -1.59303898         1.00
  H  23     11.98615375    1.10227715   -3.37996383         1.00
  H  24     14.11398517    1.15594536   -0.77403175         1.00
  H  25      6.91431828    2.23195532    3.17039323         1.00
  H  26      2.42546326    1.11833982    2.73840187         1.00
  H  27      0.11187178   -3.18305439   -2.09986347         1.00
  H  28     -0.39419683    3.22368350    0.69900963         1.00
  H  29     -9.16479291    4.23128537    2.25217539         1.00
  H  30    -13.00207042    1.58170062    1.71360349         1.00
  H  31    -12.62525907   -2.69815071   -0.10412390         1.00
  H  32     -8.41230404   -4.31991352   -1.37005131         1.00
  H  33      4.12791736   -2.84592728   -4.09144565         1.00
  H  34      8.58011170   -1.79316095   -3.62808485         1.00

 # atoms          =   34
 # mos            =  156
 # primitive  aos = 1223
 # contracted aos =  233

 spherical AO basis
======================================================================
                    A O   I N T E G R A L S
======================================================================
 memory needed for AO int data:   2 Mb
 done.
  
Restricted MOs found... RKS-sTD-DFT will be performed
  
======================================================================
                    s T D A
======================================================================
 spectral range up to (eV)     :    10.0000000000000     
 occ MO cut-off (eV)           :   -36.9466933912877     
 virtMO cut-off (eV)           :    13.9354462138370     
 perturbation thr              :   1.000000000000000E-004
 triplet                       :  F
 MOs in TDA :          127
 oMOs in TDA:           51
 vMOs in TDA:           76
 sorting MOs ...
 reading and transforming R..V..L AO ints ...
 ints done.
 S^1/2 ...
 S^1/2 orthogonalized MO coefficients done.

 SCF atom population (using active MOs):
  3.712  6.265  3.804  4.022  3.955  3.946  4.863  3.766  4.106  3.680
  6.438  4.030  3.959  3.966  3.980  3.908  3.976  3.117  5.480  3.977
  3.994  1.037  1.035  1.020  0.976  1.015  0.978  1.013  1.012  0.989
  0.989  0.985  0.983  1.024
 
 # electrons in TDA: 102.000
 
 
 ax(DF)   :   0.500000000000000     
 s^K      :    2.00000000000000     
 beta  (J):    4.00000000000000     
 alpha (K):    2.00000000000000     
 
 hardness table read.
 setting up gammas ...
 memory needed for q data (Mb)                      1
 computing q(ij,n) ...
 
         117 CSF included by energy.
 
        3759 considered in PT2.
 ordered frontier orbitals
         eV     # centers
  41   -19.542     8.7
  42   -19.122    11.5
  43   -18.497    12.5
  44   -18.182    11.2
  45   -17.338     5.4
  46   -16.774     6.0
  47   -16.592     4.7
  48   -16.346    10.4
  49   -16.272     6.5
  50   -15.808    10.8
  51   -14.065     8.2
 
  52    -8.947     9.8
  53    -6.683     6.8
  54    -5.916    10.6
  55    -5.829     5.0
  56    -5.134    10.7
  57    -5.078    11.6
  58    -4.929     9.2
  59    -4.444    18.0
  60    -4.239    10.1
  61    -4.072    20.4
  62    -3.785    12.5
 
             lowest CSF states
       eV     nm      excitation i->a               eV
    1  2.38   521.6       51 ->  52     gap,J,K:   5.118   3.676   0.467   Kshft:   0.001  locality: 0.837
    2  3.74   331.2       50 ->  52     gap,J,K:   6.861   3.565   0.212   Kshft:   0.024  locality: 0.844
    3  3.81   325.6       48 ->  52     gap,J,K:   7.399   4.118   0.013   Kshft:   0.500  locality: 0.957
    4  4.22   294.1       47 ->  52     gap,J,K:   7.645   4.148   0.358   Kshft:   0.003  locality: 0.866
    5  4.25   292.0       45 ->  52     gap,J,K:   8.391   4.656   0.005   Kshft:   0.500  locality: 0.990
    6  4.71   263.5       46 ->  52     gap,J,K:   7.827   4.117   0.497   Kshft:   0.001  locality: 0.905
    7  4.76   260.6       49 ->  52     gap,J,K:   7.325   3.133   0.037   Kshft:   0.490  locality: 0.709
    8  4.83   256.7       51 ->  53     gap,J,K:   7.381   2.944   0.128   Kshft:   0.137  locality: 0.663
    9  4.85   255.8       51 ->  55     gap,J,K:   8.235   4.198   0.404   Kshft:   0.002  locality: 0.914
   10  5.29   234.4       51 ->  54     gap,J,K:   8.149   3.573   0.355   Kshft:   0.003  locality: 0.894
   11  5.78   214.5       51 ->  56     gap,J,K:   8.930   3.861   0.354   Kshft:   0.003  locality: 0.967
   12  6.05   205.1       51 ->  57     gap,J,K:   8.986   3.506   0.058   Kshft:   0.450  locality: 0.805
   13  6.38   194.2       51 ->  59     gap,J,K:   9.621   3.753   0.008   Kshft:   0.500  locality: 0.946
   14  6.39   194.1       44 ->  52     gap,J,K:   9.236   3.254   0.181   Kshft:   0.043  locality: 0.756
   15  6.41   193.4       48 ->  53     gap,J,K:   9.662   3.773   0.010   Kshft:   0.500  locality: 0.867
   16  6.43   192.9       46 ->  53     gap,J,K:  10.091   4.626   0.481   Kshft:   0.001  locality: 1.005
   17  6.49   191.1       51 ->  60     gap,J,K:   9.826   3.725   0.160   Kshft:   0.067  locality: 0.905
   18  6.53   190.0       50 ->  55     gap,J,K:   9.978   4.055   0.298   Kshft:   0.006  locality: 0.918
   19  6.55   189.2       50 ->  53     gap,J,K:   9.124   2.959   0.131   Kshft:   0.127  locality: 0.693
   20  6.61   187.6       47 ->  53     gap,J,K:   9.908   4.816   0.759   Kshft:   0.000  locality: 0.994
   21  6.65   186.4       51 ->  61     gap,J,K:   9.993   3.901   0.062   Kshft:   0.437  locality: 0.985
   22  6.67   186.0       42 ->  52     gap,J,K:  10.175   4.009   0.000   Kshft:   0.500  locality: 0.877
   23  6.97   177.8       40 ->  52     gap,J,K:  10.658   4.120   0.205   Kshft:   0.027  locality: 0.872
   24  6.98   177.7       45 ->  53     gap,J,K:  10.655   4.182   0.002   Kshft:   0.500  locality: 0.879
   25  7.01   176.8       50 ->  54     gap,J,K:   9.891   3.495   0.305   Kshft:   0.006  locality: 0.909
 
 selecting CSF ...
 average/max PT2 energy lowering (eV):     0.025     0.145
         982 CSF included by PT.
        1099 CSF in total.
 sTD-DFT procedure...
 setting up A+B and A-B matrices
  calculating (A-B)^0.5 ...
 estimated time (min)     0.06
  calculating (A+B)*(A-B)^0.5 ...
 calculate eigenvalues of (A-B)^0.5*(A+B)*(A-B)^0.5 ...
  rpa vectors ok
  133 roots found, lowest/highest eigenvalue :    1.710   9.979   0
 writing spectral data to tda.dat ...
 
 excitation energies, transition moments and TDA amplitudes
 state    eV      nm       fL         Rv
    1    1.710   725.1     0.1514   -23.1025     0.86(  51->  52)  0.12(  50->  52)  0.00(  46->  52)
    2    3.014   411.4     0.0421    -6.5054     0.50(  48->  52)  0.23(  50->  52)  0.11(  49->  52)
    3    3.589   345.4     0.1860    15.3426     0.41(  50->  52)  0.18(  46->  52)  0.15(  48->  52)
    4    3.734   332.1     0.0506     5.6257     0.87(  47->  52)  0.05(  46->  53)  0.02(  47->  54)
    5    3.960   313.1     0.0176   -10.5198     0.67(  45->  52)  0.08(  48->  52)  0.08(  46->  52)
    6    4.204   294.9     0.0467     6.2410     0.79(  51->  55)  0.05(  49->  52)  0.04(  49->  54)
    7    4.244   292.1     0.2264   -12.5817     0.40(  46->  52)  0.21(  51->  53)  0.12(  50->  52)
    8    4.495   275.8     0.5953   -19.2693     0.43(  51->  53)  0.25(  46->  52)  0.09(  51->  54)
    9    4.797   258.5     0.0057     2.6577     0.62(  51->  54)  0.17(  51->  53)  0.03(  50->  54)
   10    5.019   247.0     0.0418    -4.8380     0.64(  49->  52)  0.18(  48->  52)  0.06(  51->  55)
   11    5.187   239.0     0.0400    44.8169     0.48(  51->  56)  0.21(  51->  57)  0.09(  51->  59)
   12    5.498   225.5     0.0151    -7.5534     0.47(  51->  57)  0.18(  51->  56)  0.05(  51->  59)
   13    5.651   219.4     0.2068    -7.8497     0.51(  46->  53)  0.11(  47->  54)  0.07(  50->  53)
   14    5.823   212.9     0.0085     3.5330     0.56(  48->  53)  0.15(  49->  53)  0.07(  50->  53)
   15    5.885   210.7     0.0212    -0.7653     0.45(  51->  60)  0.30(  51->  61)  0.05(  51->  59)
   16    5.932   209.0     0.0087   -14.1374     0.34(  50->  55)  0.16(  51->  59)  0.06(  44->  52)
   17    5.989   207.0     0.0067   -12.6803     0.35(  51->  59)  0.28(  50->  55)  0.05(  50->  57)
   18    6.002   206.6     0.0731    -5.6640     0.40(  47->  53)  0.26(  44->  52)  0.06(  50->  55)
   19    6.081   203.9     0.1126    35.1858     0.42(  47->  53)  0.28(  44->  52)  0.07(  50->  54)
   20    6.308   196.5     0.0713    11.0382     0.18(  50->  54)  0.14(  51->  61)  0.11(  44->  52)
   21    6.412   193.4     0.0659    36.4002     0.32(  48->  54)  0.11(  49->  54)  0.09(  50->  54)
   22    6.443   192.4     0.0083    -6.2575     0.79(  42->  52)  0.03(  45->  53)  0.02(  50->  53)
   23    6.589   188.2     0.0153     3.7311     0.18(  51->  61)  0.17(  50->  53)  0.11(  45->  53)
   24    6.656   186.3     0.0055   -30.6898     0.31(  45->  53)  0.07(  50->  54)  0.07(  49->  55)
   25    6.719   184.5     0.0261   -13.2218     0.68(  40->  52)  0.03(  46->  54)  0.02(  47->  60)
   26    6.730   184.2     0.0031    23.7816     0.32(  51->  58)  0.10(  51->  66)  0.08(  50->  58)
   27    6.836   181.4     0.0571    31.0299     0.27(  50->  53)  0.18(  45->  53)  0.05(  49->  56)
   28    6.852   180.9     0.1049   -57.4932     0.16(  51->  65)  0.11(  51->  63)  0.11(  49->  56)
   29    6.877   180.3     0.2537   -73.0517     0.24(  49->  56)  0.10(  49->  55)  0.09(  51->  63)
   30    6.967   178.0     0.3957    68.9092     0.28(  49->  55)  0.13(  50->  54)  0.09(  49->  54)
   31    7.029   176.4     0.0266   -24.0490     0.33(  51->  64)  0.07(  51->  62)  0.06(  50->  61)
   32    7.055   175.7     0.0916   -52.5642     0.13(  50->  59)  0.13(  47->  54)  0.09(  51->  66)
   33    7.083   175.1     0.3127   119.1508     0.25(  47->  54)  0.10(  46->  53)  0.09(  43->  52)
   34    7.116   174.2     0.0046    -3.1948     0.58(  43->  52)  0.10(  47->  54)  0.04(  46->  53)
   35    7.178   172.7     0.0141    77.8348     0.24(  51->  63)  0.21(  49->  57)  0.09(  50->  63)
   36    7.227   171.6     0.2386  -116.3163     0.16(  49->  57)  0.14(  51->  65)  0.06(  49->  54)
   37    7.256   170.9     0.0506    41.8485     0.41(  47->  58)  0.23(  46->  54)  0.06(  46->  58)
   38    7.257   170.8     0.0815     0.8928     0.39(  47->  58)  0.26(  46->  54)  0.05(  50->  56)
   39    7.383   167.9     0.0331    -3.7492     0.14(  50->  56)  0.12(  46->  54)  0.10(  37->  52)
   40    7.443   166.6     0.0020   -49.8891     0.19(  46->  58)  0.18(  38->  52)  0.06(  45->  53)
   41    7.505   165.2     0.0349   -42.8391     0.21(  46->  58)  0.17(  38->  52)  0.07(  51->  58)
   42    7.576   163.7     0.0096    13.5182     0.20(  37->  52)  0.13(  45->  54)  0.09(  48->  60)
   43    7.608   163.0     0.0068    74.4557     0.14(  50->  57)  0.11(  51->  69)  0.10(  46->  58)
   44    7.629   162.5     0.0032    -4.3613     0.25(  38->  52)  0.14(  48->  60)  0.14(  37->  52)
   45    7.701   161.0     0.0135     2.1471     0.13(  51->  68)  0.13(  51->  69)  0.08(  50->  57)
   46    7.761   159.7     0.0009    -5.7278     0.53(  48->  55)  0.07(  45->  54)  0.06(  49->  55)
   47    7.792   159.1     0.0029    17.3166     0.37(  45->  54)  0.07(  48->  55)  0.05(  48->  61)
   48    7.799   159.0     0.0093    15.2823     0.13(  45->  54)  0.06(  51->  62)  0.06(  49->  61)
   49    7.882   157.3     0.0024    14.2610     0.13(  49->  61)  0.10(  51->  62)  0.08(  49->  60)
   50    7.904   156.9     0.0043   -16.7646     0.38(  48->  58)  0.10(  49->  58)  0.04(  48->  55)
   51    7.937   156.2     0.0062    -1.4881     0.26(  51->  71)  0.17(  36->  52)  0.08(  41->  52)
   52    7.959   155.8     0.0035     0.2036     0.19(  51->  71)  0.10(  51->  62)  0.08(  51->  72)
   53    7.998   155.0     0.0022     4.3598     0.62(  49->  53)  0.18(  48->  53)  0.03(  49->  61)
   54    8.066   153.7     0.0051   -13.8855     0.19(  51->  62)  0.06(  51->  72)  0.06(  50->  64)
   55    8.110   152.9     0.0017    -1.7122     0.65(  42->  53)  0.05(  36->  52)  0.04(  33->  52)
   56    8.159   152.0     0.0234    24.3646     0.15(  44->  55)  0.07(  43->  55)  0.06(  50->  59)
   57    8.185   151.5     0.0078    -2.6422     0.26(  44->  55)  0.24(  43->  55)  0.06(  50->  59)
   58    8.190   151.4     0.0036   -13.1605     0.28(  49->  59)  0.07(  49->  54)  0.07(  49->  56)
   59    8.230   150.7     0.0486     6.2683     0.17(  46->  60)  0.15(  51->  67)  0.10(  40->  53)
   60    8.255   150.2     0.0162    -0.8885     0.16(  49->  59)  0.10(  49->  54)  0.09(  43->  55)
   61    8.319   149.0     0.0641    38.9717     0.09(  51->  67)  0.07(  47->  60)  0.06(  43->  55)
   62    8.340   148.7     0.0182    -5.2174     0.57(  47->  62)  0.11(  47->  60)  0.04(  47->  64)
   63    8.344   148.6     0.0075   -60.7226     0.21(  48->  56)  0.07(  50->  60)  0.07(  51->  70)
   64    8.381   147.9     0.0198    20.8680     0.35(  44->  55)  0.30(  43->  55)  0.03(  49->  54)
   65    8.408   147.5     0.1119   -98.3103     0.18(  47->  60)  0.07(  50->  60)  0.06(  47->  61)
   66    8.441   146.9     0.1756    84.3402     0.23(  47->  60)  0.09(  47->  61)  0.07(  47->  56)
   67    8.458   146.6     0.0016     4.2728     0.21(  51->  66)  0.11(  50->  59)  0.08(  51->  74)
   68    8.522   145.5     0.0235     3.3695     0.11(  51->  72)  0.08(  51->  76)  0.06(  46->  62)
   69    8.554   144.9     0.0039     4.4548     0.18(  48->  59)  0.10(  45->  60)  0.06(  48->  57)
   70    8.585   144.4     0.0136   -13.9616     0.35(  40->  53)  0.10(  51->  67)  0.04(  51->  76)
   71    8.600   144.2     0.0034    -6.4101     0.22(  40->  53)  0.09(  48->  59)  0.09(  44->  54)
   72    8.642   143.5     0.0004    14.0668     0.25(  46->  62)  0.09(  46->  60)  0.06(  51->  62)
   73    8.657   143.2     0.0007     0.5275     0.17(  39->  52)  0.15(  35->  52)  0.14(  46->  62)
   74    8.680   142.8     0.0058     8.5213     0.14(  48->  56)  0.10(  45->  60)  0.07(  33->  52)
   75    8.738   141.9     0.0045    -2.5347     0.12(  44->  56)  0.12(  44->  54)  0.09(  46->  60)
   76    8.787   141.1     0.0057     9.0828     0.33(  33->  52)  0.06(  35->  52)  0.05(  32->  52)
   77    8.806   140.8     0.0116     5.4312     0.15(  33->  52)  0.08(  51->  76)  0.04(  50->  61)
   78    8.836   140.3     0.0027    -4.3777     0.17(  51->  73)  0.09(  51->  74)  0.07(  51->  68)
   79    8.866   139.8     0.0002    -8.9306     0.11(  43->  56)  0.07(  43->  54)  0.05(  51->  74)
   80    8.900   139.3     0.0070   -14.2424     0.08(  43->  56)  0.07(  48->  65)  0.04(  43->  54)
   81    8.961   138.4     0.0102    -2.9486     0.15(  47->  67)  0.05(  48->  65)  0.04(  30->  52)
   82    8.970   138.2     0.0020     4.8751     0.22(  47->  67)  0.14(  38->  53)  0.05(  51->  73)
   83    8.990   137.9     0.0258     0.9082     0.33(  49->  63)  0.08(  48->  63)  0.07(  49->  64)
   84    8.994   137.8     0.0021    -0.8033     0.23(  38->  53)  0.05(  43->  56)  0.05(  29->  52)
   85    9.027   137.3     0.0054     1.5945     0.11(  38->  53)  0.08(  30->  52)  0.05(  47->  67)
   86    9.046   137.1     0.0056     2.8446     0.08(  47->  67)  0.05(  45->  58)  0.04(  41->  52)
   87    9.070   136.7     0.0079    -5.1712     0.17(  47->  56)  0.14(  47->  66)  0.08(  47->  68)
   88    9.095   136.3     0.0079     1.1155     0.11(  46->  56)  0.07(  38->  53)  0.05(  46->  67)
   89    9.106   136.2     0.0066     6.2882     0.14(  38->  53)  0.04(  50->  70)  0.04(  47->  56)
   90    9.136   135.7     0.0098   -19.1515     0.12(  39->  52)  0.09(  41->  52)  0.08(  43->  57)
   91    9.154   135.4     0.0020     3.4955     0.10(  39->  52)  0.08(  41->  52)  0.07(  50->  58)
   92    9.208   134.7     0.0110   -16.6311     0.11(  43->  57)  0.08(  46->  60)  0.07(  46->  56)
   93    9.216   134.5     0.0012    39.6780     0.26(  43->  57)  0.08(  47->  56)  0.07(  47->  66)
   94    9.220   134.5     0.0011    -5.8784     0.10(  42->  54)  0.10(  39->  52)  0.09(  36->  52)
   95    9.236   134.2     0.0065     4.4940     0.09(  47->  66)  0.09(  43->  57)  0.08(  49->  64)
   96    9.259   133.9     0.0056    12.3920     0.27(  49->  64)  0.05(  49->  63)  0.05(  48->  64)
   97    9.303   133.3     0.0022   -44.0134     0.09(  46->  67)  0.08(  46->  66)  0.06(  51->  77)
   98    9.315   133.1     0.0014    -2.2482     0.09(  50->  58)  0.07(  50->  63)  0.05(  45->  55)
   99    9.328   132.9     0.0013    -9.5524     0.17(  47->  55)  0.15(  46->  67)  0.08(  51->  77)
  100    9.331   132.9     0.0033     0.2347     0.47(  47->  55)  0.10(  45->  55)  0.03(  46->  55)
  101    9.337   132.8     0.0042    -0.7049     0.42(  45->  55)  0.21(  47->  55)  0.21(  46->  55)
  102    9.366   132.4     0.0030    37.1995     0.13(  45->  55)  0.08(  50->  58)  0.07(  46->  66)
  103    9.379   132.2     0.0046     3.3848     0.53(  46->  55)  0.12(  45->  55)  0.03(  44->  55)
  104    9.402   131.9     0.0120    17.9258     0.17(  44->  53)  0.09(  44->  57)  0.07(  49->  66)
  105    9.417   131.7     0.0004   -10.4562     0.41(  44->  53)  0.05(  44->  57)  0.03(  41->  53)
  106    9.439   131.3     0.0027     4.1078     0.13(  45->  58)  0.06(  48->  62)  0.05(  44->  57)
  107    9.477   130.8     0.0043    -2.7253     0.11(  27->  52)  0.10(  26->  52)  0.09(  48->  67)
  108    9.480   130.8     0.0019    23.5270     0.05(  45->  58)  0.05(  27->  52)  0.05(  51->  75)
  109    9.491   130.6     0.0027     4.1274     0.17(  42->  54)  0.07(  48->  67)  0.06(  30->  52)
  110    9.499   130.5     0.0108   -17.5163     0.08(  49->  65)  0.05(  44->  57)  0.05(  49->  68)
  111    9.540   130.0     0.0112    11.6659     0.12(  50->  65)  0.07(  49->  65)  0.06(  51->  75)
  112    9.561   129.7     0.0059   -11.9524     0.11(  49->  69)  0.06(  49->  66)  0.05(  49->  65)
  113    9.597   129.2     0.0006   -15.4279     0.13(  29->  52)  0.13(  27->  52)  0.12(  26->  52)
  114    9.598   129.2     0.0046   -15.4721     0.11(  45->  65)  0.10(  45->  56)  0.08(  48->  73)
  115    9.619   128.9     0.0022    -2.4112     0.11(  49->  66)  0.08(  50->  63)  0.08(  50->  65)
  116    9.677   128.1     0.0045     2.5322     0.11(  30->  52)  0.11(  29->  52)  0.10(  34->  52)
  117    9.681   128.1     0.0024    -6.0875     0.11(  51->  75)  0.08(  50->  71)  0.05(  51->  82)
  118    9.720   127.6     0.0063     3.7451     0.08(  49->  71)  0.06(  50->  63)  0.05(  51->  79)
  119    9.730   127.4     0.0285    16.4832     0.14(  43->  59)  0.07(  39->  57)  0.07(  45->  56)
  120    9.754   127.1     0.0050   -26.9529     0.29(  34->  52)  0.11(  29->  52)  0.07(  30->  52)
  121    9.757   127.1     0.0002    20.6513     0.30(  34->  52)  0.06(  43->  59)  0.05(  45->  56)
  122    9.786   126.7     0.0013    -4.7647     0.34(  40->  54)  0.06(  28->  52)  0.06(  40->  56)
  123    9.808   126.4     0.0017    -3.1459     0.11(  49->  71)  0.11(  40->  54)  0.10(  51->  78)
  124    9.822   126.2     0.0107   -10.5963     0.18(  40->  54)  0.08(  42->  58)  0.06(  45->  59)
  125    9.839   126.0     0.0119     0.2589     0.20(  49->  71)  0.07(  44->  56)  0.06(  42->  58)
  126    9.862   125.7     0.0281    10.6150     0.23(  28->  52)  0.07(  51->  78)  0.07(  51->  79)
  127    9.877   125.5     0.0198   -16.3695     0.10(  48->  57)  0.09(  44->  56)  0.05(  42->  58)
  128    9.904   125.2     0.0054     0.6190     0.28(  41->  55)  0.22(  39->  55)  0.09(  36->  55)
  129    9.906   125.2     0.0012     1.2826     0.10(  51->  77)  0.09(  44->  59)  0.06(  51->  80)
  130    9.923   124.9     0.0211    -3.7174     0.08(  48->  57)  0.08(  47->  65)  0.07(  47->  68)
  131    9.931   124.8     0.0067     0.1301     0.13(  46->  59)  0.09(  46->  57)  0.07(  47->  59)
  132    9.969   124.4     0.0462    11.8398     0.08(  46->  65)  0.07(  48->  57)  0.06(  26->  52)
  133    9.979   124.3     0.0120     6.3353     0.10(  47->  57)  0.09(  47->  59)  0.07(  47->  65)

  alpha tensor

           1         2         3
 
    1 302.91528
    2 -37.31279  81.68530
    3 -34.09374  41.49046  37.10781
 trace alpha_L[0] / au:   140.569465281254     
 sum rule f_L           4.80911337225174     
 
 SOS specific optical rotation 
 including Lorentz factor for common solvent (n=1.4)
 lambda [eV] alpha[grad*cm^3*g^-1*dm^-1]
 632.8  1.96     4305.04
 589.3  2.10     3063.40        0.00 ##
 579.0  2.14     2877.73
 546.0  2.27     2421.05
 436.0  2.84      391.51
 365.0  3.40     8229.05
 
 sTD-DFT done.
Mon 21 Mar 14:59:53 GMT 2022
