Mon 21 Mar 14:07:00 GMT 2022


                 *********************************************
                 *                                           *
                 *               s  T  D  A                  *
                 *                                           *
                 *                S. Grimme                  *
                 * Mulliken Center for Theoretical Chemistry *
                 *             Universitaet Bonn             *
                 *              Version 1.6.2                *
                 *       Tue Sep 10 14:44:30 CET 2020        *
                 *********************************************
 
 Please cite as:
 S. Grimme, J. Chem. Phys. 138 (2013) 244104
 
 With contributions from:
 C. Bannwarth, P. Shushkov, M. de Wergifosse
 
======================================================================
 
 reading an xTB output...
 
 reading: wfn.xtb
======================================================================
                    M O / A O    I N P U T 
======================================================================
atom  #          x             y             z            charge
  C   1    -14.11247339    2.48045428    1.46472658         6.00
  O   2    -11.71630089    1.90843424    0.39041738         8.00
  C   3    -10.40483108    0.05631383    1.50063138         6.00
  O   4    -11.13955653   -1.09755283    3.31344548         8.00
  C   5     -7.93439234   -0.39722039    0.13417054         6.00
  C   6     -6.00460420   -1.66163603    1.85892342         6.00
  C   7     -3.70065033   -2.69285948    0.39911012         6.00
  N   8     -1.60853473   -3.16812555    2.08663539         7.00
  C   9      0.11092691   -1.38271248    2.66470256         6.00
  O  10     -0.03401507    0.76515004    1.85098657         8.00
  C  11      2.25387614   -2.25085258    4.35733009         6.00
  C  12      4.75077104   -2.21022347    2.88239899         6.00
  N  13      5.32505875    0.34581985    2.15145299         7.00
  C  14      7.43852825    0.99153921    0.79689743         6.00
  C  15      9.42765379   -0.67349833    0.47753375         6.00
  C  16     11.62823966    0.04346370   -0.79122825         6.00
  C  17     11.87957321    2.41903819   -1.76916143         6.00
  C  18      9.90178603    4.18442017   -1.50573364         6.00
  C  19     10.12250602    6.64616616   -2.50520969         6.00
  C  20      8.21520562    8.36695061   -2.25822251         6.00
  C  21      5.99043126    7.68929489   -0.99494071         6.00
  C  22      5.71793278    5.31655499   -0.00094486         6.00
  C  23      7.64923270    3.49410328   -0.21750746         6.00
  C  24     -4.36281030   -5.18729773   -0.86606140         6.00
  O  25     -3.66021019   -7.20628094   -0.08673842         8.00
  O  26     -5.82470229   -4.87832754   -2.88372180         8.00
  C  27     -6.62141075   -7.12596758   -4.13566524         6.00
  H  28    -13.89666669    3.02752994    3.44194684         1.00
  H  29    -14.87894623    4.03456490    0.36282738         1.00
  H  30    -15.35421231    0.83620373    1.36305933         1.00
  H  31     -8.35088794   -1.61269213   -1.48267898         1.00
  H  32     -7.23160326    1.39650748   -0.59394087         1.00
  H  33     -5.30219307   -0.28459273    3.22349452         1.00
  H  34     -6.91356239   -3.18777870    2.90961104         1.00
  H  35     -3.11351247   -1.29200563   -1.00854674         1.00
  H  36     -1.43467994   -4.97432562    2.68171009         1.00
  H  37      1.90087533   -4.14303517    5.08563047         1.00
  H  38      2.40902264   -0.93125695    5.93487332         1.00
  H  39      6.25858337   -2.92813036    4.10750832         1.00
  H  40      4.60261652   -3.47879650    1.23361310         1.00
  H  41      3.75772005    1.38838165    1.81470383         1.00
  H  42      9.30406571   -2.57040524    1.21414892         1.00
  H  43     13.13510713   -1.32072947   -0.99418482         1.00
  H  44     13.57938170    2.97707426   -2.75144098         1.00
  H  45     11.84933759    7.14373101   -3.47785164         1.00
  H  46      8.40625691   10.24760588   -3.03112042         1.00
  H  47      4.48375276    9.05443291   -0.80691298         1.00
  H  48      3.97749518    4.86283179    0.96357126         1.00
  H  49     -7.86220481   -8.22219761   -2.90583159         1.00
  H  50     -7.62523318   -6.51842069   -5.82054490         1.00
  H  51     -4.98736473   -8.27964527   -4.63587570         1.00

 # atoms          =   51
 # mos            =  223
 # primitive  aos = 1740
 # contracted aos =  336

 spherical AO basis
======================================================================
                    A O   I N T E G R A L S
======================================================================
 memory needed for AO int data:   4 Mb
 done.
  
Restricted MOs found... RKS-sTD-DFT will be performed
  
======================================================================
                    s T D A
======================================================================
 spectral range up to (eV)     :    10.0000000000000     
 occ MO cut-off (eV)           :   -34.4225998424481     
 virtMO cut-off (eV)           :    14.4456882606571     
 perturbation thr              :   1.000000000000000E-004
 triplet                       :  F
 MOs in TDA :          176
 oMOs in TDA:           67
 vMOs in TDA:          109
 sorting MOs ...
 reading and transforming R..V..L AO ints ...
 ints done.
 S^1/2 ...
 S^1/2 orthogonalized MO coefficients done.

 SCF atom population (using active MOs):
  3.485  5.010  2.580  5.231  3.872  3.909  3.821  4.898  3.068  5.430
  3.906  3.848  5.022  3.890  4.012  3.998  4.023  4.049  3.988  3.996
  4.006  3.946  4.039  2.553  5.259  5.003  3.489  0.981  0.978  0.981
  0.973  0.960  0.975  0.976  0.937  0.938  0.984  0.945  1.025  0.983
  1.047  1.032  0.994  1.007  1.004  0.997  0.995  1.025  0.976  0.976
  0.982
 
 # electrons in TDA: 134.000
 
 
 ax(DF)   :   0.500000000000000     
 s^K      :    2.00000000000000     
 beta  (J):    4.00000000000000     
 alpha (K):    2.00000000000000     
 
 hardness table read.
 setting up gammas ...
 memory needed for q data (Mb)                      4
 computing q(ij,n) ...
 
         120 CSF included by energy.
 
        7183 considered in PT2.
 ordered frontier orbitals
         eV     # centers
  57   -18.220    16.3
  58   -18.164    15.1
  59   -18.011    15.3
  60   -17.629     4.0
  61   -17.341     3.0
  62   -17.281     7.9
  63   -16.593     3.0
  64   -16.174     3.1
  65   -15.699     6.6
  66   -15.612     6.2
  67   -13.554     6.9
 
  68    -6.423     7.9
  69    -5.557     4.0
  70    -5.546     7.0
  71    -5.383    10.5
  72    -5.259    11.3
  73    -5.051    15.4
  74    -4.903    21.2
  75    -4.736    15.9
  76    -4.425    14.1
  77    -4.249    34.5
  78    -4.115    36.1
 
             lowest CSF states
       eV     nm      excitation i->a               eV
    1  4.11   301.6       67 ->  68     gap,J,K:   7.132   4.274   0.627   Kshft:   0.000  locality: 0.941
    2  4.73   262.4       67 ->  70     gap,J,K:   8.008   4.248   0.482   Kshft:   0.001  locality: 0.942
    3  5.69   218.1       66 ->  68     gap,J,K:   9.189   4.547   0.522   Kshft:   0.001  locality: 0.997
    4  5.83   212.8       67 ->  79     gap,J,K:   9.474   4.468   0.408   Kshft:   0.002  locality: 0.968
    5  5.90   210.3       65 ->  68     gap,J,K:   9.276   4.440   0.529   Kshft:   0.001  locality: 0.989
    6  5.94   208.7       67 ->  76     gap,J,K:   9.129   3.689   0.000   Kshft:   0.500  locality: 0.848
    7  6.18   200.5       67 ->  72     gap,J,K:   8.296   2.621   0.004   Kshft:   0.500  locality: 0.621
    8  6.42   193.3       67 ->  69     gap,J,K:   7.997   2.124   0.022   Kshft:   0.499  locality: 0.448
    9  6.57   188.8       65 ->  70     gap,J,K:  10.153   4.337   0.374   Kshft:   0.003  locality: 0.973
   10  6.73   184.1       64 ->  69     gap,J,K:  10.617   4.432   0.026   Kshft:   0.498  locality: 0.843
   11  6.84   181.3       67 ->  74     gap,J,K:   8.651   2.313   0.001   Kshft:   0.500  locality: 0.599
   12  6.86   180.8       67 ->  71     gap,J,K:   8.171   1.816   0.001   Kshft:   0.500  locality: 0.428
   13  6.90   179.6       67 ->  78     gap,J,K:   9.439   3.071   0.018   Kshft:   0.499  locality: 0.856
   14  6.92   179.1       67 ->  75     gap,J,K:   8.818   2.398   0.001   Kshft:   0.500  locality: 0.633
   15  6.96   178.0       66 ->  70     gap,J,K:  10.065   4.523   0.710   Kshft:   0.000  locality: 0.999
   16  7.03   176.5       64 ->  72     gap,J,K:  10.915   4.336   0.212   Kshft:   0.024  locality: 0.928
   17  7.15   173.3       67 ->  73     gap,J,K:   8.503   1.851   0.001   Kshft:   0.500  locality: 0.456
   18  7.19   172.5       62 ->  68     gap,J,K:  10.858   4.318   0.322   Kshft:   0.005  locality: 0.970
   19  7.24   171.2       67 ->  77     gap,J,K:   9.305   2.583   0.010   Kshft:   0.500  locality: 0.699
   20  7.26   170.7       67 ->  80     gap,J,K:   9.832   3.087   0.009   Kshft:   0.500  locality: 0.829
   21  7.30   169.9       67 ->  82     gap,J,K:  10.056   3.278   0.009   Kshft:   0.500  locality: 0.860
   22  7.38   167.9       60 ->  69     gap,J,K:  12.072   5.202   0.006   Kshft:   0.500  locality: 1.003
   23  7.52   164.8       67 ->  90     gap,J,K:  10.851   3.730   0.178   Kshft:   0.045  locality: 0.951
   24  7.53   164.6       66 ->  76     gap,J,K:  11.187   4.155   0.000   Kshft:   0.500  locality: 0.951
   25  7.59   163.3       59 ->  68     gap,J,K:  11.588   4.380   0.152   Kshft:   0.078  locality: 1.001
 
 selecting CSF ...
 average/max PT2 energy lowering (eV):     0.030     0.188
         911 CSF included by PT.
        1031 CSF in total.
 sTD-DFT procedure...
 setting up A+B and A-B matrices
  calculating (A-B)^0.5 ...
 estimated time (min)     0.05
  calculating (A+B)*(A-B)^0.5 ...
 calculate eigenvalues of (A-B)^0.5*(A+B)*(A-B)^0.5 ...
  rpa vectors ok
  142 roots found, lowest/highest eigenvalue :    3.465  10.000   0
 writing spectral data to tda.dat ...
 
 excitation energies, transition moments and TDA amplitudes
 state    eV      nm       fL         Rv
    1    3.465   357.8     0.1951    -8.0419     0.96(  67->  68)  0.01(  66->  70)  0.01(  67->  79)
    2    3.875   320.0     0.0585     5.3217     0.73(  67->  70)  0.21(  66->  68)  0.02(  67->  69)
    3    4.834   256.5     0.0012    -5.4806     0.23(  67->  72)  0.13(  67->  75)  0.12(  67->  74)
    4    5.191   238.8     0.3377    38.2605     0.47(  66->  68)  0.22(  65->  70)  0.17(  67->  70)
    5    5.311   233.5     0.0701    -9.9397     0.41(  67->  79)  0.13(  65->  68)  0.12(  67->  72)
    6    5.440   227.9     0.0200    -7.3171     0.70(  65->  68)  0.12(  67->  79)  0.07(  66->  70)
    7    5.573   222.5     0.0485   -12.0865     0.34(  67->  79)  0.30(  67->  76)  0.08(  67->  72)
    8    5.668   218.8     0.0162     4.0792     0.35(  67->  76)  0.14(  67->  74)  0.10(  67->  75)
    9    5.858   211.7     0.0060    11.8244     0.35(  67->  78)  0.24(  67->  77)  0.12(  67->  76)
   10    6.118   202.6     0.0375    19.4852     0.36(  63->  72)  0.12(  63->  75)  0.10(  63->  74)
   11    6.198   200.0     0.0115   -15.8232     0.30(  64->  69)  0.23(  64->  72)  0.19(  60->  69)
   12    6.237   198.8     0.7675    -7.3436     0.38(  65->  70)  0.23(  66->  68)  0.11(  66->  79)
   13    6.298   196.9     0.0306     8.9232     0.23(  61->  71)  0.16(  64->  72)  0.15(  64->  69)
   14    6.357   195.0     0.0945    21.3963     0.17(  67->  80)  0.12(  67->  69)  0.09(  67->  87)
   15    6.390   194.0     0.0682   -26.7054     0.21(  64->  72)  0.10(  61->  72)  0.09(  64->  69)
   16    6.458   192.0     0.3311   -65.1428     0.69(  66->  70)  0.05(  65->  68)  0.04(  67->  82)
   17    6.491   191.0     0.0293    50.2750     0.41(  67->  82)  0.14(  67->  80)  0.07(  66->  70)
   18    6.573   188.6     0.0051    -8.3259     0.48(  67->  69)  0.09(  67->  83)  0.05(  60->  69)
   19    6.654   186.3     0.0055     1.8344     0.22(  67->  84)  0.21(  67->  85)  0.12(  67->  83)
   20    6.718   184.5     0.0466    11.7639     0.31(  60->  69)  0.31(  64->  69)  0.06(  67->  69)
   21    6.849   181.0     0.0653   -13.5670     0.44(  64->  74)  0.27(  64->  75)  0.05(  60->  69)
   22    6.871   180.4     0.0957     4.8479     0.47(  62->  68)  0.16(  65->  70)  0.08(  66->  79)
   23    6.970   177.9     0.0568   -32.0385     0.38(  67->  90)  0.13(  62->  68)  0.08(  59->  68)
   24    7.063   175.6     0.0095     1.3033     0.21(  66->  76)  0.12(  59->  68)  0.12(  67->  91)
   25    7.107   174.4     0.0031     2.6287     0.24(  66->  76)  0.15(  67->  71)  0.11(  67->  91)
   26    7.109   174.4     0.0046    -9.9717     0.42(  67->  71)  0.24(  66->  76)  0.05(  67->  73)
   27    7.213   171.9     0.0081    18.6362     0.15(  67->  89)  0.10(  67->  92)  0.08(  59->  68)
   28    7.229   171.5     0.0041     8.0662     0.29(  59->  68)  0.16(  58->  68)  0.14(  62->  68)
   29    7.247   171.1     0.0044   -10.1084     0.24(  63->  74)  0.18(  63->  75)  0.13(  63->  69)
   30    7.304   169.7     0.0018     3.1014     0.17(  67->  90)  0.15(  66->  79)  0.11(  65->  76)
   31    7.378   168.0     0.0003    -2.4116     0.54(  67->  73)  0.21(  67->  72)  0.04(  67->  71)
   32    7.433   166.8     0.0070    -3.1056     0.16(  66->  78)  0.15(  62->  70)  0.11(  67->  91)
   33    7.501   165.3     0.0026     3.6018     0.34(  57->  68)  0.32(  58->  68)  0.22(  63->  68)
   34    7.529   164.7     0.0939     6.6705     0.17(  67->  92)  0.15(  65->  79)  0.12(  67->  94)
   35    7.557   164.1     0.0044    16.9867     0.28(  64->  73)  0.24(  64->  71)  0.10(  64->  77)
   36    7.585   163.5     0.0637    38.1353     0.16(  65->  79)  0.10(  67->  91)  0.09(  65->  76)
   37    7.639   162.3     0.2186  -132.5390     0.35(  65->  79)  0.19(  67->  94)  0.05(  65->  78)
   38    7.699   161.0     0.0216    27.1024     0.24(  67->  95)  0.08(  67->  96)  0.05(  67->  73)
   39    7.741   160.2     0.0295     0.7087     0.12(  65->  79)  0.11(  67->  93)  0.10(  65->  72)
   40    7.800   159.0     0.0063    -9.6314     0.47(  63->  68)  0.13(  58->  68)  0.07(  64->  68)
   41    7.811   158.7     0.0016    -2.5052     0.36(  67->  74)  0.29(  67->  75)  0.04(  67->  77)
   42    7.830   158.3     0.0135    -0.3477     0.17(  61->  73)  0.16(  61->  74)  0.11(  61->  75)
   43    7.861   157.7     0.0045    20.3767     0.14(  65->  72)  0.12(  67->  94)  0.07(  65->  76)
   44    7.922   156.5     0.0060     3.1998     0.34(  64->  68)  0.14(  63->  69)  0.07(  64->  71)
   45    7.943   156.1     0.0061     0.6250     0.18(  62->  70)  0.16(  63->  69)  0.14(  66->  79)
   46    7.971   155.5     0.0018     3.4762     0.29(  63->  69)  0.11(  63->  68)  0.07(  62->  70)
   47    7.993   155.1     0.0061     0.8553     0.32(  64->  68)  0.08(  64->  78)  0.08(  64->  80)
   48    8.048   154.0     0.0064     3.5119     0.22(  66->  80)  0.12(  66->  82)  0.09(  66->  72)
   49    8.096   153.1     0.0024   -10.4600     0.07(  65->  80)  0.06(  67->  97)  0.06(  65->  78)
   50    8.127   152.6     0.0025     3.9534     0.70(  59->  70)  0.14(  58->  70)  0.05(  57->  70)
   51    8.167   151.8     0.0277     2.1227     0.17(  60->  71)  0.13(  64->  71)  0.11(  55->  69)
   52    8.189   151.4     0.0088     5.5157     0.08(  65->  72)  0.07(  67->  95)  0.06(  65->  75)
   53    8.212   151.0     0.0066   -10.0617     0.16(  67->  77)  0.11(  67->  78)  0.07(  67->  75)
   54    8.227   150.7     0.0577    28.9998     0.54(  55->  69)  0.05(  60->  71)  0.04(  55->  73)
   55    8.257   150.2     0.0151    17.8058     0.38(  56->  73)  0.24(  56->  75)  0.21(  56->  74)
   56    8.285   149.6     0.0041     2.3248     0.07(  66->  72)  0.06(  66->  85)  0.05(  65->  74)
   57    8.291   149.5     0.0092    -8.7606     0.12(  57->  68)  0.12(  67->  77)  0.09(  62->  70)
   58    8.343   148.6     0.0176   -28.7052     0.30(  64->  80)  0.17(  64->  73)  0.11(  64->  71)
   59    8.387   147.8     0.1731    37.1086     0.49(  56->  71)  0.21(  56->  72)  0.12(  56->  73)
   60    8.413   147.4     0.0020     0.1024     0.22(  58->  70)  0.22(  57->  70)  0.05(  63->  70)
   61    8.420   147.3     0.0048    -3.8777     0.17(  57->  70)  0.17(  58->  70)  0.06(  67->  97)
   62    8.474   146.3     0.0028     9.4679     0.16(  66->  72)  0.07(  66->  82)  0.05(  67->  94)
   63    8.560   144.8     0.0051    20.3852     0.17(  63->  77)  0.08(  63->  82)  0.08(  63->  83)
   64    8.576   144.6     0.0120   -14.0532     0.06(  55->  71)  0.06(  64->  74)  0.05(  66->  84)
   65    8.592   144.3     0.0213   -20.2955     0.10(  55->  71)  0.06(  64->  77)  0.05(  55->  73)
   66    8.607   144.0     0.0068    -5.5138     0.06(  67->  81)  0.05(  65->  69)  0.05(  65->  83)
   67    8.626   143.7     0.0059    30.6195     0.13(  63->  82)  0.08(  63->  83)  0.06(  63->  80)
   68    8.675   142.9     0.0033    -1.3709     0.13(  67->  81)  0.11(  67->  98)  0.07(  67-> 103)
   69    8.707   142.4     0.0080     9.1246     0.08(  55->  71)  0.05(  64->  75)  0.05(  60->  71)
   70    8.712   142.3     0.0035   -19.9167     0.07(  66->  69)  0.05(  67-> 101)  0.04(  66->  91)
   71    8.749   141.7     0.0223   -15.3221     0.20(  61->  69)  0.15(  61->  77)  0.10(  61->  78)
   72    8.776   141.3     0.0039    -1.0174     0.31(  65->  69)  0.05(  67->  81)  0.04(  66->  69)
   73    8.784   141.1     0.0008     2.8342     0.17(  66->  92)  0.05(  66->  72)  0.05(  66->  91)
   74    8.844   140.2     0.0208   -14.8792     0.12(  64->  82)  0.08(  67->  81)  0.06(  63->  80)
   75    8.851   140.1     0.0093     3.1700     0.17(  63->  70)  0.13(  58->  70)  0.13(  67->  81)
   76    8.870   139.8     0.0214     9.2553     0.10(  63->  70)  0.08(  66->  69)  0.07(  65->  69)
   77    8.893   139.4     0.0017   -21.4000     0.11(  52->  68)  0.08(  51->  68)  0.07(  66->  69)
   78    8.902   139.3     0.0017     1.8039     0.15(  63->  80)  0.12(  63->  78)  0.09(  63->  71)
   79    8.908   139.2     0.0120     2.8042     0.25(  52->  68)  0.10(  51->  68)  0.08(  65->  69)
   80    8.925   138.9     0.0456    20.1077     0.13(  64->  81)  0.06(  60->  72)  0.06(  64->  73)
   81    8.934   138.8     0.0078    -6.1266     0.28(  66->  69)  0.07(  66->  92)  0.07(  62->  79)
   82    8.944   138.6     0.0006    11.1543     0.19(  60->  72)  0.08(  64->  81)  0.06(  64->  75)
   83    8.972   138.2     0.0161    -4.8099     0.09(  64->  70)  0.07(  66->  90)  0.06(  57->  70)
   84    8.988   137.9     0.0400    -2.2416     0.20(  64->  70)  0.10(  62->  79)  0.10(  57->  70)
   85    8.996   137.8     0.0087     8.7767     0.12(  64->  70)  0.11(  52->  68)  0.09(  66->  91)
   86    9.006   137.7     0.0054     2.1831     0.11(  67->  83)  0.10(  52->  68)  0.08(  67->  85)
   87    9.045   137.1     0.0023    -2.5207     0.35(  63->  70)  0.28(  64->  70)  0.06(  57->  70)
   88    9.059   136.9     0.0397    12.5775     0.23(  61->  69)  0.16(  54->  69)  0.12(  61->  71)
   89    9.080   136.6     0.0077     3.6962     0.08(  67->  85)  0.06(  67->  88)  0.06(  67-> 101)
   90    9.107   136.1     0.0225   -13.0203     0.10(  51->  68)  0.07(  67-> 103)  0.06(  67->  88)
   91    9.132   135.8     0.0853    -3.2149     0.42(  62->  79)  0.04(  66->  91)  0.03(  52->  68)
   92    9.136   135.7     0.0917     5.0211     0.14(  60->  71)  0.11(  54->  71)  0.09(  60->  73)
   93    9.160   135.3     0.0045    -8.8114     0.18(  66->  90)  0.10(  66->  91)  0.06(  57->  70)
   94    9.183   135.0     0.0232    18.7225     0.12(  63->  71)  0.09(  63->  72)  0.09(  65->  71)
   95    9.198   134.8     0.0138   -23.9941     0.07(  63->  71)  0.06(  62->  76)  0.05(  54->  69)
   96    9.207   134.7     0.0045     4.9727     0.04(  54->  69)  0.04(  64->  83)  0.04(  64->  82)
   97    9.221   134.5     0.0049    -8.6197     0.09(  66->  93)  0.05(  54->  69)  0.03(  66->  92)
   98    9.258   133.9     0.0130    11.5946     0.09(  64->  89)  0.06(  64->  87)  0.06(  54->  69)
   99    9.278   133.6     0.0040     2.7165     0.17(  50->  68)  0.07(  67->  87)  0.06(  67-> 106)
  100    9.294   133.4     0.0028     0.1080     0.19(  50->  68)  0.06(  67-> 103)  0.06(  57->  79)
  101    9.308   133.2     0.0081    14.0803     0.25(  65->  71)  0.06(  66->  71)  0.05(  63->  71)
  102    9.326   133.0     0.0302    21.7841     0.15(  60->  75)  0.12(  60->  77)  0.10(  54->  69)
  103    9.344   132.7     0.0019     0.0140     0.55(  66->  71)  0.10(  66->  72)  0.04(  66->  73)
  104    9.392   132.0     0.0114    11.3256     0.20(  67->  84)  0.05(  67->  85)  0.04(  61->  83)
  105    9.401   131.9     0.0084    11.1498     0.15(  61->  83)  0.14(  61->  84)  0.04(  61->  81)
  106    9.409   131.8     0.0092     0.7781     0.15(  65->  71)  0.09(  65->  82)  0.07(  65->  72)
  107    9.430   131.5     0.0148    12.4074     0.10(  65->  90)  0.09(  67->  84)  0.05(  63->  76)
  108    9.460   131.1     0.0106    11.7058     0.07(  62->  76)  0.06(  65->  72)  0.04(  65->  91)
  109    9.471   130.9     0.0066   -17.9607     0.10(  66->  94)  0.06(  62->  76)  0.05(  66->  93)
  110    9.481   130.8     0.0103   -34.5111     0.08(  60->  78)  0.07(  60->  73)  0.05(  60->  74)
  111    9.507   130.4     0.0091   -25.7653     0.17(  65->  90)  0.06(  59->  76)  0.05(  67->  86)
  112    9.518   130.3     0.0073     1.1949     0.40(  67->  86)  0.03(  67->  85)  0.03(  67-> 105)
  113    9.537   130.0     0.0179     5.1264     0.12(  60->  81)  0.11(  64->  81)  0.09(  64->  88)
  114    9.570   129.6     0.0134     3.0790     0.14(  67-> 106)  0.12(  67->  86)  0.08(  67->  87)
  115    9.590   129.3     0.0097     1.1120     0.16(  65->  73)  0.09(  59->  76)  0.08(  67-> 106)
  116    9.597   129.2     0.0059    -2.6585     0.13(  66->  73)  0.05(  67->  88)  0.05(  65->  73)
  117    9.600   129.1     0.0008     2.5744     0.38(  66->  73)  0.10(  66->  72)  0.06(  65->  73)
  118    9.617   128.9     0.0010    -0.2904     0.20(  65->  73)  0.05(  67-> 105)  0.04(  67->  88)
  119    9.637   128.7     0.0125    10.1719     0.29(  59->  76)  0.08(  58->  76)  0.06(  65->  73)
  120    9.666   128.3     0.0032     3.9004     0.08(  61->  86)  0.07(  64->  78)  0.06(  64->  88)
  121    9.676   128.1     0.0025     9.8435     0.09(  61->  86)  0.06(  67-> 100)  0.05(  65->  91)
  122    9.686   128.0     0.0221    -8.1647     0.16(  61->  86)  0.05(  64->  87)  0.04(  64->  89)
  123    9.703   127.8     0.0117     0.0750     0.06(  66->  94)  0.05(  62->  76)  0.04(  66->  97)
  124    9.728   127.4     0.0176     5.8798     0.06(  63->  75)  0.06(  63->  76)  0.05(  63->  74)
  125    9.739   127.3     0.0662     9.5023     0.10(  53->  71)  0.08(  53->  72)  0.08(  49->  71)
  126    9.782   126.7     0.0010     6.8576     0.10(  52->  70)  0.06(  63->  75)  0.05(  63->  74)
  127    9.801   126.5     0.0103    18.4412     0.29(  52->  70)  0.09(  53->  69)  0.04(  60->  81)
  128    9.804   126.5     0.0066     1.6347     0.09(  52->  70)  0.08(  60->  81)  0.04(  64->  81)
  129    9.815   126.3     0.0187   -33.6652     0.05(  63->  74)  0.05(  63->  73)  0.04(  60->  81)
  130    9.826   126.2     0.0120    22.9966     0.07(  66->  94)  0.07(  66->  82)  0.06(  66->  96)
  131    9.850   125.9     0.0347     2.7815     0.22(  54->  71)  0.07(  64->  85)  0.03(  64->  90)
  132    9.852   125.8     0.0178   -13.8432     0.05(  67->  89)  0.05(  62->  78)  0.04(  59->  76)
  133    9.871   125.6     0.0090    -5.2646     0.14(  57->  76)  0.07(  67-> 108)  0.04(  65->  95)
  134    9.884   125.4     0.0022    -3.5020     0.45(  61->  68)  0.37(  60->  68)  0.01(  61->  86)
  135    9.897   125.3     0.0049    13.7515     0.06(  58->  76)  0.05(  63->  81)  0.03(  63->  89)
  136    9.916   125.0     0.0077     5.1831     0.12(  67->  89)  0.08(  67->  93)  0.05(  67->  92)
  137    9.924   124.9     0.0036     5.1801     0.04(  67-> 105)  0.04(  67->  89)  0.04(  62->  78)
  138    9.930   124.9     0.0022    -5.0303     0.10(  61->  73)  0.09(  61->  74)  0.08(  61->  72)
  139    9.951   124.6     0.0015   -15.2689     0.11(  63->  89)  0.08(  63->  90)  0.06(  63->  80)
  140    9.961   124.5     0.0106    13.3896     0.35(  51->  70)  0.12(  48->  70)  0.05(  53->  69)
  141    9.986   124.2     0.0052     2.7976     0.39(  59->  79)  0.11(  52->  68)  0.10(  58->  79)
  142   10.000   124.0     0.0141   -30.6578     0.08(  64->  85)  0.05(  64->  76)  0.05(  65->  74)

  alpha tensor

           1         2         3
 
    1  86.37689
    2  -1.47694 109.71388
    3 -26.20528 -28.20790  37.12857
 trace alpha_L[0] / au:   77.7397816872403     
 sum rule f_L           4.34105163730568     
 
 SOS specific optical rotation 
 including Lorentz factor for common solvent (n=1.4)
 lambda [eV] alpha[grad*cm^3*g^-1*dm^-1]
 632.8  1.96      -14.27
 589.3  2.10      -22.39        0.00 ##
 579.0  2.14      -25.08
 546.0  2.27      -36.86
 436.0  2.84     -213.14
 365.0  3.40    -5647.77
 
 sTD-DFT done.
Mon 21 Mar 14:07:03 GMT 2022
