Mon 21 Mar 14:27:30 GMT 2022


                 *********************************************
                 *                                           *
                 *               s  T  D  A                  *
                 *                                           *
                 *                S. Grimme                  *
                 * Mulliken Center for Theoretical Chemistry *
                 *             Universitaet Bonn             *
                 *              Version 1.6.2                *
                 *       Tue Sep 10 14:44:30 CET 2020        *
                 *********************************************
 
 Please cite as:
 S. Grimme, J. Chem. Phys. 138 (2013) 244104
 
 With contributions from:
 C. Bannwarth, P. Shushkov, M. de Wergifosse
 
======================================================================
 
 reading an xTB output...
 
 reading: wfn.xtb
======================================================================
                    M O / A O    I N P U T 
======================================================================
atom  #          x             y             z            charge
  C   1     -4.63266316    2.96309029   -1.97306286         6.00
  N   2     -4.93180678    1.05049866   -0.05555794         7.00
  C   3     -7.46158291    0.73264675    0.89780880         6.00
  C   4     -3.06778111   -0.63872737    0.46071519         6.00
  C   5     -3.65624177   -3.12711850    1.24891988         6.00
  C   6     -1.82660910   -4.93898774    1.56601589         6.00
  C   7      0.71998559   -4.41194317    1.12457591         6.00
  C   8      1.35379967   -1.98459019    0.45599087         6.00
  C   9     -0.48679340   -0.06425068    0.19237410         6.00
  C  10      0.82146387    2.37803113   -0.08806123         6.00
  O  11     -0.03212534    4.50831920    0.06916397         8.00
  C  12      3.54777150    1.72607568   -0.32106444         6.00
  C  13      5.59491162    3.28188706   -0.74077257         6.00
  C  14      7.98409214    2.19075929   -0.83431401         6.00
  C  15      8.28928288   -0.38607101   -0.49340745         6.00
  C  16      6.22702495   -1.95492149   -0.04818801         6.00
  C  17      3.85107251   -0.88363585    0.02985767         6.00
  H  18     -3.13165384    2.42111689   -3.27432815         1.00
  H  19     -4.14227928    4.79933699   -1.16614988         1.00
  H  20     -6.39275391    3.13127590   -3.03546679         1.00
  H  21     -8.63340197   -0.43747156   -0.35054416         1.00
  H  22     -8.33784883    2.59005839    1.05938037         1.00
  H  23     -7.42038689   -0.11659609    2.77166105         1.00
  H  24     -5.60549408   -3.64868286    1.53407953         1.00
  H  25     -2.37803113   -6.82209965    2.13123293         1.00
  H  26      2.13803594   -5.85928428    1.34435104         1.00
  H  27      5.33318457    5.28953190   -0.99078332         1.00
  H  28      9.62021686    3.36409013   -1.17087420         1.00
  H  29     10.16332410   -1.19355091   -0.56899648         1.00
  H  30      6.49272042   -3.95973175    0.22506636         1.00

 # atoms          =   30
 # mos            =  133
 # primitive  aos = 1047
 # contracted aos =  201

 spherical AO basis
======================================================================
                    A O   I N T E G R A L S
======================================================================
 memory needed for AO int data:   1 Mb
 done.
  
Restricted MOs found... RKS-sTD-DFT will be performed
  
======================================================================
                    s T D A
======================================================================
 spectral range up to (eV)     :    10.0000000000000     
 occ MO cut-off (eV)           :   -36.0309921601897     
 virtMO cut-off (eV)           :    13.9439153916277     
 perturbation thr              :   1.000000000000000E-004
 triplet                       :  F
 MOs in TDA :          106
 oMOs in TDA:           41
 vMOs in TDA:           65
 sorting MOs ...
 reading and transforming R..V..L AO ints ...
 ints done.
 S^1/2 ...
 S^1/2 orthogonalized MO coefficients done.

 SCF atom population (using active MOs):
  3.795  5.120  3.803  3.794  3.985  3.969  3.963  3.971  4.012  3.125
  5.511  4.001  3.899  3.998  3.978  3.939  3.974  1.016  1.054  1.020
  1.024  1.024  1.035  1.026  0.991  1.004  0.976  0.997  0.997  1.000
 
 # electrons in TDA:  82.000
 
 
 ax(DF)   :   0.500000000000000     
 s^K      :    2.00000000000000     
 beta  (J):    4.00000000000000     
 alpha (K):    2.00000000000000     
 
 hardness table read.
 setting up gammas ...
 memory needed for q data (Mb)                      0
 computing q(ij,n) ...
 
          99 CSF included by energy.
 
        2566 considered in PT2.
 ordered frontier orbitals
         eV     # centers
  31   -19.603    16.6
  32   -19.409    14.8
  33   -19.097    16.6
  34   -18.987    16.9
  35   -18.597    13.9
  36   -17.377    10.1
  37   -16.802     8.2
  38   -16.324     4.8
  39   -16.241     4.0
  40   -15.202     8.9
  41   -14.056     5.2
 
  42    -8.031    10.1
  43    -6.283     8.4
  44    -5.560     9.1
  45    -5.051    14.2
  46    -4.751    13.2
  47    -4.592     8.8
  48    -4.381    17.0
  49    -4.017    20.3
  50    -3.903    12.1
  51    -3.726    19.1
  52    -3.531    13.0
 
             lowest CSF states
       eV     nm      excitation i->a               eV
    1  2.90   427.4       41 ->  42     gap,J,K:   6.025   4.043   0.459   Kshft:   0.001  locality: 0.865
    2  3.29   377.0       40 ->  42     gap,J,K:   7.171   4.313   0.201   Kshft:   0.029  locality: 0.971
    3  3.95   313.7       39 ->  42     gap,J,K:   8.210   4.769   0.006   Kshft:   0.500  locality: 0.954
    4  4.80   258.5       41 ->  43     gap,J,K:   7.773   3.489   0.250   Kshft:   0.012  locality: 0.765
    5  4.91   252.5       38 ->  42     gap,J,K:   8.293   4.193   0.404   Kshft:   0.002  locality: 0.887
    6  5.12   242.0       41 ->  45     gap,J,K:   9.005   4.385   0.001   Kshft:   0.500  locality: 0.968
    7  5.34   232.1       41 ->  44     gap,J,K:   8.496   4.011   0.428   Kshft:   0.001  locality: 0.890
    8  5.52   224.6       40 ->  43     gap,J,K:   8.919   4.268   0.434   Kshft:   0.001  locality: 0.985
    9  5.63   220.3       37 ->  42     gap,J,K:   8.771   4.068   0.462   Kshft:   0.001  locality: 0.935
   10  5.83   212.6       36 ->  42     gap,J,K:   9.346   4.078   0.278   Kshft:   0.008  locality: 0.959
   11  6.04   205.2       41 ->  47     gap,J,K:   9.464   3.942   0.254   Kshft:   0.012  locality: 0.879
   12  6.14   202.0       41 ->  48     gap,J,K:   9.674   4.042   0.002   Kshft:   0.500  locality: 0.952
   13  6.32   196.2       40 ->  44     gap,J,K:   9.641   4.240   0.458   Kshft:   0.001  locality: 0.991
   14  6.38   194.3       39 ->  43     gap,J,K:   9.959   4.086   0.004   Kshft:   0.500  locality: 0.838
   15  6.55   189.3       41 ->  49     gap,J,K:  10.039   4.057   0.039   Kshft:   0.488  locality: 0.966
   16  6.63   187.0       41 ->  50     gap,J,K:  10.153   3.908   0.136   Kshft:   0.114  locality: 0.911
   17  6.77   183.2       41 ->  52     gap,J,K:  10.525   4.273   0.008   Kshft:   0.500  locality: 0.949
   18  6.80   182.3       38 ->  43     gap,J,K:  10.041   4.490   0.625   Kshft:   0.000  locality: 0.974
   19  6.81   182.1       41 ->  46     gap,J,K:   9.305   3.000   0.002   Kshft:   0.500  locality: 0.675
   20  6.93   178.9       35 ->  42     gap,J,K:  10.566   4.145   0.005   Kshft:   0.500  locality: 0.946
   21  7.10   174.7       40 ->  46     gap,J,K:  10.451   3.862   0.004   Kshft:   0.500  locality: 0.916
   22  7.14   173.8       39 ->  44     gap,J,K:  10.681   4.059   0.007   Kshft:   0.500  locality: 0.843
   23  7.22   171.6       37 ->  43     gap,J,K:  10.519   3.792   0.241   Kshft:   0.014  locality: 0.893
   24  7.36   168.4       40 ->  47     gap,J,K:  10.610   4.229   0.489   Kshft:   0.001  locality: 0.993
   25  7.36   168.4       40 ->  45     gap,J,K:  10.151   3.292   0.003   Kshft:   0.500  locality: 0.766
 
 selecting CSF ...
 average/max PT2 energy lowering (eV):     0.021     0.098
         881 CSF included by PT.
         980 CSF in total.
 sTD-DFT procedure...
 setting up A+B and A-B matrices
  calculating (A-B)^0.5 ...
 estimated time (min)     0.04
  calculating (A+B)*(A-B)^0.5 ...
 calculate eigenvalues of (A-B)^0.5*(A+B)*(A-B)^0.5 ...
  rpa vectors ok
  105 roots found, lowest/highest eigenvalue :    2.352   9.983   0
 writing spectral data to tda.dat ...
 
 excitation energies, transition moments and TDA amplitudes
 state    eV      nm       fL         Rv
    1    2.352   527.0     0.1200     5.3571     0.89(  41->  42)  0.08(  40->  42)  0.01(  41->  44)
    2    3.095   400.6     0.0577    19.0727     0.88(  40->  42)  0.07(  41->  42)  0.01(  40->  43)
    3    3.704   334.7     0.0002     3.0931     0.92(  39->  42)  0.02(  39->  50)  0.02(  39->  43)
    4    4.188   296.0     0.0012     6.6915     0.68(  38->  42)  0.18(  40->  43)  0.03(  40->  44)
    5    4.370   283.7     0.1968    -7.9969     0.78(  41->  43)  0.08(  41->  47)  0.04(  41->  44)
    6    4.776   259.6     0.0060    22.6452     0.39(  41->  45)  0.36(  41->  44)  0.07(  37->  42)
    7    4.822   257.1     0.0060   -45.5815     0.45(  41->  45)  0.26(  41->  44)  0.12(  37->  42)
    8    5.047   245.6     0.2631    -5.1138     0.34(  37->  42)  0.24(  41->  44)  0.13(  36->  42)
    9    5.338   232.3     0.5061    -2.0211     0.43(  40->  43)  0.29(  37->  42)  0.07(  36->  42)
   10    5.394   229.9     0.4034     2.2121     0.37(  36->  42)  0.19(  38->  42)  0.16(  40->  43)
   11    5.567   222.7     0.0034     0.4029     0.52(  41->  48)  0.21(  41->  49)  0.17(  41->  50)
   12    5.672   218.6     0.0132    -1.5967     0.53(  41->  47)  0.16(  36->  42)  0.08(  40->  44)
   13    5.909   209.8     0.0012    -2.8898     0.30(  41->  49)  0.17(  41->  46)  0.16(  41->  48)
   14    5.974   207.5     0.1586   -10.2163     0.37(  40->  44)  0.16(  36->  42)  0.15(  41->  47)
   15    6.278   197.5     0.0378    -5.8411     0.69(  39->  43)  0.09(  41->  52)  0.07(  38->  43)
   16    6.306   196.6     0.0090    11.3367     0.54(  41->  52)  0.16(  39->  43)  0.05(  41->  51)
   17    6.372   194.6     0.3117   -66.4867     0.48(  38->  43)  0.09(  40->  44)  0.07(  41->  50)
   18    6.513   190.4     0.0294   -27.4266     0.45(  40->  46)  0.20(  40->  45)  0.12(  41->  53)
   19    6.626   187.1     0.1451   123.3176     0.24(  41->  53)  0.19(  41->  50)  0.18(  40->  46)
   20    6.720   184.5     0.0054    -5.2878     0.70(  35->  42)  0.06(  40->  47)  0.04(  39->  44)
   21    6.757   183.5     0.0488    13.4623     0.19(  38->  44)  0.18(  40->  47)  0.15(  35->  42)
   22    6.846   181.1     0.0223    -3.8724     0.22(  41->  46)  0.12(  40->  48)  0.11(  40->  45)
   23    6.855   180.9     0.0932   -55.5717     0.23(  41->  50)  0.14(  41->  53)  0.09(  41->  51)
   24    6.931   178.9     0.0173    13.2649     0.65(  39->  44)  0.08(  34->  42)  0.06(  33->  42)
   25    6.965   178.0     0.0058    15.6567     0.17(  40->  45)  0.16(  40->  48)  0.08(  41->  49)
   26    7.008   176.9     0.0067     2.3751     0.38(  37->  43)  0.36(  40->  47)  0.03(  40->  44)
   27    7.148   173.4     0.1229   -26.2592     0.11(  40->  50)  0.10(  40->  47)  0.09(  38->  46)
   28    7.162   173.1     0.0059     5.3439     0.38(  34->  42)  0.20(  33->  42)  0.11(  39->  44)
   29    7.168   173.0     0.0770   -34.8637     0.18(  38->  46)  0.15(  41->  57)  0.12(  41->  54)
   30    7.274   170.5     0.0155    -6.9756     0.37(  41->  56)  0.30(  41->  55)  0.08(  40->  50)
   31    7.363   168.4     0.0310     4.6225     0.37(  33->  42)  0.18(  34->  42)  0.17(  37->  44)
   32    7.395   167.7     0.0159    54.0000     0.13(  40->  50)  0.12(  41->  46)  0.10(  38->  46)
   33    7.433   166.8     0.0131    -7.1421     0.18(  41->  57)  0.12(  38->  44)  0.12(  38->  46)
   34    7.503   165.2     0.0419    31.0296     0.19(  40->  51)  0.12(  40->  49)  0.10(  38->  44)
   35    7.634   162.4     0.1329   -16.7781     0.24(  36->  43)  0.18(  40->  50)  0.17(  30->  42)
   36    7.651   162.0     0.0066     0.4566     0.62(  32->  42)  0.10(  39->  47)  0.08(  30->  42)
   37    7.705   160.9     0.0100    -4.9845     0.49(  30->  42)  0.08(  36->  43)  0.08(  32->  42)
   38    7.749   160.0     0.0539    -3.0966     0.10(  40->  48)  0.10(  41->  59)  0.08(  41->  51)
   39    7.783   159.3     0.0140     1.2624     0.20(  41->  59)  0.14(  37->  44)  0.12(  41->  58)
   40    7.845   158.0     0.0106     0.9554     0.46(  39->  45)  0.10(  39->  48)  0.07(  39->  49)
   41    7.865   157.6     0.0397     4.5302     0.19(  40->  51)  0.11(  37->  44)  0.08(  40->  45)
   42    7.884   157.3     0.0076     9.4453     0.19(  31->  42)  0.10(  39->  50)  0.08(  40->  51)
   43    7.905   156.8     0.0166    -5.4955     0.11(  31->  42)  0.11(  41->  58)  0.11(  37->  44)
   44    7.968   155.6     0.0297   -20.5809     0.18(  36->  44)  0.12(  40->  49)  0.09(  38->  47)
   45    8.011   154.8     0.0082    23.0343     0.24(  36->  44)  0.20(  40->  49)  0.08(  40->  54)
   46    8.074   153.6     0.0259    -8.4295     0.43(  39->  47)  0.13(  35->  43)  0.06(  32->  42)
   47    8.080   153.5     0.0076   101.4038     0.20(  41->  60)  0.08(  41->  55)  0.07(  41->  54)
   48    8.115   152.8     0.0074    31.5947     0.19(  40->  55)  0.11(  37->  45)  0.07(  40->  52)
   49    8.138   152.4     0.0675   -21.5757     0.37(  38->  47)  0.18(  36->  44)  0.05(  35->  43)
   50    8.196   151.3     0.0047   -13.9399     0.43(  35->  43)  0.23(  39->  47)  0.05(  38->  47)
   51    8.214   150.9     0.0090   -23.5017     0.24(  40->  55)  0.20(  37->  45)  0.10(  36->  45)
   52    8.252   150.2     0.0097   -20.4468     0.27(  38->  51)  0.08(  41->  58)  0.07(  38->  48)
   53    8.306   149.3     0.0224   -33.6641     0.44(  39->  46)  0.13(  39->  49)  0.10(  31->  42)
   54    8.367   148.2     0.0013    -3.4224     0.24(  39->  50)  0.19(  31->  42)  0.18(  39->  46)
   55    8.460   146.5     0.0001     0.6441     0.13(  41->  62)  0.13(  41->  58)  0.08(  41->  51)
   56    8.503   145.8     0.0147    -2.3033     0.17(  40->  54)  0.10(  40->  56)  0.07(  40->  52)
   57    8.552   145.0     0.0038   -33.3867     0.12(  41->  54)  0.06(  41->  64)  0.06(  37->  47)
   58    8.570   144.7     0.0047   -11.5157     0.52(  29->  42)  0.09(  33->  43)  0.05(  34->  43)
   59    8.610   144.0     0.0312    41.3295     0.54(  37->  47)  0.05(  36->  44)  0.04(  38->  50)
   60    8.643   143.5     0.0058    10.3961     0.16(  40->  56)  0.08(  40->  52)  0.05(  41->  61)
   61    8.682   142.8     0.0104     0.3906     0.20(  39->  48)  0.11(  39->  45)  0.10(  37->  47)
   62    8.696   142.6     0.0004   -20.4470     0.20(  39->  48)  0.08(  39->  45)  0.07(  38->  50)
   63    8.733   142.0     0.0079    18.3170     0.21(  33->  43)  0.15(  34->  43)  0.11(  29->  42)
   64    8.734   141.9     0.0071    35.7908     0.11(  37->  48)  0.09(  40->  54)  0.08(  37->  46)
   65    8.849   140.1     0.0016    10.5414     0.19(  40->  53)  0.09(  40->  51)  0.07(  40->  49)
   66    8.868   139.8     0.0478    -9.2099     0.32(  38->  50)  0.11(  38->  49)  0.05(  41->  63)
   67    8.901   139.3     0.0527     7.5966     0.19(  36->  47)  0.15(  34->  43)  0.10(  33->  43)
   68    8.936   138.7     0.0190   -12.4402     0.16(  38->  55)  0.10(  41->  62)  0.09(  41->  64)
   69    8.966   138.3     0.0069   -17.4998     0.08(  41->  63)  0.06(  38->  49)  0.06(  36->  46)
   70    9.009   137.6     0.0060    12.8390     0.10(  37->  46)  0.09(  41->  63)  0.09(  36->  46)
   71    9.027   137.3     0.0134     5.9095     0.22(  39->  49)  0.12(  39->  53)  0.10(  39->  50)
   72    9.036   137.2     0.0019    -3.3167     0.36(  26->  42)  0.16(  27->  42)  0.08(  34->  44)
   73    9.111   136.1     0.0023     1.1564     0.16(  41->  66)  0.06(  41->  59)  0.06(  41->  62)
   74    9.117   136.0     0.0006     2.9301     0.16(  32->  43)  0.16(  34->  44)  0.15(  31->  43)
   75    9.133   135.7     0.0055    13.9105     0.14(  30->  43)  0.13(  36->  47)  0.10(  37->  50)
   76    9.148   135.5     0.0057    -8.9098     0.18(  41->  61)  0.11(  41->  67)  0.08(  36->  47)
   77    9.177   135.1     0.0018     0.8490     0.21(  40->  52)  0.20(  40->  56)  0.06(  40->  58)
   78    9.200   134.8     0.0025     1.7358     0.16(  37->  49)  0.09(  36->  49)  0.08(  36->  46)
   79    9.274   133.7     0.0221    -1.9323     0.13(  27->  42)  0.12(  28->  42)  0.09(  40->  57)
   80    9.304   133.3     0.0019     0.9754     0.39(  39->  51)  0.09(  28->  42)  0.08(  27->  42)
   81    9.328   132.9     0.0107    -4.7644     0.13(  39->  49)  0.11(  39->  52)  0.06(  40->  57)
   82    9.362   132.4     0.0253    -8.9959     0.11(  39->  52)  0.09(  28->  42)  0.09(  39->  49)
   83    9.392   132.0     0.0134    -3.2151     0.28(  35->  44)  0.17(  28->  42)  0.07(  32->  43)
   84    9.402   131.9     0.0275    -4.4236     0.14(  37->  50)  0.09(  37->  49)  0.08(  36->  47)
   85    9.436   131.4     0.0053     1.5591     0.38(  38->  45)  0.09(  38->  54)  0.05(  38->  57)
   86    9.471   130.9     0.0015    -4.4082     0.15(  28->  42)  0.14(  25->  42)  0.11(  27->  42)
   87    9.489   130.7     0.0014    -7.8559     0.27(  36->  45)  0.13(  37->  46)  0.09(  36->  48)
   88    9.507   130.4     0.0014    -1.2444     0.63(  25->  42)  0.04(  34->  43)  0.03(  26->  42)
   89    9.528   130.1     0.0059     1.0045     0.09(  41->  64)  0.07(  30->  43)  0.06(  41->  56)
   90    9.558   129.7     0.0030     0.3226     0.22(  38->  48)  0.07(  41->  64)  0.06(  38->  53)
   91    9.586   129.3     0.0083     8.9785     0.09(  40->  58)  0.06(  37->  56)  0.06(  38->  48)
   92    9.603   129.1     0.0071    12.2167     0.17(  32->  43)  0.16(  32->  44)  0.09(  24->  42)
   93    9.620   128.9     0.0042    -0.7997     0.27(  40->  58)  0.07(  37->  51)  0.05(  40->  64)
   94    9.631   128.7     0.0307   -14.1156     0.12(  40->  58)  0.10(  30->  43)  0.06(  41->  63)
   95    9.710   127.7     0.0100    16.0558     0.14(  40->  60)  0.06(  36->  49)  0.06(  37->  54)
   96    9.721   127.5     0.0081    -7.5160     0.56(  35->  46)  0.10(  35->  45)  0.04(  34->  46)
   97    9.765   127.0     0.0010     0.0584     0.19(  39->  55)  0.18(  39->  52)  0.06(  39->  58)
   98    9.803   126.5     0.0046     7.1489     0.15(  41->  64)  0.07(  41->  58)  0.04(  38->  48)
   99    9.825   126.2     0.0045     0.9058     0.08(  40->  59)  0.07(  40->  57)  0.06(  39->  52)
  100    9.829   126.1     0.0014     5.0570     0.13(  24->  42)  0.11(  23->  42)  0.09(  34->  44)
  101    9.850   125.9     0.0288    16.0400     0.22(  33->  44)  0.20(  36->  50)  0.07(  36->  49)
  102    9.864   125.7     0.0023     4.5105     0.06(  40->  61)  0.06(  40->  60)  0.05(  37->  48)
  103    9.880   125.5     0.0031     0.8205     0.18(  26->  42)  0.13(  34->  44)  0.10(  24->  42)
  104    9.920   125.0     0.0330   -12.7793     0.22(  41->  66)  0.07(  41->  62)  0.07(  41->  67)
  105    9.983   124.2     0.0160   -24.6092     0.12(  40->  63)  0.09(  36->  46)  0.07(  39->  53)

  alpha tensor

           1         2         3
 
    1 168.98435
    2  15.61410  96.33568
    3 -10.46189 -19.86958   7.89022
 trace alpha_L[0] / au:   91.0700808423267     
 sum rule f_L           3.81406897650170     
 
 SOS specific optical rotation 
 including Lorentz factor for common solvent (n=1.4)
 lambda [eV] alpha[grad*cm^3*g^-1*dm^-1]
 632.8  1.96     1198.31
 589.3  2.10     1867.91        0.00 ##
 579.0  2.14     2163.32
 546.0  2.27     4942.72
 436.0  2.84     4292.99
 365.0  3.40    -6900.14
 
 sTD-DFT done.
Mon 21 Mar 14:27:33 GMT 2022
