Mon 21 Mar 15:01:05 GMT 2022


                 *********************************************
                 *                                           *
                 *               s  T  D  A                  *
                 *                                           *
                 *                S. Grimme                  *
                 * Mulliken Center for Theoretical Chemistry *
                 *             Universitaet Bonn             *
                 *              Version 1.6.2                *
                 *       Tue Sep 10 14:44:30 CET 2020        *
                 *********************************************
 
 Please cite as:
 S. Grimme, J. Chem. Phys. 138 (2013) 244104
 
 With contributions from:
 C. Bannwarth, P. Shushkov, M. de Wergifosse
 
======================================================================
 
 reading an xTB output...
 
 reading: wfn.xtb
======================================================================
                    M O / A O    I N P U T 
======================================================================
atom  #          x             y             z            charge
  C   1     -9.43880317    0.55539046    0.07596698         6.00
  N   2     -7.01787526    1.69754082    0.55425662         7.00
  C   3     -4.74075549    0.66197100   -0.02759000         6.00
  C   4     -4.59052228   -1.69924157   -1.32375303         6.00
  C   5     -2.32908723   -2.74350413   -1.93394554         6.00
  C   6     -0.03609377   -1.50951309   -1.29691892         6.00
  N   7      2.15561039   -2.55736613   -1.90692246         7.00
  C   8      4.25547387   -1.31997358   -1.26441563         6.00
  C   9      6.63785137   -2.36234641   -1.87517506         6.00
  C  10      8.79931991   -1.11626112   -1.22945570         6.00
  CL 11     11.70534048   -2.38048778   -1.97098417        17.00
  C  12      8.68707019    1.23588077    0.06028226         6.00
  CL 13     11.46288864    2.74369311    0.83828243        17.00
  C  14      6.42166672    2.29431628    0.67860059         6.00
  C  15      4.13661010    1.05578989    0.03892835         6.00
  N  16      1.94169341    2.11139080    0.65422312         7.00
  C  17     -0.16705177    0.87569900    0.01190527         6.00
  C  18     -2.53374455    1.90030841    0.61529477         6.00
  H  19    -10.91430119    1.81545972    0.75059915         1.00
  H  20     -9.63042138   -1.25723467    1.05446708         1.00
  H  21     -9.72566357    0.24604232   -1.94736259         1.00
  H  22     -6.98253738    3.32629562    1.53370158         1.00
  H  23     -6.31546412   -2.66394667   -1.82131787         1.00
  H  24     -2.20625505   -4.52778337   -2.91206769         1.00
  H  25      6.69303137   -4.14813743   -2.85386413         1.00
  H  26      6.31395234    4.07783963    1.65691171         1.00
  H  27     -2.58231051    3.68761122    1.59681843         1.00

 # atoms          =   27
 # mos            =  129
 # primitive  aos =  999
 # contracted aos =  189

 spherical AO basis
======================================================================
                    A O   I N T E G R A L S
======================================================================
 memory needed for AO int data:   1 Mb
 done.
  
Restricted MOs found... RKS-sTD-DFT will be performed
  
======================================================================
                    s T D A
======================================================================
 spectral range up to (eV)     :    10.0000000000000     
 occ MO cut-off (eV)           :   -36.3618479410988     
 virtMO cut-off (eV)           :    13.8209006001154     
 perturbation thr              :   1.000000000000000E-004
 triplet                       :  F
 MOs in TDA :          106
 oMOs in TDA:           45
 vMOs in TDA:           61
 sorting MOs ...
 reading and transforming R..V..L AO ints ...
 ints done.
 S^1/2 ...
 S^1/2 orthogonalized MO coefficients done.

 SCF atom population (using active MOs):
  3.807  5.052  3.896  3.962  4.009  3.954  5.113  3.959  4.017  4.070
  6.958  4.047  6.957  4.041  3.926  5.168  3.944  4.102  1.014  1.029
  1.034  0.958  1.027  0.983  0.993  0.993  0.985
 
 # electrons in TDA:  90.000
 
 
 ax(DF)   :   0.500000000000000     
 s^K      :    2.00000000000000     
 beta  (J):    4.00000000000000     
 alpha (K):    2.00000000000000     
 
 hardness table read.
 setting up gammas ...
 memory needed for q data (Mb)                      0
 computing q(ij,n) ...
 
         113 CSF included by energy.
 
        2632 considered in PT2.
 ordered frontier orbitals
         eV     # centers
  35   -19.400     5.9
  36   -19.196    12.6
  37   -18.831     2.5
  38   -18.577     3.4
  39   -18.225     2.9
  40   -18.185    12.2
  41   -16.966     9.0
  42   -16.310     8.5
  43   -15.618    11.3
  44   -15.616     7.9
  45   -14.179     5.7
 
  46    -8.362    11.5
  47    -6.209     8.4
  48    -5.844     9.7
  49    -5.781     5.5
  50    -5.240     8.5
  51    -4.653    16.5
  52    -4.533    11.9
  53    -4.388     9.2
  54    -4.297    11.8
  55    -4.270     9.1
  56    -4.187    17.4
 
             lowest CSF states
       eV     nm      excitation i->a               eV
    1  3.10   399.9       45 ->  46     gap,J,K:   5.817   3.786   0.534   Kshft:   0.001  locality: 0.872
    2  3.29   376.4       44 ->  46     gap,J,K:   7.254   4.484   0.077   Kshft:   0.371  locality: 0.983
    3  4.25   291.9       43 ->  46     gap,J,K:   7.257   4.097   0.543   Kshft:   0.001  locality: 0.995
    4  4.70   263.9       42 ->  46     gap,J,K:   7.948   4.042   0.395   Kshft:   0.002  locality: 0.975
    5  5.05   245.4       45 ->  47     gap,J,K:   7.970   3.762   0.421   Kshft:   0.002  locality: 0.865
    6  5.28   234.9       45 ->  50     gap,J,K:   8.939   4.161   0.000   Kshft:   0.500  locality: 0.883
    7  5.37   231.1       45 ->  48     gap,J,K:   8.335   3.678   0.353   Kshft:   0.003  locality: 0.869
    8  5.52   224.6       44 ->  47     gap,J,K:   9.407   4.458   0.049   Kshft:   0.473  locality: 0.975
    9  5.60   221.6       41 ->  46     gap,J,K:   8.604   3.838   0.414   Kshft:   0.002  locality: 0.968
   10  5.72   216.9       39 ->  46     gap,J,K:   9.863   4.647   0.000   Kshft:   0.500  locality: 0.959
   11  5.91   209.8       45 ->  52     gap,J,K:   9.646   4.242   0.003   Kshft:   0.500  locality: 0.950
   12  5.99   207.0       43 ->  47     gap,J,K:   9.410   4.120   0.348   Kshft:   0.003  locality: 0.998
   13  6.05   205.0       44 ->  48     gap,J,K:   9.772   4.291   0.056   Kshft:   0.454  locality: 0.965
   14  6.32   196.3       45 ->  51     gap,J,K:   9.526   3.606   0.174   Kshft:   0.049  locality: 0.840
   15  6.44   192.4       45 ->  49     gap,J,K:   8.398   2.454   0.000   Kshft:   0.500  locality: 0.539
   16  6.56   189.1       45 ->  56     gap,J,K:   9.992   3.939   0.002   Kshft:   0.500  locality: 0.965
   17  6.56   189.0       43 ->  48     gap,J,K:   9.774   4.015   0.400   Kshft:   0.002  locality: 1.000
   18  6.60   188.0       45 ->  54     gap,J,K:   9.882   3.817   0.260   Kshft:   0.011  locality: 0.943
   19  6.71   184.7       40 ->  46     gap,J,K:   9.823   3.694   0.288   Kshft:   0.007  locality: 0.953
   20  6.82   181.8       43 ->  49     gap,J,K:   9.838   3.522   0.001   Kshft:   0.500  locality: 0.815
   21  6.91   179.4       45 ->  58     gap,J,K:  10.455   4.032   0.088   Kshft:   0.313  locality: 0.898
   22  6.98   177.7       42 ->  47     gap,J,K:  10.101   4.124   0.499   Kshft:   0.001  locality: 0.992
   23  7.02   176.5       44 ->  49     gap,J,K:   9.835   3.336   0.011   Kshft:   0.500  locality: 0.697
   24  7.09   174.9       44 ->  51     gap,J,K:  10.963   4.417   0.021   Kshft:   0.499  locality: 0.979
   25  7.20   172.1       42 ->  48     gap,J,K:  10.466   3.977   0.355   Kshft:   0.003  locality: 0.984
 
 selecting CSF ...
 average/max PT2 energy lowering (eV):     0.014     0.053
         980 CSF included by PT.
        1093 CSF in total.
 sTD-DFT procedure...
 setting up A+B and A-B matrices
  calculating (A-B)^0.5 ...
 estimated time (min)     0.05
  calculating (A+B)*(A-B)^0.5 ...
 calculate eigenvalues of (A-B)^0.5*(A+B)*(A-B)^0.5 ...
  rpa vectors ok
  123 roots found, lowest/highest eigenvalue :    2.471   9.977   0
 writing spectral data to tda.dat ...
 
 excitation energies, transition moments and TDA amplitudes
 state    eV      nm       fL         Rv
    1    2.471   501.8     0.1893    -3.2533     0.94(  45->  46)  0.01(  45->  47)  0.01(  43->  46)
    2    2.867   432.4     0.0116    -0.7080     0.75(  44->  46)  0.22(  43->  46)  0.01(  44->  51)
    3    3.703   334.8     0.0907    -8.9778     0.50(  43->  46)  0.21(  45->  47)  0.16(  44->  46)
    4    4.173   297.1     0.0349     9.3864     0.77(  42->  46)  0.10(  43->  46)  0.03(  43->  47)
    5    4.601   269.5     0.7003     4.0164     0.41(  45->  47)  0.15(  41->  46)  0.13(  45->  48)
    6    4.832   256.6     0.1428   -17.9356     0.65(  45->  50)  0.08(  45->  48)  0.08(  45->  52)
    7    4.838   256.3     0.6359    25.5455     0.41(  45->  48)  0.16(  45->  47)  0.14(  45->  50)
    8    5.123   242.0     0.1046    18.7604     0.46(  44->  47)  0.27(  43->  47)  0.11(  41->  46)
    9    5.203   238.3     0.0861    -5.7147     0.48(  41->  46)  0.26(  44->  47)  0.12(  45->  48)
   10    5.451   227.5     0.0070    -5.9967     0.66(  45->  52)  0.09(  45->  50)  0.09(  45->  56)
   11    5.493   225.7     0.0004   -13.1338     0.88(  39->  46)  0.03(  44->  48)  0.02(  39->  51)
   12    5.663   219.0     0.0717    35.2971     0.39(  44->  48)  0.31(  43->  48)  0.03(  43->  47)
   13    5.697   217.6     0.2242   -34.6000     0.24(  45->  51)  0.12(  44->  48)  0.08(  43->  47)
   14    5.765   215.1     0.0001    -0.6528     0.47(  45->  49)  0.24(  42->  49)  0.21(  43->  49)
   15    5.924   209.3     0.0007     0.7377     0.29(  45->  54)  0.20(  45->  51)  0.11(  44->  48)
   16    5.945   208.5     0.1177     4.0361     0.16(  43->  47)  0.12(  44->  48)  0.12(  45->  58)
   17    6.036   205.4     0.4129    -4.9597     0.26(  43->  47)  0.17(  40->  46)  0.09(  42->  47)
   18    6.083   203.8     0.0087     7.9091     0.63(  45->  56)  0.09(  45->  52)  0.07(  45->  57)
   19    6.360   194.9     0.0004    -0.0903     0.44(  43->  49)  0.21(  41->  49)  0.16(  45->  49)
   20    6.398   193.8     0.0413    -2.8379     0.50(  40->  46)  0.17(  43->  48)  0.08(  45->  51)
   21    6.577   188.5     0.0341     5.9411     0.38(  44->  51)  0.34(  43->  51)  0.08(  44->  55)
   22    6.627   187.1     0.0294   -18.0511     0.24(  42->  47)  0.14(  43->  48)  0.11(  44->  49)
   23    6.752   183.6     0.0236    -1.4430     0.22(  42->  47)  0.14(  44->  51)  0.11(  42->  48)
   24    6.829   181.6     0.0369    10.1669     0.23(  45->  58)  0.17(  42->  48)  0.14(  41->  47)
   25    6.865   180.6     0.0011    -1.9818     0.32(  45->  53)  0.14(  45->  60)  0.11(  42->  53)
   26    6.879   180.2     0.0772    -0.7883     0.50(  44->  49)  0.12(  42->  47)  0.11(  41->  47)
   27    6.958   178.2     0.0159     5.7401     0.14(  45->  58)  0.12(  45->  55)  0.09(  43->  51)
   28    7.019   176.6     0.0028    -2.4941     0.35(  45->  60)  0.11(  43->  50)  0.07(  43->  53)
   29    7.105   174.5     0.0284   -22.8526     0.17(  43->  50)  0.14(  45->  60)  0.06(  41->  50)
   30    7.108   174.4     0.0591    21.2572     0.15(  33->  46)  0.13(  43->  51)  0.07(  43->  50)
   31    7.127   174.0     0.0017    -0.5869     0.43(  38->  46)  0.27(  36->  46)  0.04(  37->  46)
   32    7.132   173.8     0.0343    -2.2396     0.13(  45->  55)  0.12(  41->  47)  0.09(  38->  46)
   33    7.268   170.6     0.0015     6.0929     0.39(  36->  46)  0.32(  38->  46)  0.12(  37->  46)
   34    7.313   169.5     0.1936     4.4312     0.26(  42->  48)  0.17(  33->  46)  0.14(  35->  46)
   35    7.359   168.5     0.0005    -2.3557     0.34(  42->  49)  0.14(  45->  53)  0.12(  45->  57)
   36    7.466   166.1     0.0225     0.8864     0.22(  44->  50)  0.15(  44->  56)  0.13(  35->  46)
   37    7.533   164.6     0.0020    -3.5745     0.37(  44->  54)  0.24(  43->  54)  0.06(  44->  55)
   38    7.543   164.4     0.0001    -0.4166     0.23(  45->  57)  0.10(  45->  49)  0.08(  42->  57)
   39    7.587   163.4     0.0120     1.6303     0.29(  37->  46)  0.18(  43->  55)  0.08(  36->  46)
   40    7.593   163.3     0.0072    -4.6446     0.30(  37->  46)  0.16(  43->  55)  0.09(  36->  46)
   41    7.654   162.0     0.0007    -5.3775     0.35(  43->  53)  0.17(  45->  53)  0.14(  41->  53)
   42    7.671   161.6     0.0405     5.4042     0.32(  34->  46)  0.12(  44->  50)  0.08(  45->  64)
   43    7.733   160.3     0.0500     1.6813     0.42(  45->  64)  0.10(  44->  53)  0.05(  44->  50)
   44    7.748   160.0     0.0003    -0.9092     0.92(  39->  47)  0.01(  45->  64)  0.01(  39->  66)
   45    7.804   158.9     0.1483    10.6980     0.21(  44->  53)  0.17(  45->  61)  0.09(  45->  62)
   46    7.806   158.8     0.0004    -1.1301     0.27(  45->  59)  0.15(  42->  59)  0.13(  43->  59)
   47    7.820   158.6     0.0045   -10.1930     0.18(  45->  62)  0.13(  45->  59)  0.13(  45->  63)
   48    7.841   158.1     0.0059     0.0667     0.29(  35->  46)  0.21(  33->  46)  0.08(  42->  51)
   49    7.878   157.4     0.0008     4.9696     0.21(  43->  52)  0.12(  41->  52)  0.09(  43->  50)
   50    7.904   156.9     0.0617     0.8727     0.31(  45->  61)  0.16(  44->  53)  0.10(  45->  63)
   51    7.981   155.4     0.0481     7.7453     0.24(  41->  48)  0.13(  43->  54)  0.12(  42->  51)
   52    8.033   154.4     0.0296   -12.4420     0.23(  42->  51)  0.16(  43->  54)  0.09(  34->  46)
   53    8.058   153.9     0.0012     0.9822     0.73(  32->  46)  0.09(  37->  46)  0.03(  29->  46)
   54    8.088   153.3     0.0205     5.7269     0.27(  41->  48)  0.08(  43->  54)  0.07(  43->  51)
   55    8.127   152.6     0.0004    -2.1613     0.22(  43->  56)  0.15(  43->  57)  0.10(  45->  57)
   56    8.196   151.3     0.0119     1.6731     0.34(  44->  52)  0.17(  44->  53)  0.14(  44->  60)
   57    8.215   150.9     0.0197     0.0162     0.53(  44->  55)  0.13(  44->  51)  0.08(  44->  54)
   58    8.266   150.0     0.0450    -5.5284     0.54(  40->  47)  0.04(  44->  52)  0.04(  41->  54)
   59    8.287   149.6     0.0005    -0.2765     0.14(  43->  56)  0.10(  43->  57)  0.08(  41->  50)
   60    8.332   148.8     0.0027     3.7282     0.80(  39->  48)  0.04(  31->  46)  0.01(  44->  64)
   61    8.359   148.3     0.0068   -12.7472     0.62(  31->  46)  0.10(  29->  46)  0.05(  39->  48)
   62    8.372   148.1     0.0011     8.0476     0.20(  30->  46)  0.09(  42->  55)  0.04(  43->  55)
   63    8.404   147.5     0.0047     0.9850     0.64(  38->  49)  0.03(  43->  59)  0.02(  44->  57)
   64    8.409   147.4     0.0224    -1.7286     0.34(  43->  59)  0.13(  41->  59)  0.13(  45->  59)
   65    8.474   146.3     0.0157     3.9844     0.14(  38->  49)  0.12(  42->  54)  0.09(  44->  50)
   66    8.506   145.8     0.0001    -1.4574     0.24(  42->  54)  0.13(  42->  55)  0.07(  45->  55)
   67    8.512   145.7     0.0007    -5.6310     0.16(  42->  53)  0.08(  45->  67)  0.07(  42->  50)
   68    8.604   144.1     0.0008     4.9645     0.14(  30->  46)  0.11(  40->  48)  0.11(  44->  56)
   69    8.614   143.9     0.0002    -2.4318     0.21(  42->  50)  0.09(  40->  50)  0.08(  41->  50)
   70    8.646   143.4     0.0038     0.0398     0.20(  41->  49)  0.17(  42->  53)  0.11(  40->  49)
   71    8.680   142.8     0.0063   -62.7385     0.33(  45->  67)  0.13(  45->  66)  0.05(  42->  53)
   72    8.699   142.5     0.0273    90.5190     0.70(  37->  49)  0.05(  38->  53)  0.04(  45->  67)
   73    8.760   141.5     0.0067   -16.4445     0.27(  43->  58)  0.08(  30->  46)  0.05(  37->  49)
   74    8.825   140.5     0.0273    -7.8042     0.12(  41->  51)  0.10(  30->  46)  0.10(  45->  63)
   75    8.843   140.2     0.0254    -2.0370     0.23(  44->  64)  0.20(  44->  58)  0.09(  44->  61)
   76    8.895   139.4     0.0123     5.8779     0.54(  44->  57)  0.09(  44->  50)  0.08(  44->  56)
   77    8.901   139.3     0.0023    -8.8084     0.50(  38->  47)  0.08(  39->  51)  0.07(  38->  54)
   78    8.928   138.9     0.0028    -3.5145     0.39(  45->  66)  0.12(  45->  67)  0.05(  45->  72)
   79    8.987   138.0     0.0038    -7.4407     0.18(  42->  54)  0.10(  41->  51)  0.09(  42->  55)
   80    9.002   137.7     0.0019     3.5301     0.32(  39->  51)  0.24(  44->  61)  0.13(  38->  47)
   81    9.004   137.7     0.0016     7.1908     0.20(  43->  60)  0.06(  45->  65)  0.05(  41->  60)
   82    9.064   136.8     0.0385    -1.6664     0.76(  44->  59)  0.11(  43->  59)  0.02(  33->  47)
   83    9.096   136.3     0.0022    -2.1671     0.16(  43->  50)  0.15(  42->  50)  0.15(  41->  50)
   84    9.124   135.9     0.0034    18.0993     0.60(  27->  46)  0.07(  36->  47)  0.04(  27->  48)
   85    9.127   135.8     0.0250   -14.2104     0.19(  40->  48)  0.15(  30->  46)  0.08(  27->  46)
   86    9.142   135.6     0.0006     2.3052     0.18(  42->  52)  0.13(  45->  65)  0.07(  41->  52)
   87    9.178   135.1     0.0000    -0.8173     0.24(  42->  57)  0.12(  45->  57)  0.07(  42->  52)
   88    9.186   135.0     0.0010    -1.1764     0.57(  28->  46)  0.06(  32->  48)  0.06(  38->  47)
   89    9.276   133.7     0.0019     2.3533     0.37(  25->  46)  0.05(  45->  68)  0.05(  23->  46)
   90    9.306   133.2     0.0011    -6.7474     0.48(  37->  47)  0.11(  36->  47)  0.08(  27->  46)
   91    9.313   133.1     0.0001    -1.6976     0.14(  35->  49)  0.09(  34->  49)  0.08(  42->  53)
   92    9.341   132.7     0.0049    -1.9514     0.12(  34->  49)  0.12(  43->  60)  0.10(  35->  49)
   93    9.361   132.4     0.0030     1.5038     0.09(  35->  47)  0.08(  45->  68)  0.08(  43->  61)
   94    9.382   132.2     0.0048     4.7103     0.16(  37->  47)  0.13(  26->  46)  0.11(  44->  63)
   95    9.384   132.1     0.0174     0.8996     0.17(  42->  59)  0.16(  45->  59)  0.07(  42->  56)
   96    9.411   131.7     0.0069     0.5731     0.26(  43->  61)  0.14(  25->  46)  0.08(  40->  48)
   97    9.446   131.3     0.0439    -1.7036     0.14(  44->  60)  0.12(  45->  68)  0.07(  33->  47)
   98    9.465   131.0     0.0274     4.6818     0.21(  44->  60)  0.08(  44->  52)  0.06(  45->  68)
   99    9.473   130.9     0.0064    -2.9615     0.24(  36->  47)  0.15(  39->  51)  0.14(  44->  61)
  100    9.488   130.7     0.0101    -3.4420     0.11(  42->  59)  0.08(  40->  56)  0.06(  45->  59)
  101    9.517   130.3     0.0149     6.2908     0.22(  26->  46)  0.12(  44->  63)  0.09(  44->  58)
  102    9.521   130.2     0.0228     4.2231     0.21(  39->  49)  0.09(  45->  68)  0.07(  40->  49)
  103    9.523   130.2     0.0037   -12.0166     0.21(  40->  49)  0.15(  41->  49)  0.05(  30->  49)
  104    9.537   130.0     0.0019     0.0318     0.23(  26->  46)  0.14(  36->  47)  0.07(  39->  51)
  105    9.566   129.6     0.0271     0.4757     0.43(  39->  49)  0.11(  45->  68)  0.06(  33->  47)
  106    9.616   128.9     0.0056     2.5120     0.14(  41->  54)  0.08(  41->  61)  0.07(  43->  58)
  107    9.637   128.7     0.0003    -1.5943     0.31(  38->  48)  0.29(  38->  51)  0.11(  38->  55)
  108    9.658   128.4     0.0029    -1.3431     0.43(  29->  46)  0.11(  26->  46)  0.09(  24->  46)
  109    9.669   128.2     0.0195    -5.5674     0.13(  34->  47)  0.11(  43->  64)  0.08(  41->  54)
  110    9.679   128.1     0.0040     4.5876     0.11(  41->  52)  0.09(  43->  52)  0.08(  42->  52)
  111    9.702   127.8     0.0011     0.8349     0.15(  43->  62)  0.08(  45->  69)  0.07(  43->  63)
  112    9.726   127.5     0.0045    -1.7126     0.31(  35->  47)  0.22(  33->  47)  0.03(  34->  47)
  113    9.743   127.3     0.0220    -3.4008     0.30(  34->  47)  0.11(  43->  64)  0.07(  33->  47)
  114    9.776   126.8     0.0020     6.3285     0.35(  24->  46)  0.10(  29->  46)  0.08(  36->  48)
  115    9.814   126.3     0.0050     0.5155     0.10(  43->  64)  0.08(  44->  58)  0.08(  41->  55)
  116    9.832   126.1     0.0058     5.6466     0.22(  44->  64)  0.13(  44->  58)  0.06(  44->  62)
  117    9.861   125.7     0.0015    -0.9311     0.23(  41->  53)  0.19(  40->  53)  0.06(  43->  53)
  118    9.881   125.5     0.0002    -0.0277     0.39(  38->  55)  0.20(  38->  48)  0.09(  24->  46)
  119    9.941   124.7     0.0016    -2.8793     0.32(  33->  48)  0.10(  35->  48)  0.08(  34->  48)
  120    9.954   124.6     0.0017     4.6660     0.09(  43->  65)  0.06(  45->  70)  0.06(  41->  56)
  121    9.959   124.5     0.0089    10.1172     0.14(  36->  50)  0.13(  36->  48)  0.06(  38->  55)
  122    9.966   124.4     0.0009     4.2369     0.33(  37->  55)  0.33(  37->  51)  0.14(  37->  48)
  123    9.977   124.3     0.0111   -25.6865     0.22(  36->  50)  0.14(  24->  46)  0.13(  36->  48)

  alpha tensor

           1         2         3
 
    1 290.73913
    2   2.64926  55.88197
    3  -2.68026  26.13754  21.80220
 trace alpha_L[0] / au:   122.807768673674     
 sum rule f_L           4.49899812463394     
 
 SOS specific optical rotation 
 including Lorentz factor for common solvent (n=1.4)
 lambda [eV] alpha[grad*cm^3*g^-1*dm^-1]
 632.8  1.96     -231.16
 589.3  2.10     -369.01        0.00 ##
 579.0  2.14     -424.63
 546.0  2.27     -776.50
 436.0  2.84    -1255.85
 365.0  3.40     -404.98
 
 sTD-DFT done.
Mon 21 Mar 15:01:07 GMT 2022
