Mon 21 Mar 14:41:02 GMT 2022


                 *********************************************
                 *                                           *
                 *               s  T  D  A                  *
                 *                                           *
                 *                S. Grimme                  *
                 * Mulliken Center for Theoretical Chemistry *
                 *             Universitaet Bonn             *
                 *              Version 1.6.2                *
                 *       Tue Sep 10 14:44:30 CET 2020        *
                 *********************************************
 
 Please cite as:
 S. Grimme, J. Chem. Phys. 138 (2013) 244104
 
 With contributions from:
 C. Bannwarth, P. Shushkov, M. de Wergifosse
 
======================================================================
 
 reading an xTB output...
 
 reading: wfn.xtb
======================================================================
                    M O / A O    I N P U T 
======================================================================
atom  #          x             y             z            charge
  C   1     -8.76020258    2.45777757   -3.39886109         6.00
  C   2     -6.95116793    1.41275912   -1.50384391         6.00
  C   3     -7.81307194    0.47980142    0.78310243         6.00
  C   4     -6.07887043   -0.48320293    2.51333551         6.00
  C   5     -6.99727725   -1.47474213    5.02289157         6.00
  F   6     -5.21243109   -2.65298626    6.34740049         9.00
  F   7     -8.91950648   -3.11634706    4.73584220         9.00
  F   8     -7.89829858    0.39929909    6.49196453         9.00
  N   9     -3.62600615   -0.57031929    2.12254019         7.00
  C  10     -2.76977132    0.31520629   -0.06311685         6.00
  C  11     -4.32690551    1.34586282   -1.98345636         6.00
  C  12     -3.18003083    2.24480546   -4.25471797         6.00
  C  13     -0.64005018    2.12461888   -4.59335686         6.00
  C  14      0.90158825    1.09547413   -2.67698578         6.00
  N  15      3.35842096    0.79311798   -2.59024736         7.00
  C  16      3.88206402   -0.28875013   -0.31558423         6.00
  C  17      6.46305172   -0.88476969    0.40402341         6.00
  C  18      7.03941813   -2.00008594    2.72101639         6.00
  C  19      9.51401426   -2.53998065    3.35237383         6.00
  C  20     11.43870014   -1.97098417    1.67486411         6.00
  F  21     13.84318744   -2.49897360    2.29979648         9.00
  C  22     10.87934126   -0.86001428   -0.63967223         6.00
  F  23     12.74733536   -0.30745841   -2.27012778         9.00
  C  24      8.41154815   -0.31841882   -1.27726577         6.00
  C  25      1.66976185   -0.65819155    1.02971167         6.00
  N  26     -0.22317663    0.21920821   -0.46525053         7.00
  H  27    -10.68564435    2.34080353   -2.69720585         1.00
  H  28     -8.32273103    4.42895071   -3.79778224         1.00
  H  29     -8.63718142    1.40822378   -5.16462102         1.00
  H  30     -9.79974083    0.48528162    1.23814844         1.00
  H  31     -4.36866845    3.02866378   -5.71018490         1.00
  H  32      0.26475061    2.79244804   -6.28995282         1.00
  H  33      5.55069203   -2.44870689    4.03664360         1.00
  H  34      9.98757959   -3.40150671    5.13740897         1.00
  H  35      7.97521042    0.54291827   -3.07042672         1.00
  H  36      1.28425776   -1.43959323    2.85216338         1.00

 # atoms          =   36
 # mos            =  180
 # primitive  aos = 1374
 # contracted aos =  258

 spherical AO basis
======================================================================
                    A O   I N T E G R A L S
======================================================================
 memory needed for AO int data:   2 Mb
 done.
  
Restricted MOs found... RKS-sTD-DFT will be performed
  
======================================================================
                    s T D A
======================================================================
 spectral range up to (eV)     :    10.0000000000000     
 occ MO cut-off (eV)           :   -36.0185300011913     
 virtMO cut-off (eV)           :    13.1290520911276     
 perturbation thr              :   1.000000000000000E-004
 triplet                       :  F
 MOs in TDA :          145
 oMOs in TDA:           64
 vMOs in TDA:           81
 sorting MOs ...
 reading and transforming R..V..L AO ints ...
 ints done.
 S^1/2 ...
 S^1/2 orthogonalized MO coefficients done.

 SCF atom population (using active MOs):
  3.867  3.853  3.780  3.762  3.351  6.672  6.692  6.697  4.861  3.593
  3.740  3.813  3.911  3.833  5.174  3.996  4.081  3.980  4.037  3.962
  6.909  3.963  6.904  4.018  3.858  4.825  1.008  0.994  0.995  0.949
  0.983  0.951  1.013  0.988  1.011  0.978
 
 # electrons in TDA: 128.000
 
 
 ax(DF)   :   0.500000000000000     
 s^K      :    2.00000000000000     
 beta  (J):    4.00000000000000     
 alpha (K):    2.00000000000000     
 
 hardness table read.
 setting up gammas ...
 memory needed for q data (Mb)                      2
 computing q(ij,n) ...
 
         107 CSF included by energy.
 
        5077 considered in PT2.
 ordered frontier orbitals
         eV     # centers
  54   -19.688     9.4
  55   -19.019    11.4
  56   -18.988     8.9
  57   -18.789    12.2
  58   -17.624     2.2
  59   -17.498    10.5
  60   -17.475     3.6
  61   -16.927    11.7
  62   -16.397     5.1
  63   -15.865    10.9
  64   -14.871     8.0
 
  65    -8.019     8.1
  66    -7.198    10.2
  67    -6.332    11.4
  68    -6.054     4.8
  69    -5.602    11.7
  70    -5.547    10.5
  71    -4.978     9.9
  72    -4.716    11.9
  73    -4.485    14.2
  74    -4.175    18.1
  75    -3.872    20.9
 
             lowest CSF states
       eV     nm      excitation i->a               eV
    1  4.01   309.0       64 ->  65     gap,J,K:   6.852   3.526   0.341   Kshft:   0.004  locality: 0.829
    2  4.72   262.7       64 ->  66     gap,J,K:   7.673   3.746   0.396   Kshft:   0.002  locality: 0.933
    3  5.09   243.6       63 ->  65     gap,J,K:   7.846   3.762   0.502   Kshft:   0.001  locality: 0.921
    4  5.44   227.7       60 ->  65     gap,J,K:   9.457   4.516   0.002   Kshft:   0.500  locality: 0.930
    5  5.48   226.1       64 ->  67     gap,J,K:   8.539   3.684   0.311   Kshft:   0.005  locality: 0.955
    6  5.55   223.3       63 ->  66     gap,J,K:   8.667   3.718   0.298   Kshft:   0.006  locality: 0.964
    7  5.67   218.8       64 ->  68     gap,J,K:   8.817   3.628   0.231   Kshft:   0.017  locality: 0.794
    8  6.15   201.7       61 ->  65     gap,J,K:   8.909   3.362   0.297   Kshft:   0.006  locality: 0.862
    9  6.24   198.8       64 ->  70     gap,J,K:   9.324   3.792   0.351   Kshft:   0.003  locality: 0.877
   10  6.33   196.0       59 ->  65     gap,J,K:   9.479   4.061   0.453   Kshft:   0.001  locality: 0.988
   11  6.41   193.5       58 ->  65     gap,J,K:   9.605   3.697   0.000   Kshft:   0.500  locality: 0.727
   12  6.54   189.5       64 ->  71     gap,J,K:   9.893   3.849   0.000   Kshft:   0.500  locality: 0.889
   13  6.59   188.1       60 ->  66     gap,J,K:  10.277   4.187   0.001   Kshft:   0.500  locality: 0.914
   14  6.61   187.6       62 ->  66     gap,J,K:   9.199   3.008   0.191   Kshft:   0.035  locality: 0.684
   15  6.69   185.3       62 ->  65     gap,J,K:   8.379   2.251   0.035   Kshft:   0.492  locality: 0.484
   16  6.70   185.1       63 ->  67     gap,J,K:   9.533   3.547   0.355   Kshft:   0.003  locality: 0.957
   17  6.91   179.5       64 ->  69     gap,J,K:   9.269   2.862   0.001   Kshft:   0.500  locality: 0.657
   18  6.96   178.0       61 ->  66     gap,J,K:   9.729   3.540   0.386   Kshft:   0.002  locality: 0.961
   19  7.03   176.3       62 ->  67     gap,J,K:  10.065   3.716   0.339   Kshft:   0.004  locality: 0.880
   20  7.04   176.1       63 ->  68     gap,J,K:   9.811   3.199   0.200   Kshft:   0.029  locality: 0.729
   21  7.07   175.4       58 ->  66     gap,J,K:  10.426   3.857   0.000   Kshft:   0.500  locality: 0.804
   22  7.12   174.0       63 ->  70     gap,J,K:  10.318   3.927   0.366   Kshft:   0.003  locality: 0.946
   23  7.15   173.4       59 ->  66     gap,J,K:  10.300   3.810   0.329   Kshft:   0.004  locality: 0.982
   24  7.18   172.7       62 ->  68     gap,J,K:  10.343   4.985   0.910   Kshft:   0.000  locality: 0.997
   25  7.27   170.6       56 ->  65     gap,J,K:  10.970   4.344   0.319   Kshft:   0.005  locality: 0.968
 
 selecting CSF ...
 average/max PT2 energy lowering (eV):     0.028     0.152
        1022 CSF included by PT.
        1129 CSF in total.
 sTD-DFT procedure...
 setting up A+B and A-B matrices
  calculating (A-B)^0.5 ...
 estimated time (min)     0.06
  calculating (A+B)*(A-B)^0.5 ...
 calculate eigenvalues of (A-B)^0.5*(A+B)*(A-B)^0.5 ...
  rpa vectors ok
  119 roots found, lowest/highest eigenvalue :    3.505  10.000   0
 writing spectral data to tda.dat ...
 
 excitation energies, transition moments and TDA amplitudes
 state    eV      nm       fL         Rv
    1    3.505   353.8     0.3560     0.6677     0.89(  64->  65)  0.03(  63->  66)  0.02(  63->  65)
    2    3.952   313.7     0.0088     0.1321     0.46(  64->  66)  0.34(  63->  65)  0.08(  61->  65)
    3    4.531   273.6     0.5783     0.1356     0.45(  64->  66)  0.30(  63->  65)  0.09(  61->  65)
    4    4.687   264.5     0.0192     0.1771     0.38(  64->  68)  0.18(  62->  67)  0.15(  62->  66)
    5    4.918   252.1     0.5442     3.5464     0.40(  63->  66)  0.25(  64->  67)  0.13(  63->  65)
    6    5.145   241.0     0.0079    -9.3048     0.89(  60->  65)  0.04(  60->  70)  0.02(  60->  67)
    7    5.224   237.3     0.0262    -3.0810     0.51(  64->  67)  0.19(  63->  66)  0.06(  59->  65)
    8    5.479   226.3     0.2416     8.7993     0.35(  59->  65)  0.17(  61->  65)  0.15(  64->  70)
    9    5.832   212.6     0.2818     6.7522     0.52(  64->  70)  0.10(  63->  66)  0.08(  63->  70)
   10    5.950   208.4     0.1902    -0.9408     0.47(  64->  68)  0.21(  62->  66)  0.16(  62->  67)
   11    6.012   206.2     0.4716     4.8990     0.22(  62->  68)  0.21(  63->  67)  0.21(  61->  66)
   12    6.041   205.2     0.0028    10.4900     0.73(  60->  66)  0.16(  60->  67)  0.05(  58->  65)
   13    6.050   204.9     0.0061   -10.8902     0.79(  58->  65)  0.07(  58->  70)  0.04(  60->  66)
   14    6.122   202.5     0.0004    -4.0597     0.60(  64->  71)  0.22(  64->  69)  0.04(  63->  69)
   15    6.160   201.3     0.0265    -0.8877     0.29(  59->  65)  0.16(  59->  66)  0.13(  57->  65)
   16    6.275   197.6     0.0013    -2.0133     0.33(  64->  69)  0.26(  64->  71)  0.14(  64->  72)
   17    6.321   196.2     0.0738    -0.6050     0.22(  63->  67)  0.21(  63->  70)  0.09(  64->  70)
   18    6.485   191.2     0.2659    -1.3789     0.27(  63->  67)  0.16(  62->  68)  0.12(  61->  66)
   19    6.639   186.8     0.0470     2.3360     0.25(  61->  66)  0.19(  62->  68)  0.15(  62->  65)
   20    6.697   185.1     0.0109    -2.0496     0.74(  58->  66)  0.05(  62->  65)  0.04(  58->  73)
   21    6.697   185.1     0.1023     0.9393     0.48(  62->  65)  0.10(  63->  68)  0.08(  58->  66)
   22    6.748   183.7     0.0384    -1.0912     0.26(  63->  68)  0.18(  62->  66)  0.17(  62->  65)
   23    6.850   181.0     0.3526    -3.7219     0.24(  59->  66)  0.12(  61->  66)  0.09(  63->  70)
   24    7.000   177.1     0.0934    -7.6519     0.44(  56->  65)  0.12(  64->  77)  0.09(  63->  70)
   25    7.018   176.7     0.0168     3.9822     0.64(  64->  73)  0.08(  56->  65)  0.07(  63->  73)
   26    7.055   175.7     0.0045     5.2672     0.35(  63->  69)  0.09(  61->  69)  0.08(  64->  75)
   27    7.077   175.2     0.0020    -2.0630     0.32(  64->  72)  0.23(  64->  75)  0.15(  63->  69)
   28    7.109   174.4     0.0007     5.0725     0.16(  64->  69)  0.12(  63->  71)  0.11(  64->  72)
   29    7.130   173.9     0.0320     2.9013     0.43(  64->  77)  0.18(  56->  65)  0.05(  57->  65)
   30    7.208   172.0     0.0003    -0.3877     0.65(  62->  71)  0.11(  61->  71)  0.03(  62->  75)
   31    7.296   169.9     0.1320     0.1129     0.26(  62->  67)  0.15(  62->  66)  0.14(  57->  65)
   32    7.357   168.5     0.0021     3.4825     0.28(  57->  65)  0.16(  62->  67)  0.09(  62->  66)
   33    7.474   165.9     0.0834     4.2863     0.21(  61->  67)  0.13(  57->  66)  0.08(  64->  76)
   34    7.524   164.8     0.0348   -13.6230     0.15(  64->  76)  0.11(  64->  79)  0.09(  59->  67)
   35    7.570   163.8     0.0122     6.7582     0.64(  58->  67)  0.06(  53->  65)  0.05(  58->  73)
   36    7.602   163.1     0.0013    -4.2405     0.38(  63->  72)  0.10(  61->  69)  0.10(  59->  69)
   37    7.622   162.7     0.0413     1.9951     0.41(  61->  68)  0.18(  63->  68)  0.07(  57->  68)
   38    7.685   161.3     0.0260     3.7066     0.18(  59->  70)  0.17(  60->  70)  0.06(  59->  67)
   39    7.709   160.8     0.0128    -6.4803     0.35(  60->  70)  0.08(  59->  70)  0.07(  60->  67)
   40    7.768   159.6     0.0007     3.7259     0.26(  64->  78)  0.14(  64->  75)  0.14(  59->  69)
   41    7.846   158.0     0.0436    -0.9587     0.31(  64->  79)  0.16(  56->  66)  0.09(  64->  76)
   42    7.862   157.7     0.0390    -1.7842     0.51(  63->  73)  0.13(  61->  73)  0.04(  64->  73)
   43    7.920   156.5     0.0061     0.4936     0.70(  53->  65)  0.09(  52->  65)  0.06(  60->  70)
   44    7.959   155.8     0.0038    -7.0032     0.23(  63->  71)  0.18(  63->  74)  0.10(  64->  78)
   45    8.000   155.0     0.0927    14.0835     0.39(  56->  66)  0.10(  61->  67)  0.06(  64->  76)
   46    8.032   154.4     0.0011    -2.0834     0.36(  64->  74)  0.19(  63->  71)  0.07(  63->  75)
   47    8.071   153.6     0.0019    -0.6058     0.44(  55->  67)  0.40(  55->  66)  0.08(  55->  65)
   48    8.162   151.9     0.0054    -4.1259     0.34(  57->  66)  0.09(  61->  67)  0.07(  60->  69)
   49    8.218   150.9     0.0041     7.2656     0.17(  59->  69)  0.12(  63->  72)  0.09(  64->  80)
   50    8.234   150.6     0.0627   -19.0917     0.17(  63->  77)  0.13(  61->  70)  0.08(  64->  81)
   51    8.290   149.6     0.0016    -2.5081     0.68(  60->  69)  0.05(  60->  72)  0.03(  57->  66)
   52    8.301   149.4     0.0002    -0.1282     0.53(  58->  68)  0.42(  55->  68)  0.01(  55->  66)
   53    8.312   149.2     0.0014    18.6624     0.12(  59->  67)  0.11(  63->  77)  0.07(  63->  76)
   54    8.327   148.9     0.0002    -6.7139     0.18(  62->  78)  0.09(  63->  75)  0.09(  61->  71)
   55    8.369   148.2     0.0487     3.2897     0.15(  59->  67)  0.12(  63->  76)  0.09(  59->  70)
   56    8.434   147.0     0.0034    -5.0492     0.27(  60->  70)  0.18(  60->  73)  0.14(  51->  65)
   57    8.462   146.5     0.0131     3.7461     0.19(  54->  66)  0.13(  57->  67)  0.08(  62->  77)
   58    8.519   145.5     0.0846    -7.1535     0.20(  62->  77)  0.16(  62->  79)  0.07(  63->  76)
   59    8.529   145.4     0.0021     6.2025     0.46(  55->  68)  0.35(  58->  68)  0.03(  51->  65)
   60    8.536   145.2     0.0007    -5.4151     0.27(  62->  78)  0.12(  63->  75)  0.11(  62->  80)
   61    8.540   145.2     0.0033     8.3205     0.30(  51->  65)  0.15(  60->  67)  0.13(  52->  65)
   62    8.595   144.2     0.0179     0.7188     0.14(  61->  70)  0.11(  64->  81)  0.10(  59->  70)
   63    8.630   143.7     0.0854    22.0087     0.20(  59->  73)  0.18(  64->  82)  0.05(  61->  70)
   64    8.636   143.6     0.0015   -23.4480     0.26(  63->  74)  0.13(  63->  75)  0.12(  61->  74)
   65    8.650   143.3     0.0095    -0.8986     0.63(  58->  70)  0.08(  58->  65)  0.05(  53->  66)
   66    8.740   141.9     0.0003    -0.0697     0.15(  61->  71)  0.12(  64->  78)  0.08(  62->  75)
   67    8.753   141.6     0.0063     2.8599     0.20(  62->  79)  0.15(  62->  70)  0.12(  54->  68)
   68    8.780   141.2     0.0120     0.7522     0.20(  58->  69)  0.15(  58->  71)  0.14(  58->  72)
   69    8.836   140.3     0.0014    -5.9733     0.56(  53->  66)  0.12(  53->  67)  0.07(  50->  65)
   70    8.851   140.1     0.1357     6.3888     0.11(  62->  70)  0.09(  63->  76)  0.08(  63->  77)
   71    8.873   139.7     0.0026    -0.8999     0.15(  63->  78)  0.12(  64->  83)  0.12(  62->  75)
   72    8.921   139.0     0.0103     1.3107     0.18(  56->  70)  0.12(  47->  65)  0.09(  64->  82)
   73    8.951   138.5     0.0004    -1.0103     0.21(  62->  75)  0.07(  62->  78)  0.07(  61->  75)
   74    8.971   138.2     0.0053    -0.7691     0.40(  54->  68)  0.17(  62->  70)  0.17(  57->  68)
   75    9.065   136.8     0.0021    -1.9223     0.51(  48->  65)  0.09(  49->  65)  0.08(  60->  67)
   76    9.102   136.2     0.0390     6.3596     0.13(  47->  65)  0.10(  63->  81)  0.09(  64->  82)
   77    9.109   136.1     0.0042    -1.5515     0.13(  63->  74)  0.11(  56->  69)  0.11(  59->  72)
   78    9.124   135.9     0.0036     0.6254     0.26(  52->  66)  0.12(  60->  73)  0.11(  52->  67)
   79    9.135   135.7     0.0027    -1.4595     0.12(  59->  72)  0.08(  61->  69)  0.07(  57->  69)
   80    9.176   135.1     0.0036     0.6140     0.54(  58->  71)  0.17(  58->  72)  0.09(  58->  69)
   81    9.186   135.0     0.0092     4.8998     0.15(  64->  81)  0.13(  64->  87)  0.07(  63->  79)
   82    9.192   134.9     0.0133    -4.1949     0.23(  60->  73)  0.10(  60->  67)  0.09(  52->  66)
   83    9.225   134.4     0.0290    -0.5203     0.18(  47->  65)  0.17(  64->  84)  0.11(  63->  81)
   84    9.264   133.8     0.0045    -4.0278     0.17(  64->  80)  0.16(  63->  75)  0.08(  59->  74)
   85    9.268   133.8     0.0564     2.5246     0.25(  62->  70)  0.13(  62->  77)  0.09(  62->  73)
   86    9.281   133.6     0.0034    -1.0190     0.33(  55->  65)  0.33(  50->  65)  0.04(  49->  65)
   87    9.293   133.4     0.0004     0.9650     0.22(  63->  80)  0.13(  61->  75)  0.12(  64->  80)
   88    9.304   133.3     0.0784    -5.3251     0.10(  57->  67)  0.08(  56->  70)  0.07(  56->  67)
   89    9.315   133.1     0.0608     2.8366     0.16(  57->  67)  0.14(  56->  70)  0.08(  54->  65)
   90    9.340   132.7     0.0084    -0.2962     0.32(  55->  65)  0.20(  50->  65)  0.17(  48->  65)
   91    9.370   132.3     0.0005    -0.4368     0.56(  60->  72)  0.07(  60->  74)  0.06(  60->  69)
   92    9.438   131.4     0.0084    -0.2170     0.32(  54->  65)  0.07(  63->  82)  0.05(  57->  65)
   93    9.448   131.2     0.0104    -1.6819     0.14(  63->  79)  0.10(  64->  87)  0.08(  63->  81)
   94    9.463   131.0     0.0004     1.2044     0.16(  62->  69)  0.13(  59->  74)  0.07(  56->  69)
   95    9.553   129.8     0.0008    -5.0612     0.12(  63->  82)  0.09(  64->  88)  0.09(  64->  83)
   96    9.564   129.6     0.0005     2.0824     0.23(  64->  83)  0.09(  63->  83)  0.05(  61->  78)
   97    9.569   129.6     0.0001     2.0072     0.58(  62->  69)  0.10(  61->  69)  0.06(  62->  72)
   98    9.583   129.4     0.0001    -1.6630     0.47(  51->  66)  0.11(  52->  66)  0.04(  51->  67)
   99    9.601   129.1     0.0011     2.2487     0.29(  47->  65)  0.15(  60->  71)  0.08(  60->  75)
  100    9.623   128.8     0.0092    -0.9395     0.18(  64->  88)  0.09(  54->  65)  0.09(  59->  68)
  101    9.639   128.6     0.0023    -1.6715     0.26(  59->  68)  0.14(  57->  70)  0.08(  63->  82)
  102    9.650   128.5     0.0006     4.0703     0.42(  52->  68)  0.13(  53->  68)  0.13(  51->  68)
  103    9.663   128.3     0.0084    -4.5934     0.43(  59->  68)  0.08(  63->  82)  0.05(  64->  88)
  104    9.690   128.0     0.0059     0.6739     0.30(  58->  77)  0.26(  45->  65)  0.05(  55->  65)
  105    9.710   127.7     0.0179     1.1249     0.33(  58->  77)  0.11(  45->  65)  0.07(  52->  65)
  106    9.741   127.3     0.0024    -1.7749     0.09(  56->  69)  0.07(  61->  78)  0.07(  56->  72)
  107    9.773   126.9     0.0019    -0.2725     0.16(  64->  86)  0.13(  63->  83)  0.07(  63->  78)
  108    9.785   126.7     0.0018    -0.1336     0.11(  61->  73)  0.09(  64->  87)  0.09(  57->  70)
  109    9.813   126.4     0.0004     0.7017     0.14(  43->  65)  0.13(  58->  73)  0.08(  51->  66)
  110    9.848   125.9     0.0003    -0.1487     0.51(  60->  68)  0.13(  49->  66)  0.09(  49->  67)
  111    9.876   125.5     0.0051     2.4489     0.13(  59->  76)  0.07(  56->  70)  0.07(  61->  76)
  112    9.883   125.4     0.0079     2.9115     0.15(  60->  68)  0.14(  49->  66)  0.12(  49->  67)
  113    9.895   125.3     0.0020    -1.9306     0.19(  60->  68)  0.14(  58->  73)  0.11(  58->  76)
  114    9.909   125.1     0.0182     2.3601     0.22(  56->  67)  0.10(  64->  88)  0.06(  56->  70)
  115    9.928   124.9     0.0003    -3.4815     0.22(  59->  71)  0.08(  63->  80)  0.05(  61->  80)
  116    9.940   124.7     0.0023    -8.8595     0.17(  44->  65)  0.08(  58->  69)  0.07(  58->  75)
  117    9.951   124.6     0.0060     4.4629     0.30(  60->  76)  0.13(  60->  81)  0.07(  52->  65)
  118    9.960   124.5     0.0096     0.2189     0.17(  62->  84)  0.11(  62->  73)  0.10(  62->  87)
  119   10.000   124.0     0.0009    -0.1491     0.11(  63->  80)  0.10(  61->  72)  0.07(  61->  80)

  alpha tensor

           1         2         3
 
    1 245.88165
    2 -28.91847  25.42876
    3   6.89211 -38.88374  89.79382
 trace alpha_L[0] / au:   120.368078164788     
 sum rule f_L           5.30287274789828     
 
 SOS specific optical rotation 
 including Lorentz factor for common solvent (n=1.4)
 lambda [eV] alpha[grad*cm^3*g^-1*dm^-1]
 632.8  1.96       16.47
 589.3  2.10       20.15        0.00 ##
 579.0  2.14       21.22
 546.0  2.27       25.42
 436.0  2.84       61.02
 365.0  3.40      380.41
 
 sTD-DFT done.
Mon 21 Mar 14:41:05 GMT 2022
