Mon 21 Mar 14:23:40 GMT 2022


                 *********************************************
                 *                                           *
                 *               s  T  D  A                  *
                 *                                           *
                 *                S. Grimme                  *
                 * Mulliken Center for Theoretical Chemistry *
                 *             Universitaet Bonn             *
                 *              Version 1.6.2                *
                 *       Tue Sep 10 14:44:30 CET 2020        *
                 *********************************************
 
 Please cite as:
 S. Grimme, J. Chem. Phys. 138 (2013) 244104
 
 With contributions from:
 C. Bannwarth, P. Shushkov, M. de Wergifosse
 
======================================================================
 
 reading an xTB output...
 
 reading: wfn.xtb
======================================================================
                    M O / A O    I N P U T 
======================================================================
atom  #          x             y             z            charge
  C   1     10.95001701    1.77067321   -0.89629702         6.00
  C   2      8.54156129    0.53800498   -1.76821657         6.00
  O   3      8.25904726   -1.68469068   -2.14672868         8.00
  O   4      6.71797575    2.26615936   -2.09041485         8.00
  C   5      4.31670099    1.37874405   -2.87937543         6.00
  C   6      2.85802153    0.13039109   -0.71507230         6.00
  O   7      2.27882052    1.93696910    1.17257495         8.00
  C   8     -0.24169595    1.76613787    1.98799170         6.00
  C   9     -1.67694281    4.30536263    1.50894617         6.00
  C  10     -3.80099477    4.58598693    3.32553973         6.00
  C  11     -6.20491515    4.81294302    2.58797969         6.00
  F  12     -8.05174432    5.07448109    4.28608743         9.00
  C  13     -6.94606567    4.84393453   -0.04327472         6.00
  S  14     -9.85643261    5.07561493   -1.05314427        16.00
  N  15     -4.98018377    4.68822111   -1.73250075         7.00
  C  16     -2.44322668    4.50076029   -1.24287276         6.00
  O  17     -0.94694167    4.45087153   -2.97102714         8.00
  C  18     -1.46056919   -0.49132875    0.62568826         6.00
  O  19     -1.53256774   -2.67509605    2.17885402         8.00
  C  20     -3.41832527   -2.75219687    3.88565450         6.00
  C  21     -3.45177342   -5.23472985    5.25041458         6.00
  O  22     -4.85338316   -1.02366455    4.20823072         8.00
  C  23      0.33958375   -0.98662592   -1.60702295         6.00
  O  24      0.63513689   -3.57347177   -2.16902744         8.00
  C  25     -1.44223884   -4.78251843   -3.00334145         6.00
  C  26     -0.87210853   -7.50788120   -3.53624417         6.00
  O  27     -3.44515938   -3.75337368   -3.28793418         8.00
  H  28     11.44210165    3.30154021   -2.17299587         1.00
  H  29     10.65276312    2.56851551    0.97377578         1.00
  H  30     12.45707346    0.38096875   -0.83129045         1.00
  H  31      4.55253878   -0.01133836   -4.39493564         1.00
  H  32      3.28434370    3.03830138   -3.53624417         1.00
  H  33      4.00962052   -1.38705885    0.11319458         1.00
  H  34     -0.24226287    1.43638069    4.03777744         1.00
  H  35     -0.24698718    5.76668771    1.86402568         1.00
  H  36     -3.35558637    4.56425509    5.31561012         1.00
  H  37     -5.46924484    4.74963720   -3.59085725         1.00
  H  38     -3.39262500   -0.07710082    0.01190527         1.00
  H  39     -4.26889092   -4.98982137    7.11689690         1.00
  H  40     -4.63247419   -6.53882973    4.18309736         1.00
  H  41     -1.55505548   -6.00687188    5.36719964         1.00
  H  42     -0.36452814    0.01473986   -3.28018630         1.00
  H  43      0.26342780   -8.29041671   -2.01690451         1.00
  H  44      0.21731848   -7.62523318   -5.27630382         1.00
  H  45     -2.62256167   -8.55441143   -3.75828697         1.00

 # atoms          =   45
 # mos            =  210
 # primitive  aos = 1602
 # contracted aos =  306

 spherical AO basis
======================================================================
                    A O   I N T E G R A L S
======================================================================
 memory needed for AO int data:   3 Mb
 done.
  
Restricted MOs found... RKS-sTD-DFT will be performed
  
======================================================================
                    s T D A
======================================================================
 spectral range up to (eV)     :    10.0000000000000     
 occ MO cut-off (eV)           :   -36.1787006377500     
 virtMO cut-off (eV)           :    13.1236391418943     
 perturbation thr              :   1.000000000000000E-004
 triplet                       :  F
 MOs in TDA :          166
 oMOs in TDA:           69
 vMOs in TDA:           97
 sorting MOs ...
 reading and transforming R..V..L AO ints ...
 ints done.
 S^1/2 ...
 S^1/2 orthogonalized MO coefficients done.

 SCF atom population (using active MOs):
  3.859  3.147  5.995  5.450  3.588  3.597  5.679  3.572  3.950  3.924
  3.994  6.915  3.949  5.984  4.966  3.030  5.446  3.523  5.414  3.106
  3.843  5.905  3.539  5.409  3.092  3.844  5.891  0.985  0.981  0.995
  0.951  0.976  0.923  0.940  0.924  0.982  0.951  0.944  0.988  0.977
  0.989  0.928  0.986  0.977  0.990
 
 # electrons in TDA: 138.000
 
 
 ax(DF)   :   0.500000000000000     
 s^K      :    2.00000000000000     
 beta  (J):    4.00000000000000     
 alpha (K):    2.00000000000000     
 
 hardness table read.
 setting up gammas ...
 memory needed for q data (Mb)                      3
 computing q(ij,n) ...
 
         105 CSF included by energy.
 
        6588 considered in PT2.
 ordered frontier orbitals
         eV     # centers
  59   -18.646    13.6
  60   -18.287    12.2
  61   -17.821     8.7
  62   -17.497     7.0
  63   -17.428     5.8
  64   -17.338     8.4
  65   -17.238     4.6
  66   -16.907    12.0
  67   -16.692    13.0
  68   -15.741     3.0
  69   -14.876     1.4
 
  70    -8.179     5.4
  71    -5.848     5.0
  72    -5.552     4.6
  73    -5.533     8.6
  74    -5.415    12.8
  75    -5.323     4.9
  76    -4.968    26.0
  77    -4.768    13.0
  78    -4.577    21.2
  79    -4.294    21.7
  80    -4.149     7.9
 
             lowest CSF states
       eV     nm      excitation i->a               eV
    1  2.72   455.7       69 ->  70     gap,J,K:   6.698   4.477   0.000   Kshft:   0.500  locality: 0.908
    2  5.00   247.8       68 ->  70     gap,J,K:   7.562   4.561   1.002   Kshft:   0.000  locality: 0.981
    3  5.01   247.6       67 ->  70     gap,J,K:   8.513   3.987   0.232   Kshft:   0.017  locality: 0.897
    4  5.16   240.1       66 ->  70     gap,J,K:   8.728   4.131   0.280   Kshft:   0.008  locality: 0.945
    5  5.77   214.8       69 ->  71     gap,J,K:   9.028   3.762   0.003   Kshft:   0.500  locality: 0.742
    6  5.89   210.4       65 ->  70     gap,J,K:   9.059   3.671   0.002   Kshft:   0.500  locality: 0.901
    7  6.16   201.2       68 ->  71     gap,J,K:   9.893   4.144   0.115   Kshft:   0.182  locality: 0.867
    8  6.16   201.1       61 ->  70     gap,J,K:   9.642   4.005   0.014   Kshft:   0.500  locality: 0.904
    9  6.34   195.7       63 ->  70     gap,J,K:   9.249   3.480   0.039   Kshft:   0.489  locality: 0.770
   10  6.93   178.9       67 ->  71     gap,J,K:  10.843   4.347   0.203   Kshft:   0.028  locality: 0.951
   11  7.07   175.4       69 ->  80     gap,J,K:  10.727   4.163   0.003   Kshft:   0.500  locality: 0.882
   12  7.11   174.4       64 ->  70     gap,J,K:   9.159   2.555   0.002   Kshft:   0.500  locality: 0.602
   13  7.14   173.7       62 ->  70     gap,J,K:   9.318   2.691   0.006   Kshft:   0.500  locality: 0.609
   14  7.14   173.6       66 ->  71     gap,J,K:  11.059   4.342   0.196   Kshft:   0.032  locality: 0.966
   15  7.15   173.4       60 ->  70     gap,J,K:  10.108   3.480   0.011   Kshft:   0.500  locality: 0.739
   16  7.27   170.5       69 ->  72     gap,J,K:   9.324   2.555   0.001   Kshft:   0.500  locality: 0.528
   17  7.44   166.7       69 ->  73     gap,J,K:   9.343   2.419   0.006   Kshft:   0.500  locality: 0.548
   18  7.47   166.0       69 ->  78     gap,J,K:  10.299   3.399   0.040   Kshft:   0.487  locality: 0.775
   19  7.58   163.6       69 ->  76     gap,J,K:   9.908   2.896   0.037   Kshft:   0.491  locality: 0.718
   20  7.59   163.3       69 ->  74     gap,J,K:   9.461   2.391   0.011   Kshft:   0.500  locality: 0.558
   21  7.69   161.1       68 ->  80     gap,J,K:  11.591   4.299   0.179   Kshft:   0.045  locality: 0.966
   22  7.85   158.0       68 ->  72     gap,J,K:  10.189   2.866   0.013   Kshft:   0.500  locality: 0.629
   23  8.02   154.5       59 ->  70     gap,J,K:  10.467   2.973   0.014   Kshft:   0.500  locality: 0.649
   24  8.03   154.4       69 ->  75     gap,J,K:   9.553   2.048   0.012   Kshft:   0.500  locality: 0.442
   25  8.03   154.3       63 ->  72     gap,J,K:  11.876   4.355   0.007   Kshft:   0.500  locality: 0.982
 
 selecting CSF ...
 average/max PT2 energy lowering (eV):     0.027     0.277
         680 CSF included by PT.
         785 CSF in total.
 sTD-DFT procedure...
 setting up A+B and A-B matrices
  calculating (A-B)^0.5 ...
 estimated time (min)     0.02
  calculating (A+B)*(A-B)^0.5 ...
 calculate eigenvalues of (A-B)^0.5*(A+B)*(A-B)^0.5 ...
  rpa vectors ok
  119 roots found, lowest/highest eigenvalue :    2.600   9.981   0
 writing spectral data to tda.dat ...
 
 excitation energies, transition moments and TDA amplitudes
 state    eV      nm       fL         Rv
    1    2.600   476.9     0.0002    -2.1816     0.97(  69->  70)  0.01(  69->  80)  0.01(  69->  71)
    2    3.964   312.7     0.5461   -12.0120     0.86(  68->  70)  0.04(  66->  70)  0.03(  67->  70)
    3    4.405   281.5     0.1270   -30.8954     0.63(  67->  70)  0.24(  66->  70)  0.06(  68->  70)
    4    4.590   270.1     0.0361    38.8265     0.48(  66->  70)  0.30(  65->  70)  0.13(  67->  70)
    5    5.248   236.3     0.0148   -56.9282     0.27(  61->  70)  0.24(  65->  70)  0.18(  63->  70)
    6    5.622   220.5     0.0203     9.0582     0.79(  69->  71)  0.04(  69->  78)  0.03(  66->  70)
    7    5.874   211.1     0.0649    24.7543     0.28(  69->  76)  0.14(  69->  75)  0.14(  69->  73)
    8    5.939   208.8     0.0191    11.6536     0.79(  68->  71)  0.05(  61->  70)  0.02(  68->  76)
    9    6.037   205.4     0.0096    -1.2816     0.28(  61->  70)  0.10(  67->  70)  0.10(  65->  70)
   10    6.131   202.2     0.0006    14.9874     0.37(  63->  72)  0.09(  63->  70)  0.08(  63->  74)
   11    6.163   201.2     0.0085    14.0360     0.20(  64->  75)  0.19(  65->  75)  0.10(  62->  75)
   12    6.208   199.7     0.0067     5.8415     0.26(  62->  73)  0.21(  64->  73)  0.16(  62->  74)
   13    6.315   196.3     0.0119    -4.2342     0.29(  67->  71)  0.26(  63->  70)  0.05(  64->  70)
   14    6.379   194.4     0.0199    32.0023     0.29(  63->  70)  0.15(  61->  70)  0.11(  67->  71)
   15    6.481   191.3     0.0277   -28.9757     0.29(  66->  71)  0.10(  68->  76)  0.09(  68->  78)
   16    6.545   189.4     0.1249   -76.4097     0.18(  67->  71)  0.17(  66->  71)  0.16(  68->  76)
   17    6.596   188.0     0.0071    -4.4036     0.51(  69->  80)  0.15(  69->  78)  0.09(  69->  72)
   18    7.013   176.8     0.0025     4.9048     0.49(  60->  70)  0.17(  62->  70)  0.15(  64->  70)
   19    7.128   173.9     0.0060     3.9423     0.15(  69->  72)  0.15(  69->  80)  0.09(  69->  78)
   20    7.157   173.2     0.0041     3.4048     0.27(  68->  80)  0.22(  62->  70)  0.17(  64->  70)
   21    7.171   172.9     0.0210     9.3586     0.20(  68->  80)  0.13(  60->  70)  0.10(  62->  70)
   22    7.189   172.5     0.0187   -11.9661     0.24(  68->  80)  0.11(  68->  78)  0.10(  69->  72)
   23    7.402   167.5     0.0054    -0.8650     0.47(  69->  72)  0.21(  69->  78)  0.10(  69->  74)
   24    7.426   167.0     0.0193    36.5178     0.09(  67->  71)  0.08(  66->  73)  0.07(  61->  71)
   25    7.602   163.1     0.0270    35.6682     0.23(  68->  72)  0.11(  52->  70)  0.07(  67->  76)
   26    7.628   162.5     0.0530   -58.5687     0.34(  52->  70)  0.06(  50->  70)  0.06(  67->  74)
   27    7.653   162.0     0.0083     5.8632     0.23(  64->  70)  0.20(  62->  70)  0.20(  65->  70)
   28    7.693   161.2     0.0067     4.6320     0.31(  69->  73)  0.22(  69->  74)  0.07(  69->  78)
   29    7.715   160.7     0.0024     9.5596     0.11(  69->  74)  0.08(  65->  77)  0.07(  69->  73)
   30    7.776   159.5     0.0208    44.3855     0.11(  69->  83)  0.10(  69->  74)  0.07(  69->  82)
   31    7.830   158.4     0.0210    20.7870     0.48(  59->  70)  0.06(  51->  70)  0.06(  65->  71)
   32    7.834   158.3     0.0057   -50.3947     0.09(  69->  83)  0.07(  51->  70)  0.06(  50->  70)
   33    7.875   157.4     0.0520    27.1997     0.20(  59->  70)  0.09(  50->  70)  0.09(  58->  70)
   34    7.884   157.3     0.0120     9.7228     0.18(  63->  73)  0.08(  63->  79)  0.06(  64->  73)
   35    7.910   156.7     0.0023   -14.7067     0.19(  68->  78)  0.13(  68->  72)  0.06(  68->  74)
   36    7.930   156.4     0.0017   -35.1290     0.10(  66->  75)  0.08(  68->  78)  0.06(  51->  70)
   37    7.952   155.9     0.0307    22.9337     0.13(  62->  76)  0.12(  62->  74)  0.09(  62->  73)
   38    8.007   154.8     0.0287    32.6535     0.11(  67->  75)  0.06(  69->  91)  0.05(  66->  75)
   39    8.072   153.6     0.0144    23.3499     0.14(  67->  78)  0.11(  68->  73)  0.06(  67->  80)
   40    8.081   153.4     0.0309    25.3956     0.08(  69->  91)  0.07(  67->  78)  0.05(  69->  85)
   41    8.165   151.8     0.0148   -34.3135     0.13(  66->  78)  0.11(  60->  72)  0.08(  66->  72)
   42    8.203   151.2     0.0042     1.0724     0.41(  57->  70)  0.23(  58->  70)  0.04(  64->  70)
   43    8.234   150.6     0.0267     9.4709     0.23(  61->  71)  0.21(  65->  71)  0.12(  63->  71)
   44    8.282   149.7     0.0076     1.7404     0.19(  68->  73)  0.09(  68->  74)  0.07(  68->  72)
   45    8.312   149.2     0.0032     2.2474     0.39(  69->  76)  0.13(  69->  74)  0.07(  69->  73)
   46    8.340   148.7     0.0209     2.5290     0.21(  60->  72)  0.07(  58->  70)  0.04(  67->  78)
   47    8.408   147.5     0.0226   -60.4820     0.09(  60->  72)  0.09(  67->  72)  0.06(  61->  72)
   48    8.489   146.1     0.1143   -28.6210     0.17(  58->  70)  0.13(  57->  70)  0.09(  69->  75)
   49    8.494   146.0     0.0079    -1.6639     0.65(  69->  75)  0.08(  69->  74)  0.05(  69->  76)
   50    8.521   145.5     0.0595    58.1989     0.08(  68->  73)  0.08(  68->  74)  0.08(  67->  80)
   51    8.536   145.2     0.0780   -17.6131     0.10(  67->  72)  0.10(  67->  80)  0.06(  63->  71)
   52    8.607   144.0     0.0768     0.2382     0.11(  67->  72)  0.09(  67->  73)  0.07(  63->  71)
   53    8.621   143.8     0.0039    -2.0846     0.15(  69->  77)  0.08(  69->  79)  0.07(  69->  78)
   54    8.643   143.4     0.0502   -38.3883     0.23(  66->  80)  0.11(  63->  71)  0.09(  65->  80)
   55    8.668   143.0     0.0830    27.9279     0.19(  63->  71)  0.06(  67->  80)  0.06(  64->  71)
   56    8.707   142.4     0.0509    29.7535     0.15(  66->  72)  0.06(  66->  74)  0.05(  67->  74)
   57    8.727   142.1     0.0163   -53.2060     0.09(  68->  73)  0.08(  66->  72)  0.07(  67->  73)
   58    8.747   141.7     0.0110     3.3715     0.11(  68->  74)  0.07(  69->  77)  0.07(  67->  74)
   59    8.785   141.1     0.0491     8.6787     0.07(  66->  80)  0.06(  66->  72)  0.05(  45->  70)
   60    8.796   141.0     0.0274   -26.9737     0.18(  45->  70)  0.12(  46->  70)  0.10(  44->  70)
   61    8.848   140.1     0.0506    83.7081     0.09(  67->  80)  0.05(  61->  78)  0.04(  65->  81)
   62    8.872   139.7     0.0395    21.9507     0.12(  60->  71)  0.09(  60->  73)  0.05(  63->  73)
   63    8.894   139.4     0.0038    -3.5311     0.20(  62->  72)  0.19(  64->  72)  0.04(  60->  74)
   64    8.904   139.2     0.0144    -8.9959     0.06(  64->  74)  0.06(  62->  72)  0.04(  60->  71)
   65    8.951   138.5     0.0399    13.9374     0.19(  60->  71)  0.11(  64->  71)  0.06(  62->  71)
   66    8.992   137.9     0.0439   -33.1393     0.11(  68->  83)  0.04(  62->  71)  0.04(  67->  77)
   67    9.028   137.3     0.0126     3.8160     0.09(  69->  77)  0.06(  60->  73)  0.05(  69->  79)
   68    9.036   137.2     0.0050     9.0711     0.23(  69->  77)  0.05(  69->  82)  0.05(  69->  84)
   69    9.063   136.8     0.0023    11.6107     0.24(  68->  75)  0.07(  59->  75)  0.07(  69->  77)
   70    9.086   136.5     0.0204    -5.4131     0.06(  66->  73)  0.06(  68->  85)  0.06(  63->  78)
   71    9.093   136.3     0.0153   -14.0007     0.07(  66->  74)  0.06(  66->  73)  0.05(  68->  85)
   72    9.118   136.0     0.0005     6.3658     0.05(  60->  73)  0.05(  69->  84)  0.04(  67->  73)
   73    9.141   135.6     0.0063     2.2654     0.07(  69->  79)  0.06(  68->  76)  0.05(  63->  76)
   74    9.151   135.5     0.0030     2.7356     0.12(  69->  79)  0.07(  62->  71)  0.07(  69->  84)
   75    9.169   135.2     0.0117    -6.9393     0.07(  68->  76)  0.05(  69->  84)  0.04(  69->  79)
   76    9.206   134.7     0.0340   -22.2182     0.16(  58->  74)  0.06(  58->  73)  0.04(  57->  73)
   77    9.227   134.4     0.0107   -29.2814     0.08(  59->  73)  0.04(  58->  73)  0.04(  66->  82)
   78    9.246   134.1     0.0119     6.3156     0.06(  62->  74)  0.05(  64->  71)  0.05(  62->  71)
   79    9.262   133.9     0.0081    16.2593     0.31(  56->  70)  0.10(  45->  70)  0.09(  54->  70)
   80    9.289   133.5     0.0088    -2.9203     0.07(  61->  80)  0.05(  67->  81)  0.05(  56->  70)
   81    9.312   133.1     0.0431   -37.5223     0.17(  59->  72)  0.07(  57->  72)  0.06(  56->  75)
   82    9.330   132.9     0.0046    24.8681     0.18(  68->  75)  0.13(  56->  75)  0.07(  59->  72)
   83    9.359   132.5     0.0323   -21.4931     0.07(  59->  73)  0.07(  58->  73)  0.04(  62->  71)
   84    9.370   132.3     0.0135   -24.5609     0.04(  65->  74)  0.04(  61->  74)  0.04(  69->  81)
   85    9.394   132.0     0.0180    16.6348     0.07(  59->  73)  0.06(  59->  75)  0.06(  56->  75)
   86    9.415   131.7     0.0044   -11.8533     0.11(  40->  70)  0.07(  43->  70)  0.06(  56->  70)
   87    9.438   131.4     0.0348    37.6977     0.16(  59->  74)  0.07(  56->  75)  0.05(  60->  75)
   88    9.443   131.3     0.0313    -8.4974     0.15(  69->  81)  0.08(  68->  77)  0.04(  59->  74)
   89    9.460   131.1     0.0051    -9.3357     0.12(  58->  74)  0.05(  66->  73)  0.05(  66->  74)
   90    9.476   130.8     0.0044    22.3734     0.18(  65->  72)  0.09(  61->  72)  0.04(  60->  72)
   91    9.492   130.6     0.0004    -0.6300     0.04(  64->  88)  0.04(  65->  88)  0.04(  65->  82)
   92    9.502   130.5     0.0025    -2.1605     0.08(  68->  77)  0.06(  60->  74)  0.03(  67->  83)
   93    9.523   130.2     0.0055     9.4112     0.08(  64->  71)  0.08(  65->  71)  0.06(  62->  71)
   94    9.534   130.0     0.0072     1.7545     0.09(  69->  82)  0.06(  69->  81)  0.06(  69->  94)
   95    9.539   130.0     0.0009    -5.4896     0.09(  69->  81)  0.08(  68->  77)  0.06(  60->  74)
   96    9.572   129.5     0.0078    15.9512     0.05(  64->  79)  0.04(  65->  72)  0.03(  65->  78)
   97    9.595   129.2     0.0126    -9.8880     0.07(  62->  79)  0.05(  64->  79)  0.04(  62->  84)
   98    9.622   128.9     0.0031   -24.5291     0.05(  67->  83)  0.05(  54->  70)  0.04(  60->  73)
   99    9.625   128.8     0.0057     1.1919     0.15(  54->  70)  0.06(  62->  71)  0.05(  56->  70)
  100    9.650   128.5     0.0134     8.3065     0.09(  68->  79)  0.05(  65->  73)  0.04(  63->  76)
  101    9.683   128.0     0.0039    -8.0704     0.08(  65->  73)  0.04(  66->  74)  0.04(  68->  82)
  102    9.709   127.7     0.0015     0.6152     0.04(  61->  76)  0.04(  66->  78)  0.02(  61->  73)
  103    9.737   127.3     0.0395    27.5112     0.06(  64->  90)  0.04(  65->  90)  0.04(  65->  89)
  104    9.751   127.1     0.0035   -19.7174     0.10(  59->  71)  0.05(  68->  79)  0.05(  61->  78)
  105    9.761   127.0     0.0017     0.2267     0.14(  59->  71)  0.07(  61->  72)  0.05(  61->  78)
  106    9.774   126.9     0.0050    -9.8944     0.08(  58->  72)  0.07(  57->  72)  0.04(  68->  79)
  107    9.785   126.7     0.0066     3.1172     0.15(  59->  71)  0.05(  58->  72)  0.04(  67->  77)
  108    9.796   126.6     0.0583    15.3701     0.09(  62->  83)  0.05(  62->  76)  0.05(  59->  71)
  109    9.816   126.3     0.0160     2.4702     0.09(  60->  76)  0.06(  52->  71)  0.06(  68->  77)
  110    9.825   126.2     0.0101    -4.1385     0.07(  47->  70)  0.07(  52->  71)  0.05(  60->  76)
  111    9.844   126.0     0.0122     0.4091     0.10(  47->  70)  0.04(  68->  77)  0.04(  38->  70)
  112    9.862   125.7     0.0165     9.4402     0.06(  47->  70)  0.06(  61->  80)  0.04(  61->  73)
  113    9.876   125.5     0.0424    24.6386     0.09(  60->  76)  0.04(  65->  74)  0.04(  69->  95)
  114    9.879   125.5     0.0044     0.3999     0.05(  59->  74)  0.04(  52->  71)  0.04(  58->  71)
  115    9.892   125.3     0.0046     0.8740     0.09(  64->  73)  0.06(  52->  71)  0.06(  62->  73)
  116    9.924   124.9     0.0064    -5.2293     0.08(  68->  77)  0.06(  69->  95)  0.06(  69->  87)
  117    9.956   124.5     0.0003    -7.2318     0.22(  66->  75)  0.14(  67->  75)  0.06(  67->  85)
  118    9.976   124.3     0.0226    -2.9923     0.05(  69->  95)  0.04(  69->  87)  0.04(  57->  71)
  119    9.981   124.2     0.0035    -5.4055     0.10(  63->  78)  0.05(  63->  86)  0.04(  63->  80)

  alpha tensor

           1         2         3
 
    1 118.06628
    2 -15.13350  18.36136
    3  19.43560  -2.94636  37.09056
 trace alpha_L[0] / au:   57.8393968760197     
 sum rule f_L           3.02079113682994     
 
 SOS specific optical rotation 
 including Lorentz factor for common solvent (n=1.4)
 lambda [eV] alpha[grad*cm^3*g^-1*dm^-1]
 632.8  1.96     -210.32
 589.3  2.10     -277.73        0.00 ##
 579.0  2.14     -300.15
 546.0  2.27     -405.97
 436.0  2.84      -61.62
 365.0  3.40    -1098.91
 
 sTD-DFT done.
Mon 21 Mar 14:23:43 GMT 2022
