Mon 21 Mar 13:54:47 GMT 2022


                 *********************************************
                 *                                           *
                 *               s  T  D  A                  *
                 *                                           *
                 *                S. Grimme                  *
                 * Mulliken Center for Theoretical Chemistry *
                 *             Universitaet Bonn             *
                 *              Version 1.6.2                *
                 *       Tue Sep 10 14:44:30 CET 2020        *
                 *********************************************
 
 Please cite as:
 S. Grimme, J. Chem. Phys. 138 (2013) 244104
 
 With contributions from:
 C. Bannwarth, P. Shushkov, M. de Wergifosse
 
======================================================================
 
 reading an xTB output...
 
 reading: wfn.xtb
======================================================================
                    M O / A O    I N P U T 
======================================================================
atom  #          x             y             z            charge
  N   1      1.87706479   -9.73152172    1.91826081         7.00
  C   2      3.21895918   -8.03719343    1.78390130         6.00
  S   3      5.21488773   -5.57525847    1.58831466        16.00
  C   4      2.92435091   -3.21272309    0.95261085         6.00
  C   5      0.41819635   -3.36352322    1.59908610         6.00
  C   6     -0.76590593   -1.18221255    0.63664867         6.00
  C   7     -3.26053315   -0.43520389    0.97925599         6.00
  C   8     -5.06333171   -2.14635073    2.20663299         6.00
  C   9     -6.50349185   -1.33112296    4.25528489         6.00
  C  10     -8.19725322   -2.95383063    5.40537211         6.00
  C  11     -8.48789307   -5.40026985    4.52003550         6.00
  C  12     -7.06814197   -6.22343447    2.48064325         6.00
  C  13     -5.36096355   -4.61395488    1.33301268         6.00
  C  14     -4.02398244    1.98307841    0.20957061         6.00
  C  15     -6.38406117    3.20138473    0.31596218         6.00
  C  16     -6.06998872    5.59339984   -0.68200210         6.00
  C  17     -3.53265369    5.77745914   -1.39612953         6.00
  S  18     -1.92506382    8.30553452   -2.79414879        16.00
  C  19     -4.36205441   10.34946211   -2.91168974         6.00
  N  20     -5.98079366   11.78527588   -3.01373494         7.00
  N  21     -2.31075689    3.61693547   -0.86114812         7.00
  B  22      0.40364546    2.94116947   -1.64595130         5.00
  F  23      2.07756471    4.69842563   -0.68067929         9.00
  F  24      0.50720244    2.95572036   -4.26530044         9.00
  N  25      1.04690818    0.27760074   -0.58883861         7.00
  C  26      3.29851664   -0.91746195   -0.43010163         6.00
  N  27      5.50496066   -0.11697404   -1.39046035         7.00
  C  28      5.75270373    1.69565109   -3.43760047         6.00
  C  29      8.22994548    1.21755043   -4.82673802         6.00
  O  30     10.37591827    1.56337028   -3.26695822         8.00
  C  31      9.86739302    1.11210372   -0.69296251         6.00
  C  32      7.89149556   -0.96149256   -0.32900129         6.00
  H  33     -0.48490368   -4.84091096    2.64901784         1.00
  H  34     -6.24441043    0.56162655    4.97149103         1.00
  H  35     -9.29178249   -2.30773333    7.00162361         1.00
  H  36     -9.81523658   -6.66203986    5.41822224         1.00
  H  37     -7.28848401   -8.12695542    1.78106671         1.00
  H  38     -4.27909544   -5.24493437   -0.27778971         1.00
  H  39     -8.10257795    2.39560559    1.02064099         1.00
  H  40     -7.46366161    7.04697704   -0.89213962         1.00
  H  41      5.71793278    3.63507684   -2.72177228         1.00
  H  42      4.19027832    1.45773460   -4.75266076         1.00
  H  43      8.23637055   -0.71356052   -5.59831312         1.00
  H  44      8.41891808    2.54583880   -6.39558850         1.00
  H  45      9.20863455    2.85348618    0.23130246         1.00
  H  46     11.65753041    0.54613080    0.16667383         1.00
  H  47      8.55271067   -2.69096975   -1.26328180         1.00
  H  48      7.67512194   -1.32866631    1.69054883         1.00

 # atoms          =   48
 # mos            =  228
 # primitive  aos = 1776
 # contracted aos =  336

 spherical AO basis
======================================================================
                    A O   I N T E G R A L S
======================================================================
 memory needed for AO int data:   4 Mb
 done.
  
Restricted MOs found... RKS-sTD-DFT will be performed
  
======================================================================
                    s T D A
======================================================================
 spectral range up to (eV)     :    10.0000000000000     
 occ MO cut-off (eV)           :   -36.5977410548090     
 virtMO cut-off (eV)           :    14.3821834846486     
 perturbation thr              :   1.000000000000000E-004
 triplet                       :  F
 MOs in TDA :          185
 oMOs in TDA:           79
 vMOs in TDA:          106
 sorting MOs ...
 reading and transforming R..V..L AO ints ...
 ints done.
 S^1/2 ...
 S^1/2 orthogonalized MO coefficients done.

 SCF atom population (using active MOs):
  5.266  3.989  5.452  4.124  4.034  3.955  4.036  4.068  3.975  3.992
  3.989  3.989  3.973  3.991  4.020  4.073  4.052  5.442  4.018  5.269
  5.286  2.766  7.009  7.009  5.261  3.771  5.021  3.803  3.558  5.433
  3.539  3.820  1.022  1.005  0.989  0.992  0.988  1.000  0.995  1.017
  1.047  1.071  0.968  0.958  0.963  0.954  1.013  1.035
 
 # electrons in TDA: 158.000
 
 
 ax(DF)   :   0.500000000000000     
 s^K      :    2.00000000000000     
 beta  (J):    4.00000000000000     
 alpha (K):    2.00000000000000     
 
 hardness table read.
 setting up gammas ...
 memory needed for q data (Mb)                      4
 computing q(ij,n) ...
 
         185 CSF included by energy.
 
        8189 considered in PT2.
 ordered frontier orbitals
         eV     # centers
  69   -18.104    15.6
  70   -17.864     2.0
  71   -17.643     4.6
  72   -17.106    11.5
  73   -16.756    10.4
  74   -16.544     6.8
  75   -16.537     5.6
  76   -16.304     3.3
  77   -15.709     6.5
  78   -15.233    10.7
  79   -13.618    11.4
 
  80    -8.598     9.9
  81    -6.138     6.3
  82    -6.120     4.8
  83    -6.056    15.5
  84    -5.317    23.0
  85    -5.208    11.3
  86    -4.837    27.3
  87    -4.783    10.8
  88    -4.639    19.4
  89    -4.426    17.2
  90    -4.225    17.6
 
             lowest CSF states
       eV     nm      excitation i->a               eV
    1  3.26   380.1       79 ->  80     gap,J,K:   5.020   3.793   1.017   Kshft:   0.000  locality: 0.980
    2  3.78   328.1       77 ->  80     gap,J,K:   7.111   3.793   0.220   Kshft:   0.020  locality: 0.922
    3  4.14   299.2       78 ->  80     gap,J,K:   6.635   3.561   0.535   Kshft:   0.001  locality: 0.973
    4  4.36   284.1       76 ->  80     gap,J,K:   7.706   3.806   0.222   Kshft:   0.020  locality: 0.813
    5  4.93   251.4       79 ->  83     gap,J,K:   7.561   3.142   0.007   Kshft:   0.500  locality: 0.830
    6  5.04   246.2       74 ->  80     gap,J,K:   7.946   3.302   0.128   Kshft:   0.136  locality: 0.817
    7  5.12   242.1       75 ->  80     gap,J,K:   7.939   3.267   0.100   Kshft:   0.250  locality: 0.771
    8  5.15   240.7       79 ->  81     gap,J,K:   7.480   2.894   0.038   Kshft:   0.490  locality: 0.710
    9  5.30   233.8       79 ->  82     gap,J,K:   7.497   2.711   0.008   Kshft:   0.500  locality: 0.623
   10  5.58   222.4       73 ->  80     gap,J,K:   8.158   2.966   0.139   Kshft:   0.106  locality: 0.802
   11  5.69   218.0       79 ->  85     gap,J,K:   8.410   3.227   0.002   Kshft:   0.500  locality: 0.894
   12  5.76   215.2       79 ->  87     gap,J,K:   8.835   3.889   0.407   Kshft:   0.002  locality: 0.986
   13  5.77   215.0       72 ->  80     gap,J,K:   8.509   3.167   0.197   Kshft:   0.031  locality: 0.844
   14  5.79   214.1       71 ->  80     gap,J,K:   9.045   3.645   0.129   Kshft:   0.132  locality: 0.839
   15  5.95   208.4       79 ->  84     gap,J,K:   8.301   2.854   0.002   Kshft:   0.500  locality: 0.785
   16  6.33   195.9       79 ->  86     gap,J,K:   8.781   3.001   0.026   Kshft:   0.498  locality: 0.919
   17  6.39   194.0       69 ->  80     gap,J,K:   9.507   3.721   0.299   Kshft:   0.006  locality: 0.991
   18  6.40   193.6       79 ->  88     gap,J,K:   8.979   3.140   0.058   Kshft:   0.449  locality: 0.829
   19  6.41   193.5       79 ->  90     gap,J,K:   9.393   3.367   0.146   Kshft:   0.091  locality: 0.933
   20  6.43   192.9       78 ->  81     gap,J,K:   9.095   3.054   0.134   Kshft:   0.118  locality: 0.793
   21  6.48   191.2       77 ->  83     gap,J,K:   9.652   3.689   0.010   Kshft:   0.500  locality: 0.917
   22  6.60   187.9       78 ->  82     gap,J,K:   9.112   2.966   0.099   Kshft:   0.254  locality: 0.721
   23  6.68   185.6       79 ->  91     gap,J,K:   9.491   3.220   0.117   Kshft:   0.175  locality: 0.953
   24  6.70   185.0       79 ->  89     gap,J,K:   9.192   3.058   0.040   Kshft:   0.487  locality: 0.877
   25  6.78   182.9       68 ->  80     gap,J,K:   9.687   3.400   0.087   Kshft:   0.319  locality: 0.814
 
 selecting CSF ...
 average/max PT2 energy lowering (eV):     0.031     0.363
        1239 CSF included by PT.
        1424 CSF in total.
 sTD-DFT procedure...
 setting up A+B and A-B matrices
  calculating (A-B)^0.5 ...
 estimated time (min)     0.12
  calculating (A+B)*(A-B)^0.5 ...
 calculate eigenvalues of (A-B)^0.5*(A+B)*(A-B)^0.5 ...
  rpa vectors ok
  206 roots found, lowest/highest eigenvalue :    2.179   9.993   0
 writing spectral data to tda.dat ...
 
 excitation energies, transition moments and TDA amplitudes
 state    eV      nm       fL         Rv
    1    2.179   569.0     0.7146   -39.8362     0.98(  79->  80)  0.01(  78->  87)  0.00(  78->  88)
    2    3.386   366.2     0.0303    11.1646     0.63(  77->  80)  0.32(  78->  80)  0.02(  71->  80)
    3    3.590   345.4     0.3896    48.2889     0.61(  78->  80)  0.31(  77->  80)  0.04(  76->  80)
    4    4.116   301.2     0.0959    14.1198     0.93(  76->  80)  0.03(  78->  80)  0.00(  76->  87)
    5    4.512   274.8     0.0021    -0.4504     0.73(  79->  83)  0.10(  79->  81)  0.09(  78->  83)
    6    4.678   265.1     0.0062    -4.0440     0.57(  74->  80)  0.13(  75->  80)  0.09(  75->  81)
    7    4.797   258.5     0.0151    -2.6065     0.53(  75->  80)  0.19(  74->  80)  0.06(  79->  87)
    8    4.977   249.1     0.0530    -8.5122     0.71(  79->  81)  0.11(  79->  83)  0.07(  79->  82)
    9    5.187   239.0     0.0657    -7.3619     0.39(  73->  80)  0.21(  79->  87)  0.15(  72->  80)
   10    5.208   238.1     0.0050   -16.1378     0.63(  79->  82)  0.12(  73->  80)  0.07(  75->  80)
   11    5.238   236.7     0.0186     1.0849     0.51(  79->  85)  0.09(  79->  87)  0.09(  79->  84)
   12    5.292   234.3     0.1192    53.4038     0.55(  79->  87)  0.12(  79->  85)  0.11(  73->  80)
   13    5.414   229.0     0.0042    -0.4772     0.24(  75->  81)  0.20(  74->  82)  0.17(  75->  80)
   14    5.472   226.6     0.0522   -36.7050     0.35(  79->  84)  0.15(  79->  86)  0.13(  77->  83)
   15    5.542   223.7     0.0586    -4.4478     0.48(  71->  80)  0.15(  72->  80)  0.12(  73->  80)
   16    5.726   216.5     0.0452   -23.7046     0.43(  72->  80)  0.32(  71->  80)  0.11(  73->  80)
   17    5.854   211.8     0.0017    -0.9208     0.25(  77->  83)  0.23(  79->  84)  0.07(  79->  86)
   18    5.895   210.3     0.0063    -8.9529     0.58(  79->  88)  0.11(  79->  86)  0.03(  78->  88)
   19    5.918   209.5     0.0339    15.0361     0.54(  79->  90)  0.10(  69->  80)  0.09(  78->  81)
   20    6.026   205.7     0.0103     1.3120     0.34(  78->  81)  0.10(  69->  80)  0.09(  79->  90)
   21    6.072   204.2     0.0359    30.1939     0.24(  69->  80)  0.19(  79->  91)  0.11(  78->  81)
   22    6.131   202.2     0.0038    -7.8798     0.29(  69->  80)  0.11(  79->  86)  0.10(  79->  90)
   23    6.234   198.9     0.0183   -17.8110     0.15(  79->  89)  0.10(  79->  91)  0.08(  77->  83)
   24    6.278   197.5     0.0468   -21.6141     0.31(  79->  89)  0.19(  79->  91)  0.08(  79->  94)
   25    6.331   195.8     0.0272    -2.3106     0.50(  79->  94)  0.11(  79->  93)  0.08(  79->  91)
   26    6.382   194.3     0.0167   -18.6888     0.23(  73->  83)  0.08(  72->  83)  0.05(  74->  81)
   27    6.424   193.0     0.0796    12.7237     0.33(  79->  93)  0.15(  79->  95)  0.05(  79->  91)
   28    6.483   191.2     0.0486    56.2656     0.25(  75->  82)  0.13(  78->  81)  0.11(  68->  80)
   29    6.545   189.4     0.0406   -53.9760     0.39(  68->  80)  0.27(  78->  82)  0.05(  79->  95)
   30    6.575   188.6     0.0449     8.7321     0.46(  78->  82)  0.15(  68->  80)  0.06(  74->  81)
   31    6.624   187.2     0.0451    16.3177     0.19(  79->  92)  0.16(  68->  80)  0.12(  79->  95)
   32    6.651   186.4     0.0045    18.2252     0.82(  70->  80)  0.07(  68->  80)  0.02(  64->  80)
   33    6.660   186.2     0.0038   -18.7457     0.13(  78->  84)  0.13(  79->  97)  0.10(  79->  95)
   34    6.762   183.3     0.0048   -32.1198     0.20(  79->  97)  0.13(  79->  96)  0.08(  78->  83)
   35    6.813   182.0     0.0460   -69.9062     0.37(  78->  87)  0.07(  78->  83)  0.06(  79->  96)
   36    6.907   179.5     0.0559     3.2208     0.18(  78->  87)  0.12(  79->  98)  0.11(  79->  96)
   37    6.916   179.3     0.0097   102.4656     0.13(  74->  84)  0.12(  78->  83)  0.11(  72->  83)
   38    6.923   179.1     0.0133    31.7517     0.52(  75->  84)  0.12(  74->  84)  0.10(  75->  86)
   39    7.005   177.0     0.2404     9.0333     0.14(  77->  81)  0.12(  77->  87)  0.09(  79->  97)
   40    7.013   176.8     0.0017   -11.5465     0.16(  78->  85)  0.08(  79->  99)  0.07(  76->  85)
   41    7.048   175.9     0.0677   -42.5748     0.17(  77->  81)  0.08(  76->  85)  0.08(  64->  80)
   42    7.072   175.3     0.0246   -18.8921     0.40(  64->  80)  0.14(  66->  80)  0.13(  67->  80)
   43    7.093   174.8     0.0036     2.4098     0.22(  76->  85)  0.12(  76->  84)  0.05(  78->  85)
   44    7.146   173.5     0.0941   -91.0028     0.20(  77->  87)  0.12(  74->  81)  0.12(  77->  81)
   45    7.173   172.9     0.4276    42.6881     0.13(  74->  82)  0.12(  74->  81)  0.11(  75->  82)
   46    7.210   172.0     0.2508    75.8017     0.12(  75->  81)  0.10(  79->  96)  0.09(  79->  98)
   47    7.312   169.6     0.0700   -23.9523     0.17(  79-> 100)  0.06(  78->  84)  0.06(  77->  84)
   48    7.328   169.2     0.2280    20.6124     0.13(  74->  81)  0.11(  77->  81)  0.10(  75->  81)
   49    7.358   168.5     0.0641    15.0844     0.12(  73->  88)  0.08(  76->  87)  0.07(  72->  88)
   50    7.376   168.1     0.0851    90.4268     0.16(  79-> 100)  0.10(  76->  87)  0.07(  76->  81)
   51    7.416   167.2     0.0144     1.8713     0.64(  77->  82)  0.05(  65->  80)  0.04(  69->  82)
   52    7.429   166.9     0.0269   -12.0685     0.12(  65->  80)  0.08(  77->  84)  0.08(  79-> 100)
   53    7.451   166.4     0.0954    29.1587     0.38(  65->  80)  0.07(  77->  90)  0.05(  60->  80)
   54    7.490   165.5     0.0401   -41.0699     0.21(  77->  90)  0.11(  65->  80)  0.05(  77->  89)
   55    7.540   164.4     0.0034    -2.0864     0.13(  79->  99)  0.06(  79->  96)  0.06(  78->  84)
   56    7.585   163.5     0.0888     1.6855     0.30(  66->  80)  0.15(  76->  81)  0.09(  64->  80)
   57    7.601   163.1     0.0106    29.6759     0.13(  79->  99)  0.08(  79-> 102)  0.07(  78->  84)
   58    7.612   162.9     0.0588   -22.3425     0.12(  76->  81)  0.09(  66->  80)  0.09(  76->  87)
   59    7.644   162.2     0.0355   -13.3902     0.06(  66->  80)  0.05(  76->  87)  0.03(  79->  99)
   60    7.679   161.5     0.0284   -35.0973     0.15(  79-> 102)  0.08(  79->  99)  0.05(  71->  83)
   61    7.685   161.3     0.0139     1.5279     0.13(  79-> 104)  0.12(  79-> 101)  0.06(  77->  88)
   62    7.740   160.2     0.0167   -38.1813     0.10(  71->  83)  0.09(  79-> 101)  0.07(  77->  84)
   63    7.756   159.8     0.0026    -1.9027     0.61(  76->  82)  0.33(  76->  81)  0.01(  76->  83)
   64    7.783   159.3     0.0086   -13.8752     0.11(  79-> 102)  0.08(  77->  94)  0.04(  79-> 106)
   65    7.824   158.5     0.0465    -4.2777     0.30(  71->  83)  0.10(  77->  95)  0.03(  77->  92)
   66    7.831   158.3     0.0102   -18.5993     0.10(  77->  88)  0.06(  72->  85)  0.06(  79-> 106)
   67    7.869   157.6     0.0112    -7.0716     0.41(  67->  80)  0.13(  64->  80)  0.08(  62->  80)
   68    7.883   157.3     0.0373   -16.6254     0.08(  67->  80)  0.05(  78->  94)  0.05(  76->  91)
   69    7.920   156.6     0.0020     2.2833     0.45(  60->  80)  0.18(  61->  80)  0.09(  67->  80)
   70    7.932   156.3     0.0056   -24.2211     0.08(  79-> 105)  0.08(  79-> 106)  0.04(  78->  88)
   71    7.953   155.9     0.0126   -14.0291     0.12(  76->  85)  0.10(  76->  92)  0.08(  76->  86)
   72    8.001   155.0     0.0077    16.8742     0.13(  75->  89)  0.08(  75->  92)  0.08(  75->  91)
   73    8.018   154.6     0.0014    31.0646     0.16(  79-> 106)  0.05(  79-> 101)  0.04(  77->  95)
   74    8.049   154.0     0.0886   -45.2966     0.15(  77->  88)  0.07(  79-> 107)  0.07(  79-> 102)
   75    8.070   153.6     0.0238    57.7453     0.21(  79-> 105)  0.07(  79-> 103)  0.05(  79-> 108)
   76    8.104   153.0     0.0061   -22.8318     0.16(  79-> 103)  0.09(  77->  84)  0.09(  71->  83)
   77    8.125   152.6     0.0024    19.6118     0.10(  77->  85)  0.10(  79-> 106)  0.10(  79-> 103)
   78    8.157   152.0     0.0019    -5.2511     0.07(  62->  80)  0.04(  74->  83)  0.04(  78->  90)
   79    8.166   151.8     0.0059    -8.8349     0.42(  62->  80)  0.05(  67->  80)  0.05(  56->  80)
   80    8.202   151.2     0.0198    -2.9426     0.13(  78->  88)  0.05(  76->  94)  0.05(  78->  93)
   81    8.236   150.5     0.0114   -21.1664     0.05(  79-> 104)  0.04(  76->  93)  0.04(  73->  93)
   82    8.272   149.9     0.0040     2.6680     0.60(  58->  80)  0.16(  59->  80)  0.05(  61->  80)
   83    8.277   149.8     0.0069     7.3905     0.06(  74->  84)  0.05(  79-> 107)  0.05(  78->  95)
   84    8.308   149.2     0.0310   -28.6705     0.11(  78->  90)  0.07(  76->  87)  0.06(  76->  91)
   85    8.333   148.8     0.0086    44.8139     0.21(  79-> 107)  0.05(  77->  91)  0.04(  77->  88)
   86    8.359   148.3     0.0016     2.5660     0.16(  57->  80)  0.09(  75->  92)  0.06(  61->  80)
   87    8.371   148.1     0.0037     4.5773     0.28(  57->  80)  0.11(  61->  80)  0.07(  75->  92)
   88    8.390   147.8     0.0148    -0.1519     0.08(  78->  94)  0.07(  76->  97)  0.05(  78->  95)
   89    8.411   147.4     0.0026    -3.7311     0.60(  66->  82)  0.12(  64->  82)  0.09(  66->  81)
   90    8.425   147.2     0.0084    50.0884     0.15(  68->  83)  0.07(  70->  85)  0.05(  79-> 105)
   91    8.436   147.0     0.0128    46.5017     0.15(  68->  83)  0.08(  70->  85)  0.06(  77->  84)
   92    8.467   146.4     0.0129   -12.1875     0.09(  78->  89)  0.05(  78->  97)  0.05(  73->  83)
   93    8.475   146.3     0.0771   -35.4879     0.28(  70->  85)  0.13(  68->  83)  0.07(  70->  86)
   94    8.497   145.9     0.0176   -16.0500     0.29(  56->  80)  0.17(  57->  80)  0.09(  61->  80)
   95    8.512   145.7     0.0226   -30.0304     0.08(  78->  86)  0.04(  77->  95)  0.03(  73->  85)
   96    8.522   145.5     0.0117   -14.9468     0.27(  76->  83)  0.10(  76->  93)  0.08(  70->  85)
   97    8.548   145.0     0.0097     6.8886     0.28(  55->  80)  0.08(  54->  80)  0.06(  62->  80)
   98    8.569   144.7     0.0021     3.5535     0.11(  77->  85)  0.05(  77->  96)  0.04(  77->  86)
   99    8.571   144.7     0.0165    42.5164     0.09(  73->  99)  0.09(  78->  86)  0.05(  78->  97)
  100    8.596   144.2     0.0031     1.1195     0.18(  76->  93)  0.14(  76->  83)  0.07(  76->  94)
  101    8.620   143.8     0.0156     1.3416     0.16(  76->  93)  0.05(  73->  81)  0.05(  76->  94)
  102    8.631   143.7     0.0197     4.6749     0.13(  66->  81)  0.09(  73->  81)  0.05(  69->  81)
  103    8.660   143.2     0.0476    -3.2811     0.10(  65->  82)  0.07(  66->  81)  0.06(  73->  81)
  104    8.669   143.0     0.0102    -4.9818     0.58(  65->  82)  0.11(  65->  81)  0.04(  63->  82)
  105    8.684   142.8     0.0015     1.5175     0.07(  66->  81)  0.06(  73->  81)  0.05(  72->  81)
  106    8.712   142.3     0.0015    -6.4657     0.06(  79-> 108)  0.04(  76->  94)  0.04(  74->  87)
  107    8.720   142.2     0.0041    -9.1279     0.09(  74->  83)  0.05(  75->  83)  0.05(  75->  95)
  108    8.734   142.0     0.0046     9.1263     0.05(  75->  83)  0.04(  74->  95)  0.04(  73->  81)
  109    8.753   141.6     0.0110    -3.5319     0.11(  67->  83)  0.04(  76->  84)  0.03(  79-> 109)
  110    8.764   141.5     0.0006     9.2926     0.33(  67->  83)  0.07(  65->  81)  0.03(  52->  80)
  111    8.770   141.4     0.0046    -0.3223     0.15(  65->  81)  0.09(  67->  83)  0.07(  52->  80)
  112    8.790   141.0     0.0128    19.6668     0.14(  79-> 109)  0.07(  79-> 110)  0.03(  79-> 108)
  113    8.800   140.9     0.0481    -7.7761     0.08(  78->  97)  0.06(  73-> 100)  0.04(  73->  99)
  114    8.818   140.6     0.0063    20.6841     0.08(  72->  87)  0.03(  79-> 110)  0.03(  78-> 100)
  115    8.831   140.4     0.0143     7.9953     0.13(  74->  87)  0.06(  72->  87)  0.06(  75->  87)
  116    8.852   140.1     0.0061    -9.5605     0.07(  77->  85)  0.06(  77->  86)  0.05(  79-> 108)
  117    8.866   139.8     0.0029   -15.8212     0.21(  53->  80)  0.14(  63->  80)  0.09(  51->  80)
  118    8.879   139.6     0.0004    -6.8419     0.05(  73->  87)  0.04(  79-> 109)  0.04(  79-> 111)
  119    8.898   139.3     0.0127     7.5002     0.15(  63->  80)  0.10(  53->  80)  0.06(  74->  87)
  120    8.901   139.3     0.0067    15.5396     0.13(  73->  87)  0.06(  74->  87)  0.04(  72->  87)
  121    8.918   139.0     0.0740    -0.4576     0.07(  73->  82)  0.06(  56->  80)  0.06(  51->  80)
  122    8.927   138.9     0.0028    -0.1609     0.43(  73->  82)  0.14(  72->  82)  0.04(  73->  81)
  123    8.933   138.8     0.0346   -13.9075     0.14(  54->  80)  0.13(  59->  80)  0.09(  61->  80)
  124    8.947   138.6     0.0080     0.4955     0.13(  79-> 109)  0.04(  78->  92)  0.04(  78->  89)
  125    8.963   138.3     0.0135    -5.7724     0.07(  59->  80)  0.05(  77->  99)  0.05(  78->  91)
  126    8.978   138.1     0.0078     0.8292     0.14(  75->  83)  0.13(  74->  83)  0.06(  75->  97)
  127    8.993   137.9     0.0008    -0.2262     0.13(  79-> 110)  0.09(  75->  83)  0.08(  73->  83)
  128    9.009   137.6     0.0122    11.8348     0.09(  73-> 102)  0.06(  73->  96)  0.04(  79-> 110)
  129    9.022   137.4     0.0066    25.0832     0.33(  63->  80)  0.17(  65->  81)  0.10(  52->  80)
  130    9.055   136.9     0.0112    -7.2309     0.13(  59->  80)  0.10(  71->  90)  0.09(  57->  80)
  131    9.074   136.6     0.0014     7.1580     0.33(  75->  87)  0.13(  74->  87)  0.03(  75->  88)
  132    9.081   136.5     0.0027     5.4865     0.07(  75->  87)  0.06(  75->  83)  0.05(  71->  89)
  133    9.115   136.0     0.0032     0.0577     0.25(  62->  82)  0.11(  61->  82)  0.06(  69->  82)
  134    9.123   135.9     0.0194   -12.1654     0.08(  71->  89)  0.04(  71->  90)  0.03(  71->  95)
  135    9.140   135.6     0.0016   -20.5499     0.04(  78->  86)  0.04(  78->  97)  0.03(  73->  84)
  136    9.153   135.5     0.0155     5.1752     0.21(  71->  81)  0.11(  71->  87)  0.04(  71->  83)
  137    9.178   135.1     0.0117    -1.3377     0.13(  79-> 111)  0.06(  78->  92)  0.03(  77->  86)
  138    9.190   134.9     0.0010    -0.9929     0.15(  69->  81)  0.10(  72->  81)  0.07(  66->  81)
  139    9.211   134.6     0.0035     1.8141     0.08(  78->  91)  0.06(  71->  81)  0.05(  78->  92)
  140    9.222   134.4     0.0107     6.9013     0.07(  69->  81)  0.03(  77->  86)  0.03(  72->  81)
  141    9.271   133.7     0.0080   -15.9149     0.12(  79-> 114)  0.10(  78->  92)  0.03(  79-> 116)
  142    9.280   133.6     0.0050    -5.6542     0.11(  47->  80)  0.04(  52->  80)  0.03(  53->  80)
  143    9.294   133.4     0.0066    -5.9511     0.13(  47->  80)  0.06(  49->  80)  0.05(  53->  80)
  144    9.322   133.0     0.0111   -11.0441     0.20(  79-> 112)  0.09(  62->  81)  0.03(  72->  81)
  145    9.339   132.8     0.0030     7.6150     0.10(  78->  95)  0.03(  71->  91)  0.03(  79-> 113)
  146    9.344   132.7     0.0019     3.6934     0.04(  79-> 117)  0.03(  79-> 109)  0.03(  75-> 101)
  147    9.354   132.6     0.0102     2.3313     0.07(  49->  80)  0.06(  70->  94)  0.05(  43->  80)
  148    9.363   132.4     0.0026   -13.4528     0.13(  71->  84)  0.08(  71->  90)  0.04(  71->  85)
  149    9.375   132.2     0.0043    -1.7254     0.21(  70->  87)  0.10(  70->  91)  0.06(  70->  93)
  150    9.385   132.1     0.0279     6.1726     0.11(  70->  94)  0.06(  70->  93)  0.06(  54->  80)
  151    9.395   132.0     0.0143   -29.2479     0.17(  54->  80)  0.09(  51->  80)  0.05(  44->  80)
  152    9.401   131.9     0.0096    -1.1318     0.09(  74-> 101)  0.03(  79-> 115)  0.03(  75-> 101)
  153    9.407   131.8     0.0262    12.9683     0.06(  79-> 114)  0.05(  50->  80)  0.03(  79-> 113)
  154    9.411   131.7     0.0199    -0.8146     0.06(  75-> 101)  0.04(  79-> 115)  0.04(  72->  82)
  155    9.420   131.6     0.0100    12.7145     0.14(  79-> 115)  0.06(  62->  81)  0.05(  79-> 108)
  156    9.434   131.4     0.0385    11.9657     0.09(  72->  82)  0.06(  50->  80)  0.06(  69->  82)
  157    9.457   131.1     0.0162    56.4721     0.08(  50->  80)  0.07(  51->  80)  0.03(  71->  82)
  158    9.459   131.1     0.0179    -1.5430     0.05(  72->  82)  0.04(  71->  88)  0.04(  69->  82)
  159    9.467   131.0     0.0635   -26.7630     0.06(  71->  82)  0.05(  76->  86)  0.04(  77->  92)
  160    9.481   130.8     0.0312     3.3842     0.08(  71->  81)  0.08(  71->  88)  0.06(  71->  96)
  161    9.497   130.6     0.0140    -3.1266     0.16(  76->  86)  0.07(  71->  82)  0.07(  76->  85)
  162    9.508   130.4     0.0046    -1.7328     0.17(  71->  82)  0.04(  77->  92)  0.03(  51->  80)
  163    9.514   130.3     0.0183     2.5490     0.43(  71->  82)  0.03(  76->  86)  0.02(  76->  85)
  164    9.523   130.2     0.0320     3.0158     0.10(  79-> 113)  0.04(  62->  81)  0.04(  79-> 112)
  165    9.530   130.1     0.0088    12.6715     0.05(  79-> 114)  0.03(  77-> 100)  0.03(  74->  97)
  166    9.556   129.8     0.0404    -3.3940     0.07(  71->  82)  0.06(  71->  90)  0.05(  68->  89)
  167    9.569   129.6     0.0054    -4.6917     0.04(  69->  87)  0.03(  79-> 113)  0.03(  78-> 105)
  168    9.589   129.3     0.0101    -5.9402     0.08(  73->  84)  0.05(  79-> 116)  0.04(  74->  85)
  169    9.603   129.1     0.0184   -14.4256     0.05(  69->  81)  0.04(  45->  80)  0.04(  73->  87)
  170    9.611   129.0     0.0078     0.7625     0.14(  66->  84)  0.03(  69->  84)  0.03(  79-> 116)
  171    9.623   128.8     0.0016    -7.3931     0.05(  77->  92)  0.04(  78-> 101)  0.03(  79-> 117)
  172    9.638   128.6     0.0247   -10.6507     0.17(  66->  84)  0.07(  79-> 113)  0.03(  69->  83)
  173    9.660   128.3     0.0049     4.7702     0.06(  45->  80)  0.05(  55->  80)  0.05(  50->  80)
  174    9.663   128.3     0.0142    26.8469     0.03(  78-> 101)  0.03(  68->  89)  0.03(  45->  80)
  175    9.676   128.1     0.0028   -10.7164     0.05(  79-> 117)  0.04(  55->  80)  0.03(  77-> 102)
  176    9.693   127.9     0.0050     3.5278     0.06(  76->  92)  0.04(  76->  98)  0.03(  76->  86)
  177    9.698   127.8     0.0070    -0.2578     0.04(  74->  85)  0.03(  67->  88)  0.03(  75-> 100)
  178    9.704   127.8     0.0352   -68.4824     0.17(  67->  88)  0.12(  67->  86)  0.09(  67->  85)
  179    9.717   127.6     0.0036    15.1726     0.05(  79-> 118)  0.04(  75->  85)  0.04(  79-> 116)
  180    9.729   127.4     0.0180    11.7745     0.05(  78->  99)  0.05(  74->  85)  0.03(  72->  83)
  181    9.737   127.3     0.0062   -31.2212     0.07(  68->  89)  0.07(  77-> 102)  0.04(  68->  90)
  182    9.751   127.1     0.0043     3.7099     0.18(  75->  85)  0.08(  74->  85)  0.05(  74->  86)
  183    9.763   127.0     0.0317    13.0531     0.08(  69->  87)  0.03(  76->  92)  0.02(  76->  84)
  184    9.773   126.9     0.0301   -27.6830     0.08(  69->  83)  0.04(  72->  81)  0.03(  74->  85)
  185    9.792   126.6     0.0040     4.4866     0.11(  79-> 117)  0.05(  76-> 100)  0.04(  76-> 106)
  186    9.799   126.5     0.0157    -8.3796     0.05(  69->  87)  0.04(  78-> 105)  0.03(  78-> 106)
  187    9.806   126.4     0.0064    -5.9680     0.06(  78->  99)  0.03(  69->  83)  0.03(  76-> 100)
  188    9.821   126.2     0.0094   -19.6158     0.10(  79-> 117)  0.04(  39->  80)  0.03(  46->  80)
  189    9.840   126.0     0.0026    -3.2297     0.32(  46->  80)  0.04(  46->  81)  0.03(  79-> 117)
  190    9.845   125.9     0.0095    -2.3945     0.11(  46->  80)  0.05(  72->  81)  0.04(  73->  81)
  191    9.860   125.7     0.0061     0.0693     0.04(  65->  84)  0.02(  71->  87)  0.02(  42->  80)
  192    9.871   125.6     0.0081     3.1510     0.03(  77->  97)  0.03(  76->  88)  0.03(  73->  87)
  193    9.884   125.4     0.0025     4.3826     0.07(  46->  80)  0.05(  44->  80)  0.05(  76->  88)
  194    9.887   125.4     0.0115    -1.3764     0.13(  42->  80)  0.05(  44->  80)  0.04(  45->  80)
  195    9.897   125.3     0.0080     1.6290     0.08(  69->  87)  0.03(  72->  94)  0.03(  42->  80)
  196    9.907   125.1     0.0271     4.1716     0.39(  65->  84)  0.05(  65->  86)  0.03(  76->  88)
  197    9.913   125.1     0.0001    -0.1398     0.24(  72->  82)  0.21(  69->  82)  0.15(  73->  82)
  198    9.923   124.9     0.0135    -4.1113     0.07(  77->  97)  0.05(  78->  94)  0.03(  69->  82)
  199    9.935   124.8     0.0035     7.5589     0.09(  76->  88)  0.08(  65->  84)  0.05(  77->  95)
  200    9.941   124.7     0.0062   -15.4138     0.13(  59->  83)  0.05(  62->  83)  0.05(  76->  88)
  201    9.946   124.7     0.0040     5.6189     0.06(  44->  80)  0.06(  71->  87)  0.06(  48->  80)
  202    9.954   124.6     0.0046    26.9348     0.05(  76->  88)  0.05(  77->  99)  0.03(  59->  83)
  203    9.973   124.3     0.0062     4.8679     0.10(  79-> 118)  0.04(  77-> 102)  0.03(  77-> 104)
  204    9.976   124.3     0.0028     2.5948     0.11(  49->  80)  0.10(  48->  80)  0.07(  38->  80)
  205    9.985   124.2     0.0099    -8.5759     0.04(  48->  80)  0.04(  68->  88)  0.03(  49->  80)
  206    9.993   124.1     0.0247     1.5029     0.05(  68->  81)  0.03(  76->  88)  0.03(  75->  86)

  alpha tensor

           1         2         3
 
    1 312.73189
    2-118.23189 253.03793
    3 -32.38694 -52.09118  58.31332
 trace alpha_L[0] / au:   208.027710633455     
 sum rule f_L           6.17378938761918     
 
 SOS specific optical rotation 
 including Lorentz factor for common solvent (n=1.4)
 lambda [eV] alpha[grad*cm^3*g^-1*dm^-1]
 632.8  1.96    -3810.88
 589.3  2.10   -13509.50        0.00 ##
 579.0  2.14   -28369.30
 546.0  2.27    13857.29
 436.0  2.84     5008.28
 365.0  3.40   -33062.60
 
 sTD-DFT done.
Mon 21 Mar 13:54:51 GMT 2022
