Mon 21 Mar 14:41:24 GMT 2022


                 *********************************************
                 *                                           *
                 *               s  T  D  A                  *
                 *                                           *
                 *                S. Grimme                  *
                 * Mulliken Center for Theoretical Chemistry *
                 *             Universitaet Bonn             *
                 *              Version 1.6.2                *
                 *       Tue Sep 10 14:44:30 CET 2020        *
                 *********************************************
 
 Please cite as:
 S. Grimme, J. Chem. Phys. 138 (2013) 244104
 
 With contributions from:
 C. Bannwarth, P. Shushkov, M. de Wergifosse
 
======================================================================
 
 reading an xTB output...
 
 reading: wfn.xtb
======================================================================
                    M O / A O    I N P U T 
======================================================================
atom  #          x             y             z            charge
  C   1     13.57068896   -3.84653717    5.28764218         6.00
  C   2     13.06726597   -2.41091237    2.84309269         6.00
  C   3     11.86294362   -4.11166572    0.84905387         6.00
  C   4     11.31719077   -2.72026050   -1.63706959         6.00
  C   5      9.38343420   -0.66102614   -1.30769036         6.00
  C   6      6.84307561   -1.22473139   -1.15915790         6.00
  C   7      5.07977232    0.77308689   -0.78971647         6.00
  N   8      5.75043606    3.14299220   -0.54594183         7.00
  C   9      8.20802466    3.75356265   -0.68804922         6.00
  C  10      8.84618511    6.32869220   -0.42254272         6.00
  C  11     11.30736419    7.09006279   -0.55406765         6.00
  C  12     13.21749918    5.30068129   -0.95960284         6.00
  C  13     12.64944756    2.79188112   -1.22076296         6.00
  C  14     10.13460027    1.91958362   -1.08999393         6.00
  C  15      2.37538552    0.21335006   -0.65838052         6.00
  C  16      0.70203319    1.96153554    0.37548855         6.00
  C  17     -1.85722266    1.46472658    0.48244703         6.00
  C  18     -2.77544050   -0.82581024   -0.46392772         6.00
  C  19     -1.10359995   -2.56662578   -1.51329254         6.00
  C  20      1.45584487   -2.07132861   -1.61817233         6.00
  C  21      3.30286301   -3.88206402   -2.77336180         6.00
  C  22      5.77462456   -3.85522991   -1.28142317         6.00
  C  23     -5.48644135   -1.36608289   -0.38720485         6.00
  N  24     -6.31603104   -3.13240973   -1.90824526         7.00
  C  25     -8.78760361   -3.70556361   -1.90711143         6.00
  C  26     -9.60812262   -5.63119436   -3.55778704         6.00
  C  27    -12.09519094   -6.31376337   -3.63847834         6.00
  C  28    -13.84602203   -5.10509465   -2.06093512         6.00
  C  29    -13.09976925   -3.22802987   -0.44521943         6.00
  C  30    -10.55411943   -2.44927380   -0.31993060         6.00
  C  31     -9.63136625   -0.51211573    1.31506029         6.00
  C  32    -11.48424254    0.88665942    2.95912186         6.00
  C  33    -13.01851104    2.82022701    1.42504234         6.00
  C  34    -11.47479391    5.11170869    0.57617744         6.00
  C  35    -11.09628180    7.04962265    2.67452914         6.00
  C  36     -7.08231491    0.01927520    1.28369084         6.00
  C  37     -5.79654538    1.91164677    2.97310584         6.00
  C  38     -3.71822478    3.31609110    1.54466199         6.00
  H  39     14.43278194   -2.61179023    6.68585041         1.00
  H  40     14.84001788   -5.42880471    4.94881432         1.00
  H  41     11.81626739   -4.58201851    6.06715413         1.00
  H  42     14.84700987   -1.65445507    2.12178430         1.00
  H  43     11.81853506   -0.81390497    3.22954165         1.00
  H  44     10.10568746   -4.88607541    1.60210966         1.00
  H  45     13.12981590   -5.69506709    0.45523498         1.00
  H  46     13.07671460   -1.94963026   -2.37387374         1.00
  H  47     10.63670045   -4.08502058   -3.02847481         1.00
  H  48      7.32306600    7.64979962   -0.12075349         1.00
  H  49     11.79850396    9.06104695   -0.35262286         1.00
  H  50     15.16127129    5.91673195   -1.06656133         1.00
  H  51     14.17577921    1.47549802   -1.52652062         1.00
  H  52      1.45735665    3.71727991    1.08678139         1.00
  H  53     -1.86213595   -4.31216564   -2.24650621         1.00
  H  54      2.51257962   -5.78634086   -2.81550269         1.00
  H  55      3.67967437   -3.31023295   -4.72733843         1.00
  H  56      7.10688135   -5.17577040   -2.12972114         1.00
  H  57      5.39138813   -4.50000440    0.64930984         1.00
  H  58     -8.20481213   -6.52919213   -4.73281864         1.00
  H  59    -12.72749324   -7.78718269   -4.90194911         1.00
  H  60    -15.80717962   -5.67031168   -2.12235121         1.00
  H  61    -14.49759954   -2.35214189    0.75305579         1.00
  H  62    -10.52274998    1.83624670    4.50907509         1.00
  H  63    -12.78191735   -0.47224251    3.81119929         1.00
  H  64    -13.78044854    1.88160013   -0.24642026         1.00
  H  65    -14.61211693    3.46915890    2.56681476         1.00
  H  66     -9.64837378    4.47449310   -0.14040664         1.00
  H  67    -12.46047496    6.03106037   -0.98775975         1.00
  H  68    -12.90852899    7.81212707    3.27735171         1.00
  H  69     -9.92880911    8.60618992    2.01236916         1.00
  H  70    -10.18146547    6.21871015    4.31651201         1.00
  H  71     -7.12540066    3.27735171    3.74109046         1.00
  H  72     -4.94333411    0.88892709    4.56047563         1.00
  H  73     -4.56349919    4.39569153   -0.00718096         1.00
  H  74     -2.76996030    4.65401707    2.79528262         1.00

 # atoms          =   74
 # mos            =  307
 # primitive  aos = 2500
 # contracted aos =  484

 spherical AO basis
======================================================================
                    A O   I N T E G R A L S
======================================================================
 memory needed for AO int data:   8 Mb
 done.
  
Restricted MOs found... RKS-sTD-DFT will be performed
  
======================================================================
                    s T D A
======================================================================
 spectral range up to (eV)     :    10.0000000000000     
 occ MO cut-off (eV)           :   -35.7264255937157     
 virtMO cut-off (eV)           :    13.0300822310242     
 perturbation thr              :   1.000000000000000E-004
 triplet                       :  F
 MOs in TDA :          243
 oMOs in TDA:           95
 vMOs in TDA:          148
 sorting MOs ...
 reading and transforming R..V..L AO ints ...
 ints done.
 S^1/2 ...
 S^1/2 orthogonalized MO coefficients done.

 SCF atom population (using active MOs):
  3.914  3.992  3.962  3.966  3.949  4.005  3.908  5.156  3.965  4.019
  3.980  4.001  3.939  3.996  4.055  3.941  4.030  4.055  3.941  4.031
  3.999  3.975  3.907  5.155  3.965  4.018  3.981  4.001  3.943  3.997
  3.949  3.954  3.967  3.980  3.888  4.000  3.966  3.989  1.014  1.016
  1.014  1.017  1.014  1.031  1.001  1.044  1.031  0.992  0.996  0.992
  1.040  1.012  1.013  1.010  0.981  1.046  0.995  0.992  0.996  0.992
  1.033  1.044  1.030  1.032  1.000  1.039  0.998  1.014  1.011  1.055
  1.083  0.978  0.996  1.008
 
 # electrons in TDA: 190.000
 
 
 ax(DF)   :   0.500000000000000     
 s^K      :    2.00000000000000     
 beta  (J):    4.00000000000000     
 alpha (K):    2.00000000000000     
 
 hardness table read.
 setting up gammas ...
 memory needed for q data (Mb)                     12
 computing q(ij,n) ...
 
         219 CSF included by energy.
 
       13841 considered in PT2.
 ordered frontier orbitals
         eV     # centers
  85   -18.083    35.9
  86   -17.200    15.6
  87   -17.152    13.9
  88   -16.831    13.8
  89   -16.142     7.3
  90   -16.082     8.4
  91   -15.901     5.6
  92   -15.874    15.1
  93   -15.346    11.8
  94   -15.339    11.0
  95   -14.970    17.0
 
  96    -7.726    18.8
  97    -7.162    16.5
  98    -6.644    16.1
  99    -6.053    14.2
 100    -5.747     5.4
 101    -5.264    28.1
 102    -5.203    51.3
 103    -5.146    40.3
 104    -4.822    33.7
 105    -4.735    22.8
 106    -4.712    27.7
 
             lowest CSF states
       eV     nm      excitation i->a               eV
    1  4.55   272.7       95 ->  96     gap,J,K:   7.243   3.300   0.298   Kshft:   0.006  locality: 0.997
    2  5.17   239.7       93 ->  96     gap,J,K:   7.620   2.916   0.225   Kshft:   0.019  locality: 0.882
    3  5.18   239.5       91 ->  96     gap,J,K:   8.175   3.528   0.260   Kshft:   0.011  locality: 0.899
    4  5.25   236.3       94 ->  96     gap,J,K:   7.612   2.884   0.253   Kshft:   0.012  locality: 0.870
    5  5.35   231.7       95 ->  97     gap,J,K:   7.808   2.983   0.257   Kshft:   0.011  locality: 0.946
    6  5.51   225.1       90 ->  96     gap,J,K:   8.356   3.366   0.009   Kshft:   0.500  locality: 0.980
    7  5.54   223.7       89 ->  96     gap,J,K:   8.415   3.380   0.003   Kshft:   0.500  locality: 0.977
    8  5.66   218.9       92 ->  96     gap,J,K:   8.148   3.092   0.301   Kshft:   0.006  locality: 0.981
    9  5.67   218.8       95 ->  98     gap,J,K:   8.326   3.099   0.207   Kshft:   0.026  locality: 0.973
   10  5.96   207.9       93 ->  97     gap,J,K:   8.184   2.915   0.346   Kshft:   0.003  locality: 0.926
   11  5.97   207.5       94 ->  97     gap,J,K:   8.176   2.907   0.351   Kshft:   0.003  locality: 0.921
   12  6.15   201.6       95 -> 100     gap,J,K:   9.223   3.725   0.324   Kshft:   0.004  locality: 0.924
   13  6.29   197.2       92 ->  97     gap,J,K:   8.712   3.002   0.286   Kshft:   0.007  locality: 1.000
   14  6.31   196.4       90 ->  97     gap,J,K:   8.920   3.122   0.008   Kshft:   0.500  locality: 0.954
   15  6.34   195.6       95 ->  99     gap,J,K:   8.916   3.059   0.233   Kshft:   0.016  locality: 0.958
   16  6.34   195.5       89 ->  97     gap,J,K:   8.979   3.141   0.002   Kshft:   0.500  locality: 0.953
   17  6.40   193.8       93 ->  98     gap,J,K:   8.702   2.910   0.300   Kshft:   0.006  locality: 0.914
   18  6.42   193.2       94 ->  98     gap,J,K:   8.694   2.887   0.302   Kshft:   0.006  locality: 0.905
   19  6.45   192.2       91 ->  97     gap,J,K:   8.739   2.851   0.034   Kshft:   0.493  locality: 0.763
   20  6.50   190.9       91 ->  98     gap,J,K:   9.257   3.143   0.150   Kshft:   0.082  locality: 0.832
   21  6.55   189.3       88 ->  96     gap,J,K:   9.104   3.200   0.321   Kshft:   0.005  locality: 0.996
   22  6.70   185.1       92 ->  98     gap,J,K:   9.230   3.018   0.236   Kshft:   0.016  locality: 0.995
   23  6.77   183.0       90 ->  98     gap,J,K:   9.438   3.178   0.007   Kshft:   0.500  locality: 0.961
   24  6.81   182.0       89 ->  98     gap,J,K:   9.497   3.189   0.003   Kshft:   0.500  locality: 0.958
   25  6.85   181.0       93 ->  99     gap,J,K:   9.293   2.962   0.253   Kshft:   0.012  locality: 0.928
 
 selecting CSF ...
 average/max PT2 energy lowering (eV):     0.032     0.269
        1203 CSF included by PT.
        1422 CSF in total.
 sTD-DFT procedure...
 setting up A+B and A-B matrices
  calculating (A-B)^0.5 ...
 estimated time (min)     0.12
  calculating (A+B)*(A-B)^0.5 ...
 calculate eigenvalues of (A-B)^0.5*(A+B)*(A-B)^0.5 ...
  rpa vectors ok
  259 roots found, lowest/highest eigenvalue :    3.836   9.999   0
 writing spectral data to tda.dat ...
 
 excitation energies, transition moments and TDA amplitudes
 state    eV      nm       fL         Rv
    1    3.836   323.2     0.9000    21.5111     0.54(  95->  96)  0.16(  93->  96)  0.15(  92->  97)
    2    4.025   308.0     0.0005     0.1612     0.22(  95->  97)  0.18(  94->  96)  0.18(  92->  96)
    3    4.248   291.9     0.3040    72.5664     0.27(  93->  96)  0.26(  95->  96)  0.15(  94->  97)
    4    4.311   287.6     0.0152     5.7289     0.59(  91->  96)  0.17(  95-> 100)  0.07(  91->  98)
    5    4.358   284.5     0.0327  -338.2018     0.24(  90->  96)  0.20(  94->  96)  0.13(  89->  97)
    6    4.431   279.8     0.0359     8.2116     0.54(  89->  96)  0.27(  90->  97)  0.03(  89->  97)
    7    4.478   276.9     0.0126   252.6809     0.31(  90->  96)  0.15(  94->  96)  0.14(  89->  97)
    8    4.692   264.3     0.8627   -39.1668     0.22(  95->  98)  0.17(  94->  97)  0.10(  88->  96)
    9    5.327   232.7     0.0221  -151.4747     0.39(  95->  97)  0.28(  92->  96)  0.08(  92->  98)
   10    5.404   229.4     0.2576    88.0291     0.18(  93->  98)  0.18(  95->  98)  0.12(  90->  98)
   11    5.430   228.4     0.1445    44.9907     0.16(  90->  98)  0.11(  95->  98)  0.09(  89->  99)
   12    5.500   225.4     0.0458    -4.4435     0.46(  89->  98)  0.25(  90->  99)  0.09(  90->  97)
   13    5.559   223.0     0.0066   -20.5085     0.24(  95->  99)  0.20(  90->  98)  0.10(  89->  99)
   14    5.706   217.3     0.1140   -86.0427     0.12(  92->  96)  0.11(  94->  98)  0.10(  93->  97)
   15    5.720   216.8     0.1944   -37.9000     0.11(  95-> 100)  0.08(  88->  96)  0.08(  95->  98)
   16    5.850   211.9     0.2393   -17.1386     0.20(  95-> 100)  0.17(  91->  96)  0.12(  87->  96)
   17    5.867   211.3     0.0336    15.0934     0.22(  87->  96)  0.16(  86->  97)  0.13(  86->  96)
   18    5.890   210.5     0.6955    47.6518     0.19(  88->  96)  0.18(  86->  96)  0.18(  91-> 100)
   19    6.057   204.7     0.2853    21.2365     0.17(  91-> 100)  0.09(  93->  96)  0.08(  87->  97)
   20    6.120   202.6     0.0383  -186.0647     0.22(  91->  97)  0.13(  93->  99)  0.12(  93->  97)
   21    6.259   198.1     0.0056     0.1377     0.57(  91->  97)  0.09(  95->  99)  0.05(  86->  97)
   22    6.287   197.2     0.1403    16.7138     0.31(  95-> 101)  0.15(  88->  96)  0.14(  91-> 100)
   23    6.381   194.3     0.0004    -0.7145     0.20(  93-> 106)  0.09(  93-> 103)  0.07(  94-> 106)
   24    6.399   193.7     0.0040    -3.3627     0.16(  94-> 101)  0.13(  94-> 105)  0.08(  94-> 103)
   25    6.413   193.3     0.0185    -6.3248     0.22(  91->  98)  0.09(  94->  97)  0.08(  91-> 100)
   26    6.476   191.4     0.5221   145.3432     0.18(  91->  98)  0.13(  92->  97)  0.09(  95-> 103)
   27    6.496   190.9     0.2298    -1.8334     0.13(  92->  98)  0.08(  88->  97)  0.08(  93->  99)
   28    6.516   190.3     0.2043    -0.4417     0.07(  95-> 103)  0.07(  87->  99)  0.07(  92->  97)
   29    6.571   188.7     0.0390     1.2291     0.16(  87->  98)  0.09(  86->  99)  0.08(  92->  98)
   30    6.598   187.9     0.3102   100.0008     0.17(  91->  98)  0.08(  88->  96)  0.06(  95-> 103)
   31    6.625   187.2     0.0286   -63.0552     0.19(  90-> 101)  0.16(  89->  99)  0.13(  89->  97)
   32    6.674   185.8     0.0006   -14.6463     0.22(  89-> 101)  0.15(  90->  97)  0.14(  90->  99)
   33    6.709   184.8     0.0134   -15.4423     0.15(  94-> 101)  0.11(  93-> 104)  0.08(  94-> 105)
   34    6.783   182.8     0.0991    90.9984     0.10(  94-> 104)  0.10(  93-> 107)  0.09(  93-> 104)
   35    6.824   181.7     0.0203   -51.2632     0.17(  95-> 102)  0.09(  93-> 102)  0.07(  94-> 107)
   36    6.955   178.3     0.0333    19.5689     0.28(  92->  99)  0.12(  91-> 100)  0.10(  88->  98)
   37    7.002   177.1     0.0056   -20.2643     0.12(  94->  98)  0.10(  93->  99)  0.07(  94-> 102)
   38    7.022   176.6     0.0156    63.1266     0.09(  92-> 106)  0.08(  95-> 104)  0.07(  93->  98)
   39    7.033   176.3     0.0049     5.2756     0.52(  85->  96)  0.05(  81->  96)  0.02(  82->  97)
   40    7.064   175.5     0.0548   -14.1008     0.15(  94->  99)  0.10(  93->  98)  0.07(  94->  97)
   41    7.079   175.1     0.0045   -61.8660     0.07(  93-> 104)  0.06(  94->  98)  0.05(  94-> 107)
   42    7.105   174.5     0.0027     1.9650     0.14(  84->  96)  0.12(  88->  97)  0.08(  92->  98)
   43    7.122   174.1     0.0067    72.9557     0.14(  95-> 105)  0.11(  92-> 105)  0.04(  95-> 106)
   44    7.134   173.8     0.0051     7.0004     0.30(  90-> 100)  0.10(  89-> 104)  0.08(  90-> 107)
   45    7.155   173.3     0.0064    -2.1823     0.12(  89-> 107)  0.10(  90-> 104)  0.10(  89->  96)
   46    7.187   172.5     0.0041     9.2011     0.06(  91->  99)  0.05(  95-> 106)  0.04(  90-> 100)
   47    7.206   172.1     0.0010   -18.7412     0.36(  90-> 100)  0.08(  92-> 100)  0.08(  90-> 107)
   48    7.228   171.5     0.0332   -26.4516     0.08(  95-> 101)  0.08(  95-> 103)  0.07(  91->  99)
   49    7.258   170.8     0.0017    -4.6876     0.33(  91->  99)  0.04(  92-> 100)  0.03(  95-> 105)
   50    7.289   170.1     0.0009    35.7825     0.13(  93-> 100)  0.11(  94-> 100)  0.11(  92-> 100)
   51    7.322   169.3     0.0095   -25.2663     0.21(  93-> 100)  0.13(  89-> 100)  0.06(  94-> 100)
   52    7.345   168.8     0.0069   -23.6566     0.15(  91-> 101)  0.12(  93-> 100)  0.10(  91-> 104)
   53    7.352   168.7     0.0023     1.7779     0.56(  89-> 100)  0.07(  85->  97)  0.07(  93-> 100)
   54    7.379   168.0     0.0021     2.1494     0.24(  85->  97)  0.13(  82->  96)  0.12(  89-> 100)
   55    7.392   167.7     0.0037    11.4907     0.26(  94-> 100)  0.06(  87->  98)  0.06(  92-> 100)
   56    7.437   166.7     0.0028   -30.3656     0.12(  95-> 107)  0.08(  94-> 111)  0.05(  86->  98)
   57    7.446   166.5     0.0018   -18.7698     0.43(  81->  96)  0.06(  82->  96)  0.05(  82->  97)
   58    7.480   165.7     0.0098    -8.3250     0.12(  93-> 100)  0.05(  95-> 108)  0.05(  94-> 111)
   59    7.507   165.2     0.0034    37.0331     0.13(  92-> 100)  0.08(  93-> 112)  0.04(  93-> 106)
   60    7.539   164.5     0.0031    52.9237     0.14(  94-> 100)  0.11(  88->  99)  0.05(  84->  96)
   61    7.593   163.3     0.0010   -23.7231     0.27(  92-> 100)  0.13(  94-> 100)  0.07(  84->  96)
   62    7.639   162.3     0.0114    -7.6138     0.08(  88-> 100)  0.06(  92->  99)  0.05(  95-> 103)
   63    7.669   161.7     0.0159   -24.4070     0.16(  84->  96)  0.11(  88->  97)  0.05(  92->  99)
   64    7.698   161.1     0.0143   -31.1545     0.14(  88-> 100)  0.09(  91-> 102)  0.07(  95-> 108)
   65    7.717   160.7     0.0074    -4.7285     0.09(  91-> 106)  0.09(  91-> 102)  0.06(  88-> 100)
   66    7.752   159.9     0.0207    16.8742     0.24(  88-> 100)  0.09(  95-> 108)  0.04(  91-> 103)
   67    7.754   159.9     0.0065    22.7718     0.12(  79->  96)  0.11(  85->  98)  0.07(  82->  97)
   68    7.774   159.5     0.0051   -44.0506     0.06(  89-> 102)  0.06(  75->  96)  0.06(  75->  97)
   69    7.805   158.9     0.0044   -12.6484     0.11(  85->  98)  0.07(  89->  97)  0.05(  74->  97)
   70    7.826   158.4     0.0045    22.3589     0.09(  89-> 102)  0.08(  90-> 103)  0.07(  75->  96)
   71    7.851   157.9     0.0050     9.1512     0.14(  90-> 102)  0.09(  89-> 103)  0.04(  89-> 106)
   72    7.868   157.6     0.0044    53.2412     0.09(  95-> 112)  0.04(  95-> 109)  0.03(  92-> 104)
   73    7.880   157.3     0.0273    14.5429     0.06(  74->  96)  0.05(  88->  98)  0.05(  92->  99)
   74    7.889   157.2     0.0137   -20.3121     0.12(  89->  97)  0.11(  90->  98)  0.07(  90-> 107)
   75    7.917   156.6     0.0015    -0.9518     0.10(  95-> 111)  0.07(  90->  97)  0.06(  89->  98)
   76    7.927   156.4     0.0077   -18.7665     0.10(  90->  97)  0.10(  89->  98)  0.07(  89-> 107)
   77    7.954   155.9     0.0321    32.4616     0.14(  93-> 110)  0.05(  95-> 110)  0.04(  93-> 111)
   78    7.977   155.4     0.0142    -4.8084     0.07(  76->  96)  0.05(  88->  98)  0.04(  93-> 109)
   79    7.997   155.0     0.0122   -58.5754     0.08(  93-> 110)  0.06(  94-> 111)  0.05(  94-> 122)
   80    8.023   154.5     0.0140   -10.6965     0.04(  94-> 109)  0.03(  86->  99)  0.03(  86->  97)
   81    8.034   154.3     0.0408   -18.7880     0.06(  94->  99)  0.06(  93-> 101)  0.06(  87->  99)
   82    8.096   153.1     0.0101    18.1638     0.10(  89-> 105)  0.07(  90-> 105)  0.04(  89-> 108)
   83    8.115   152.8     0.0261    17.6611     0.03(  93-> 110)  0.03(  86->  99)  0.03(  95-> 111)
   84    8.119   152.7     0.0617    51.9142     0.06(  77->  96)  0.04(  80->  97)  0.04(  79->  97)
   85    8.130   152.5     0.0051    39.2470     0.05(  95-> 112)  0.04(  90-> 106)  0.04(  93-> 119)
   86    8.141   152.3     0.0004    -2.5075     0.10(  77->  96)  0.07(  85->  99)  0.06(  82->  98)
   87    8.150   152.1     0.0337   -11.7594     0.06(  76->  96)  0.06(  89-> 105)  0.05(  90-> 105)
   88    8.174   151.7     0.0506   -19.0483     0.04(  93-> 109)  0.04(  87->  97)  0.04(  95-> 112)
   89    8.190   151.4     0.0821   -18.7927     0.17(  90-> 106)  0.11(  89-> 106)  0.05(  90-> 104)
   90    8.200   151.2     0.0280     8.4104     0.10(  95-> 110)  0.04(  95-> 114)  0.04(  93-> 121)
   91    8.215   150.9     0.0130     2.6820     0.08(  83->  96)  0.06(  83->  97)  0.06(  85->  99)
   92    8.234   150.6     0.0120    -6.7200     0.18(  80->  96)  0.13(  77->  97)  0.08(  82->  97)
   93    8.261   150.1     0.0102    10.9591     0.08(  95-> 113)  0.05(  92-> 112)  0.04(  76->  97)
   94    8.273   149.9     0.0073     5.6879     0.11(  80->  97)  0.10(  82->  96)  0.07(  79->  96)
   95    8.281   149.7     0.0094    -5.1425     0.09(  95-> 113)  0.03(  92-> 112)  0.03(  85-> 100)
   96    8.299   149.4     0.0093    15.2183     0.19(  85-> 100)  0.12(  81-> 100)  0.03(  82-> 100)
   97    8.307   149.3     0.0131   -12.0279     0.12(  92-> 101)  0.05(  95-> 102)  0.03(  91-> 102)
   98    8.312   149.2     0.0120    -4.4550     0.15(  85-> 100)  0.08(  81-> 100)  0.05(  76->  97)
   99    8.365   148.2     0.0032   -20.9100     0.05(  94-> 117)  0.05(  94-> 120)  0.03(  94-> 101)
  100    8.381   147.9     0.0188     7.6366     0.06(  93-> 113)  0.05(  95-> 119)  0.04(  95-> 115)
  101    8.408   147.5     0.0578    -5.3013     0.08(  93-> 113)  0.05(  94-> 113)  0.04(  87-> 104)
  102    8.463   146.5     0.0415    77.3321     0.05(  95-> 107)  0.04(  81->  97)  0.04(  95-> 118)
  103    8.469   146.4     0.0119   -44.8920     0.05(  90->  99)  0.04(  88->  99)  0.04(  89->  98)
  104    8.479   146.2     0.0020     4.1924     0.16(  81->  97)  0.05(  70->  96)  0.03(  69->  96)
  105    8.492   146.0     0.0013    -0.5581     0.05(  90-> 114)  0.05(  88->  99)  0.05(  90->  99)
  106    8.500   145.9     0.0048     5.8174     0.03(  90->  98)  0.02(  95-> 110)  0.02(  69->  96)
  107    8.504   145.8     0.0100   -48.0780     0.03(  89->  99)  0.03(  89-> 114)  0.03(  95-> 104)
  108    8.532   145.3     0.0973    74.0620     0.05(  81->  97)  0.05(  87-> 104)  0.04(  87->  97)
  109    8.546   145.1     0.0253   -14.7976     0.05(  90-> 108)  0.04(  88-> 101)  0.04(  89-> 102)
  110    8.564   144.8     0.0045    -5.4877     0.09(  92-> 103)  0.04(  85->  98)  0.03(  70->  96)
  111    8.580   144.5     0.0422   -21.2647     0.05(  90-> 112)  0.04(  89-> 108)  0.04(  89-> 105)
  112    8.592   144.3     0.0422   -24.2138     0.07(  69->  96)  0.05(  88-> 101)  0.03(  78->  97)
  113    8.607   144.0     0.0036    -7.1464     0.04(  91-> 102)  0.04(  87-> 103)  0.03(  91-> 112)
  114    8.616   143.9     0.0023    17.6599     0.03(  92-> 102)  0.02(  89-> 105)  0.02(  89-> 108)
  115    8.623   143.8     0.0221     8.9862     0.09(  91-> 102)  0.09(  91-> 112)  0.04(  91-> 114)
  116    8.631   143.7     0.0129    16.5089     0.09(  78->  96)  0.07(  78->  97)  0.04(  85->  97)
  117    8.650   143.3     0.0160    -8.8031     0.04(  92-> 102)  0.03(  88-> 103)  0.03(  89-> 108)
  118    8.654   143.3     0.0301   -37.2833     0.03(  95-> 111)  0.03(  95-> 109)  0.03(  91-> 103)
  119    8.662   143.1     0.0557   -37.4338     0.06(  95-> 117)  0.05(  87-> 102)  0.04(  87-> 103)
  120    8.682   142.8     0.0558    45.9373     0.10(  86-> 101)  0.05(  92-> 102)  0.05(  87-> 102)
  121    8.686   142.7     0.0110   -16.7436     0.07(  84->  97)  0.03(  95-> 125)  0.03(  95-> 123)
  122    8.722   142.2     0.0289    19.0323     0.08(  84->  99)  0.07(  76->  98)  0.05(  87-> 102)
  123    8.756   141.6     0.1309    10.8134     0.04(  95-> 117)  0.04(  87-> 104)  0.03(  95-> 109)
  124    8.771   141.4     0.0191   -42.8048     0.04(  86-> 104)  0.03(  95-> 122)  0.03(  92-> 116)
  125    8.776   141.3     0.0499    20.8099     0.05(  95-> 123)  0.05(  95-> 120)  0.03(  95-> 126)
  126    8.790   141.1     0.0421    21.5767     0.03(  86-> 102)  0.02(  91-> 103)  0.02(  91-> 108)
  127    8.804   140.8     0.0146    -6.6478     0.04(  93-> 114)  0.04(  93-> 119)  0.03(  93-> 103)
  128    8.809   140.8     0.0073     3.6148     0.04(  86-> 102)  0.04(  95-> 116)  0.04(  91-> 103)
  129    8.821   140.6     0.0687    50.1603     0.05(  91-> 103)  0.03(  83->  96)  0.03(  91-> 117)
  130    8.831   140.4     0.0453   -13.2231     0.06(  81-> 100)  0.04(  66->  96)  0.03(  85-> 100)
  131    8.839   140.3     0.0235    -2.2131     0.08(  94-> 102)  0.06(  94-> 114)  0.06(  94-> 118)
  132    8.854   140.0     0.0042   -13.5816     0.05(  83->  98)  0.05(  75->  99)  0.03(  83->  99)
  133    8.862   139.9     0.0331   -29.7492     0.06(  79->  98)  0.04(  74->  98)  0.04(  74->  99)
  134    8.862   139.9     0.0102    12.4211     0.04(  93-> 102)  0.03(  95-> 122)  0.03(  91-> 104)
  135    8.872   139.7     0.0326    11.9519     0.12(  81->  98)  0.06(  85-> 100)  0.06(  81-> 100)
  136    8.878   139.6     0.0074    -2.3080     0.09(  94-> 115)  0.03(  94-> 112)  0.03(  94-> 116)
  137    8.890   139.5     0.0189    -9.7561     0.09(  91-> 107)  0.05(  91-> 102)  0.03(  84->  97)
  138    8.902   139.3     0.0029    -7.8083     0.07(  81-> 100)  0.05(  91-> 114)  0.04(  85-> 100)
  139    8.908   139.2     0.0019    26.3371     0.06(  90-> 109)  0.05(  89-> 109)  0.03(  89-> 108)
  140    8.916   139.1     0.0045   -20.6550     0.08(  81->  98)  0.05(  81-> 100)  0.04(  73->  96)
  141    8.928   138.9     0.0117    -2.7123     0.05(  90-> 110)  0.03(  84->  97)  0.02(  90-> 109)
  142    8.935   138.8     0.0071     0.4406     0.05(  81-> 100)  0.04(  95-> 119)  0.03(  72->  98)
  143    8.946   138.6     0.0140    -7.2737     0.08(  73->  96)  0.04(  73->  97)  0.03(  81->  97)
  144    8.957   138.4     0.0559    47.4630     0.03(  94-> 103)  0.03(  90-> 110)  0.03(  89-> 110)
  145    8.970   138.2     0.0255     5.8654     0.12(  90-> 110)  0.09(  89-> 110)  0.03(  90-> 111)
  146    8.976   138.1     0.0003     7.0652     0.07(  91-> 104)  0.04(  90-> 110)  0.03(  87->  98)
  147    8.988   137.9     0.0111    11.0258     0.06(  93-> 123)  0.05(  95-> 106)  0.04(  93-> 102)
  148    8.994   137.9     0.0087    11.2785     0.04(  81->  97)  0.04(  72->  96)  0.03(  72->  97)
  149    9.009   137.6     0.0494    32.9332     0.05(  87->  99)  0.05(  91-> 104)  0.04(  91-> 107)
  150    9.031   137.3     0.0147    -1.0823     0.04(  91-> 104)  0.04(  86->  99)  0.03(  89-> 111)
  151    9.034   137.2     0.0010     6.7195     0.05(  83-> 102)  0.03(  90-> 109)  0.03(  83-> 101)
  152    9.050   137.0     0.0071    -4.7770     0.06(  84-> 100)  0.03(  89-> 109)  0.02(  81-> 100)
  153    9.060   136.8     0.0168    -7.4247     0.05(  80-> 102)  0.05(  91-> 107)  0.04(  90-> 111)
  154    9.068   136.7     0.0231    -0.1975     0.04(  87->  99)  0.04(  84->  97)  0.03(  95-> 125)
  155    9.079   136.6     0.0024     1.5284     0.03(  84-> 100)  0.03(  84->  98)  0.03(  89-> 111)
  156    9.084   136.5     0.0180    -1.1244     0.04(  95-> 121)  0.04(  93-> 121)  0.03(  92-> 121)
  157    9.095   136.3     0.0018    -2.3205     0.04(  91-> 107)  0.03(  82-> 102)  0.03(  95-> 120)
  158    9.107   136.1     0.0061   -15.7755     0.07(  95-> 118)  0.03(  95-> 121)  0.03(  93-> 101)
  159    9.116   136.0     0.0052    31.8846     0.07(  83->  98)  0.03(  71->  96)  0.03(  83->  99)
  160    9.120   135.9     0.0044     2.6868     0.12(  84-> 100)  0.04(  91-> 104)  0.03(  95-> 109)
  161    9.129   135.8     0.0061     7.8028     0.04(  90-> 113)  0.04(  89-> 111)  0.03(  89-> 109)
  162    9.132   135.8     0.0133   -67.2432     0.13(  91-> 107)  0.05(  91-> 101)  0.05(  91-> 109)
  163    9.145   135.6     0.0248    -9.6329     0.06(  89-> 111)  0.03(  73->  96)  0.03(  86-> 107)
  164    9.154   135.4     0.0063   -11.4181     0.04(  83->  96)  0.03(  83->  98)  0.02(  95-> 106)
  165    9.159   135.4     0.0076   -16.3070     0.05(  80->  98)  0.04(  84-> 100)  0.03(  80->  96)
  166    9.166   135.3     0.0076     7.2227     0.07(  84-> 100)  0.07(  80->  98)  0.03(  80->  96)
  167    9.184   135.0     0.0149   -14.8979     0.04(  79->  98)  0.04(  79->  96)  0.03(  80->  99)
  168    9.206   134.7     0.0033    -7.5501     0.05(  95-> 116)  0.03(  82->  96)  0.03(  80->  99)
  169    9.216   134.5     0.0026     7.0494     0.03(  82->  96)  0.03(  82->  98)  0.03(  77->  96)
  170    9.220   134.5     0.0085    -4.2941     0.04(  87-> 106)  0.02(  92-> 102)  0.02(  76->  96)
  171    9.239   134.2     0.0027    20.0474     0.03(  88-> 105)  0.03(  86-> 100)  0.03(  88-> 101)
  172    9.242   134.2     0.0059    -4.3514     0.03(  86-> 100)  0.03(  92-> 107)  0.03(  78-> 102)
  173    9.247   134.1     0.0109    19.1983     0.03(  86-> 105)  0.03(  82-> 102)  0.03(  80-> 101)
  174    9.258   133.9     0.0198   -17.6602     0.06(  90-> 112)  0.03(  92-> 105)  0.03(  92-> 102)
  175    9.276   133.7     0.0139     4.3690     0.05(  87-> 100)  0.03(  79-> 102)  0.02(  90-> 112)
  176    9.281   133.6     0.0182    13.7079     0.04(  67->  97)  0.04(  65->  96)  0.03(  89-> 112)
  177    9.284   133.5     0.0168   -13.4033     0.09(  86-> 100)  0.03(  87-> 100)  0.02(  95-> 123)
  178    9.292   133.4     0.0099    -9.2050     0.13(  89-> 112)  0.05(  65->  96)  0.04(  90-> 116)
  179    9.303   133.3     0.0056   -35.5911     0.04(  86-> 100)  0.03(  92-> 102)  0.03(  95-> 126)
  180    9.326   132.9     0.0113    21.0594     0.19(  86-> 100)  0.06(  87-> 100)  0.02(  78-> 102)
  181    9.328   132.9     0.0084     1.5958     0.04(  79-> 103)  0.03(  66->  98)  0.03(  80->  98)
  182    9.332   132.9     0.0257    19.8776     0.06(  87-> 100)  0.04(  79-> 102)  0.03(  72->  98)
  183    9.343   132.7     0.0056   -33.2222     0.18(  87-> 100)  0.05(  94-> 107)  0.04(  93-> 104)
  184    9.357   132.5     0.0018   -10.7659     0.04(  94-> 102)  0.04(  94-> 103)  0.03(  94-> 104)
  185    9.372   132.3     0.0230    33.5217     0.06(  90-> 112)  0.04(  89-> 108)  0.03(  89->  99)
  186    9.384   132.1     0.0043   -11.7905     0.05(  94-> 104)  0.04(  94-> 102)  0.03(  93-> 102)
  187    9.391   132.0     0.0051     3.8017     0.07(  87-> 100)  0.05(  94-> 103)  0.04(  94-> 104)
  188    9.405   131.8     0.0052    -8.4774     0.03(  64->  96)  0.03(  89-> 112)  0.02(  93-> 102)
  189    9.415   131.7     0.0091    14.5394     0.04(  86-> 100)  0.03(  84->  98)  0.03(  91-> 105)
  190    9.419   131.6     0.0028    -0.2828     0.09(  64->  96)  0.08(  87-> 100)  0.02(  86-> 100)
  191    9.438   131.4     0.0062     5.0722     0.07(  91-> 105)  0.05(  91-> 106)  0.02(  95-> 116)
  192    9.445   131.3     0.0139   -22.1364     0.09(  86-> 100)  0.05(  86-> 105)  0.04(  87-> 106)
  193    9.465   131.0     0.0023     0.9348     0.07(  87-> 100)  0.03(  86-> 100)  0.02(  86-> 105)
  194    9.470   130.9     0.0125     7.2804     0.04(  87-> 100)  0.03(  95-> 125)  0.03(  84->  98)
  195    9.476   130.8     0.0043    -3.9126     0.03(  68->  96)  0.02(  88-> 103)  0.02(  94-> 104)
  196    9.485   130.7     0.0116     7.4550     0.08(  78->  98)  0.06(  78->  96)  0.04(  78->  99)
  197    9.506   130.4     0.0009    11.4154     0.04(  94-> 107)  0.02(  68->  96)  0.02(  94-> 124)
  198    9.515   130.3     0.0125    -5.8857     0.04(  92-> 108)  0.03(  95-> 131)  0.03(  78->  98)
  199    9.519   130.2     0.0029    -9.2921     0.07(  63->  96)  0.02(  95-> 130)  0.02(  62->  96)
  200    9.528   130.1     0.0065   -21.5411     0.13(  63->  96)  0.03(  62->  96)  0.03(  67->  96)
  201    9.535   130.0     0.0071    -0.9552     0.03(  95-> 127)  0.02(  85-> 101)  0.02(  91-> 123)
  202    9.550   129.8     0.0050     1.5449     0.03(  93-> 127)  0.03(  94-> 107)  0.02(  93-> 121)
  203    9.554   129.8     0.0199    34.8047     0.02(  68->  96)  0.02(  85-> 101)  0.02(  70->  98)
  204    9.568   129.6     0.0018     1.9913     0.04(  90-> 113)  0.04(  93-> 107)  0.04(  93-> 106)
  205    9.578   129.4     0.0128    17.7686     0.03(  91-> 115)  0.03(  90-> 113)  0.02(  93-> 127)
  206    9.591   129.3     0.0412    10.3003     0.06(  89-> 113)  0.03(  90-> 102)  0.03(  89-> 101)
  207    9.597   129.2     0.0088    -8.3824     0.04(  93-> 121)  0.02(  95-> 130)  0.02(  93-> 126)
  208    9.610   129.0     0.0096    27.5154     0.07(  81->  99)  0.03(  66->  97)  0.03(  65->  96)
  209    9.621   128.9     0.0060    19.0708     0.05(  94-> 129)  0.04(  93-> 107)  0.04(  94-> 106)
  210    9.626   128.8     0.0146    24.4925     0.07(  61->  96)  0.02(  62->  96)  0.02(  63->  96)
  211    9.637   128.6     0.0034    -2.2224     0.06(  91-> 106)  0.05(  88-> 102)  0.04(  91-> 102)
  212    9.650   128.5     0.0063    -9.5456     0.09(  61->  96)  0.03(  90-> 115)  0.02(  92-> 109)
  213    9.657   128.4     0.0109    -5.7196     0.02(  90-> 115)  0.02(  90-> 109)  0.02(  89-> 128)
  214    9.661   128.3     0.0059     0.1363     0.04(  85-> 102)  0.03(  91-> 106)  0.03(  89-> 115)
  215    9.665   128.3     0.0051   -10.0198     0.08(  61->  96)  0.07(  91-> 106)  0.03(  91-> 112)
  216    9.684   128.0     0.0183   -15.3343     0.04(  89-> 113)  0.03(  63->  96)  0.02(  90-> 110)
  217    9.688   128.0     0.0149    -0.9088     0.02(  87-> 108)  0.02(  86-> 111)  0.02(  87-> 103)
  218    9.693   127.9     0.0007    -5.5830     0.04(  92-> 108)  0.03(  77->  97)  0.03(  61->  96)
  219    9.698   127.8     0.0136     9.2028     0.04(  91-> 110)  0.03(  61->  96)  0.03(  90-> 115)
  220    9.703   127.8     0.0077    -9.0265     0.04(  91-> 111)  0.04(  92-> 110)  0.03(  92-> 114)
  221    9.710   127.7     0.0061     8.9877     0.03(  91-> 110)  0.03(  90-> 115)  0.02(  90-> 119)
  222    9.722   127.5     0.0083    -0.8455     0.04(  89-> 120)  0.03(  90-> 120)  0.03(  90-> 125)
  223    9.729   127.4     0.0057    -8.6868     0.03(  89-> 115)  0.03(  83-> 111)  0.02(  58->  96)
  224    9.736   127.3     0.0056    14.6246     0.05(  91-> 111)  0.04(  90-> 119)  0.03(  93-> 130)
  225    9.747   127.2     0.0158    -2.0598     0.05(  83-> 111)  0.03(  83-> 109)  0.02(  94-> 130)
  226    9.751   127.1     0.0329    15.5628     0.06(  90-> 119)  0.04(  89-> 119)  0.04(  58->  96)
  227    9.762   127.0     0.0120   -15.5890     0.03(  83-> 111)  0.02(  83-> 109)  0.02(  59->  96)
  228    9.767   126.9     0.0080    -4.5624     0.03(  90-> 119)  0.02(  89-> 119)  0.02(  89-> 127)
  229    9.773   126.9     0.0130   -17.8060     0.08(  91-> 111)  0.04(  91-> 123)  0.03(  92-> 110)
  230    9.777   126.8     0.0001     2.6355     0.04(  91-> 111)  0.02(  61->  96)  0.02(  87-> 109)
  231    9.786   126.7     0.0040   -16.7911     0.16(  94-> 106)  0.05(  94-> 124)  0.03(  93-> 124)
  232    9.797   126.6     0.0116    -3.0496     0.09(  93-> 105)  0.04(  90-> 119)  0.03(  90-> 127)
  233    9.808   126.4     0.0057     7.8560     0.09(  93-> 105)  0.03(  94-> 105)  0.02(  95-> 112)
  234    9.810   126.4     0.0010    -6.1098     0.03(  59->  96)  0.03(  92-> 110)  0.03(  93-> 105)
  235    9.819   126.3     0.0265   -17.0051     0.04(  91-> 110)  0.03(  91-> 109)  0.03(  91-> 108)
  236    9.823   126.2     0.0122     8.7846     0.04(  94-> 124)  0.03(  88-> 107)  0.02(  86-> 109)
  237    9.833   126.1     0.0064    -1.1171     0.04(  59->  96)  0.03(  94-> 106)  0.02(  63->  97)
  238    9.842   126.0     0.0079     6.3751     0.05(  55->  96)  0.03(  91-> 108)  0.03(  86-> 111)
  239    9.850   125.9     0.0078    -9.0468     0.04(  81-> 101)  0.03(  84->  99)  0.02(  73->  98)
  240    9.863   125.7     0.0084     1.1940     0.06(  73->  98)  0.04(  73->  99)  0.04(  73->  96)
  241    9.867   125.7     0.0037    18.2953     0.05(  88-> 103)  0.04(  92-> 111)  0.03(  95-> 128)
  242    9.875   125.6     0.0023     1.1864     0.04(  73->  98)  0.02(  89-> 118)  0.02(  89-> 117)
  243    9.886   125.4     0.0024    -2.1567     0.04(  95-> 129)  0.03(  93-> 105)  0.02(  93-> 132)
  244    9.899   125.3     0.0031    -3.4316     0.03(  85-> 103)  0.03(  91-> 111)  0.03(  53->  97)
  245    9.903   125.2     0.0005    -6.9088     0.05(  52->  97)  0.05(  54->  96)  0.04(  52->  96)
  246    9.906   125.2     0.0030    -1.0673     0.03(  91-> 111)  0.02(  54->  97)  0.02(  57->  96)
  247    9.914   125.1     0.0013   -14.1718     0.03(  55->  96)  0.03(  95-> 129)  0.02(  73->  98)
  248    9.922   125.0     0.0034    -0.3578     0.06(  90-> 117)  0.04(  90-> 123)  0.04(  89-> 117)
  249    9.929   124.9     0.0083     9.4358     0.03(  87-> 110)  0.03(  91-> 109)  0.01(  81-> 101)
  250    9.939   124.8     0.0200    -9.7691     0.02(  88-> 107)  0.02(  94-> 124)  0.02(  94-> 135)
  251    9.940   124.7     0.0020   -11.7993     0.02(  70->  98)  0.02(  85-> 107)  0.02(  65->  97)
  252    9.945   124.7     0.0196    24.0342     0.07(  55->  96)  0.05(  54->  96)  0.05(  85->  99)
  253    9.946   124.7     0.0026    -0.7488     0.04(  55->  96)  0.02(  93-> 132)  0.02(  81->  99)
  254    9.956   124.5     0.0061    -5.1778     0.03(  88-> 103)  0.03(  87-> 110)  0.02(  91-> 117)
  255    9.967   124.4     0.0033    -7.2906     0.03(  95-> 135)  0.02(  94-> 128)  0.02(  95-> 120)
  256    9.975   124.3     0.0177    -0.2937     0.04(  87-> 110)  0.03(  94-> 131)  0.02(  94-> 124)
  257    9.982   124.2     0.0008    -4.0062     0.02(  88-> 104)  0.02(  57->  96)  0.02(  87-> 107)
  258    9.991   124.1     0.0073     9.3143     0.02(  86->  99)  0.02(  83->  97)  0.01(  84-> 103)
  259    9.999   124.0     0.0006   -16.2618     0.04(  90-> 101)  0.03(  95-> 118)  0.02(  89-> 101)

  alpha tensor

           1         2         3
 
    1 367.36584
    2  95.11300 172.97704
    3  -0.49209  53.93666  50.16131
 trace alpha_L[0] / au:   196.834729982009     
 sum rule f_L           9.04869986989125     
 
 SOS specific optical rotation 
 including Lorentz factor for common solvent (n=1.4)
 lambda [eV] alpha[grad*cm^3*g^-1*dm^-1]
 632.8  1.96     -410.59
 589.3  2.10     -486.48        0.00 ##
 579.0  2.14     -507.66
 546.0  2.27     -586.21
 436.0  2.84    -1045.80
 365.0  3.40    -1446.49
 
 sTD-DFT done.
Mon 21 Mar 14:41:32 GMT 2022
