Mon 21 Mar 14:19:23 GMT 2022


                 *********************************************
                 *                                           *
                 *               s  T  D  A                  *
                 *                                           *
                 *                S. Grimme                  *
                 * Mulliken Center for Theoretical Chemistry *
                 *             Universitaet Bonn             *
                 *              Version 1.6.2                *
                 *       Tue Sep 10 14:44:30 CET 2020        *
                 *********************************************
 
 Please cite as:
 S. Grimme, J. Chem. Phys. 138 (2013) 244104
 
 With contributions from:
 C. Bannwarth, P. Shushkov, M. de Wergifosse
 
======================================================================
 
 reading an xTB output...
 
 reading: wfn.xtb
======================================================================
                    M O / A O    I N P U T 
======================================================================
atom  #          x             y             z            charge
  C   1      9.82544110   -1.48230103   -2.06565944         6.00
  C   2      8.70672334   -0.95072113    0.53290272         6.00
  N   3      6.04712304   -0.25397917    0.34752060         7.00
  C   4      5.49759073    2.33551230   -0.02173185         6.00
  O   5      7.19758820    3.85201738   -0.14380814         8.00
  N   6      3.03187631    3.03565576   -0.21542876         7.00
  C   7      1.22662111    1.37874405   -0.08825020         6.00
  N   8     -1.22000707    2.17734224   -0.28232506         7.00
  C   9     -1.68941500    4.84903679   -0.61907422         6.00
  C  10     -3.16774761    0.47791169   -0.14702068         6.00
  C  11     -5.70319291    1.19865317   -0.33372560         6.00
  C  12     -7.61446174   -0.57069724   -0.18198061         6.00
  C  13    -10.32432875    0.20503527   -0.36358327         6.00
  C  14     -7.01050533   -3.13108693    0.16535102         6.00
  C  15     -4.54630269   -3.89378032    0.35092211         6.00
  C  16     -2.57909798   -2.11913868    0.19842122         6.00
  N  17     -0.16913047   -2.93927974    0.38607101         7.00
  C  18      1.63706959   -1.30145426    0.25057766         6.00
  C  19      4.30101626   -2.16789361    0.45202245         6.00
  O  20      4.88758720   -4.36658975    0.70089935         8.00
  H  21      8.82067381   -3.03282118   -2.96630282         1.00
  H  22      9.68692419    0.19369691   -3.24711610         1.00
  H  23     11.80360622   -1.99649547   -1.87404122         1.00
  H  24      8.81576053   -2.63333311    1.72191828         1.00
  H  25      9.69070364    0.62606621    1.42655412         1.00
  H  26     -2.80945557    5.58149456    0.94731962         1.00
  H  27      0.14683171    5.77575839   -0.65535696         1.00
  H  28     -2.67471811    5.18408520   -2.39711737         1.00
  H  29     -6.19130913    3.15886590   -0.60055491         1.00
  H  30    -11.29999426   -0.93031208   -1.77426369         1.00
  H  31    -10.50517552    2.18849162   -0.86265990         1.00
  H  32    -11.26484536   -0.10544671    1.44167193         1.00
  H  33     -8.52096328   -4.49679187    0.28364786         1.00
  H  34     -4.03210826   -5.84681209    0.61453888         1.00

 # atoms          =   34
 # mos            =  154
 # primitive  aos = 1202
 # contracted aos =  230

 spherical AO basis
======================================================================
                    A O   I N T E G R A L S
======================================================================
 memory needed for AO int data:   2 Mb
 done.
  
Restricted MOs found... RKS-sTD-DFT will be performed
  
======================================================================
                    s T D A
======================================================================
 spectral range up to (eV)     :    10.0000000000000     
 occ MO cut-off (eV)           :   -36.6080696049845     
 virtMO cut-off (eV)           :    12.7665435243694     
 perturbation thr              :   1.000000000000000E-004
 triplet                       :  F
 MOs in TDA :          122
 oMOs in TDA:           50
 vMOs in TDA:           72
 sorting MOs ...
 reading and transforming R..V..L AO ints ...
 ints done.
 S^1/2 ...
 S^1/2 orthogonalized MO coefficients done.

 SCF atom population (using active MOs):
  3.910  3.920  4.976  3.498  6.339  5.247  3.699  4.924  3.843  3.857
  3.934  4.067  3.918  3.970  4.004  3.974  5.016  3.795  3.192  5.710
  1.014  1.021  1.022  1.015  1.036  1.004  1.059  1.004  1.023  1.013
  1.026  1.006  0.988  0.980
 
 # electrons in TDA: 100.000
 
 
 ax(DF)   :   0.500000000000000     
 s^K      :    2.00000000000000     
 beta  (J):    4.00000000000000     
 alpha (K):    2.00000000000000     
 
 hardness table read.
 setting up gammas ...
 memory needed for q data (Mb)                      1
 computing q(ij,n) ...
 
          98 CSF included by energy.
 
        3502 considered in PT2.
 ordered frontier orbitals
         eV     # centers
  40   -19.554     5.6
  41   -19.315    10.9
  42   -18.796     6.8
  43   -18.232     7.3
  44   -17.769     6.7
  45   -17.753     9.0
  46   -16.884     4.8
  47   -16.506     7.7
  48   -16.260     9.5
  49   -16.100     7.6
  50   -15.233     8.0
 
  51    -8.608     9.5
  52    -6.599     8.1
  53    -5.848     8.3
  54    -5.490    14.4
  55    -4.969    10.1
  56    -4.896    13.1
  57    -4.477    19.7
  58    -4.363    12.5
  59    -4.339    19.8
  60    -3.774    16.9
  61    -3.723    13.8
 
             lowest CSF states
       eV     nm      excitation i->a               eV
    1  3.59   344.9       50 ->  51     gap,J,K:   6.625   4.275   0.622   Kshft:   0.000  locality: 0.962
    2  3.75   331.0       49 ->  51     gap,J,K:   7.491   4.282   0.018   Kshft:   0.499  locality: 0.927
    3  4.51   275.0       48 ->  51     gap,J,K:   7.652   4.015   0.435   Kshft:   0.001  locality: 0.964
    4  4.59   269.8       47 ->  51     gap,J,K:   7.898   3.894   0.292   Kshft:   0.007  locality: 0.913
    5  4.91   252.3       46 ->  51     gap,J,K:   8.276   3.862   0.000   Kshft:   0.500  locality: 0.805
    6  5.46   227.0       50 ->  52     gap,J,K:   8.634   4.272   0.550   Kshft:   0.001  locality: 0.980
    7  5.69   217.8       45 ->  51     gap,J,K:   9.145   4.023   0.282   Kshft:   0.008  locality: 0.953
    8  5.86   211.7       43 ->  51     gap,J,K:   9.624   4.267   0.000   Kshft:   0.500  locality: 0.972
    9  5.93   208.9       44 ->  51     gap,J,K:   9.161   3.797   0.048   Kshft:   0.475  locality: 0.852
   10  5.95   208.4       49 ->  52     gap,J,K:   9.500   4.076   0.013   Kshft:   0.500  locality: 0.899
   11  6.02   205.9       50 ->  53     gap,J,K:   9.386   4.100   0.367   Kshft:   0.003  locality: 0.916
   12  6.35   195.1       48 ->  52     gap,J,K:   9.660   3.982   0.336   Kshft:   0.004  locality: 0.975
   13  6.55   189.4       50 ->  54     gap,J,K:   9.743   3.697   0.000   Kshft:   0.500  locality: 0.855
   14  6.69   185.3       47 ->  52     gap,J,K:   9.906   3.727   0.249   Kshft:   0.013  locality: 0.891
   15  6.92   179.2       50 ->  55     gap,J,K:  10.264   4.046   0.349   Kshft:   0.003  locality: 0.964
   16  7.07   175.5       49 ->  53     gap,J,K:  10.252   3.710   0.012   Kshft:   0.500  locality: 0.797
   17  7.16   173.2       50 ->  56     gap,J,K:  10.338   3.682   0.001   Kshft:   0.500  locality: 0.878
   18  7.23   171.6       48 ->  53     gap,J,K:  10.412   3.960   0.386   Kshft:   0.002  locality: 0.944
   19  7.23   171.4       41 ->  51     gap,J,K:  10.707   4.262   0.393   Kshft:   0.002  locality: 0.965
   20  7.28   170.4       50 ->  58     gap,J,K:  10.870   3.989   0.173   Kshft:   0.050  locality: 0.970
   21  7.28   170.3       46 ->  52     gap,J,K:  10.285   3.507   0.000   Kshft:   0.500  locality: 0.745
   22  7.45   166.4       49 ->  55     gap,J,K:  11.130   4.207   0.014   Kshft:   0.500  locality: 0.964
   23  7.59   163.3       38 ->  51     gap,J,K:  11.181   4.126   0.265   Kshft:   0.010  locality: 0.930
   24  7.65   162.1       47 ->  53     gap,J,K:  10.658   3.594   0.289   Kshft:   0.007  locality: 0.837
   25  7.78   159.3       45 ->  52     gap,J,K:  11.153   4.119   0.372   Kshft:   0.003  locality: 0.994
 
 selecting CSF ...
 average/max PT2 energy lowering (eV):     0.026     0.123
         920 CSF included by PT.
        1018 CSF in total.
 sTD-DFT procedure...
 setting up A+B and A-B matrices
  calculating (A-B)^0.5 ...
 estimated time (min)     0.04
  calculating (A+B)*(A-B)^0.5 ...
 calculate eigenvalues of (A-B)^0.5*(A+B)*(A-B)^0.5 ...
  rpa vectors ok
  109 roots found, lowest/highest eigenvalue :    2.910   9.998   0
 writing spectral data to tda.dat ...
 
 excitation energies, transition moments and TDA amplitudes
 state    eV      nm       fL         Rv
    1    2.910   426.1     0.2200    -2.0991     0.96(  50->  51)  0.01(  48->  52)  0.01(  50->  52)
    2    3.331   372.2     0.0063   -16.6612     0.77(  49->  51)  0.11(  48->  51)  0.04(  46->  51)
    3    4.002   309.8     0.1165    -1.5795     0.70(  48->  51)  0.16(  50->  52)  0.10(  49->  51)
    4    4.206   294.8     0.0344   -11.2896     0.89(  47->  51)  0.03(  45->  51)  0.01(  47->  53)
    5    4.516   274.6     0.0044    28.9060     0.72(  46->  51)  0.07(  44->  51)  0.05(  45->  51)
    6    4.933   251.4     0.6408   -49.0658     0.37(  50->  52)  0.20(  45->  51)  0.08(  50->  53)
    7    5.085   243.8     0.4883    81.1995     0.37(  50->  52)  0.18(  45->  51)  0.09(  48->  52)
    8    5.216   237.7     0.0023    -7.4890     0.29(  43->  51)  0.23(  44->  51)  0.12(  49->  52)
    9    5.491   225.8     0.0361   -21.7747     0.45(  49->  52)  0.13(  45->  51)  0.10(  48->  52)
   10    5.639   219.9     0.0336   -26.8016     0.38(  50->  53)  0.26(  45->  51)  0.11(  43->  51)
   11    5.894   210.4     0.0030    -9.8519     0.37(  43->  51)  0.31(  44->  51)  0.05(  49->  52)
   12    6.099   203.3     0.0044    12.7507     0.73(  50->  54)  0.16(  50->  56)  0.03(  47->  54)
   13    6.138   202.0     0.4279   -16.8040     0.55(  48->  52)  0.12(  50->  53)  0.07(  49->  52)
   14    6.200   200.0     0.0735    31.9749     0.36(  47->  52)  0.17(  50->  55)  0.13(  48->  53)
   15    6.455   192.1     0.0488     4.8347     0.34(  50->  55)  0.27(  47->  52)  0.11(  48->  53)
   16    6.619   187.3     0.0043     2.5723     0.52(  46->  52)  0.10(  46->  55)  0.07(  43->  52)
   17    6.645   186.6     0.0545    53.3078     0.28(  48->  53)  0.22(  49->  53)  0.18(  50->  55)
   18    6.725   184.4     0.0746   -88.9543     0.41(  49->  53)  0.10(  47->  53)  0.08(  50->  58)
   19    6.777   183.0     0.0349   -34.0273     0.46(  50->  58)  0.07(  50->  55)  0.06(  50->  56)
   20    6.825   181.7     0.0032    18.9318     0.46(  50->  56)  0.09(  48->  54)  0.07(  47->  54)
   21    6.868   180.5     0.1423    16.9607     0.68(  41->  51)  0.06(  48->  53)  0.05(  50->  58)
   22    7.017   176.7     0.0038     2.7983     0.43(  48->  54)  0.18(  47->  54)  0.07(  50->  54)
   23    7.051   175.8     0.0036    -0.9192     0.35(  49->  55)  0.10(  46->  55)  0.09(  49->  58)
   24    7.102   174.6     0.0009     8.8447     0.44(  38->  51)  0.11(  47->  53)  0.08(  50->  62)
   25    7.233   171.4     0.0587   -49.0123     0.21(  47->  57)  0.18(  47->  59)  0.14(  48->  57)
   26    7.242   171.2     0.0584     1.0563     0.15(  49->  58)  0.10(  45->  52)  0.08(  46->  58)
   27    7.329   169.2     0.2418   109.4279     0.14(  48->  55)  0.10(  38->  51)  0.08(  47->  53)
   28    7.363   168.4     0.0306     3.4440     0.48(  39->  51)  0.06(  40->  51)  0.05(  43->  52)
   29    7.374   168.1     0.0156     8.3708     0.50(  49->  54)  0.24(  49->  56)  0.02(  48->  54)
   30    7.454   166.3     0.0087   -17.9082     0.31(  50->  57)  0.14(  50->  59)  0.07(  47->  57)
   31    7.478   165.8     0.0112    14.9287     0.38(  45->  52)  0.07(  49->  58)  0.04(  43->  52)
   32    7.601   163.1     0.0408     4.8245     0.14(  43->  52)  0.11(  49->  58)  0.09(  39->  51)
   33    7.620   162.7     0.0995    -3.7276     0.15(  48->  55)  0.11(  45->  52)  0.11(  47->  55)
   34    7.687   161.3     0.0010    -2.6293     0.80(  42->  51)  0.03(  42->  53)  0.03(  43->  51)
   35    7.735   160.3     0.0242    20.5552     0.25(  44->  52)  0.07(  37->  51)  0.06(  46->  58)
   36    7.767   159.6     0.0026    -1.2981     0.26(  50->  62)  0.11(  47->  58)  0.07(  50->  60)
   37    7.807   158.8     0.0035   -13.0728     0.13(  48->  56)  0.10(  48->  57)  0.08(  50->  57)
   38    7.864   157.7     0.0259   -26.5185     0.13(  50->  62)  0.11(  48->  55)  0.11(  37->  51)
   39    7.905   156.8     0.0068   -10.5370     0.67(  37->  51)  0.07(  44->  52)  0.03(  37->  53)
   40    7.920   156.5     0.0054     0.7726     0.18(  48->  56)  0.11(  50->  59)  0.09(  48->  57)
   41    7.981   155.4     0.0164    -2.7971     0.25(  43->  52)  0.21(  49->  55)  0.11(  44->  52)
   42    8.074   153.6     0.0754   -27.1755     0.25(  45->  53)  0.17(  47->  55)  0.12(  47->  53)
   43    8.099   153.1     0.0026     7.3088     0.39(  50->  61)  0.15(  48->  56)  0.08(  50->  59)
   44    8.140   152.3     0.0250   -21.0780     0.25(  50->  60)  0.09(  49->  56)  0.07(  47->  55)
   45    8.176   151.6     0.0008    -3.5697     0.30(  50->  59)  0.15(  50->  57)  0.13(  50->  61)
   46    8.183   151.5     0.0149    12.5109     0.15(  50->  60)  0.14(  46->  57)  0.09(  49->  59)
   47    8.222   150.8     0.0169     8.7371     0.37(  49->  57)  0.06(  50->  60)  0.05(  49->  56)
   48    8.301   149.4     0.0381   -22.6698     0.30(  45->  53)  0.16(  47->  53)  0.05(  48->  53)
   49    8.402   147.6     0.0210    22.4256     0.16(  49->  62)  0.08(  44->  58)  0.06(  44->  53)
   50    8.434   147.0     0.0390    -1.2722     0.09(  46->  57)  0.08(  50->  65)  0.07(  47->  58)
   51    8.435   147.0     0.0158    -7.4509     0.14(  46->  57)  0.12(  50->  63)  0.09(  50->  65)
   52    8.488   146.1     0.0445    -0.1289     0.13(  50->  63)  0.11(  48->  60)  0.10(  48->  58)
   53    8.537   145.2     0.0018    -2.9553     0.20(  40->  51)  0.10(  49->  62)  0.10(  46->  58)
   54    8.574   144.6     0.0184    13.4871     0.48(  40->  51)  0.05(  46->  58)  0.05(  34->  51)
   55    8.597   144.2     0.0013    -2.4750     0.23(  47->  54)  0.16(  45->  54)  0.08(  48->  54)
   56    8.628   143.7     0.0488     6.4815     0.40(  41->  52)  0.11(  31->  51)  0.10(  32->  51)
   57    8.698   142.5     0.0002    -0.2088     0.50(  50->  64)  0.06(  50->  57)  0.05(  50->  70)
   58    8.705   142.4     0.0036    -1.8292     0.15(  46->  53)  0.11(  43->  53)  0.10(  46->  55)
   59    8.714   142.3     0.0021    -1.4165     0.60(  34->  51)  0.04(  35->  51)  0.03(  49->  62)
   60    8.717   142.2     0.0092     4.9240     0.23(  32->  51)  0.16(  31->  51)  0.14(  41->  52)
   61    8.869   139.8     0.0037   -18.4236     0.14(  45->  54)  0.07(  48->  64)  0.07(  47->  56)
   62    8.887   139.5     0.0007    11.6127     0.21(  46->  53)  0.17(  39->  52)  0.07(  49->  62)
   63    8.897   139.4     0.0108    19.3460     0.15(  49->  59)  0.09(  46->  54)  0.06(  46->  56)
   64    8.910   139.2     0.0112    -2.2516     0.22(  47->  66)  0.20(  48->  66)  0.08(  47->  64)
   65    8.942   138.7     0.0101    -6.5761     0.21(  48->  61)  0.14(  47->  66)  0.12(  45->  54)
   66    8.953   138.5     0.0064    15.7035     0.19(  44->  53)  0.14(  46->  55)  0.12(  49->  62)
   67    8.976   138.1     0.0033   -28.7102     0.06(  45->  54)  0.06(  47->  55)  0.06(  47->  63)
   68    9.017   137.5     0.0061   -10.5416     0.61(  35->  51)  0.07(  34->  51)  0.05(  39->  53)
   69    9.048   137.0     0.0065     5.0015     0.13(  50->  65)  0.12(  46->  54)  0.08(  48->  62)
   70    9.072   136.7     0.0051    -3.5781     0.12(  50->  67)  0.09(  49->  63)  0.08(  49->  60)
   71    9.078   136.6     0.0040    14.9485     0.09(  49->  60)  0.09(  50->  67)  0.09(  49->  63)
   72    9.084   136.5     0.0155    18.1425     0.17(  46->  54)  0.06(  46->  56)  0.04(  50->  65)
   73    9.101   136.2     0.0074   -24.1425     0.19(  43->  53)  0.10(  44->  58)  0.07(  46->  58)
   74    9.193   134.9     0.0328    13.5096     0.51(  36->  51)  0.08(  38->  52)  0.05(  45->  55)
   75    9.203   134.7     0.0633     2.6286     0.21(  38->  52)  0.19(  41->  53)  0.07(  48->  60)
   76    9.239   134.2     0.0091    -5.2170     0.14(  36->  51)  0.07(  50->  65)  0.07(  41->  53)
   77    9.263   133.9     0.0010     7.1586     0.25(  48->  64)  0.13(  47->  64)  0.08(  50->  69)
   78    9.273   133.7     0.0214     0.2721     0.35(  41->  53)  0.09(  48->  63)  0.05(  48->  65)
   79    9.299   133.3     0.0082     2.3511     0.11(  42->  57)  0.09(  48->  65)  0.08(  42->  59)
   80    9.330   132.9     0.0488    28.2239     0.14(  48->  65)  0.09(  42->  57)  0.07(  42->  59)
   81    9.345   132.7     0.0116    -9.0406     0.25(  45->  56)  0.09(  41->  54)  0.08(  48->  64)
   82    9.351   132.6     0.0020    -0.9472     0.18(  30->  51)  0.16(  37->  52)  0.08(  44->  55)
   83    9.367   132.4     0.0072    -4.2907     0.18(  47->  67)  0.12(  47->  54)  0.09(  48->  67)
   84    9.423   131.6     0.0072     2.8069     0.11(  31->  51)  0.11(  48->  62)  0.07(  45->  55)
   85    9.451   131.2     0.0340   -41.8772     0.16(  49->  61)  0.08(  50->  71)  0.04(  49->  69)
   86    9.459   131.1     0.0131    19.5115     0.21(  50->  70)  0.11(  50->  69)  0.06(  50->  67)
   87    9.467   131.0     0.0231    24.6701     0.13(  38->  52)  0.07(  50->  71)  0.06(  49->  61)
   88    9.489   130.7     0.0010     6.7399     0.15(  49->  65)  0.11(  37->  52)  0.09(  43->  58)
   89    9.504   130.5     0.0062    31.2955     0.48(  30->  51)  0.11(  37->  52)  0.04(  39->  52)
   90    9.521   130.2     0.0069    -6.6935     0.14(  42->  52)  0.07(  44->  57)  0.07(  42->  55)
   91    9.554   129.8     0.0182   -24.0333     0.12(  39->  52)  0.08(  46->  63)  0.08(  43->  55)
   92    9.574   129.5     0.0065    12.2710     0.07(  32->  51)  0.07(  37->  52)  0.06(  45->  55)
   93    9.584   129.4     0.0109     8.1833     0.20(  31->  51)  0.17(  32->  51)  0.05(  37->  52)
   94    9.597   129.2     0.0125   -36.7432     0.13(  37->  52)  0.07(  49->  64)  0.06(  45->  55)
   95    9.601   129.1     0.0216   -28.5600     0.15(  50->  71)  0.07(  47->  62)  0.07(  31->  51)
   96    9.631   128.7     0.0072    12.3870     0.33(  42->  52)  0.10(  42->  57)  0.09(  42->  59)
   97    9.642   128.6     0.0052   -18.5366     0.13(  50->  72)  0.13(  43->  54)  0.06(  49->  56)
   98    9.653   128.4     0.0121     2.1501     0.10(  45->  55)  0.07(  43->  54)  0.05(  44->  55)
   99    9.737   127.3     0.0004    -5.5279     0.14(  44->  53)  0.10(  29->  51)  0.09(  37->  53)
  100    9.759   127.1     0.0073     1.8325     0.25(  47->  56)  0.16(  48->  56)  0.07(  41->  54)
  101    9.811   126.4     0.0037     3.7861     0.13(  50->  72)  0.10(  39->  53)  0.06(  50->  71)
  102    9.831   126.1     0.0012    18.9551     0.15(  39->  53)  0.10(  29->  51)  0.07(  44->  55)
  103    9.846   125.9     0.0102   -19.8058     0.09(  46->  66)  0.07(  50->  66)  0.07(  46->  64)
  104    9.868   125.6     0.0045     4.6565     0.28(  50->  66)  0.15(  50->  69)  0.05(  48->  66)
  105    9.907   125.1     0.0007    -4.9773     0.17(  45->  57)  0.11(  45->  59)  0.05(  47->  59)
  106    9.918   125.0     0.0009    -3.1700     0.20(  43->  55)  0.09(  39->  53)  0.05(  44->  53)
  107    9.925   124.9     0.0183    -6.7953     0.17(  46->  56)  0.09(  44->  59)  0.07(  44->  54)
  108    9.956   124.5     0.0148    15.7440     0.21(  49->  66)  0.13(  49->  67)  0.12(  46->  66)
  109    9.998   124.0     0.0115    -6.5559     0.43(  33->  51)  0.13(  27->  51)  0.07(  44->  53)

  alpha tensor

           1         2         3
 
    1 204.99574
    2  24.89095  73.83808
    3   3.41294  -7.50736   7.03054
 trace alpha_L[0] / au:   95.2881203792306     
 sum rule f_L           4.04761713609446     
 
 SOS specific optical rotation 
 including Lorentz factor for common solvent (n=1.4)
 lambda [eV] alpha[grad*cm^3*g^-1*dm^-1]
 632.8  1.96     -389.66
 589.3  2.10     -499.72        0.00 ##
 579.0  2.14     -533.75
 546.0  2.27     -675.29
 436.0  2.84    -3787.56
 365.0  3.40    20099.21
 
 sTD-DFT done.
Mon 21 Mar 14:19:26 GMT 2022
