Mon 21 Mar 14:09:21 GMT 2022


                 *********************************************
                 *                                           *
                 *               s  T  D  A                  *
                 *                                           *
                 *                S. Grimme                  *
                 * Mulliken Center for Theoretical Chemistry *
                 *             Universitaet Bonn             *
                 *              Version 1.6.2                *
                 *       Tue Sep 10 14:44:30 CET 2020        *
                 *********************************************
 
 Please cite as:
 S. Grimme, J. Chem. Phys. 138 (2013) 244104
 
 With contributions from:
 C. Bannwarth, P. Shushkov, M. de Wergifosse
 
======================================================================
 
 reading an xTB output...
 
 reading: wfn.xtb
======================================================================
                    M O / A O    I N P U T 
======================================================================
atom  #          x             y             z            charge
  C   1      6.80433623    2.04222683    5.47831553         6.00
  C   2      4.33597619    3.38449918    4.90005939         6.00
  O   3      3.06437960    2.03617971    2.93946871         8.00
  C   4      0.55539046    2.32417395    2.78696783         6.00
  O   5     -0.66272689    3.61183321    4.22467133         8.00
  C   6     -0.54386313    0.93692613    0.65724669         6.00
  C   7      0.60074388   -0.33296971   -1.42126289         6.00
  C   8      3.27073767   -0.80010997   -1.91051293         6.00
  C   9      4.83108439   -1.89482821   -0.20994855         6.00
  C  10      7.44174079   -2.27334032   -0.78914956         6.00
  C  11      9.17046209   -3.36163349    0.89062784         6.00
  C  12     11.66055397   -3.66096608    0.20541321         6.00
  C  13     12.47899428   -2.88787920   -2.17412970         6.00
  C  14     10.81357880   -1.81319205   -3.86543443         6.00
  C  15      8.29060568   -1.49836371   -3.18021980         6.00
  O  16      6.71117274   -0.43274724   -4.88135110         8.00
  C  17      4.20747483   -0.01360603   -4.40627400         6.00
  O  18      2.96686974    0.98492516   -6.02671400         8.00
  N  19     -1.14422906   -1.05333324   -3.04359261         7.00
  N  20     -3.36541294   -0.32219827   -2.12594169         7.00
  C  21     -5.58489607   -0.82958969   -3.47690677         6.00
  C  22     -5.46074108   -0.91424941   -6.10154715         6.00
  C  23     -7.62561112   -1.39423981   -7.48236990         6.00
  C  24     -9.91501411   -1.79221609   -6.27653577         6.00
  C  25     -9.97945377   -1.72758746   -3.66417862         6.00
  F  26    -12.18363011   -2.15315375   -2.46514750         9.00
  C  27     -7.84859879   -1.26857303   -2.22477436         6.00
  C  28     -3.11521323    0.88760428    0.10847027         6.00
  C  29     -5.20336040    2.16789361    1.49439528         6.00
  O  30     -6.38784063    3.90266203    0.62795593         8.00
  O  31     -5.53444039    1.14441803    3.75696416         8.00
  C  32     -7.33799483    2.33796894    5.38307334         6.00
  C  33    -10.02064979    1.48608049    4.79215603         6.00
  H  34      6.43886323    0.15136705    6.19244296         1.00
  H  35      7.94459686    1.89501718    3.77586142         1.00
  H  36      7.84481933    3.09971747    6.89655485         1.00
  H  37      4.68009529    5.31863368    4.24526935         1.00
  H  38      3.10463076    3.46953684    6.56226233         1.00
  H  39      4.12961812   -2.50539866    1.60607808         1.00
  H  40      8.51416026   -3.95576333    2.72857530         1.00
  H  41     12.98619672   -4.49811468    1.50951309         1.00
  H  42     14.43410475   -3.13146487   -2.70060735         1.00
  H  43     11.41129912   -1.20337748   -5.71509819         1.00
  H  44     -3.66228889   -0.59469676   -7.00426923         1.00
  H  45     -7.53509325   -1.44790802   -9.51798269         1.00
  H  46    -11.62578301   -2.15674423   -7.32079833         1.00
  H  47     -7.97464351   -1.28747029   -0.19237410         1.00
  H  48     -6.77334472    1.78220054    7.28678326         1.00
  H  49     -7.16300621    4.38586496    5.16575485         1.00
  H  50    -10.56111141    2.09457224    2.90507570         1.00
  H  51    -11.31567898    2.32209525    6.14727851         1.00
  H  52    -10.16729253   -0.56105963    4.90931904         1.00

 # atoms          =   52
 # mos            =  244
 # primitive  aos = 1889
 # contracted aos =  359

 spherical AO basis
======================================================================
                    A O   I N T E G R A L S
======================================================================
 memory needed for AO int data:   4 Mb
 done.
  
Restricted MOs found... RKS-sTD-DFT will be performed
  
======================================================================
                    s T D A
======================================================================
 spectral range up to (eV)     :    10.0000000000000     
 occ MO cut-off (eV)           :   -35.6882870519413     
 virtMO cut-off (eV)           :    12.8927442953312     
 perturbation thr              :   1.000000000000000E-004
 triplet                       :  F
 MOs in TDA :          187
 oMOs in TDA:           78
 vMOs in TDA:          109
 sorting MOs ...
 reading and transforming R..V..L AO ints ...
 ints done.
 S^1/2 ...
 S^1/2 orthogonalized MO coefficients done.

 SCF atom population (using active MOs):
  3.871  3.564  5.074  2.717  5.590  3.835  3.824  3.915  3.799  3.966
  3.931  3.999  3.952  3.914  3.430  5.042  2.716  5.528  5.013  4.818
  3.938  3.961  4.003  4.020  3.928  6.913  3.950  3.720  2.513  5.296
  5.032  3.578  3.879  1.009  1.014  1.002  0.952  0.970  0.982  0.996
  0.989  0.987  0.948  0.995  0.989  0.991  1.008  0.960  0.960  1.018
  1.005  0.998
 
 # electrons in TDA: 156.000
 
 
 ax(DF)   :   0.500000000000000     
 s^K      :    2.00000000000000     
 beta  (J):    4.00000000000000     
 alpha (K):    2.00000000000000     
 
 hardness table read.
 setting up gammas ...
 memory needed for q data (Mb)                      5
 computing q(ij,n) ...
 
         153 CSF included by energy.
 
        8349 considered in PT2.
 ordered frontier orbitals
         eV     # centers
  68   -18.195     6.5
  69   -18.040    14.0
  70   -17.751     4.4
  71   -17.391    11.0
  72   -17.231    13.7
  73   -16.997     9.2
  74   -16.406     5.8
  75   -16.312     5.9
  76   -16.166     7.3
  77   -15.800    14.4
  78   -15.107    14.4
 
  79    -7.688     8.5
  80    -6.893    10.8
  81    -6.108     9.0
  82    -5.995     5.3
  83    -5.827    15.7
  84    -5.480     8.5
  85    -5.314     9.0
  86    -5.238    18.5
  87    -5.018    18.4
  88    -4.785    19.5
  89    -4.715    27.1
 
             lowest CSF states
       eV     nm      excitation i->a               eV
    1  4.51   275.0       78 ->  79     gap,J,K:   7.419   3.615   0.350   Kshft:   0.003  locality: 0.887
    2  5.10   243.3       77 ->  79     gap,J,K:   8.111   3.782   0.383   Kshft:   0.002  locality: 0.959
    3  5.19   238.7       78 ->  80     gap,J,K:   8.214   3.597   0.285   Kshft:   0.007  locality: 0.894
    4  5.36   231.4       76 ->  79     gap,J,K:   8.477   4.036   0.458   Kshft:   0.001  locality: 0.950
    5  5.97   207.5       74 ->  79     gap,J,K:   8.718   3.196   0.099   Kshft:   0.253  locality: 0.717
    6  6.00   206.6       73 ->  79     gap,J,K:   9.309   3.819   0.006   Kshft:   0.500  locality: 0.889
    7  6.11   202.8       74 ->  80     gap,J,K:   9.513   4.256   0.428   Kshft:   0.001  locality: 0.967
    8  6.12   202.5       75 ->  80     gap,J,K:   9.419   4.017   0.359   Kshft:   0.003  locality: 0.890
    9  6.20   200.0       78 ->  81     gap,J,K:   8.999   3.253   0.216   Kshft:   0.022  locality: 0.859
   10  6.29   197.0       77 ->  80     gap,J,K:   8.907   2.996   0.144   Kshft:   0.094  locality: 0.769
   11  6.35   195.1       78 ->  82     gap,J,K:   9.112   3.173   0.189   Kshft:   0.036  locality: 0.747
   12  6.41   193.4       78 ->  83     gap,J,K:   9.280   3.343   0.228   Kshft:   0.018  locality: 0.954
   13  6.77   183.1       71 ->  79     gap,J,K:   9.703   3.495   0.059   Kshft:   0.446  locality: 0.860
   14  6.78   183.0       72 ->  79     gap,J,K:   9.543   3.169   0.120   Kshft:   0.163  locality: 0.790
   15  6.84   181.3       78 ->  85     gap,J,K:   9.793   3.420   0.223   Kshft:   0.020  locality: 0.855
   16  6.84   181.3       78 ->  84     gap,J,K:   9.627   3.300   0.081   Kshft:   0.351  locality: 0.854
   17  6.86   180.8       77 ->  81     gap,J,K:   9.692   3.531   0.346   Kshft:   0.003  locality: 0.963
   18  6.94   178.8       72 ->  80     gap,J,K:  10.338   3.788   0.159   Kshft:   0.068  locality: 0.956
   19  7.00   177.2       75 ->  79     gap,J,K:   8.624   2.171   0.023   Kshft:   0.499  locality: 0.475
   20  7.06   175.6       76 ->  81     gap,J,K:  10.058   3.936   0.470   Kshft:   0.001  locality: 0.997
   21  7.11   174.3       69 ->  79     gap,J,K:  10.352   3.841   0.298   Kshft:   0.006  locality: 0.952
   22  7.19   172.4       75 ->  82     gap,J,K:  10.317   4.753   0.813   Kshft:   0.000  locality: 0.996
   23  7.30   169.9       70 ->  80     gap,J,K:  10.858   4.095   0.018   Kshft:   0.500  locality: 0.877
   24  7.35   168.7       73 ->  80     gap,J,K:  10.104   3.319   0.060   Kshft:   0.443  locality: 0.783
   25  7.35   168.6       77 ->  83     gap,J,K:   9.972   3.087   0.224   Kshft:   0.019  locality: 0.910
 
 selecting CSF ...
 average/max PT2 energy lowering (eV):     0.035     0.235
        1063 CSF included by PT.
        1216 CSF in total.
 sTD-DFT procedure...
 setting up A+B and A-B matrices
  calculating (A-B)^0.5 ...
 estimated time (min)     0.07
  calculating (A+B)*(A-B)^0.5 ...
 calculate eigenvalues of (A-B)^0.5*(A+B)*(A-B)^0.5 ...
  rpa vectors ok
  178 roots found, lowest/highest eigenvalue :    3.932   9.983   0
 writing spectral data to tda.dat ...
 
 excitation energies, transition moments and TDA amplitudes
 state    eV      nm       fL         Rv
    1    3.932   315.3     0.5754   -33.4863     0.67(  78->  79)  0.20(  77->  79)  0.05(  76->  79)
    2    4.338   285.8     0.1504     7.3335     0.33(  77->  79)  0.23(  76->  79)  0.23(  78->  79)
    3    4.650   266.6     0.3700    63.4264     0.78(  78->  80)  0.08(  77->  80)  0.03(  76->  79)
    4    4.814   257.6     0.2058   -28.0602     0.32(  76->  79)  0.21(  77->  79)  0.10(  73->  79)
    5    4.834   256.5     0.0179    -6.1630     0.27(  75->  80)  0.19(  78->  82)  0.11(  77->  82)
    6    5.318   233.1     0.0395     6.1645     0.38(  73->  79)  0.19(  71->  79)  0.07(  74->  80)
    7    5.460   227.1     0.0149   -12.6559     0.46(  74->  80)  0.08(  74->  79)  0.08(  78->  81)
    8    5.567   222.7     0.0814    29.8560     0.26(  72->  80)  0.13(  74->  79)  0.08(  77->  80)
    9    5.604   221.2     0.1113   -63.3424     0.27(  74->  79)  0.23(  78->  81)  0.09(  76->  79)
   10    5.663   218.9     0.1655    -8.9304     0.22(  74->  79)  0.13(  78->  81)  0.12(  74->  80)
   11    5.817   213.2     0.0731   -32.3780     0.40(  78->  83)  0.10(  78->  85)  0.06(  77->  85)
   12    5.966   207.8     0.1715    -1.9709     0.34(  78->  85)  0.11(  77->  85)  0.11(  78->  83)
   13    5.984   207.2     0.0066     1.3137     0.35(  77->  80)  0.12(  72->  79)  0.05(  78->  80)
   14    6.110   202.9     0.1656    -1.9415     0.14(  78->  84)  0.10(  72->  79)  0.09(  70->  80)
   15    6.175   200.8     0.0735     8.7540     0.20(  78->  84)  0.18(  70->  80)  0.07(  70->  84)
   16    6.217   199.4     0.2393   -32.7657     0.43(  75->  80)  0.36(  78->  82)  0.04(  77->  82)
   17    6.299   196.8     0.0859    22.5562     0.14(  72->  79)  0.13(  69->  79)  0.13(  75->  82)
   18    6.420   193.1     0.3239    52.0261     0.31(  75->  82)  0.18(  78->  84)  0.05(  78->  90)
   19    6.447   192.3     0.0824    47.3027     0.20(  77->  81)  0.09(  74->  83)  0.08(  78->  83)
   20    6.533   189.8     0.0013    -2.8782     0.33(  77->  86)  0.23(  78->  86)  0.11(  76->  86)
   21    6.561   189.0     0.1396    78.6826     0.22(  76->  81)  0.09(  74->  83)  0.05(  78->  84)
   22    6.650   186.4     0.0133     0.6542     0.30(  74->  84)  0.08(  74->  83)  0.04(  78->  84)
   23    6.679   185.6     0.0817   -77.8586     0.17(  78->  88)  0.11(  78->  87)  0.07(  77->  88)
   24    6.713   184.7     0.0349   -57.5350     0.14(  76->  85)  0.07(  78->  81)  0.05(  71->  79)
   25    6.751   183.7     0.2599   -33.1813     0.13(  76->  85)  0.10(  74->  84)  0.06(  75->  83)
   26    6.773   183.0     0.0066     2.1436     0.37(  76->  86)  0.22(  78->  86)  0.08(  76->  88)
   27    6.828   181.6     0.0493     2.1630     0.14(  75->  83)  0.11(  76->  85)  0.08(  78->  82)
   28    6.891   179.9     0.0434    -1.6749     0.13(  75->  79)  0.12(  78->  90)  0.08(  72->  79)
   29    6.911   179.4     0.0459    -7.7666     0.15(  78->  90)  0.12(  72->  80)  0.07(  69->  79)
   30    6.945   178.5     0.0945    51.7460     0.08(  77->  83)  0.07(  75->  83)  0.05(  73->  79)
   31    7.020   176.6     0.0241    17.6433     0.43(  75->  79)  0.07(  69->  79)  0.04(  78->  90)
   32    7.055   175.7     0.0561   -12.0804     0.14(  69->  79)  0.06(  75->  88)  0.05(  73->  80)
   33    7.079   175.2     0.0129    17.7574     0.26(  75->  88)  0.12(  75->  89)  0.11(  75->  87)
   34    7.172   172.9     0.0099   -35.7986     0.37(  74->  82)  0.13(  77->  82)  0.06(  69->  79)
   35    7.243   171.2     0.0650    35.8890     0.23(  71->  79)  0.09(  75->  79)  0.07(  73->  79)
   36    7.256   170.9     0.1066   125.0407     0.10(  69->  79)  0.09(  72->  79)  0.08(  74->  82)
   37    7.338   169.0     0.0035   -26.9479     0.14(  78->  91)  0.12(  78->  88)  0.09(  78->  87)
   38    7.355   168.6     0.0280   -13.7566     0.16(  67->  79)  0.11(  65->  79)  0.11(  70->  79)
   39    7.457   166.3     0.0207     1.0471     0.16(  78->  90)  0.08(  76->  80)  0.06(  65->  79)
   40    7.481   165.7     0.0200    33.9399     0.13(  70->  80)  0.10(  76->  80)  0.09(  73->  80)
   41    7.498   165.3     0.1585    -1.8157     0.08(  77->  82)  0.07(  76->  80)  0.07(  74->  82)
   42    7.515   165.0     0.0521   -45.1175     0.16(  74->  82)  0.11(  75->  83)  0.10(  77->  82)
   43    7.570   163.8     0.0579   -57.0837     0.16(  76->  85)  0.14(  77->  85)  0.09(  78->  85)
   44    7.585   163.5     0.0019   -50.7860     0.18(  77->  91)  0.14(  76->  91)  0.08(  78->  92)
   45    7.624   162.6     0.0383   -46.2427     0.22(  76->  80)  0.07(  76->  83)  0.07(  70->  80)
   46    7.667   161.7     0.0270    -1.5941     0.59(  68->  79)  0.11(  68->  80)  0.05(  67->  79)
   47    7.707   160.9     0.0121   -18.7895     0.23(  71->  80)  0.11(  72->  84)  0.09(  73->  84)
   48    7.736   160.3     0.0087    58.2388     0.29(  78->  87)  0.07(  76->  91)  0.05(  78->  89)
   49    7.754   159.9     0.0536    68.7369     0.12(  77->  84)  0.11(  72->  83)  0.09(  76->  80)
   50    7.848   158.0     0.0603     1.0087     0.21(  74->  90)  0.09(  76->  80)  0.04(  60->  79)
   51    7.858   157.8     0.1413   -10.3630     0.08(  74->  90)  0.07(  74->  83)  0.07(  77->  85)
   52    7.905   156.8     0.0134    -0.3092     0.15(  76->  91)  0.10(  78->  91)  0.10(  78->  92)
   53    7.919   156.6     0.0471    23.0956     0.09(  78->  92)  0.08(  60->  79)  0.07(  73->  83)
   54    7.946   156.0     0.0217     2.5354     0.14(  73->  80)  0.12(  67->  80)  0.10(  69->  80)
   55    7.966   155.6     0.0033    -1.9997     0.10(  60->  79)  0.09(  78->  86)  0.08(  78->  92)
   56    7.982   155.3     0.0415   -37.6542     0.25(  70->  79)  0.10(  59->  79)  0.06(  67->  79)
   57    8.002   154.9     0.0209   -39.8183     0.29(  60->  79)  0.09(  73->  83)  0.04(  73->  85)
   58    8.049   154.0     0.0041   -13.1329     0.12(  78->  97)  0.07(  78->  98)  0.05(  77->  97)
   59    8.066   153.7     0.0146    25.1001     0.08(  72->  82)  0.08(  77->  82)  0.07(  75->  90)
   60    8.084   153.4     0.0210    -7.7794     0.18(  74->  81)  0.07(  76->  83)  0.05(  78->  98)
   61    8.089   153.3     0.0099    -4.4292     0.13(  70->  79)  0.05(  73->  81)  0.04(  74->  83)
   62    8.110   152.9     0.0375    -5.6598     0.08(  77->  86)  0.05(  59->  79)  0.04(  78->  92)
   63    8.156   152.0     0.0234    83.5697     0.10(  78->  98)  0.05(  77->  98)  0.05(  76->  83)
   64    8.193   151.3     0.0634     8.7984     0.26(  68->  80)  0.12(  68->  79)  0.05(  68->  83)
   65    8.219   150.9     0.0367   -52.8162     0.11(  75->  84)  0.11(  75->  90)  0.09(  63->  80)
   66    8.220   150.8     0.0363    77.2946     0.10(  59->  79)  0.05(  63->  80)  0.04(  75->  84)
   67    8.238   150.5     0.0063     5.3022     0.15(  59->  79)  0.10(  74->  87)  0.04(  76->  92)
   68    8.257   150.2     0.0620   -19.7628     0.21(  63->  80)  0.12(  75->  84)  0.04(  77->  90)
   69    8.275   149.8     0.0117   -10.1483     0.18(  66->  80)  0.08(  66->  84)  0.07(  69->  81)
   70    8.295   149.5     0.0991    33.9840     0.16(  66->  80)  0.10(  63->  80)  0.05(  66->  84)
   71    8.303   149.3     0.0614   -27.6135     0.13(  74->  87)  0.05(  69->  81)  0.04(  74->  85)
   72    8.347   148.5     0.0051     9.4676     0.15(  73->  82)  0.07(  72->  82)  0.06(  70->  82)
   73    8.361   148.3     0.0473   -24.2787     0.08(  73->  82)  0.08(  74->  87)  0.06(  75->  84)
   74    8.388   147.8     0.0393   -16.2779     0.08(  77->  84)  0.05(  72->  83)  0.05(  61->  80)
   75    8.424   147.2     0.0080   -13.5241     0.10(  59->  79)  0.03(  78->  88)  0.03(  77->  92)
   76    8.447   146.8     0.0076   -40.9002     0.08(  68->  86)  0.05(  77->  86)  0.05(  76->  92)
   77    8.460   146.5     0.0332   -32.7439     0.13(  75->  90)  0.12(  75->  81)  0.08(  75->  98)
   78    8.471   146.4     0.0175    44.6551     0.12(  71->  83)  0.09(  61->  80)  0.08(  73->  84)
   79    8.497   145.9     0.0431    -8.7538     0.08(  78->  94)  0.06(  78->  97)  0.06(  78->  93)
   80    8.539   145.2     0.0103    35.3449     0.06(  66->  80)  0.06(  70->  87)  0.05(  67->  87)
   81    8.576   144.6     0.0325    14.6491     0.08(  70->  87)  0.06(  63->  82)  0.05(  66->  80)
   82    8.588   144.4     0.0088    -4.0293     0.18(  63->  82)  0.07(  78->  89)  0.05(  78->  95)
   83    8.607   144.0     0.0003    12.9890     0.30(  63->  82)  0.04(  73->  82)  0.03(  75->  99)
   84    8.615   143.9     0.0094    52.6542     0.06(  63->  82)  0.05(  70->  87)  0.04(  66->  80)
   85    8.630   143.7     0.0099    18.5843     0.06(  78->  97)  0.06(  77->  90)  0.04(  63->  82)
   86    8.643   143.5     0.0138    16.0512     0.07(  72->  86)  0.07(  68->  86)  0.06(  70->  87)
   87    8.650   143.3     0.0114    -4.1485     0.17(  75->  97)  0.09(  75->  98)  0.05(  75->  90)
   88    8.701   142.5     0.0254    -9.9566     0.06(  75->  87)  0.05(  78-> 100)  0.05(  62->  79)
   89    8.711   142.3     0.0226    25.2521     0.06(  70->  87)  0.06(  61->  80)  0.06(  66->  87)
   90    8.727   142.1     0.0017   -38.9440     0.08(  62->  79)  0.07(  55->  79)  0.06(  66->  84)
   91    8.740   141.9     0.0049    13.3683     0.11(  62->  79)  0.07(  61->  80)  0.04(  75->  87)
   92    8.747   141.7     0.0238    17.3235     0.09(  75->  87)  0.08(  75->  98)  0.08(  78->  93)
   93    8.770   141.4     0.0062   -21.4925     0.16(  74->  85)  0.10(  62->  79)  0.05(  77-> 101)
   94    8.775   141.3     0.0133    11.9902     0.17(  74->  85)  0.06(  73->  86)  0.04(  71->  86)
   95    8.787   141.1     0.0005    -6.8818     0.11(  62->  79)  0.05(  78->  93)  0.03(  75->  98)
   96    8.820   140.6     0.0059    -9.3581     0.08(  62->  79)  0.08(  74->  86)  0.04(  55->  79)
   97    8.840   140.3     0.0049     3.3708     0.07(  76->  82)  0.06(  64->  80)  0.03(  78->  88)
   98    8.853   140.1     0.0015   -11.3663     0.08(  64->  80)  0.07(  76->  82)  0.05(  58->  80)
   99    8.857   140.0     0.0027    -5.4621     0.25(  76->  82)  0.07(  64->  80)  0.05(  70->  82)
  100    8.867   139.8     0.0070    -2.4508     0.11(  76->  82)  0.04(  70->  83)  0.04(  74->  86)
  101    8.872   139.7     0.0076    -6.0568     0.09(  73->  86)  0.09(  76->  82)  0.08(  71->  86)
  102    8.901   139.3     0.0017   -13.9968     0.19(  65->  81)  0.06(  64->  81)  0.04(  74->  85)
  103    8.905   139.2     0.0067    21.9744     0.09(  65->  81)  0.04(  74->  86)  0.04(  64->  81)
  104    8.947   138.6     0.0166    23.9788     0.10(  69->  85)  0.09(  72->  84)  0.06(  76->  84)
  105    8.969   138.2     0.0040    -7.7011     0.22(  58->  80)  0.07(  69->  80)  0.05(  69->  85)
  106    8.978   138.1     0.0042     3.7832     0.08(  74->  86)  0.06(  77->  88)  0.06(  77->  87)
  107    9.004   137.7     0.0089   -12.4136     0.25(  75->  81)  0.12(  75->  83)  0.09(  61->  82)
  108    9.009   137.6     0.0137     9.3308     0.16(  74->  88)  0.10(  74->  89)  0.04(  75->  81)
  109    9.031   137.3     0.0334   -15.8571     0.09(  69->  85)  0.05(  75->  81)  0.04(  58->  80)
  110    9.042   137.1     0.0063     4.2445     0.13(  61->  82)  0.04(  74->  88)  0.04(  74->  89)
  111    9.073   136.6     0.0058    11.3909     0.11(  76->  84)  0.04(  61->  82)  0.04(  76-> 101)
  112    9.081   136.5     0.0081   -13.6270     0.09(  51->  79)  0.07(  78-> 106)  0.06(  77-> 106)
  113    9.095   136.3     0.0064    -2.1160     0.05(  61->  82)  0.04(  70->  82)  0.04(  72->  81)
  114    9.103   136.2     0.0014    -2.3529     0.10(  69->  80)  0.08(  58->  80)  0.04(  72->  83)
  115    9.114   136.0     0.0354    13.1206     0.09(  61->  82)  0.06(  69->  85)  0.06(  71->  81)
  116    9.135   135.7     0.0376    36.2428     0.13(  66->  87)  0.12(  66->  84)  0.05(  66->  80)
  117    9.145   135.6     0.0355     3.8562     0.08(  76-> 101)  0.05(  78-> 103)  0.03(  74->  88)
  118    9.171   135.2     0.0030    -2.3376     0.05(  77-> 100)  0.05(  60->  81)  0.03(  78-> 104)
  119    9.184   135.0     0.0006    -6.1190     0.12(  70->  82)  0.10(  58->  82)  0.09(  70->  83)
  120    9.221   134.5     0.0027   -18.4363     0.13(  60->  81)  0.06(  59->  81)  0.03(  51->  79)
  121    9.229   134.3     0.0093    13.5251     0.07(  76->  84)  0.07(  72->  84)  0.04(  76->  83)
  122    9.256   133.9     0.0266   -24.3172     0.07(  51->  79)  0.06(  76->  89)  0.05(  76->  91)
  123    9.277   133.6     0.0074     1.2611     0.11(  77->  87)  0.08(  78->  94)  0.04(  78-> 101)
  124    9.301   133.3     0.0018    -0.8277     0.10(  59->  81)  0.05(  66->  79)  0.04(  77->  87)
  125    9.313   133.1     0.0007     3.6947     0.09(  78->  93)  0.04(  51->  79)  0.04(  69->  86)
  126    9.326   132.9     0.0228   -12.4314     0.11(  60->  81)  0.04(  78->  94)  0.04(  72->  90)
  127    9.330   132.9     0.0694    14.9679     0.19(  68->  84)  0.10(  68->  80)  0.04(  59->  81)
  128    9.354   132.6     0.0154   -31.1159     0.19(  66->  79)  0.17(  64->  87)  0.05(  65->  87)
  129    9.360   132.5     0.0020    -7.0891     0.22(  66->  79)  0.13(  64->  87)  0.06(  59->  81)
  130    9.375   132.2     0.0202    17.2600     0.18(  66->  79)  0.09(  51->  79)  0.02(  67->  79)
  131    9.408   131.8     0.0146    33.3989     0.06(  59->  81)  0.05(  71->  82)  0.04(  73->  91)
  132    9.410   131.8     0.0098     8.1121     0.11(  71->  82)  0.10(  70->  82)  0.07(  58->  82)
  133    9.419   131.6     0.0200    10.8460     0.08(  58->  82)  0.06(  62->  80)  0.06(  70->  82)
  134    9.434   131.4     0.0107    -9.8187     0.04(  71->  82)  0.04(  72->  90)  0.03(  71->  90)
  135    9.442   131.3     0.0214   -10.6685     0.05(  51->  79)  0.05(  58->  82)  0.03(  71->  82)
  136    9.447   131.2     0.0019     3.9251     0.07(  69->  86)  0.04(  77->  86)  0.04(  76->  92)
  137    9.466   131.0     0.0027     2.7124     0.04(  62->  80)  0.03(  71->  84)  0.03(  67->  84)
  138    9.477   130.8     0.0092     7.3346     0.32(  58->  82)  0.18(  71->  82)  0.08(  61->  82)
  139    9.494   130.6     0.0116    -6.7987     0.07(  73->  92)  0.04(  78->  95)  0.03(  58->  82)
  140    9.514   130.3     0.0066    -8.3528     0.09(  51->  79)  0.08(  78->  96)  0.06(  73->  87)
  141    9.535   130.0     0.0095    13.4539     0.08(  78-> 105)  0.06(  78->  96)  0.04(  77->  87)
  142    9.558   129.7     0.0024    21.6729     0.03(  75->  87)  0.03(  55->  79)  0.03(  78->  94)
  143    9.570   129.6     0.0034    -2.4795     0.08(  77->  89)  0.04(  72->  87)  0.04(  77->  88)
  144    9.582   129.4     0.0414   -16.7530     0.06(  71->  87)  0.05(  78->  96)  0.03(  73->  89)
  145    9.587   129.3     0.0106    -8.7518     0.05(  75->  87)  0.05(  71->  83)  0.04(  75->  93)
  146    9.612   129.0     0.0297   -24.2952     0.03(  74->  89)  0.03(  73->  87)  0.03(  77-> 103)
  147    9.626   128.8     0.0708   -85.6329     0.06(  73->  91)  0.05(  71->  91)  0.04(  62->  86)
  148    9.634   128.7     0.0078    12.4373     0.13(  75->  85)  0.06(  78->  96)  0.04(  71->  85)
  149    9.653   128.4     0.0009    -3.0130     0.12(  75->  85)  0.07(  78->  99)  0.05(  69->  83)
  150    9.658   128.4     0.0064    -0.4265     0.11(  62->  86)  0.05(  62->  89)  0.04(  72->  85)
  151    9.679   128.1     0.0209    -4.5261     0.10(  56->  79)  0.08(  72->  85)  0.07(  57->  79)
  152    9.682   128.1     0.0009     2.5301     0.25(  75->  85)  0.06(  48->  79)  0.04(  49->  79)
  153    9.698   127.8     0.0031     1.0351     0.05(  56->  79)  0.05(  78-> 105)  0.03(  57->  79)
  154    9.705   127.8     0.0086    -3.6838     0.11(  75->  85)  0.05(  73->  84)  0.04(  71->  83)
  155    9.707   127.7     0.0076     1.9437     0.05(  76-> 106)  0.05(  74->  93)  0.04(  75->  93)
  156    9.718   127.6     0.0101    13.5225     0.22(  56->  79)  0.14(  57->  79)  0.03(  63->  79)
  157    9.725   127.5     0.0201    -9.6642     0.04(  74->  89)  0.03(  74->  94)  0.03(  78-> 109)
  158    9.753   127.1     0.0067   -17.7095     0.06(  76->  90)  0.03(  74->  92)  0.03(  73->  88)
  159    9.773   126.9     0.0104     4.3626     0.06(  78-> 107)  0.03(  78-> 102)  0.03(  78-> 104)
  160    9.788   126.7     0.0112     4.0447     0.04(  69->  84)  0.03(  71->  84)  0.03(  73->  83)
  161    9.802   126.5     0.0044    -2.8582     0.04(  68->  94)  0.03(  74->  86)  0.03(  68->  91)
  162    9.830   126.1     0.0047   -17.5756     0.05(  65->  85)  0.03(  74->  88)  0.03(  77->  97)
  163    9.833   126.1     0.0072     0.2640     0.09(  76-> 106)  0.07(  78-> 109)  0.04(  74->  94)
  164    9.844   125.9     0.0148    13.1719     0.05(  74->  86)  0.05(  74->  93)  0.04(  74->  88)
  165    9.855   125.8     0.0041    -1.3430     0.22(  67->  82)  0.22(  69->  82)  0.08(  71->  82)
  166    9.865   125.7     0.0108     1.7744     0.10(  63->  79)  0.06(  63->  83)  0.04(  63->  80)
  167    9.879   125.5     0.0003     0.0033     0.06(  74->  93)  0.05(  63->  88)  0.03(  78->  99)
  168    9.893   125.3     0.0071    22.5027     0.04(  71->  91)  0.04(  71->  86)  0.04(  72->  86)
  169    9.905   125.2     0.0006   -14.6264     0.22(  63->  79)  0.04(  63->  80)  0.03(  68->  81)
  170    9.911   125.1     0.0012   -11.1904     0.05(  63->  88)  0.03(  77->  89)  0.02(  73->  89)
  171    9.921   125.0     0.0059    22.2849     0.12(  75->  86)  0.11(  68->  81)  0.05(  70->  90)
  172    9.926   124.9     0.0033    -0.4368     0.19(  75->  86)  0.09(  68->  81)  0.04(  70->  81)
  173    9.936   124.8     0.0078     7.4522     0.14(  64->  79)  0.09(  43->  79)  0.07(  47->  79)
  174    9.947   124.6     0.0005    10.7499     0.09(  75->  86)  0.03(  48->  79)  0.03(  74->  86)
  175    9.953   124.6     0.0066     0.0699     0.09(  68->  81)  0.08(  70->  90)  0.05(  75->  86)
  176    9.975   124.3     0.0133    -7.2286     0.08(  75->  86)  0.05(  69->  91)  0.03(  68->  94)
  177    9.979   124.2     0.0023     0.3863     0.10(  61->  79)  0.05(  57->  80)  0.04(  63->  79)
  178    9.983   124.2     0.0009     9.5981     0.08(  63->  83)  0.07(  63->  79)  0.06(  64->  80)

  alpha tensor

           1         2         3
 
    1 233.33046
    2 -20.60363  40.97124
    3  34.48611  -0.12851 117.36696
 trace alpha_L[0] / au:   130.556220166908     
 sum rule f_L           6.63831587882165     
 
 SOS specific optical rotation 
 including Lorentz factor for common solvent (n=1.4)
 lambda [eV] alpha[grad*cm^3*g^-1*dm^-1]
 632.8  1.96      -60.26
 589.3  2.10      -79.52        0.00 ##
 579.0  2.14      -85.42
 546.0  2.27     -109.45
 436.0  2.84     -344.56
 365.0  3.40    -1403.32
 
 sTD-DFT done.
Mon 21 Mar 14:09:25 GMT 2022
