Mon 21 Mar 14:05:08 GMT 2022


                 *********************************************
                 *                                           *
                 *               s  T  D  A                  *
                 *                                           *
                 *                S. Grimme                  *
                 * Mulliken Center for Theoretical Chemistry *
                 *             Universitaet Bonn             *
                 *              Version 1.6.2                *
                 *       Tue Sep 10 14:44:30 CET 2020        *
                 *********************************************
 
 Please cite as:
 S. Grimme, J. Chem. Phys. 138 (2013) 244104
 
 With contributions from:
 C. Bannwarth, P. Shushkov, M. de Wergifosse
 
======================================================================
 
 reading an xTB output...
 
 reading: wfn.xtb
======================================================================
                    M O / A O    I N P U T 
======================================================================
atom  #          x             y             z            charge
  N   1      6.64333157   -3.02129385    1.06051420         7.00
  C   2      4.75190487   -1.97646437    0.89573010         6.00
  C   3      2.41828230   -0.69069483    0.69730888         6.00
  C   4      1.93111095    1.38668090    2.24593929         6.00
  C   5     -0.36717375    2.61179023    2.02710903         6.00
  C   6     -2.15542142    1.79694041    0.30897019         6.00
  C   7     -1.68242301   -0.28213608   -1.25269933         6.00
  N   8     -3.40830972   -1.00684599   -3.05134049         7.00
  C   9      0.62984566   -1.52538679   -1.03897133         6.00
  H  10      3.33498836    2.00972355    3.58688882         1.00
  H  11     -0.77289791    4.22051394    3.21536870         1.00
  H  12     -3.94555881    2.76693673    0.15401266         1.00
  H  13     -3.21782535   -2.74898434   -3.78984539         1.00
  H  14     -5.19769122   -0.40345649   -2.83402201         1.00
  H  15      1.03802646   -3.13713405   -2.22477436         1.00

 # atoms          =   15
 # mos            =   70
 # primitive  aos =  534
 # contracted aos =  102

 spherical AO basis
======================================================================
                    A O   I N T E G R A L S
======================================================================
 memory needed for AO int data: 410 Kb
 done.
  
Restricted MOs found... RKS-sTD-DFT will be performed
  
======================================================================
                    s T D A
======================================================================
 spectral range up to (eV)     :    10.0000000000000     
 occ MO cut-off (eV)           :   -34.7768787567465     
 virtMO cut-off (eV)           :    13.1820390817537     
 perturbation thr              :   1.000000000000000E-004
 triplet                       :  F
 MOs in TDA :           57
 oMOs in TDA:           22
 vMOs in TDA:           35
 sorting MOs ...
 reading and transforming R..V..L AO ints ...
 ints done.
 S^1/2 ...
 S^1/2 orthogonalized MO coefficients done.

 SCF atom population (using active MOs):
  5.215  3.867  4.043  4.009  4.003  4.000  3.951  4.993  3.994  0.995
  0.991  0.993  0.978  0.980  0.990
 
 # electrons in TDA:  44.000
 
 
 ax(DF)   :   0.500000000000000     
 s^K      :    2.00000000000000     
 beta  (J):    4.00000000000000     
 alpha (K):    2.00000000000000     
 
 hardness table read.
 setting up gammas ...
 memory needed for q data (Mb)                      0
 computing q(ij,n) ...
 
          37 CSF included by energy.
 
         733 considered in PT2.
 ordered frontier orbitals
         eV     # centers
  12   -22.213     7.9
  13   -21.358     5.9
  14   -21.328     3.9
  15   -20.509     3.6
  16   -20.160     6.2
  17   -19.825     6.8
  18   -19.303     7.4
  19   -18.830     6.6
  20   -18.129     5.3
  21   -16.476     4.8
  22   -14.818     5.2
 
  23    -6.777     6.4
  24    -5.805     5.1
  25    -5.152    13.7
  26    -4.476    10.0
  27    -4.211    11.6
  28    -3.656    10.4
  29    -3.452     5.9
  30    -3.223     6.0
  31    -3.049    12.0
  32    -2.816     8.8
  33    -2.315     8.8
 
             lowest CSF states
       eV     nm      excitation i->a               eV
    1  4.63   267.7       22 ->  23     gap,J,K:   8.041   4.622   0.606   Kshft:   0.000  locality: 0.926
    2  5.45   227.5       22 ->  25     gap,J,K:   9.666   4.739   0.012   Kshft:   0.500  locality: 0.982
    3  5.65   219.5       22 ->  24     gap,J,K:   9.013   4.952   0.794   Kshft:   0.000  locality: 0.977
    4  6.08   204.0       22 ->  26     gap,J,K:  10.342   4.788   0.012   Kshft:   0.500  locality: 0.993
    5  6.34   195.5       22 ->  27     gap,J,K:  10.607   4.766   0.000   Kshft:   0.500  locality: 0.991
    6  6.48   191.3       21 ->  23     gap,J,K:   9.699   4.902   0.841   Kshft:   0.000  locality: 0.993
    7  6.83   181.5       21 ->  24     gap,J,K:  10.671   4.985   0.573   Kshft:   0.000  locality: 0.995
    8  6.89   179.9       22 ->  28     gap,J,K:  11.162   4.734   0.095   Kshft:   0.276  locality: 0.980
    9  7.16   173.2       21 ->  25     gap,J,K:  11.324   4.687   0.011   Kshft:   0.500  locality: 0.982
   10  7.33   169.1       20 ->  23     gap,J,K:  11.352   4.688   0.333   Kshft:   0.004  locality: 0.980
   11  7.68   161.4       22 ->  29     gap,J,K:  11.365   4.184   0.001   Kshft:   0.500  locality: 0.876
   12  7.75   160.1       22 ->  31     gap,J,K:  11.769   4.527   0.002   Kshft:   0.500  locality: 0.973
   13  7.94   156.2       19 ->  23     gap,J,K:  12.053   4.615   0.000   Kshft:   0.500  locality: 0.983
   14  7.94   156.1       22 ->  32     gap,J,K:  12.001   4.444   0.133   Kshft:   0.122  locality: 0.901
   15  8.05   153.9       22 ->  30     gap,J,K:  11.594   4.041   0.000   Kshft:   0.500  locality: 0.834
   16  8.06   153.8       21 ->  26     gap,J,K:  12.000   4.466   0.013   Kshft:   0.500  locality: 0.937
   17  8.18   151.6       21 ->  27     gap,J,K:  12.265   4.585   0.000   Kshft:   0.500  locality: 0.964
   18  8.32   148.9       22 ->  33     gap,J,K:  12.502   4.596   0.112   Kshft:   0.193  locality: 0.974
   19  8.37   148.1       18 ->  23     gap,J,K:  12.526   4.675   0.010   Kshft:   0.500  locality: 0.983
   20  8.40   147.7       20 ->  24     gap,J,K:  12.324   4.854   0.462   Kshft:   0.001  locality: 0.999
   21  8.48   146.1       21 ->  28     gap,J,K:  12.820   4.723   0.163   Kshft:   0.062  locality: 0.989
   22  8.53   145.3       22 ->  34     gap,J,K:  12.654   4.626   0.083   Kshft:   0.339  locality: 0.969
   23  8.88   139.7       20 ->  25     gap,J,K:  12.977   4.620   0.009   Kshft:   0.500  locality: 0.999
   24  9.00   137.8       17 ->  23     gap,J,K:  13.048   4.589   0.020   Kshft:   0.499  locality: 0.989
   25  9.02   137.5       21 ->  29     gap,J,K:  13.024   4.507   0.000   Kshft:   0.500  locality: 0.954
 
 selecting CSF ...
 average/max PT2 energy lowering (eV):     0.011     0.044
         378 CSF included by PT.
         415 CSF in total.
 sTD-DFT procedure...
 setting up A+B and A-B matrices
  calculating (A-B)^0.5 ...
 estimated time (min)     0.00
  calculating (A+B)*(A-B)^0.5 ...
 calculate eigenvalues of (A-B)^0.5*(A+B)*(A-B)^0.5 ...
  rpa vectors ok
   40 roots found, lowest/highest eigenvalue :    3.943   9.972   0
 writing spectral data to tda.dat ...
 
 excitation energies, transition moments and TDA amplitudes
 state    eV      nm       fL         Rv
    1    3.943   314.4     0.0755    -1.2024     0.88(  22->  23)  0.06(  21->  24)  0.04(  22->  24)
    2    4.824   257.0     0.1784     1.3261     0.69(  22->  24)  0.13(  22->  25)  0.06(  22->  26)
    3    5.255   235.9     0.0462    11.6292     0.64(  22->  25)  0.12(  22->  24)  0.11(  22->  26)
    4    5.890   210.5     0.3466    79.5284     0.47(  21->  23)  0.23(  22->  26)  0.12(  22->  25)
    5    5.991   206.9     0.2684   -96.6568     0.46(  22->  26)  0.25(  21->  23)  0.06(  22->  25)
    6    6.154   201.5     0.0019     1.4166     0.82(  22->  27)  0.05(  22->  31)  0.03(  22->  26)
    7    6.411   193.4     0.2132     9.4042     0.66(  21->  24)  0.15(  20->  23)  0.11(  21->  23)
    8    6.700   185.1     0.0656    -3.8724     0.81(  22->  28)  0.05(  22->  24)  0.03(  22->  33)
    9    7.024   176.5     0.0087   -14.8047     0.85(  21->  25)  0.05(  20->  23)  0.05(  21->  26)
   10    7.160   173.2     0.0035     8.1505     0.53(  22->  29)  0.27(  22->  30)  0.04(  22->  26)
   11    7.225   171.6     0.3549     2.1429     0.70(  20->  23)  0.15(  21->  24)  0.05(  21->  25)
   12    7.583   163.5     0.0123    -6.4298     0.76(  22->  31)  0.07(  22->  27)  0.04(  20->  27)
   13    7.740   160.2     0.0127    -1.5078     0.83(  22->  32)  0.06(  22->  34)  0.03(  21->  28)
   14    7.783   159.3     0.0013     2.6017     0.96(  19->  23)  0.01(  18->  23)  0.01(  17->  28)
   15    7.947   156.0     0.0041     4.7198     0.48(  21->  26)  0.34(  21->  27)  0.04(  21->  25)
   16    8.051   154.0     0.0043   -12.8983     0.41(  21->  27)  0.30(  21->  26)  0.15(  20->  24)
   17    8.114   152.8     0.0349   -12.8964     0.59(  20->  24)  0.10(  21->  27)  0.07(  21->  28)
   18    8.178   151.6     0.0539     0.9407     0.72(  22->  33)  0.09(  20->  24)  0.03(  22->  28)
   19    8.221   150.8     0.0061    11.8273     0.90(  18->  23)  0.02(  20->  24)  0.01(  21->  28)
   20    8.239   150.5     0.0236     3.6143     0.55(  21->  28)  0.10(  22->  34)  0.07(  21->  32)
   21    8.271   149.9     0.0038     0.3315     0.52(  22->  30)  0.32(  22->  29)  0.04(  22->  33)
   22    8.465   146.5     0.0118    -0.1619     0.76(  22->  34)  0.13(  21->  28)  0.02(  22->  32)
   23    8.702   142.5     0.0137     0.7853     0.48(  17->  23)  0.32(  19->  24)  0.07(  16->  23)
   24    8.803   140.8     0.0053   -22.8186     0.42(  19->  24)  0.31(  17->  23)  0.13(  18->  24)
   25    8.820   140.6     0.0032    -5.9345     0.58(  21->  29)  0.14(  20->  25)  0.10(  22->  35)
   26    8.870   139.8     0.0100    19.4865     0.60(  20->  25)  0.09(  21->  29)  0.06(  22->  35)
   27    8.922   139.0     0.0001     2.0135     0.40(  22->  36)  0.30(  22->  35)  0.09(  21->  29)
   28    8.989   137.9     0.0269     9.0828     0.52(  16->  23)  0.24(  21->  32)  0.09(  17->  23)
   29    9.057   136.9     0.0007     1.2382     0.37(  22->  36)  0.32(  22->  35)  0.09(  21->  29)
   30    9.123   135.9     0.0033    -4.5165     0.46(  21->  32)  0.21(  16->  23)  0.06(  21->  30)
   31    9.181   135.0     0.0004    -1.6471     0.73(  21->  30)  0.06(  21->  32)  0.04(  22->  35)
   32    9.247   134.1     0.0012     6.6674     0.43(  21->  31)  0.33(  20->  26)  0.05(  16->  25)
   33    9.321   133.0     0.0031     0.8227     0.54(  18->  24)  0.29(  17->  24)  0.05(  19->  24)
   34    9.456   131.1     0.0008     1.2910     0.91(  15->  23)  0.01(  15->  28)  0.01(  18->  24)
   35    9.543   129.9     0.0010     4.5565     0.62(  19->  25)  0.08(  18->  25)  0.06(  21->  31)
   36    9.566   129.6     0.0021     5.8706     0.34(  21->  31)  0.25(  20->  26)  0.11(  19->  25)
   37    9.813   126.3     0.0087    -0.2282     0.43(  21->  34)  0.24(  21->  33)  0.09(  20->  28)
   38    9.837   126.0     0.0083    -4.5131     0.32(  16->  24)  0.22(  20->  27)  0.22(  22->  37)
   39    9.883   125.5     0.0047   -19.3194     0.56(  20->  27)  0.09(  16->  24)  0.08(  22->  37)
   40    9.972   124.3     0.0063    -7.0015     0.57(  14->  23)  0.10(  18->  25)  0.07(  22->  37)

  alpha tensor

           1         2         3
 
    1  52.20329
    2 -10.98889  27.80100
    3  19.42530  16.41686  29.20500
 trace alpha_L[0] / au:   36.4030971770851     
 sum rule f_L           1.83157042826042     
 
 SOS specific optical rotation 
 including Lorentz factor for common solvent (n=1.4)
 lambda [eV] alpha[grad*cm^3*g^-1*dm^-1]
 632.8  1.96      -83.84
 589.3  2.10      -95.81        0.00 ##
 579.0  2.14      -99.01
 546.0  2.27     -110.35
 436.0  2.84     -166.93
 365.0  3.40     -280.10
 
 sTD-DFT done.
Mon 21 Mar 14:05:09 GMT 2022
