Mon 21 Mar 14:10:29 GMT 2022


                 *********************************************
                 *                                           *
                 *               s  T  D  A                  *
                 *                                           *
                 *                S. Grimme                  *
                 * Mulliken Center for Theoretical Chemistry *
                 *             Universitaet Bonn             *
                 *              Version 1.6.2                *
                 *       Tue Sep 10 14:44:30 CET 2020        *
                 *********************************************
 
 Please cite as:
 S. Grimme, J. Chem. Phys. 138 (2013) 244104
 
 With contributions from:
 C. Bannwarth, P. Shushkov, M. de Wergifosse
 
======================================================================
 
 reading an xTB output...
 
 reading: wfn.xtb
======================================================================
                    M O / A O    I N P U T 
======================================================================
atom  #          x             y             z            charge
  C   1     -2.61386893    8.20084370    0.40836978         6.00
  C   2     -2.19227107    6.58097062   -1.93148889         6.00
  O   3     -2.63578975    3.97125908   -1.42220775         8.00
  C   4     -0.75589038    2.71043393   -0.27533307         6.00
  O   5      1.25874645    3.65321821    0.24075109         8.00
  C   6     -1.45263234    0.07993541    0.20446835         6.00
  C   7      0.12358808   -1.91996156    1.08337989         6.00
  C   8      2.79225906   -1.82944369    1.75139801         6.00
  C   9      4.55102700   -0.71601716    0.25681376         6.00
  C  10      7.14769943   -0.65724669    0.96999633         6.00
  C  11      7.77830098   -1.85816753    3.22708500         6.00
  C  12     10.29881745   -1.98175560    4.07708374         6.00
  C  13     12.16926820   -0.89894263    2.68133215         6.00
  C  14     11.63050733    0.37473266    0.39117327         6.00
  C  15     13.57333458    1.51291460   -1.02763297         6.00
  C  16     13.04988049    2.76561393   -3.22802987         6.00
  C  17     10.55317456    2.93228776   -4.08275291         6.00
  C  18      8.62508718    1.83643568   -2.74539386         6.00
  C  19      9.10054223    0.51948566   -0.48603751         6.00
  O  20      6.03219420   -2.96800358    4.71297652         8.00
  C  21      3.50600855   -3.00012892    4.15342866         6.00
  O  22      2.09324943   -3.94536984    5.66331970         8.00
  N  23     -1.19789728   -4.01944709    1.28217906         7.00
  N  24     -3.55173992   -3.48730027    0.59696443         7.00
  C  25     -5.40896258   -5.38099464    0.66858504         6.00
  C  26     -7.90056625   -4.81596658    1.26913995         6.00
  C  27     -9.68087707   -6.72950308    1.29994248         6.00
  C  28     -8.98130052   -9.19465058    0.76911846         6.00
  C  29     -6.48194898   -9.75703302    0.22846787         6.00
  C  30     -4.68935494   -7.85899228    0.17593349         6.00
  C  31     -3.82234868   -1.03103448   -0.06066020         6.00
  C  32     -6.20000187    0.00396842   -1.14082756         6.00
  O  33     -7.07267731   -0.70845826   -3.11710295         8.00
  O  34     -7.23878422    1.73098897    0.36055971         8.00
  C  35     -9.56711556    2.82098290   -0.47696683         6.00
  C  36     -9.14684051    4.92009048   -2.39295997         6.00
  H  37     -4.48318584    7.85596872    1.18996043         1.00
  H  38     -2.44190387   10.18600081   -0.08598253         1.00
  H  39     -1.20829077    7.74390797    1.83530184         1.00
  H  40     -0.25038869    6.81170616   -2.61027845         1.00
  H  41     -3.52093739    7.06474046   -3.43457691         1.00
  H  42      3.96993627    0.11527328   -1.50875720         1.00
  H  43     10.67373908   -2.94494892    5.83301709         1.00
  H  44     14.10793805   -0.98757078    3.31344548         1.00
  H  45     15.49046155    1.38176761   -0.33769403         1.00
  H  46     14.54805522    3.63545478   -4.30592955         1.00
  H  47     10.14934013    3.93951169   -5.81128524         1.00
  H  48      6.71533013    2.01293608   -3.43174232         1.00
  H  49     -8.43894917   -2.91093385    1.75574438         1.00
  H  50    -11.61992486   -6.29278741    1.75952383         1.00
  H  51    -10.38102053  -10.67827442    0.79689743         1.00
  H  52     -5.92769236  -11.68115198   -0.15949287         1.00
  H  53     -2.73178783   -8.25224425   -0.22827889         1.00
  H  54    -10.73345442    1.32602070   -1.30920214         1.00
  H  55    -10.45963313    3.54002362    1.23928228         1.00
  H  56    -10.95889873    5.70451572   -2.95458652         1.00
  H  57     -8.19970987    4.16703469   -4.05289524         1.00
  H  58     -7.99127309    6.40824967   -1.57829911         1.00

 # atoms          =   58
 # mos            =  266
 # primitive  aos = 2090
 # contracted aos =  398

 spherical AO basis
======================================================================
                    A O   I N T E G R A L S
======================================================================
 memory needed for AO int data:   6 Mb
 done.
  
Restricted MOs found... RKS-sTD-DFT will be performed
  
======================================================================
                    s T D A
======================================================================
 spectral range up to (eV)     :    10.0000000000000     
 occ MO cut-off (eV)           :   -35.7890181724621     
 virtMO cut-off (eV)           :    13.3241487791577     
 perturbation thr              :   1.000000000000000E-004
 triplet                       :  F
 MOs in TDA :          206
 oMOs in TDA:           84
 vMOs in TDA:          122
 sorting MOs ...
 reading and transforming R..V..L AO ints ...
 ints done.
 S^1/2 ...
 S^1/2 orthogonalized MO coefficients done.

 SCF atom population (using active MOs):
  3.866  3.556  5.074  2.691  5.536  3.839  3.819  3.896  3.781  3.937
  3.406  3.901  3.924  4.036  3.968  3.997  3.985  3.954  3.978  5.041
  2.728  5.543  5.003  4.834  3.945  3.931  3.994  3.991  3.996  3.964
  3.715  2.545  5.329  5.028  3.568  3.859  1.018  1.004  1.001  0.963
  0.983  1.009  0.943  0.988  0.997  0.991  0.990  1.020  1.000  0.990
  0.995  0.991  0.994  0.967  0.957  0.998  1.003  1.040
 
 # electrons in TDA: 168.000
 
 
 ax(DF)   :   0.500000000000000     
 s^K      :    2.00000000000000     
 beta  (J):    4.00000000000000     
 alpha (K):    2.00000000000000     
 
 hardness table read.
 setting up gammas ...
 memory needed for q data (Mb)                      6
 computing q(ij,n) ...
 
         194 CSF included by energy.
 
       10054 considered in PT2.
 ordered frontier orbitals
         eV     # centers
  74   -17.938     8.9
  75   -17.736     6.1
  76   -17.362    18.5
  77   -17.232     6.2
  78   -16.791     6.3
  79   -16.447    14.4
  80   -16.284     5.0
  81   -16.237     6.3
  82   -15.887     6.8
  83   -15.399    14.9
  84   -14.676    14.6
 
  85    -7.789    11.2
  86    -6.759    10.8
  87    -6.485    10.1
  88    -6.049    11.5
  89    -5.867     5.0
  90    -5.735    13.6
  91    -5.480     8.5
  92    -5.319    16.5
  93    -4.951    21.0
  94    -4.823    28.4
  95    -4.664    10.6
 
             lowest CSF states
       eV     nm      excitation i->a               eV
    1  4.09   303.1       84 ->  85     gap,J,K:   6.887   3.770   0.486   Kshft:   0.001  locality: 0.973
    2  4.99   248.6       82 ->  85     gap,J,K:   8.098   4.062   0.475   Kshft:   0.001  locality: 0.941
    3  5.09   243.8       83 ->  85     gap,J,K:   7.610   2.944   0.194   Kshft:   0.033  locality: 0.789
    4  5.28   234.8       84 ->  87     gap,J,K:   8.190   3.585   0.335   Kshft:   0.004  locality: 0.937
    5  5.40   229.7       84 ->  86     gap,J,K:   7.917   2.905   0.133   Kshft:   0.120  locality: 0.738
    6  5.66   219.1       83 ->  86     gap,J,K:   8.640   3.521   0.265   Kshft:   0.010  locality: 0.928
    7  5.75   215.7       84 ->  88     gap,J,K:   8.627   3.471   0.293   Kshft:   0.007  locality: 0.957
    8  5.82   213.2       81 ->  85     gap,J,K:   8.448   3.021   0.130   Kshft:   0.128  locality: 0.718
    9  5.82   213.1       78 ->  85     gap,J,K:   9.001   3.701   0.009   Kshft:   0.500  locality: 0.836
   10  5.85   211.9       79 ->  85     gap,J,K:   8.658   3.249   0.209   Kshft:   0.025  locality: 0.892
   11  6.00   206.6       82 ->  87     gap,J,K:   9.402   4.047   0.321   Kshft:   0.005  locality: 0.949
   12  6.14   201.8       81 ->  86     gap,J,K:   9.478   4.079   0.371   Kshft:   0.003  locality: 0.953
   13  6.29   197.0       80 ->  86     gap,J,K:   9.525   3.827   0.295   Kshft:   0.007  locality: 0.839
   14  6.44   192.4       83 ->  87     gap,J,K:   8.914   2.873   0.179   Kshft:   0.044  locality: 0.779
   15  6.48   191.4       84 ->  90     gap,J,K:   8.941   2.849   0.134   Kshft:   0.118  locality: 0.816
   16  6.64   186.7       76 ->  85     gap,J,K:   9.573   3.316   0.146   Kshft:   0.091  locality: 0.904
   17  6.69   185.4       83 ->  89     gap,J,K:   9.532   3.434   0.292   Kshft:   0.007  locality: 0.839
   18  6.73   184.2       84 ->  91     gap,J,K:   9.196   2.983   0.078   Kshft:   0.364  locality: 0.791
   19  6.86   180.6       83 ->  90     gap,J,K:   9.664   3.243   0.208   Kshft:   0.025  locality: 0.964
   20  6.87   180.4       83 ->  88     gap,J,K:   9.350   2.866   0.165   Kshft:   0.059  locality: 0.820
   21  6.88   180.2       84 ->  95     gap,J,K:  10.012   3.659   0.258   Kshft:   0.011  locality: 0.965
   22  6.89   179.9       77 ->  85     gap,J,K:   9.443   3.066   0.007   Kshft:   0.500  locality: 0.713
   23  6.94   178.6       82 ->  88     gap,J,K:   9.838   3.918   0.511   Kshft:   0.001  locality: 0.969
   24  6.98   177.6       79 ->  86     gap,J,K:   9.688   3.129   0.193   Kshft:   0.033  locality: 0.845
   25  7.01   177.0       74 ->  85     gap,J,K:  10.148   3.808   0.331   Kshft:   0.004  locality: 0.967
 
 selecting CSF ...
 average/max PT2 energy lowering (eV):     0.032     0.230
        1345 CSF included by PT.
        1539 CSF in total.
 sTD-DFT procedure...
 setting up A+B and A-B matrices
  calculating (A-B)^0.5 ...
 estimated time (min)     0.15
  calculating (A+B)*(A-B)^0.5 ...
 calculate eigenvalues of (A-B)^0.5*(A+B)*(A-B)^0.5 ...
  rpa vectors ok
  222 roots found, lowest/highest eigenvalue :    3.495  10.000   0
 writing spectral data to tda.dat ...
 
 excitation energies, transition moments and TDA amplitudes
 state    eV      nm       fL         Rv
    1    3.495   354.7     0.6386    29.9248     0.86(  84->  85)  0.04(  83->  85)  0.03(  84->  87)
    2    4.039   307.0     0.1323    -4.1988     0.53(  82->  85)  0.16(  84->  88)  0.05(  84->  85)
    3    4.497   275.7     0.0145   -15.7732     0.59(  83->  85)  0.13(  84->  87)  0.07(  79->  85)
    4    4.644   267.0     0.3405   -35.2746     0.53(  84->  86)  0.33(  83->  86)  0.02(  81->  85)
    5    4.801   258.2     0.2797    94.9562     0.55(  84->  87)  0.08(  84->  88)  0.07(  83->  87)
    6    4.909   252.6     0.0008    -0.3849     0.31(  83->  89)  0.29(  80->  86)  0.09(  80->  90)
    7    5.037   246.1     0.0619   -70.2387     0.19(  78->  85)  0.18(  81->  85)  0.16(  79->  85)
    8    5.210   238.0     0.0255    16.8058     0.37(  78->  85)  0.10(  76->  85)  0.09(  82->  87)
    9    5.338   232.3     0.2390   103.2508     0.30(  81->  86)  0.21(  83->  86)  0.07(  82->  87)
   10    5.448   227.6     0.2782   -52.0138     0.43(  81->  85)  0.10(  84->  88)  0.07(  84->  86)
   11    5.477   226.4     0.0467   -26.9023     0.17(  81->  86)  0.15(  84->  88)  0.11(  84->  90)
   12    5.531   224.2     0.0711  -111.8500     0.49(  79->  85)  0.10(  76->  85)  0.06(  81->  85)
   13    5.717   216.9     0.1073    -3.3756     0.12(  79->  86)  0.11(  83->  90)  0.11(  84->  90)
   14    5.780   214.5     0.4713    56.9340     0.22(  84->  90)  0.18(  84->  88)  0.15(  82->  87)
   15    5.860   211.6     0.0072   -10.4348     0.13(  84->  86)  0.13(  77->  86)  0.12(  83->  86)
   16    6.013   206.2     0.2267    37.1092     0.17(  84->  91)  0.13(  83->  87)  0.11(  84->  95)
   17    6.059   204.6     0.0074     5.9168     0.25(  83->  87)  0.15(  84->  91)  0.12(  79->  87)
   18    6.202   199.9     0.0684   -27.5018     0.26(  84->  95)  0.10(  74->  85)  0.05(  83->  88)
   19    6.258   198.1     0.0430    18.2153     0.21(  75->  86)  0.08(  75->  91)  0.08(  75->  90)
   20    6.289   197.1     0.0109   -16.1858     0.37(  84->  93)  0.11(  83->  93)  0.06(  84->  94)
   21    6.316   196.3     0.1319    92.8858     0.27(  82->  88)  0.08(  83->  87)  0.08(  76->  85)
   22    6.348   195.3     0.2088   -42.3715     0.27(  80->  86)  0.11(  84->  93)  0.09(  83->  89)
   23    6.440   192.5     0.1478   -56.9364     0.31(  80->  89)  0.12(  80->  86)  0.04(  83->  89)
   24    6.452   192.2     0.0334     1.5138     0.14(  81->  91)  0.06(  83->  88)  0.05(  78->  85)
   25    6.475   191.5     0.1770   -99.9842     0.22(  82->  88)  0.12(  77->  85)  0.05(  84->  95)
   26    6.534   189.7     0.0856  -109.1014     0.14(  78->  87)  0.13(  82->  88)  0.05(  81->  87)
   27    6.566   188.8     0.0741    12.4868     0.19(  83->  94)  0.07(  83->  92)  0.06(  83->  96)
   28    6.611   187.5     0.0441   -29.0317     0.14(  81->  90)  0.11(  81->  91)  0.06(  83->  94)
   29    6.653   186.4     0.0390   -25.7465     0.30(  84->  98)  0.21(  84->  97)  0.08(  83->  98)
   30    6.672   185.8     0.0996    61.7890     0.30(  74->  85)  0.08(  77->  85)  0.06(  84->  95)
   31    6.700   185.1     0.0263    40.2547     0.12(  74->  85)  0.06(  76->  87)  0.06(  83->  87)
   32    6.752   183.6     0.1555   125.3058     0.08(  80->  89)  0.07(  79->  86)  0.07(  76->  85)
   33    6.788   182.6     0.1022    75.1317     0.10(  80->  90)  0.09(  81->  91)  0.07(  80->  89)
   34    6.851   181.0     0.0544    -5.1979     0.10(  78->  86)  0.08(  73->  86)  0.07(  77->  85)
   35    6.878   180.3     0.1252   -83.1561     0.12(  74->  85)  0.09(  79->  87)  0.09(  70->  85)
   36    6.896   179.8     0.0325   -15.1280     0.08(  79->  86)  0.07(  73->  86)  0.07(  75->  86)
   37    6.950   178.4     0.0479    41.5071     0.12(  79->  87)  0.06(  80->  89)  0.05(  79->  88)
   38    6.984   177.5     0.0040     1.8000     0.65(  82->  93)  0.11(  82->  94)  0.04(  82->  96)
   39    7.018   176.7     0.0002    -7.3176     0.23(  80->  94)  0.14(  80->  85)  0.11(  84->  89)
   40    7.046   176.0     0.0124   -85.4020     0.26(  84->  99)  0.08(  80->  85)  0.04(  79->  93)
   41    7.059   175.6     0.0018   -11.7625     0.42(  80->  85)  0.05(  84->  99)  0.04(  84->  89)
   42    7.066   175.5     0.0347   -40.6605     0.18(  80->  85)  0.12(  83->  90)  0.09(  71->  85)
   43    7.111   174.3     0.0193   -14.0641     0.31(  70->  85)  0.10(  82->  95)  0.06(  71->  85)
   44    7.138   173.7     0.0161    -3.7455     0.14(  73->  85)  0.14(  75->  85)  0.12(  77->  85)
   45    7.246   171.1     0.0346     8.7314     0.28(  71->  85)  0.10(  70->  85)  0.08(  73->  85)
   46    7.287   170.2     0.0660    -6.4913     0.16(  83->  89)  0.14(  84->  89)  0.10(  81->  89)
   47    7.350   168.7     0.0247   -44.0874     0.13(  81->  89)  0.07(  83->  91)  0.07(  84->  90)
   48    7.373   168.2     0.0490    32.8180     0.37(  81->  87)  0.12(  79->  87)  0.03(  81->  95)
   49    7.393   167.7     0.0039    49.5916     0.24(  84->  92)  0.12(  83->  92)  0.04(  81->  87)
   50    7.445   166.5     0.0092   -21.3066     0.17(  82->  98)  0.08(  82->  97)  0.06(  79->  89)
   51    7.457   166.3     0.0211   -53.3603     0.22(  82->  98)  0.07(  82->  97)  0.07(  79->  89)
   52    7.515   165.0     0.0360    74.5438     0.31(  66->  85)  0.09(  84-> 102)  0.08(  67->  85)
   53    7.526   164.7     0.0369    28.3993     0.12(  66->  85)  0.07(  78->  86)  0.07(  81->  89)
   54    7.560   164.0     0.0244     6.0355     0.08(  76->  86)  0.06(  78->  86)  0.06(  79->  88)
   55    7.570   163.8     0.0147    39.2588     0.12(  75->  86)  0.07(  66->  85)  0.06(  83->  91)
   56    7.583   163.5     0.0346   -21.9486     0.08(  83-> 101)  0.05(  83->  97)  0.05(  81->  89)
   57    7.637   162.3     0.0204    27.3607     0.09(  76->  86)  0.07(  72->  86)  0.06(  79->  86)
   58    7.681   161.4     0.0091    -4.2587     0.29(  82->  86)  0.05(  82->  90)  0.04(  83->  91)
   59    7.697   161.1     0.0201     3.9300     0.22(  82->  86)  0.13(  72->  86)  0.04(  79->  88)
   60    7.724   160.5     0.0436     1.1583     0.13(  82->  86)  0.08(  78->  87)  0.07(  76->  86)
   61    7.729   160.4     0.1300   -47.1110     0.10(  72->  86)  0.06(  76->  87)  0.05(  84->  92)
   62    7.785   159.3     0.0264    36.9277     0.12(  72->  86)  0.08(  84-> 106)  0.05(  78->  87)
   63    7.817   158.6     0.0119    17.1791     0.15(  74->  87)  0.09(  76->  87)  0.08(  82->  95)
   64    7.853   157.9     0.0935    39.4987     0.09(  81->  97)  0.07(  74->  87)  0.05(  76->  87)
   65    7.862   157.7     0.0024    25.5557     0.08(  70->  87)  0.05(  84->  94)  0.03(  76->  87)
   66    7.884   157.3     0.0182   -13.7560     0.12(  78->  88)  0.07(  70->  87)  0.04(  80-> 101)
   67    7.896   157.0     0.0114     2.1408     0.08(  84-> 107)  0.07(  81->  97)  0.05(  76->  89)
   68    7.919   156.6     0.0162   -68.0745     0.06(  84-> 110)  0.05(  84-> 105)  0.04(  80-> 101)
   69    7.944   156.1     0.0366   -13.7866     0.10(  74->  87)  0.10(  71->  87)  0.08(  74->  88)
   70    7.954   155.9     0.0340     4.2103     0.08(  78->  90)  0.05(  76->  88)  0.04(  68->  86)
   71    7.978   155.4     0.0084   -19.2588     0.16(  73->  86)  0.11(  81->  92)  0.11(  78->  86)
   72    8.008   154.8     0.0155   -22.5902     0.07(  84-> 102)  0.07(  83->  99)  0.07(  84->  92)
   73    8.020   154.6     0.1498   -59.0796     0.07(  79->  95)  0.06(  83->  95)  0.04(  84-> 107)
   74    8.045   154.1     0.0344    55.4821     0.13(  80-> 101)  0.08(  81->  92)  0.08(  80->  92)
   75    8.065   153.7     0.0280   -12.2782     0.08(  82->  99)  0.04(  83->  95)  0.04(  84-> 107)
   76    8.093   153.2     0.0412   -26.6929     0.07(  68->  86)  0.04(  82->  86)  0.04(  76->  90)
   77    8.119   152.7     0.0385    24.0816     0.07(  81->  92)  0.07(  83->  95)  0.05(  84-> 107)
   78    8.145   152.2     0.0017     7.6196     0.07(  62->  85)  0.05(  81->  92)  0.05(  70->  87)
   79    8.151   152.1     0.0069   -14.0424     0.07(  62->  85)  0.06(  77->  91)  0.05(  79->  93)
   80    8.196   151.3     0.0289    10.1466     0.07(  75->  85)  0.06(  82->  99)  0.05(  73->  85)
   81    8.213   151.0     0.0083     2.5733     0.20(  75->  85)  0.12(  73->  85)  0.03(  70->  87)
   82    8.224   150.8     0.0512     4.3218     0.06(  83-> 108)  0.05(  79->  97)  0.05(  69->  86)
   83    8.236   150.5     0.0160   -18.6894     0.08(  68->  86)  0.07(  74->  88)  0.07(  69->  86)
   84    8.247   150.3     0.0210   -14.8296     0.08(  80->  91)  0.05(  69->  86)  0.04(  62->  85)
   85    8.254   150.2     0.0905    87.3875     0.21(  80->  91)  0.05(  80->  88)  0.04(  80->  97)
   86    8.295   149.5     0.0725    48.9086     0.10(  81->  88)  0.06(  84-> 111)  0.06(  60->  85)
   87    8.327   148.9     0.0055   -10.8814     0.15(  84-> 111)  0.08(  60->  85)  0.04(  77->  87)
   88    8.343   148.6     0.0048     2.1869     0.13(  60->  85)  0.05(  69->  86)  0.04(  84-> 108)
   89    8.350   148.5     0.0101    -3.7190     0.08(  82->  90)  0.07(  81->  88)  0.05(  77->  92)
   90    8.355   148.4     0.0185    -5.2698     0.11(  84->  94)  0.06(  77->  92)  0.04(  83-> 103)
   91    8.376   148.0     0.0303   -39.8905     0.12(  82->  90)  0.05(  69->  86)  0.04(  74->  88)
   92    8.392   147.7     0.0084    -5.8865     0.09(  84->  94)  0.06(  84->  96)  0.06(  77->  87)
   93    8.398   147.6     0.0334    -8.6835     0.07(  77->  87)  0.04(  84-> 111)  0.04(  71->  87)
   94    8.408   147.5     0.0632    10.0063     0.10(  69->  86)  0.05(  69->  90)  0.03(  68->  86)
   95    8.413   147.4     0.0632    45.5835     0.15(  68->  89)  0.14(  75->  89)  0.07(  79->  89)
   96    8.439   146.9     0.0215   -17.7521     0.16(  66->  87)  0.06(  70->  87)  0.06(  72->  85)
   97    8.456   146.6     0.0174   -36.7199     0.07(  77->  91)  0.05(  84->  96)  0.04(  78->  91)
   98    8.496   145.9     0.0152    -1.0176     0.07(  81->  88)  0.06(  72->  85)  0.05(  60->  85)
   99    8.516   145.6     0.0087     0.9826     0.37(  72->  85)  0.07(  72->  86)  0.05(  62->  85)
  100    8.542   145.1     0.0045    -9.8806     0.09(  83-> 108)  0.06(  84-> 112)  0.03(  78->  90)
  101    8.549   145.0     0.0091   -39.2854     0.09(  58->  85)  0.07(  75->  92)  0.06(  62->  85)
  102    8.574   144.6     0.0228    23.9854     0.33(  80->  87)  0.07(  80->  97)  0.04(  80->  98)
  103    8.580   144.5     0.0031    -6.3766     0.14(  80->  87)  0.06(  75->  92)  0.04(  79->  91)
  104    8.596   144.2     0.0075    11.1739     0.18(  82-> 107)  0.11(  82-> 102)  0.04(  69->  86)
  105    8.602   144.1     0.0020     7.6776     0.06(  81->  94)  0.05(  82-> 102)  0.04(  83->  92)
  106    8.613   144.0     0.0110     9.8725     0.08(  80-> 103)  0.08(  80->  92)  0.07(  80-> 106)
  107    8.625   143.8     0.0120     0.2934     0.06(  75->  92)  0.04(  82-> 107)  0.04(  69->  86)
  108    8.629   143.7     0.0016    68.9399     0.06(  84-> 114)  0.04(  84-> 115)  0.04(  84-> 106)
  109    8.652   143.3     0.0236    -0.8715     0.06(  79->  97)  0.04(  79->  95)  0.04(  75->  92)
  110    8.667   143.1     0.0378     0.6432     0.10(  68->  89)  0.05(  78->  89)  0.04(  83->  92)
  111    8.676   142.9     0.0225   -10.4349     0.18(  68->  89)  0.11(  78->  89)  0.05(  77->  89)
  112    8.687   142.7     0.0093    -2.1294     0.16(  63->  86)  0.10(  64->  86)  0.04(  64->  90)
  113    8.699   142.5     0.0330     3.0258     0.11(  76->  88)  0.11(  64->  86)  0.04(  79->  90)
  114    8.717   142.2     0.0124   -38.3028     0.06(  72->  92)  0.05(  84->  96)  0.04(  82-> 106)
  115    8.742   141.8     0.0150    23.2618     0.15(  82-> 107)  0.04(  64->  86)  0.04(  82-> 102)
  116    8.751   141.7     0.0120   -45.1990     0.06(  82-> 106)  0.04(  72->  92)  0.04(  84-> 100)
  117    8.766   141.4     0.0299    44.7334     0.08(  80->  88)  0.06(  80->  87)  0.06(  82-> 107)
  118    8.773   141.3     0.0192   -24.8048     0.09(  80->  87)  0.09(  80->  88)  0.07(  67->  86)
  119    8.787   141.1     0.0267   -10.5185     0.16(  67->  86)  0.06(  67->  85)  0.04(  69->  91)
  120    8.803   140.8     0.0008     4.2554     0.11(  58->  85)  0.07(  82-> 102)  0.06(  82-> 107)
  121    8.811   140.7     0.0105    -0.3103     0.07(  63->  86)  0.05(  58->  85)  0.05(  64->  86)
  122    8.839   140.3     0.0110     8.1279     0.41(  69->  92)  0.07(  69->  96)  0.04(  68->  92)
  123    8.855   140.0     0.0011   -19.6344     0.08(  66->  87)  0.05(  69->  92)  0.05(  62->  87)
  124    8.857   140.0     0.0156   -46.2400     0.04(  63->  86)  0.03(  81->  98)  0.03(  83-> 112)
  125    8.870   139.8     0.0084     1.0892     0.28(  64->  89)  0.15(  63->  89)  0.06(  80-> 108)
  126    8.876   139.7     0.0019     2.9661     0.24(  64->  89)  0.08(  63->  89)  0.04(  84-> 100)
  127    8.891   139.4     0.0235   -15.8216     0.05(  84-> 115)  0.05(  84->  99)  0.04(  84-> 116)
  128    8.908   139.2     0.0167   -15.1473     0.09(  81->  94)  0.05(  84->  96)  0.04(  79->  94)
  129    8.917   139.0     0.0168    -5.8377     0.35(  80-> 108)  0.06(  64->  89)  0.05(  80-> 112)
  130    8.925   138.9     0.0050    12.6415     0.08(  70->  88)  0.06(  66->  88)  0.04(  71->  87)
  131    8.943   138.6     0.0083     8.5775     0.07(  77->  97)  0.07(  75->  90)  0.06(  78->  97)
  132    8.981   138.1     0.0066    -7.0469     0.14(  69->  91)  0.13(  65->  86)  0.11(  69->  86)
  133    9.000   137.8     0.0104    -5.1755     0.12(  63->  86)  0.05(  76->  91)  0.04(  77->  88)
  134    9.029   137.3     0.0130    36.2125     0.09(  82->  91)  0.06(  82->  89)  0.05(  82->  90)
  135    9.035   137.2     0.0103    -1.9749     0.06(  81->  96)  0.05(  83->  98)  0.04(  72->  91)
  136    9.045   137.1     0.0100     5.6597     0.21(  82->  91)  0.13(  82->  89)  0.10(  82->  90)
  137    9.060   136.9     0.0050     7.7810     0.13(  82->  89)  0.10(  72->  91)  0.09(  83->  93)
  138    9.070   136.7     0.0243   -12.6060     0.15(  72->  91)  0.09(  82->  89)  0.04(  84-> 100)
  139    9.079   136.6     0.0071    -0.2817     0.12(  65->  86)  0.08(  69->  91)  0.06(  65->  90)
  140    9.080   136.5     0.0049     1.2035     0.36(  82->  89)  0.08(  82->  91)  0.07(  82->  90)
  141    9.086   136.5     0.0103    -2.5742     0.04(  82->  89)  0.04(  82->  91)  0.04(  83->  98)
  142    9.093   136.3     0.0063    13.7358     0.05(  55->  85)  0.04(  83->  96)  0.03(  75->  87)
  143    9.101   136.2     0.0037     2.4936     0.10(  82->  89)  0.10(  75->  89)  0.06(  78->  89)
  144    9.118   136.0     0.0402   -11.4404     0.06(  84-> 100)  0.05(  63->  89)  0.04(  83-> 102)
  145    9.122   135.9     0.0002    -0.9681     0.10(  75->  89)  0.05(  79->  89)  0.05(  63->  89)
  146    9.137   135.7     0.0169     8.8963     0.06(  63->  89)  0.05(  75->  87)  0.05(  73->  87)
  147    9.143   135.6     0.0110    -4.4500     0.05(  55->  85)  0.04(  75->  90)  0.03(  82-> 111)
  148    9.146   135.6     0.0140   -11.9391     0.07(  55->  85)  0.05(  75->  87)  0.05(  84-> 100)
  149    9.169   135.2     0.0102     9.2526     0.07(  75->  89)  0.04(  78->  89)  0.04(  82-> 110)
  150    9.187   135.0     0.0045     8.2122     0.10(  83->  94)  0.05(  76->  94)  0.04(  78->  92)
  151    9.196   134.8     0.0023     1.7622     0.04(  84-> 100)  0.04(  84-> 104)  0.03(  84-> 103)
  152    9.229   134.3     0.0402   -17.1971     0.07(  81->  95)  0.04(  81->  97)  0.03(  60->  87)
  153    9.241   134.2     0.0040    -2.1451     0.08(  77->  88)  0.06(  81->  95)  0.05(  84-> 116)
  154    9.249   134.1     0.0049    -6.6402     0.09(  82-> 111)  0.03(  81->  95)  0.03(  55->  85)
  155    9.272   133.7     0.0060   -11.7856     0.29(  80->  88)  0.13(  80->  91)  0.10(  80->  90)
  156    9.282   133.6     0.0007    -0.2473     0.06(  80->  88)  0.05(  82-> 111)  0.04(  81->  95)
  157    9.297   133.4     0.0158    -9.3486     0.05(  80->  92)  0.04(  80->  88)  0.04(  73->  90)
  158    9.303   133.3     0.0062    -2.2699     0.06(  81->  95)  0.06(  84-> 101)  0.04(  82-> 111)
  159    9.317   133.1     0.0157     4.6957     0.06(  55->  85)  0.04(  80->  92)  0.03(  71->  88)
  160    9.322   133.0     0.0387    -6.6768     0.04(  82-> 111)  0.03(  84-> 116)  0.02(  74->  95)
  161    9.340   132.7     0.0211     3.5936     0.09(  77->  88)  0.07(  71->  86)  0.05(  74->  86)
  162    9.348   132.6     0.0048    -9.9255     0.06(  71->  86)  0.06(  74->  86)  0.05(  84-> 119)
  163    9.366   132.4     0.0109     0.5662     0.53(  65->  92)  0.10(  65->  96)  0.03(  75->  92)
  164    9.378   132.2     0.0144    19.9342     0.03(  84-> 112)  0.03(  84-> 104)  0.03(  77->  88)
  165    9.410   131.8     0.0031     2.2355     0.07(  81->  96)  0.04(  84-> 101)  0.03(  65->  92)
  166    9.412   131.7     0.0085    12.4136     0.04(  84-> 105)  0.03(  67->  92)  0.03(  77->  93)
  167    9.432   131.5     0.0104     6.1770     0.22(  63->  89)  0.15(  76->  89)  0.08(  79->  89)
  168    9.448   131.2     0.0275     0.7839     0.04(  83->  93)  0.04(  78->  96)  0.03(  83->  94)
  169    9.460   131.1     0.0071     6.9629     0.12(  74->  95)  0.05(  83-> 102)  0.04(  76->  95)
  170    9.466   131.0     0.0261     5.2380     0.11(  70->  93)  0.03(  81->  95)  0.02(  79->  92)
  171    9.479   130.8     0.0098     1.3248     0.30(  69->  85)  0.07(  68->  85)  0.05(  70->  93)
  172    9.489   130.7     0.0254    -2.5872     0.07(  74->  95)  0.04(  84-> 120)  0.04(  84-> 104)
  173    9.515   130.3     0.0089    16.7499     0.07(  69->  85)  0.04(  55->  85)  0.03(  84-> 101)
  174    9.520   130.2     0.0204     2.0820     0.06(  74->  95)  0.03(  70->  93)  0.02(  81-> 100)
  175    9.527   130.1     0.0033    -2.7355     0.08(  69->  85)  0.07(  82->  92)  0.05(  67->  92)
  176    9.541   129.9     0.0113     0.1464     0.09(  73->  89)  0.08(  82->  92)  0.06(  74->  95)
  177    9.548   129.9     0.0036    -2.9267     0.09(  73->  89)  0.04(  78->  89)  0.03(  78->  91)
  178    9.557   129.7     0.0135    -6.6562     0.09(  67->  85)  0.08(  82->  92)  0.04(  67->  92)
  179    9.565   129.6     0.0163     7.4230     0.09(  60->  87)  0.07(  55->  85)  0.06(  58->  85)
  180    9.575   129.5     0.0191     4.1208     0.25(  82->  92)  0.03(  79-> 102)  0.03(  82->  94)
  181    9.582   129.4     0.0238     1.7885     0.08(  58->  85)  0.07(  55->  85)  0.04(  66->  88)
  182    9.589   129.3     0.0104     7.8072     0.08(  67->  85)  0.03(  83-> 101)  0.03(  49->  85)
  183    9.598   129.2     0.0118     4.5626     0.14(  68->  85)  0.09(  67->  85)  0.08(  66->  85)
  184    9.603   129.1     0.0084    -6.5995     0.17(  68->  85)  0.11(  82->  92)  0.10(  69->  85)
  185    9.617   128.9     0.0248   -12.2976     0.06(  73->  89)  0.03(  78->  90)  0.03(  73->  90)
  186    9.622   128.9     0.0128     9.7429     0.13(  67->  85)  0.11(  68->  85)  0.05(  69->  85)
  187    9.652   128.5     0.0132     6.0928     0.06(  60->  87)  0.06(  60->  88)  0.05(  79-> 102)
  188    9.664   128.3     0.0084   -45.5862     0.08(  79->  92)  0.05(  83->  96)  0.05(  83-> 113)
  189    9.685   128.0     0.0041    -0.8987     0.06(  49->  85)  0.06(  68->  90)  0.05(  52->  85)
  190    9.696   127.9     0.0082    23.5028     0.10(  52->  85)  0.07(  49->  85)  0.06(  68->  85)
  191    9.700   127.8     0.0185    -3.7387     0.04(  84-> 107)  0.04(  84-> 112)  0.03(  60->  87)
  192    9.715   127.6     0.0006     2.9099     0.03(  84-> 113)  0.03(  77->  92)  0.03(  84-> 104)
  193    9.726   127.5     0.0055    -0.3495     0.07(  68->  90)  0.04(  52->  85)  0.03(  81-> 100)
  194    9.740   127.3     0.0301   -42.6091     0.04(  82-> 114)  0.03(  76->  91)  0.03(  84-> 106)
  195    9.748   127.2     0.0059     4.6024     0.04(  81-> 100)  0.03(  84-> 104)  0.03(  83-> 107)
  196    9.763   127.0     0.0026     8.3502     0.07(  82-> 114)  0.05(  75->  94)  0.05(  68->  90)
  197    9.775   126.8     0.0033   -27.8317     0.05(  56->  85)  0.03(  62->  88)  0.03(  84-> 105)
  198    9.786   126.7     0.0263    42.5790     0.03(  82-> 114)  0.03(  56->  85)  0.03(  51->  85)
  199    9.788   126.7     0.0035    31.1980     0.06(  82-> 114)  0.06(  76->  91)  0.03(  81-> 101)
  200    9.807   126.4     0.0078     0.3851     0.04(  83->  99)  0.04(  81-> 100)  0.04(  78->  92)
  201    9.810   126.4     0.0028     6.5559     0.10(  80-> 115)  0.07(  80-> 114)  0.06(  80-> 124)
  202    9.820   126.3     0.0092    18.1676     0.05(  62->  88)  0.02(  83-> 100)  0.02(  62->  87)
  203    9.834   126.1     0.0056     8.8628     0.06(  81-> 100)  0.03(  81-> 105)  0.03(  81->  96)
  204    9.843   126.0     0.0058    -5.1726     0.04(  74->  86)  0.03(  81->  93)  0.03(  80->  96)
  205    9.851   125.9     0.0065     2.9379     0.03(  74->  86)  0.03(  80->  93)  0.02(  81-> 103)
  206    9.866   125.7     0.0058   -23.5477     0.03(  80->  93)  0.03(  81-> 103)  0.02(  62->  87)
  207    9.873   125.6     0.0121    -0.3544     0.03(  78->  92)  0.03(  79-> 111)  0.03(  84-> 111)
  208    9.881   125.5     0.0113    -4.2126     0.10(  72->  87)  0.07(  61->  86)  0.04(  61->  85)
  209    9.886   125.4     0.0050    -0.0544     0.13(  72->  87)  0.03(  81->  93)  0.02(  74->  86)
  210    9.894   125.3     0.0074   -10.6757     0.14(  72->  87)  0.06(  61->  86)  0.04(  61->  85)
  211    9.900   125.2     0.0042    24.8507     0.10(  75->  94)  0.03(  75->  92)  0.03(  75-> 101)
  212    9.913   125.1     0.0109   -10.6191     0.08(  78->  92)  0.03(  74->  86)  0.03(  72->  87)
  213    9.922   125.0     0.0053   -16.0933     0.12(  72->  87)  0.06(  78->  93)  0.04(  66->  93)
  214    9.933   124.8     0.0066    23.9719     0.17(  77->  89)  0.11(  73->  89)  0.09(  76->  89)
  215    9.937   124.8     0.0093     0.5528     0.09(  77->  89)  0.05(  76->  89)  0.05(  73->  89)
  216    9.941   124.7     0.0013    -6.3808     0.09(  75->  87)  0.06(  73->  87)  0.05(  72->  87)
  217    9.946   124.7     0.0083     9.5006     0.06(  68->  94)  0.03(  73->  87)  0.03(  83-> 100)
  218    9.961   124.5     0.0010   -27.8230     0.13(  74->  86)  0.07(  71->  86)  0.04(  73->  86)
  219    9.967   124.4     0.0021   -22.6857     0.06(  51->  85)  0.05(  70->  86)  0.04(  74->  86)
  220    9.986   124.2     0.0039    -9.3454     0.10(  82->  97)  0.06(  82->  98)  0.06(  74->  98)
  221    9.990   124.1     0.0153    -9.8949     0.06(  70->  86)  0.06(  72->  90)  0.04(  72->  87)
  222   10.000   124.0     0.0026    -3.9124     0.05(  70->  86)  0.04(  50->  85)  0.03(  51->  85)

  alpha tensor

           1         2         3
 
    1 274.58165
    2  72.76874 132.75370
    3 -25.92875 -50.35160  90.37509
 trace alpha_L[0] / au:   165.903478689177     
 sum rule f_L           7.90245233738861     
 
 SOS specific optical rotation 
 including Lorentz factor for common solvent (n=1.4)
 lambda [eV] alpha[grad*cm^3*g^-1*dm^-1]
 632.8  1.96     -152.34
 589.3  2.10     -157.46        0.00 ##
 579.0  2.14     -157.30
 546.0  2.27     -150.07
 436.0  2.84      236.15
 365.0  3.40    10600.46
 
 sTD-DFT done.
Mon 21 Mar 14:10:34 GMT 2022
