Mon 21 Mar 15:00:55 GMT 2022


                 *********************************************
                 *                                           *
                 *               s  T  D  A                  *
                 *                                           *
                 *                S. Grimme                  *
                 * Mulliken Center for Theoretical Chemistry *
                 *             Universitaet Bonn             *
                 *              Version 1.6.2                *
                 *       Tue Sep 10 14:44:30 CET 2020        *
                 *********************************************
 
 Please cite as:
 S. Grimme, J. Chem. Phys. 138 (2013) 244104
 
 With contributions from:
 C. Bannwarth, P. Shushkov, M. de Wergifosse
 
======================================================================
 
 reading an xTB output...
 
 reading: wfn.xtb
======================================================================
                    M O / A O    I N P U T 
======================================================================
atom  #          x             y             z            charge
  N   1     -7.35859285   -2.69437126   -1.65880144         7.00
  C   2     -5.15744006   -1.46359275   -0.97642140         6.00
  C   3     -2.82910872   -2.51012298   -1.38762576         6.00
  C   4     -0.59809826   -1.25628981   -0.64023915         6.00
  N   5      1.63688062   -2.31132381   -1.08205708         7.00
  C   6      3.68817814   -1.02555427   -0.37454368         6.00
  C   7      6.10891708   -2.07000580   -0.80445634         6.00
  C   8      8.22276452   -0.77932298   -0.08768328         6.00
  CL  9     11.17281570   -2.05280930   -0.60962559        17.00
  C  10      8.02566611    1.61968411    1.09282852         6.00
  CL 11     10.74252510    3.18570001    1.96663780        17.00
  C  12      5.71849970    2.68227701    1.53502439         6.00
  C  13      3.48918999    1.39764131    0.81692853         6.00
  N  14      1.24532940    2.46136805    1.25855748         7.00
  C  15     -0.79803127    1.18485817    0.55236689         6.00
  C  16     -3.22103788    2.19756231    1.01270414         6.00
  C  17     -5.36115252    0.91935167    0.32635567         6.00
  N  18     -7.74428591    1.91221369    0.72641065         7.00
  H  19     -7.09554299   -4.20671894   -2.78904653         1.00
  H  20     -8.79062717   -1.56941740   -2.22212874         1.00
  H  21     -2.64391558   -4.31122078   -2.32625264         1.00
  H  22      6.23307207   -3.89434724   -1.70245411         1.00
  H  23      5.54294415    4.50378385    2.42999860         1.00
  H  24     -3.33857883    4.00225059    1.95548841         1.00
  H  25     -7.77886790    3.43646664    1.87120663         1.00
  H  26     -9.11093572    0.64212888    1.11720598         1.00

 # atoms          =   26
 # mos            =  126
 # primitive  aos =  976
 # contracted aos =  184

 spherical AO basis
======================================================================
                    A O   I N T E G R A L S
======================================================================
 memory needed for AO int data:   1 Mb
 done.
  
Restricted MOs found... RKS-sTD-DFT will be performed
  
======================================================================
                    s T D A
======================================================================
 spectral range up to (eV)     :    10.0000000000000     
 occ MO cut-off (eV)           :   -36.2435680986036     
 virtMO cut-off (eV)           :    13.2898217193254     
 perturbation thr              :   1.000000000000000E-004
 triplet                       :  F
 MOs in TDA :          102
 oMOs in TDA:           45
 vMOs in TDA:           57
 sorting MOs ...
 reading and transforming R..V..L AO ints ...
 ints done.
 S^1/2 ...
 S^1/2 orthogonalized MO coefficients done.

 SCF atom population (using active MOs):
  4.964  3.930  4.053  3.950  5.137  3.944  4.027  4.060  6.959  4.060
  6.959  4.027  3.944  5.137  3.950  4.053  3.930  4.964  0.984  1.010
  0.987  0.994  0.994  0.987  0.984  1.010
 
 # electrons in TDA:  90.000
 
 
 ax(DF)   :   0.500000000000000     
 s^K      :    2.00000000000000     
 beta  (J):    4.00000000000000     
 alpha (K):    2.00000000000000     
 
 hardness table read.
 setting up gammas ...
 memory needed for q data (Mb)                      0
 computing q(ij,n) ...
 
         117 CSF included by energy.
 
        2448 considered in PT2.
 ordered frontier orbitals
         eV     # centers
  35   -19.362     4.0
  36   -18.783     2.4
  37   -18.521     3.4
  38   -18.464     5.2
  39   -18.269    11.0
  40   -18.138     2.9
  41   -16.647    12.7
  42   -16.145     8.1
  43   -15.551     6.6
  44   -14.749     8.5
  45   -14.710    11.6
 
  46    -8.244    12.1
  47    -6.160     8.7
  48    -5.794    10.9
  49    -5.723     5.5
  50    -5.147    10.0
  51    -4.658    20.2
  52    -4.416    18.7
  53    -4.309    11.2
  54    -4.212     8.8
  55    -4.186    11.1
  56    -4.067    20.5
 
             lowest CSF states
       eV     nm      excitation i->a               eV
    1  3.28   377.8       43 ->  46     gap,J,K:   7.307   4.526   0.000   Kshft:   0.500  locality: 0.975
    2  3.47   357.5       44 ->  46     gap,J,K:   6.505   3.985   0.474   Kshft:   0.001  locality: 0.966
    3  4.01   309.5       45 ->  46     gap,J,K:   6.467   3.790   0.665   Kshft:   0.000  locality: 0.902
    4  4.61   269.1       42 ->  46     gap,J,K:   7.901   3.983   0.343   Kshft:   0.004  locality: 0.964
    5  5.37   230.8       44 ->  47     gap,J,K:   8.589   3.935   0.357   Kshft:   0.003  locality: 0.952
    6  5.40   229.6       43 ->  47     gap,J,K:   9.391   4.492   0.000   Kshft:   0.500  locality: 0.965
    7  5.47   226.7       41 ->  46     gap,J,K:   8.403   3.853   0.459   Kshft:   0.001  locality: 0.971
    8  5.61   220.9       45 ->  47     gap,J,K:   8.550   3.714   0.386   Kshft:   0.002  locality: 0.882
    9  5.79   214.0       40 ->  46     gap,J,K:   9.894   4.610   0.006   Kshft:   0.500  locality: 0.959
   10  5.80   213.6       45 ->  50     gap,J,K:   9.563   4.296   0.019   Kshft:   0.499  locality: 0.953
   11  5.87   211.2       44 ->  48     gap,J,K:   8.955   3.884   0.398   Kshft:   0.002  locality: 0.967
   12  5.92   209.3       45 ->  48     gap,J,K:   8.916   3.735   0.370   Kshft:   0.003  locality: 0.913
   13  5.96   208.0       43 ->  48     gap,J,K:   9.757   4.298   0.000   Kshft:   0.500  locality: 0.951
   14  6.30   196.9       44 ->  50     gap,J,K:   9.601   3.841   0.019   Kshft:   0.499  locality: 0.868
   15  6.60   187.9       44 ->  51     gap,J,K:  10.091   3.875   0.142   Kshft:   0.098  locality: 0.967
   16  6.73   184.2       42 ->  47     gap,J,K:   9.985   4.075   0.411   Kshft:   0.002  locality: 0.984
   17  6.74   183.9       44 ->  49     gap,J,K:   9.025   2.785   0.000   Kshft:   0.500  locality: 0.642
   18  6.75   183.7       45 ->  51     gap,J,K:  10.052   3.690   0.163   Kshft:   0.062  locality: 0.904
   19  6.78   182.9       39 ->  46     gap,J,K:  10.025   3.813   0.279   Kshft:   0.008  locality: 0.957
   20  6.99   177.3       45 ->  49     gap,J,K:   8.987   2.495   0.000   Kshft:   0.500  locality: 0.565
   21  7.03   176.4       43 ->  51     gap,J,K:  10.893   4.366   0.000   Kshft:   0.500  locality: 0.968
   22  7.03   176.4       42 ->  49     gap,J,K:  10.421   3.893   0.000   Kshft:   0.500  locality: 0.896
   23  7.03   176.3       45 ->  52     gap,J,K:  10.295   3.799   0.020   Kshft:   0.499  locality: 0.985
   24  7.04   176.0       43 ->  49     gap,J,K:   9.827   3.309   0.013   Kshft:   0.500  locality: 0.678
   25  7.09   174.9       38 ->  46     gap,J,K:  10.220   3.515   0.158   Kshft:   0.070  locality: 0.769
 
 selecting CSF ...
 average/max PT2 energy lowering (eV):     0.014     0.058
         946 CSF included by PT.
        1063 CSF in total.
 sTD-DFT procedure...
 setting up A+B and A-B matrices
  calculating (A-B)^0.5 ...
 estimated time (min)     0.05
  calculating (A+B)*(A-B)^0.5 ...
 calculate eigenvalues of (A-B)^0.5*(A+B)*(A-B)^0.5 ...
  rpa vectors ok
  125 roots found, lowest/highest eigenvalue :    2.939   9.982   0
 writing spectral data to tda.dat ...
 
 excitation energies, transition moments and TDA amplitudes
 state    eV      nm       fL         Rv
    1    2.939   421.8     0.0327     9.2382     0.96(  44->  46)  0.01(  42->  46)  0.01(  45->  47)
    2    3.140   394.8     0.0058    -0.5776     0.96(  43->  46)  0.02(  43->  51)  0.01(  43->  54)
    3    3.193   388.3     0.4869   -10.2921     0.85(  45->  46)  0.10(  44->  47)  0.01(  45->  48)
    4    4.263   290.9     0.0309    -5.5056     0.95(  42->  46)  0.01(  44->  46)  0.01(  44->  48)
    5    4.644   267.0     0.0852    -9.9922     0.60(  41->  46)  0.11(  44->  47)  0.10(  45->  48)
    6    4.999   248.0     0.1221   181.2205     0.61(  45->  47)  0.22(  45->  50)  0.04(  44->  48)
    7    5.029   246.5     1.2250   -53.7320     0.53(  44->  47)  0.19(  45->  48)  0.09(  45->  46)
    8    5.251   236.1     0.0001     0.3474     0.95(  43->  47)  0.01(  43->  61)  0.01(  43->  65)
    9    5.288   234.5     0.2574   -29.0648     0.32(  45->  48)  0.16(  41->  46)  0.14(  44->  50)
   10    5.300   233.9     0.0893  -183.6338     0.48(  45->  50)  0.26(  45->  47)  0.06(  45->  55)
   11    5.443   227.8     0.0200    -9.7721     0.78(  44->  48)  0.06(  45->  50)  0.03(  44->  51)
   12    5.537   223.9     0.0164   110.2511     0.87(  40->  46)  0.03(  39->  46)  0.03(  40->  51)
   13    5.544   223.6     0.4897   -30.4144     0.30(  44->  50)  0.11(  45->  48)  0.11(  41->  46)
   14    5.842   212.2     0.0001    -1.3631     0.95(  43->  48)  0.01(  34->  46)  0.01(  43->  51)
   15    5.854   211.8     0.0007    -4.2217     0.52(  44->  49)  0.43(  42->  49)  0.01(  44->  50)
   16    6.002   206.6     0.0009     0.7251     0.23(  42->  47)  0.20(  45->  51)  0.14(  39->  46)
   17    6.092   203.5     0.0191    82.6327     0.52(  44->  51)  0.13(  42->  48)  0.06(  45->  56)
   18    6.269   197.8     0.0382   -59.9321     0.23(  44->  52)  0.20(  45->  56)  0.06(  45->  57)
   19    6.315   196.3     0.0002     0.2501     0.55(  45->  49)  0.37(  41->  49)  0.02(  39->  49)
   20    6.355   195.1     0.0125     6.9041     0.25(  45->  52)  0.24(  44->  50)  0.10(  44->  56)
   21    6.509   190.5     0.0038     0.2819     0.64(  39->  46)  0.08(  45->  51)  0.04(  41->  46)
   22    6.598   187.9     0.0008     2.7689     0.46(  41->  47)  0.26(  45->  55)  0.05(  38->  46)
   23    6.664   186.1     0.0208    -4.1857     0.22(  43->  49)  0.20(  42->  47)  0.18(  45->  51)
   24    6.681   185.6     0.0134    -1.1429     0.75(  43->  51)  0.12(  43->  54)  0.04(  43->  52)
   25    6.726   184.3     0.0014    21.1517     0.22(  44->  56)  0.17(  44->  55)  0.15(  45->  52)
   26    6.766   183.2     0.1266   -33.7125     0.57(  38->  46)  0.14(  44->  51)  0.07(  42->  48)
   27    6.891   179.9     0.1607    10.2951     0.64(  43->  49)  0.12(  42->  47)  0.07(  45->  51)
   28    6.929   178.9     0.0680    54.6685     0.26(  44->  52)  0.19(  45->  56)  0.08(  41->  47)
   29    6.976   177.7     0.0219   -23.4356     0.21(  42->  48)  0.19(  44->  54)  0.11(  33->  46)
   30    7.028   176.4     0.0005   -12.4259     0.41(  44->  53)  0.24(  42->  53)  0.11(  42->  52)
   31    7.102   174.6     0.0008     0.9303     0.26(  44->  55)  0.18(  44->  56)  0.10(  45->  60)
   32    7.217   171.8     0.0156   -14.4236     0.22(  44->  54)  0.14(  42->  54)  0.13(  42->  48)
   33    7.242   171.2     0.0129    13.4267     0.59(  37->  46)  0.08(  41->  47)  0.07(  45->  55)
   34    7.260   170.8     0.0102    -0.8504     0.24(  45->  55)  0.23(  41->  47)  0.13(  37->  46)
   35    7.401   167.5     0.0000    -0.2649     0.28(  45->  59)  0.19(  44->  55)  0.13(  43->  50)
   36    7.444   166.6     0.3206     1.0202     0.34(  33->  46)  0.26(  42->  48)  0.13(  35->  46)
   37    7.473   165.9     0.0132    26.0988     0.30(  43->  50)  0.26(  41->  48)  0.09(  43->  56)
   38    7.534   164.6     0.0002    -2.6720     0.38(  36->  46)  0.15(  32->  46)  0.14(  41->  48)
   39    7.561   164.0     0.0054     8.9804     0.15(  36->  46)  0.13(  43->  55)  0.13(  45->  53)
   40    7.585   163.5     0.0008   -44.7586     0.44(  44->  59)  0.10(  45->  61)  0.09(  45->  55)
   41    7.590   163.4     0.0007     3.3257     0.15(  45->  53)  0.14(  45->  54)  0.12(  45->  52)
   42    7.619   162.7     0.0010    -5.9055     0.79(  34->  46)  0.05(  40->  47)  0.04(  37->  46)
   43    7.631   162.5     0.0000    -0.1606     0.37(  42->  49)  0.26(  44->  49)  0.14(  44->  57)
   44    7.679   161.5     0.0011   -13.2733     0.28(  43->  55)  0.21(  45->  54)  0.12(  41->  54)
   45    7.710   160.8     0.0198   -18.5089     0.28(  43->  55)  0.13(  45->  59)  0.12(  41->  48)
   46    7.711   160.8     0.0001     1.3393     0.85(  40->  47)  0.05(  34->  46)  0.04(  39->  47)
   47    7.725   160.5     0.0000     0.5997     0.20(  44->  57)  0.15(  42->  57)  0.15(  42->  56)
   48    7.801   158.9     0.0163   -40.6770     0.25(  41->  49)  0.16(  39->  49)  0.15(  45->  49)
   49    7.821   158.5     0.1262   159.7163     0.27(  43->  52)  0.23(  43->  53)  0.08(  44->  60)
   50    7.872   157.5     0.0001    -2.5720     0.41(  44->  58)  0.38(  42->  58)  0.05(  42->  57)
   51    7.923   156.5     0.0097   -45.6010     0.35(  44->  60)  0.13(  35->  46)  0.08(  45->  63)
   52    7.940   156.1     0.0172     5.5559     0.44(  32->  46)  0.25(  36->  46)  0.07(  30->  46)
   53    7.951   155.9     0.0049    -0.6996     0.42(  45->  60)  0.11(  44->  56)  0.09(  45->  59)
   54    7.955   155.9     0.0601   -25.4695     0.28(  35->  46)  0.26(  33->  46)  0.07(  39->  47)
   55    8.126   152.6     0.0018    -1.7222     0.15(  45->  60)  0.11(  44->  61)  0.08(  41->  51)
   56    8.134   152.4     0.0157     1.5638     0.48(  43->  53)  0.27(  43->  52)  0.04(  43->  60)
   57    8.192   151.3     0.0138     3.8205     0.19(  45->  57)  0.12(  45->  56)  0.10(  41->  56)
   58    8.205   151.1     0.0023     3.0145     0.41(  42->  51)  0.14(  45->  61)  0.12(  42->  54)
   59    8.239   150.5     0.0203     0.0981     0.69(  43->  54)  0.09(  43->  51)  0.04(  43->  64)
   60    8.239   150.5     0.0140    -9.2537     0.25(  44->  61)  0.14(  30->  46)  0.12(  39->  48)
   61    8.279   149.8     0.0176   -16.0729     0.56(  39->  47)  0.12(  35->  46)  0.11(  41->  55)
   62    8.309   149.2     0.0011    -3.8171     0.69(  40->  48)  0.10(  43->  56)  0.03(  43->  61)
   63    8.363   148.3     0.0194     1.2252     0.39(  45->  58)  0.27(  41->  58)  0.05(  45->  57)
   64    8.379   148.0     0.0036     8.2996     0.33(  38->  50)  0.10(  38->  47)  0.09(  43->  56)
   65    8.380   147.9     0.0020     7.1504     0.26(  45->  61)  0.16(  31->  46)  0.14(  44->  59)
   66    8.392   147.7     0.0002    -6.2396     0.17(  43->  56)  0.14(  37->  49)  0.09(  38->  50)
   67    8.402   147.6     0.0065   -16.1593     0.65(  31->  46)  0.07(  45->  61)  0.04(  44->  59)
   68    8.423   147.2     0.0033    -2.3445     0.62(  37->  49)  0.06(  42->  55)  0.04(  43->  56)
   69    8.478   146.2     0.0331    42.0883     0.16(  42->  55)  0.11(  38->  50)  0.11(  44->  62)
   70    8.657   143.2     0.0117    -2.5523     0.24(  45->  63)  0.19(  44->  64)  0.13(  44->  60)
   71    8.657   143.2     0.0025    -0.1766     0.18(  29->  46)  0.14(  30->  46)  0.11(  41->  51)
   72    8.689   142.7     0.0008     0.4475     0.40(  44->  63)  0.10(  45->  64)  0.06(  42->  57)
   73    8.709   142.4     0.0245    62.4395     0.79(  36->  49)  0.05(  37->  53)  0.02(  39->  47)
   74    8.749   141.7     0.0005   -98.1505     0.17(  44->  53)  0.16(  41->  50)  0.12(  42->  53)
   75    8.816   140.6     0.0022     6.6964     0.21(  41->  50)  0.15(  42->  53)  0.11(  44->  53)
   76    8.831   140.4     0.0058     9.6733     0.65(  43->  57)  0.04(  45->  64)  0.04(  43->  49)
   77    8.851   140.1     0.0203   -31.8825     0.30(  29->  46)  0.10(  39->  48)  0.09(  30->  46)
   78    8.870   139.8     0.0150    -3.4261     0.26(  38->  47)  0.17(  45->  64)  0.10(  43->  57)
   79    8.875   139.7     0.0031     4.4015     0.17(  42->  55)  0.11(  42->  62)  0.09(  44->  62)
   80    8.925   138.9     0.0011    24.1017     0.35(  37->  47)  0.15(  40->  51)  0.10(  43->  62)
   81    8.925   138.9     0.0155    41.3119     0.24(  41->  55)  0.14(  45->  65)  0.08(  39->  47)
   82    8.930   138.8     0.0501    -2.8706     0.42(  43->  64)  0.25(  43->  59)  0.23(  43->  60)
   83    8.944   138.6     0.0002     5.3397     0.32(  37->  47)  0.22(  40->  51)  0.13(  43->  61)
   84    8.964   138.3     0.0055    -6.1818     0.22(  44->  64)  0.13(  42->  54)  0.09(  45->  63)
   85    8.981   138.0     0.0000     2.8744     0.37(  45->  64)  0.14(  38->  47)  0.09(  44->  63)
   86    9.031   137.3     0.0009     4.6409     0.27(  42->  54)  0.20(  44->  54)  0.16(  44->  64)
   87    9.051   137.0     0.0346   -18.7959     0.79(  43->  58)  0.03(  42->  50)  0.02(  39->  48)
   88    9.093   136.4     0.0016     7.3564     0.20(  35->  49)  0.20(  41->  53)  0.13(  45->  53)
   89    9.110   136.1     0.0103    16.6200     0.37(  42->  50)  0.13(  38->  50)  0.08(  42->  56)
   90    9.194   134.9     0.0069    -4.7483     0.17(  39->  48)  0.12(  30->  46)  0.11(  42->  55)
   91    9.212   134.6     0.0009   -14.6356     0.69(  28->  46)  0.05(  34->  47)  0.04(  43->  61)
   92    9.293   133.4     0.0130    47.6963     0.16(  38->  52)  0.14(  38->  48)  0.13(  38->  51)
   93    9.309   133.2     0.0337     1.1725     0.14(  41->  54)  0.14(  39->  48)  0.14(  44->  62)
   94    9.336   132.8     0.0032    -1.7008     0.74(  36->  47)  0.11(  36->  55)  0.02(  32->  47)
   95    9.355   132.5     0.0058   -21.2805     0.28(  39->  49)  0.11(  42->  52)  0.08(  41->  49)
   96    9.362   132.4     0.0207    -8.3589     0.17(  44->  65)  0.12(  33->  47)  0.10(  41->  52)
   97    9.383   132.1     0.0012     7.8698     0.28(  27->  46)  0.27(  43->  62)  0.10(  43->  61)
   98    9.394   132.0     0.0010    12.8697     0.42(  35->  49)  0.11(  33->  49)  0.09(  41->  53)
   99    9.406   131.8     0.0098    -3.7414     0.43(  45->  62)  0.17(  41->  62)  0.13(  45->  65)
  100    9.411   131.7     0.0009    -9.3661     0.13(  42->  52)  0.09(  45->  65)  0.07(  38->  48)
  101    9.454   131.1     0.0001     0.8971     0.24(  40->  51)  0.21(  43->  61)  0.18(  43->  62)
  102    9.459   131.1     0.0045     1.0643     0.17(  41->  52)  0.10(  24->  46)  0.08(  44->  65)
  103    9.464   131.0     0.0138    30.4791     0.17(  43->  59)  0.15(  43->  60)  0.08(  40->  49)
  104    9.512   130.4     0.0007     5.5685     0.23(  27->  46)  0.17(  43->  61)  0.12(  43->  62)
  105    9.514   130.3     0.0496   -37.0602     0.37(  40->  49)  0.12(  41->  55)  0.11(  38->  48)
  106    9.525   130.2     0.0046    -0.5703     0.38(  24->  46)  0.10(  39->  48)  0.08(  26->  46)
  107    9.540   130.0     0.0234    -4.6380     0.32(  40->  49)  0.13(  43->  59)  0.09(  43->  60)
  108    9.558   129.7     0.0020    -8.8343     0.21(  27->  46)  0.10(  33->  47)  0.07(  44->  65)
  109    9.591   129.3     0.0039     1.7397     0.13(  44->  65)  0.12(  42->  56)  0.10(  44->  57)
  110    9.605   129.1     0.0514   -77.9599     0.18(  45->  65)  0.10(  38->  48)  0.05(  43->  59)
  111    9.648   128.5     0.0024     3.0714     0.29(  37->  48)  0.29(  37->  51)  0.18(  37->  54)
  112    9.680   128.1     0.0034   -14.4482     0.30(  41->  56)  0.15(  45->  57)  0.12(  39->  57)
  113    9.697   127.9     0.0000     0.3968     0.71(  34->  47)  0.05(  28->  46)  0.03(  34->  55)
  114    9.735   127.4     0.0021     0.8771     0.20(  44->  58)  0.16(  42->  57)  0.14(  42->  58)
  115    9.756   127.1     0.0057    25.3879     0.57(  25->  46)  0.11(  34->  48)  0.09(  31->  48)
  116    9.792   126.6     0.0001     0.7883     0.43(  35->  47)  0.22(  33->  47)  0.08(  35->  55)
  117    9.793   126.6     0.0377   -10.1383     0.21(  45->  58)  0.16(  41->  58)  0.14(  39->  58)
  118    9.813   126.4     0.0015     4.7651     0.31(  26->  46)  0.09(  42->  58)  0.06(  24->  46)
  119    9.819   126.3     0.0025    -1.1880     0.13(  41->  57)  0.11(  41->  56)  0.09(  39->  56)
  120    9.838   126.0     0.0002     7.6964     0.19(  42->  58)  0.13(  26->  46)  0.12(  44->  58)
  121    9.904   125.2     0.0008     0.2882     0.46(  37->  54)  0.29(  37->  48)  0.05(  31->  48)
  122    9.949   124.6     0.0077     9.4402     0.28(  44->  66)  0.07(  42->  53)  0.05(  42->  52)
  123    9.954   124.6     0.0006     1.6473     0.41(  45->  66)  0.05(  41->  53)  0.05(  45->  68)
  124    9.967   124.4     0.0108    22.7514     0.30(  33->  48)  0.12(  35->  48)  0.07(  43->  64)
  125    9.982   124.2     0.0000     0.4228     0.42(  36->  54)  0.25(  36->  51)  0.07(  36->  48)

  alpha tensor

           1         2         3
 
    1 296.48026
    2  10.76973  59.99240
    3  15.69197  25.02338  23.16991
 trace alpha_L[0] / au:   126.547521496151     
 sum rule f_L           4.67592641244639     
 
 SOS specific optical rotation 
 including Lorentz factor for common solvent (n=1.4)
 lambda [eV] alpha[grad*cm^3*g^-1*dm^-1]
 632.8  1.96       75.16
 589.3  2.10      104.68        0.00 ##
 579.0  2.14      114.87
 546.0  2.27      163.32
 436.0  2.84     4101.06
 365.0  3.40     2508.91
 
 sTD-DFT done.
Mon 21 Mar 15:00:57 GMT 2022
