Mon 21 Mar 14:15:10 GMT 2022


                 *********************************************
                 *                                           *
                 *               s  T  D  A                  *
                 *                                           *
                 *                S. Grimme                  *
                 * Mulliken Center for Theoretical Chemistry *
                 *             Universitaet Bonn             *
                 *              Version 1.6.2                *
                 *       Tue Sep 10 14:44:30 CET 2020        *
                 *********************************************
 
 Please cite as:
 S. Grimme, J. Chem. Phys. 138 (2013) 244104
 
 With contributions from:
 C. Bannwarth, P. Shushkov, M. de Wergifosse
 
======================================================================
 
 reading an xTB output...
 
 reading: wfn.xtb
======================================================================
                    M O / A O    I N P U T 
======================================================================
atom  #          x             y             z            charge
  C   1     -9.61681536   -3.81403388   -5.34943622         6.00
  O   2     -9.98984726   -2.13633519   -3.32421692         8.00
  C   3     -7.92229810   -1.17295290   -2.13671313         6.00
  C   4     -5.45185936   -1.74856342   -2.75597632         6.00
  C   5     -3.47369424   -0.66423867   -1.39310597         6.00
  C   6     -0.88401380   -1.26743919   -1.99762930         6.00
  C   7      0.20900369   -2.79925105   -3.79324690         6.00
  N   8      2.75144098   -2.71100085   -3.54531485         7.00
  C   9      3.17644035   -1.17427570   -1.66069116         6.00
  C  10      5.61475374   -0.47658888   -0.66782915         6.00
  C  11      5.82432435    1.23077851    1.38649193         6.00
  N  12      7.95669111    1.93205581    2.37444066         7.00
  C  13     10.12798623    0.99739736    1.41200323         6.00
  C  14     12.43874312    1.76009075    2.49160366         6.00
  C  15     14.67183227    0.84848695    1.56318131         6.00
  C  16     14.69602076   -0.85491202   -0.47299841         6.00
  C  17     12.48579729   -1.63026658   -1.56148055         6.00
  C  18     10.14745040   -0.72924524   -0.65271134         6.00
  C  19      7.80929249   -1.45244336   -1.68280096         6.00
  O  20      1.03462496   -0.23394807   -0.64193990         8.00
  C  21     -4.00451826    1.01213722    0.56068169         6.00
  C  22     -6.47552391    1.62951069    1.19033838         6.00
  O  23     -7.06020512    3.31722493    3.07061570         8.00
  C  24     -5.07920541    4.41988002    4.45654071         6.00
  C  25     -8.47901136    0.51438340   -0.14248534         6.00
  O  26    -10.99537044    0.89780880    0.21297211         8.00
  C  27    -11.91812362    1.98213355    2.46325777         6.00
  H  28    -11.50219494   -4.31670099   -6.00195859         1.00
  H  29     -8.57387560   -2.92208324   -6.89825561         1.00
  H  30     -8.62281951   -5.52763737   -4.75020412         1.00
  H  31     -5.02534822   -3.03886830   -4.26813503         1.00
  H  32     -0.65592388   -3.93781093   -5.22263561         1.00
  H  33      4.13320860    2.02673108    2.21797135         1.00
  H  34     12.37921675    3.06872597    4.05346216         1.00
  H  35     16.44307240    1.43335713    2.39220408         1.00
  H  36     16.48389048   -1.54844144   -1.17200803         1.00
  H  37     12.48768702   -2.94003563   -3.12806336         1.00
  H  38      7.71253852   -2.75692119   -3.24862788         1.00
  H  39     -2.44322668    1.83870335    1.56998432         1.00
  H  40     -3.95935381    2.99729433    5.45696162         1.00
  H  41     -3.83935621    5.55258176    3.24919480         1.00
  H  42     -5.99515557    5.64971367    5.82961558         1.00
  H  43    -11.47687261    3.99393579    2.58703482         1.00
  H  44    -11.17924077    1.01988509    4.13339757         1.00
  H  45    -13.96091737    1.73042205    2.37614141         1.00

 # atoms          =   45
 # mos            =  205
 # primitive  aos = 1602
 # contracted aos =  306

 spherical AO basis
======================================================================
                    A O   I N T E G R A L S
======================================================================
 memory needed for AO int data:   3 Mb
 done.
  
Restricted MOs found... RKS-sTD-DFT will be performed
  
======================================================================
                    s T D A
======================================================================
 spectral range up to (eV)     :    10.0000000000000     
 occ MO cut-off (eV)           :   -35.7942599465358     
 virtMO cut-off (eV)           :    14.1035104933157     
 perturbation thr              :   1.000000000000000E-004
 triplet                       :  F
 MOs in TDA :          164
 oMOs in TDA:           64
 vMOs in TDA:          100
 sorting MOs ...
 reading and transforming R..V..L AO ints ...
 ints done.
 S^1/2 ...
 S^1/2 orthogonalized MO coefficients done.

 SCF atom population (using active MOs):
  3.502  5.192  3.425  3.889  3.985  3.567  3.836  5.104  3.529  4.012
  3.822  5.192  3.971  4.024  3.983  4.005  3.966  4.044  3.898  5.181
  3.881  3.400  5.181  3.475  3.371  5.196  3.497  0.975  0.990  0.992
  1.015  0.988  1.028  0.988  0.995  0.992  0.992  0.995  1.003  0.987
  0.988  0.973  1.004  0.983  0.984
 
 # electrons in TDA: 128.000
 
 
 ax(DF)   :   0.500000000000000     
 s^K      :    2.00000000000000     
 beta  (J):    4.00000000000000     
 alpha (K):    2.00000000000000     
 
 hardness table read.
 setting up gammas ...
 memory needed for q data (Mb)                      3
 computing q(ij,n) ...
 
         138 CSF included by energy.
 
        6262 considered in PT2.
 ordered frontier orbitals
         eV     # centers
  54   -18.729    14.8
  55   -18.424    15.0
  56   -18.276    12.5
  57   -17.971    11.0
  58   -17.714     2.2
  59   -16.630     8.9
  60   -16.561     3.6
  61   -15.954     7.5
  62   -15.269    15.5
  63   -14.944     5.4
  64   -13.896    10.4
 
  65    -7.794     9.8
  66    -6.988    10.6
  67    -6.087    13.6
  68    -5.155     9.7
  69    -5.087    20.9
  70    -5.080     5.0
  71    -4.975    13.6
  72    -4.826    15.0
  73    -4.545    11.5
  74    -4.477    17.3
  75    -4.078    17.9
 
             lowest CSF states
       eV     nm      excitation i->a               eV
    1  4.02   308.3       64 ->  65     gap,J,K:   6.102   2.511   0.201   Kshft:   0.029  locality: 0.615
    2  4.64   267.3       64 ->  66     gap,J,K:   6.908   2.687   0.191   Kshft:   0.035  locality: 0.680
    3  4.94   250.8       60 ->  65     gap,J,K:   8.767   4.323   0.000   Kshft:   0.500  locality: 0.912
    4  5.04   245.9       62 ->  65     gap,J,K:   7.475   3.192   0.378   Kshft:   0.002  locality: 0.859
    5  5.08   244.1       61 ->  65     gap,J,K:   8.160   3.964   0.441   Kshft:   0.001  locality: 0.951
    6  5.41   229.2       64 ->  67     gap,J,K:   7.810   3.302   0.450   Kshft:   0.001  locality: 0.884
    7  5.44   227.9       64 ->  70     gap,J,K:   8.817   4.376   0.499   Kshft:   0.001  locality: 0.968
    8  5.51   225.1       63 ->  65     gap,J,K:   7.149   2.213   0.048   Kshft:   0.475  locality: 0.494
    9  5.58   222.0       62 ->  66     gap,J,K:   8.281   3.222   0.256   Kshft:   0.011  locality: 0.896
   10  5.78   214.6       60 ->  66     gap,J,K:   9.573   4.295   0.000   Kshft:   0.500  locality: 0.936
   11  5.84   212.2       59 ->  65     gap,J,K:   8.835   3.960   0.483   Kshft:   0.001  locality: 0.990
   12  5.92   209.5       63 ->  66     gap,J,K:   7.956   2.497   0.097   Kshft:   0.263  locality: 0.575
   13  5.94   208.6       64 ->  69     gap,J,K:   8.809   3.371   0.002   Kshft:   0.500  locality: 0.911
   14  6.07   204.3       63 ->  67     gap,J,K:   8.857   3.332   0.267   Kshft:   0.010  locality: 0.812
   15  6.20   200.0       61 ->  66     gap,J,K:   8.966   3.765   0.499   Kshft:   0.001  locality: 0.933
   16  6.23   199.0       64 ->  72     gap,J,K:   9.070   3.341   0.000   Kshft:   0.500  locality: 0.888
   17  6.45   192.4       62 ->  67     gap,J,K:   9.183   3.375   0.316   Kshft:   0.005  locality: 0.993
   18  6.60   188.0       59 ->  66     gap,J,K:   9.642   3.775   0.363   Kshft:   0.003  locality: 0.975
   19  6.62   187.3       63 ->  70     gap,J,K:   9.864   4.968   0.863   Kshft:   0.000  locality: 1.000
   20  6.66   186.2       64 ->  74     gap,J,K:   9.420   3.267   0.004   Kshft:   0.500  locality: 0.899
   21  6.69   185.4       63 ->  69     gap,J,K:   9.857   3.675   0.003   Kshft:   0.500  locality: 0.904
   22  6.70   185.0       58 ->  65     gap,J,K:   9.919   3.719   0.000   Kshft:   0.500  locality: 0.757
   23  6.84   181.2       63 ->  72     gap,J,K:  10.117   3.774   0.000   Kshft:   0.500  locality: 0.913
   24  6.89   180.0       64 ->  68     gap,J,K:   8.741   2.272   0.112   Kshft:   0.196  locality: 0.547
   25  7.08   175.1       64 ->  73     gap,J,K:   9.351   2.676   0.181   Kshft:   0.043  locality: 0.692
 
 selecting CSF ...
 average/max PT2 energy lowering (eV):     0.031     0.260
        1080 CSF included by PT.
        1218 CSF in total.
 sTD-DFT procedure...
 setting up A+B and A-B matrices
  calculating (A-B)^0.5 ...
 estimated time (min)     0.08
  calculating (A+B)*(A-B)^0.5 ...
 calculate eigenvalues of (A-B)^0.5*(A+B)*(A-B)^0.5 ...
  rpa vectors ok
  159 roots found, lowest/highest eigenvalue :    3.447   9.991   0
 writing spectral data to tda.dat ...
 
 excitation energies, transition moments and TDA amplitudes
 state    eV      nm       fL         Rv
    1    3.447   359.7     1.2417     0.1413     0.69(  64->  65)  0.11(  64->  66)  0.11(  62->  65)
    2    3.995   310.4     0.0471    -0.9782     0.38(  64->  66)  0.17(  62->  66)  0.15(  61->  65)
    3    4.139   299.5     0.0028    -0.3484     0.41(  64->  70)  0.24(  63->  67)  0.16(  63->  66)
    4    4.332   286.2     0.0211   -18.6044     0.40(  61->  65)  0.26(  62->  65)  0.11(  64->  67)
    5    4.599   269.6     0.0055   -35.4136     0.79(  60->  65)  0.14(  60->  66)  0.02(  60->  73)
    6    4.614   268.7     0.1111    35.9031     0.24(  62->  65)  0.20(  64->  65)  0.19(  59->  65)
    7    4.747   261.2     0.2621    41.1589     0.27(  61->  65)  0.24(  62->  66)  0.22(  64->  67)
    8    5.074   244.3     0.0682     4.3050     0.36(  64->  67)  0.13(  64->  66)  0.07(  59->  65)
    9    5.188   239.0     0.2461   -13.4013     0.36(  64->  70)  0.33(  63->  65)  0.12(  63->  66)
   10    5.419   228.8     0.0002     0.4917     0.69(  60->  66)  0.16(  60->  67)  0.12(  60->  65)
   11    5.439   228.0     0.0018   -15.6543     0.66(  64->  69)  0.06(  64->  71)  0.06(  64->  74)
   12    5.631   220.2     0.0669    18.7883     0.20(  62->  67)  0.16(  62->  66)  0.15(  62->  65)
   13    5.682   218.2     0.0026   -19.0171     0.53(  64->  72)  0.16(  63->  69)  0.06(  64->  74)
   14    5.816   213.2     0.3954    -2.3896     0.35(  61->  66)  0.30(  59->  65)  0.05(  62->  67)
   15    5.863   211.5     0.1466     0.3475     0.24(  63->  65)  0.16(  63->  67)  0.13(  61->  66)
   16    5.916   209.6     0.3542   -19.7424     0.19(  59->  66)  0.16(  63->  65)  0.11(  63->  67)
   17    5.951   208.3     0.0110    27.8622     0.46(  64->  74)  0.11(  63->  69)  0.10(  64->  69)
   18    5.987   207.1     0.0073    -3.0028     0.68(  58->  65)  0.18(  58->  66)  0.05(  58->  73)
   19    6.005   206.5     0.0627    -2.0570     0.46(  63->  70)  0.15(  59->  66)  0.07(  62->  66)
   20    6.180   200.6     0.0420    15.1875     0.35(  63->  72)  0.14(  64->  76)  0.10(  62->  69)
   21    6.212   199.6     0.2347    -8.8043     0.22(  62->  67)  0.11(  63->  70)  0.10(  64->  68)
   22    6.295   197.0     0.1225    -4.4399     0.19(  64->  68)  0.18(  62->  68)  0.13(  57->  65)
   23    6.323   196.1     0.0076   -18.9842     0.41(  63->  69)  0.24(  64->  72)  0.06(  64->  69)
   24    6.361   194.9     0.0602     0.7656     0.53(  63->  66)  0.28(  63->  67)  0.05(  63->  73)
   25    6.446   192.4     0.3055     4.5502     0.18(  57->  65)  0.17(  64->  73)  0.08(  59->  66)
   26    6.513   190.4     0.0005     0.1703     0.42(  61->  71)  0.24(  62->  71)  0.10(  64->  71)
   27    6.567   188.8     0.0238   -20.4939     0.25(  64->  73)  0.20(  61->  68)  0.10(  64->  78)
   28    6.624   187.2     0.0234     8.7182     0.42(  64->  78)  0.23(  64->  79)  0.05(  62->  78)
   29    6.773   183.1     0.0006    -0.7731     0.28(  63->  72)  0.14(  64->  76)  0.13(  64->  75)
   30    6.797   182.4     0.0024     8.4430     0.72(  62->  70)  0.04(  59->  70)  0.04(  61->  70)
   31    6.812   182.0     0.1458     7.4754     0.26(  57->  65)  0.21(  59->  66)  0.07(  59->  68)
   32    6.874   180.4     0.0013    16.8131     0.23(  64->  77)  0.15(  64->  79)  0.05(  64->  81)
   33    6.891   179.9     0.0009   -13.7696     0.16(  64->  77)  0.13(  64->  79)  0.07(  64->  78)
   34    7.061   175.6     0.0254     6.5994     0.31(  64->  81)  0.16(  63->  78)  0.05(  61->  68)
   35    7.079   175.2     0.0043     3.8951     0.66(  60->  68)  0.10(  60->  73)  0.08(  50->  65)
   36    7.111   174.4     0.0032   -27.0144     0.13(  64->  80)  0.10(  64->  76)  0.09(  61->  71)
   37    7.130   173.9     0.0281    17.0736     0.20(  64->  68)  0.13(  61->  68)  0.09(  64->  73)
   38    7.180   172.7     0.0009    -1.8223     0.12(  59->  71)  0.11(  63->  77)  0.07(  61->  71)
   39    7.242   171.2     0.0138   -29.8173     0.22(  61->  67)  0.19(  57->  66)  0.11(  59->  67)
   40    7.256   170.9     0.0017    18.2297     0.29(  63->  74)  0.07(  62->  72)  0.07(  59->  71)
   41    7.321   169.4     0.0372    15.7030     0.14(  64->  83)  0.09(  64->  86)  0.08(  61->  67)
   42    7.370   168.2     0.0510   -72.5290     0.08(  64->  83)  0.07(  64->  86)  0.07(  62->  75)
   43    7.385   167.9     0.0250    78.6384     0.10(  61->  75)  0.10(  62->  75)  0.08(  64->  75)
   44    7.426   167.0     0.0014    -3.0050     0.39(  58->  66)  0.30(  58->  67)  0.11(  58->  65)
   45    7.458   166.2     0.0078    11.7039     0.20(  64->  84)  0.11(  64->  83)  0.10(  63->  74)
   46    7.465   166.1     0.0094    -3.8777     0.42(  53->  65)  0.12(  59->  68)  0.06(  53->  66)
   47    7.498   165.3     0.0964    -7.9803     0.50(  63->  79)  0.06(  63->  73)  0.04(  63->  67)
   48    7.536   164.5     0.0021    -1.7912     0.41(  60->  67)  0.28(  60->  73)  0.04(  60->  68)
   49    7.579   163.6     0.0115    -7.1940     0.20(  55->  65)  0.10(  63->  81)  0.09(  64->  79)
   50    7.599   163.1     0.1055   -14.9738     0.20(  63->  78)  0.12(  63->  81)  0.10(  64->  81)
   51    7.622   162.7     0.0003     0.4362     0.53(  50->  65)  0.11(  51->  65)  0.06(  60->  68)
   52    7.661   161.8     0.0067    -2.6062     0.18(  63->  76)  0.11(  62->  69)  0.08(  63->  75)
   53    7.701   161.0     0.0170   -17.1129     0.14(  64->  81)  0.11(  63->  78)  0.07(  64->  86)
   54    7.741   160.2     0.0007     6.2255     0.14(  61->  75)  0.09(  61->  76)  0.06(  62->  77)
   55    7.773   159.5     0.0011    -3.8637     0.14(  64->  89)  0.09(  64->  88)  0.08(  62->  72)
   56    7.795   159.1     0.0276    -0.4659     0.35(  60->  71)  0.19(  60->  69)  0.07(  60->  77)
   57    7.838   158.2     0.0194     3.3149     0.28(  59->  67)  0.11(  62->  68)  0.09(  57->  66)
   58    7.869   157.6     0.0898    15.1409     0.41(  48->  65)  0.06(  55->  66)  0.05(  48->  66)
   59    7.892   157.1     0.0018     0.0995     0.17(  63->  77)  0.12(  63->  80)  0.06(  64->  76)
   60    7.908   156.8     0.0027   -15.3772     0.60(  47->  65)  0.09(  47->  66)  0.06(  58->  67)
   61    7.953   155.9     0.0564     9.0654     0.16(  62->  73)  0.09(  61->  67)  0.08(  64->  81)
   62    7.989   155.2     0.0031   -12.7013     0.13(  64->  71)  0.08(  64->  89)  0.07(  63->  81)
   63    7.992   155.1     0.0041    -0.7018     0.17(  63->  81)  0.11(  64->  87)  0.06(  64->  86)
   64    7.997   155.0     0.0081    -2.5161     0.33(  58->  67)  0.25(  58->  66)  0.11(  58->  65)
   65    8.037   154.3     0.0004     6.2140     0.19(  64->  71)  0.10(  64->  89)  0.09(  59->  71)
   66    8.068   153.7     0.0002     6.7318     0.15(  61->  75)  0.09(  61->  74)  0.06(  61->  80)
   67    8.153   152.1     0.0110    -5.0664     0.14(  62->  79)  0.12(  61->  73)  0.10(  56->  65)
   68    8.180   151.6     0.0010    -0.7362     0.12(  56->  65)  0.10(  56->  66)  0.10(  56->  67)
   69    8.219   150.9     0.0005    -2.8399     0.15(  59->  75)  0.08(  64->  85)  0.08(  61->  76)
   70    8.288   149.6     0.0141     1.9615     0.15(  53->  66)  0.11(  61->  82)  0.11(  62->  79)
   71    8.307   149.2     0.0097    -0.7281     0.11(  62->  72)  0.08(  62->  74)  0.07(  64->  85)
   72    8.346   148.6     0.0388   -15.8664     0.13(  61->  82)  0.08(  59->  73)  0.07(  62->  82)
   73    8.377   148.0     0.0021    -1.2034     0.30(  60->  71)  0.21(  60->  74)  0.08(  60->  72)
   74    8.398   147.6     0.0004    -2.7328     0.08(  64->  90)  0.07(  63->  68)  0.04(  64->  94)
   75    8.411   147.4     0.0023     9.8078     0.16(  64->  90)  0.04(  61->  73)  0.04(  63->  68)
   76    8.426   147.1     0.0659    -9.9056     0.21(  59->  68)  0.15(  62->  73)  0.08(  63->  68)
   77    8.468   146.4     0.0006     6.0094     0.37(  50->  66)  0.14(  50->  67)  0.10(  51->  66)
   78    8.485   146.1     0.0048     3.2391     0.39(  63->  68)  0.08(  63->  81)  0.06(  64->  90)
   79    8.508   145.7     0.0009    -4.6511     0.12(  53->  66)  0.11(  64->  94)  0.09(  61->  73)
   80    8.526   145.4     0.0001     2.7378     0.09(  61->  69)  0.07(  62->  74)  0.06(  59->  75)
   81    8.543   145.1     0.0004    -2.0789     0.11(  63->  85)  0.06(  59->  74)  0.05(  63->  75)
   82    8.571   144.7     0.0012    20.1632     0.09(  54->  65)  0.06(  54->  67)  0.06(  54->  66)
   83    8.579   144.5     0.0025   -22.2011     0.06(  61->  82)  0.06(  63->  90)  0.05(  54->  65)
   84    8.624   143.8     0.0202     6.3164     0.17(  55->  65)  0.10(  48->  66)  0.09(  64->  99)
   85    8.679   142.9     0.0036    24.1007     0.08(  64->  88)  0.06(  64->  95)  0.06(  63->  88)
   86    8.703   142.5     0.0003    -0.3368     0.17(  47->  66)  0.13(  60->  73)  0.12(  60->  67)
   87    8.706   142.4     0.0091     7.9138     0.14(  63->  90)  0.09(  57->  67)  0.08(  55->  65)
   88    8.771   141.4     0.0013    22.9194     0.07(  48->  66)  0.07(  61->  80)  0.05(  61->  82)
   89    8.773   141.3     0.0024   -13.2267     0.06(  61->  80)  0.05(  64->  75)  0.04(  59->  75)
   90    8.794   141.0     0.0015    -1.7490     0.04(  63->  85)  0.04(  63->  80)  0.04(  63->  89)
   91    8.798   140.9     0.0003    -3.4087     0.45(  42->  65)  0.28(  47->  66)  0.07(  47->  67)
   92    8.831   140.4     0.0813   -16.2270     0.54(  60->  75)  0.15(  60->  76)  0.02(  60->  88)
   93    8.842   140.2     0.0510    39.9202     0.13(  63->  73)  0.08(  60->  75)  0.07(  63->  83)
   94    8.906   139.2     0.0295   -11.6212     0.31(  63->  73)  0.09(  63->  68)  0.07(  59->  73)
   95    8.923   138.9     0.0092    -8.0263     0.11(  63->  71)  0.09(  64->  92)  0.07(  63->  89)
   96    8.945   138.6     0.0545    13.7214     0.14(  55->  70)  0.07(  57->  68)  0.07(  57->  70)
   97    8.949   138.5     0.0135   -11.1969     0.08(  57->  68)  0.05(  63->  83)  0.05(  57->  67)
   98    8.963   138.3     0.0038   -14.4694     0.05(  55->  70)  0.04(  57->  68)  0.04(  64->  93)
   99    8.978   138.1     0.0075    15.6256     0.10(  64->  75)  0.07(  64->  76)  0.06(  63->  89)
  100    8.985   138.0     0.0074    13.7353     0.12(  63->  86)  0.06(  63->  83)  0.04(  63->  89)
  101    8.992   137.9     0.0647    24.4289     0.12(  55->  70)  0.05(  57->  70)  0.05(  64->  99)
  102    9.005   137.7     0.0149   -37.5852     0.12(  63->  71)  0.08(  64->  93)  0.04(  63->  84)
  103    9.015   137.5     0.0343     4.9492     0.13(  59->  82)  0.07(  61->  82)  0.07(  58->  69)
  104    9.031   137.3     0.0012    27.3107     0.19(  62->  71)  0.12(  59->  69)  0.04(  57->  71)
  105    9.036   137.2     0.0023     3.5399     0.24(  42->  65)  0.13(  60->  82)  0.13(  60->  73)
  106    9.054   136.9     0.0191    -9.5055     0.11(  59->  82)  0.10(  58->  69)  0.06(  62->  78)
  107    9.085   136.5     0.0270     2.3751     0.09(  64->  94)  0.08(  64->  99)  0.05(  62->  78)
  108    9.113   136.0     0.0015   -32.0840     0.06(  64->  99)  0.06(  59->  80)  0.05(  62->  74)
  109    9.117   136.0     0.0249     0.1087     0.46(  60->  82)  0.10(  60->  91)  0.07(  42->  65)
  110    9.127   135.8     0.0060   -25.7869     0.11(  64->  93)  0.09(  62->  77)  0.08(  63->  71)
  111    9.140   135.7     0.0279     3.7435     0.59(  56->  70)  0.04(  57->  70)  0.03(  52->  70)
  112    9.153   135.5     0.0037    19.2874     0.14(  64->  99)  0.12(  64->  94)  0.05(  59->  80)
  113    9.183   135.0     0.0410    -4.5018     0.10(  64->  91)  0.08(  62->  91)  0.06(  48->  66)
  114    9.189   134.9     0.0075   -10.4722     0.18(  64->  95)  0.08(  62->  78)  0.05(  63->  71)
  115    9.202   134.7     0.0027    11.8505     0.07(  62->  77)  0.07(  63->  89)  0.06(  56->  69)
  116    9.228   134.4     0.0531    23.6116     0.14(  48->  66)  0.07(  62->  79)  0.07(  64->  91)
  117    9.230   134.3     0.0136   -18.4260     0.29(  41->  65)  0.15(  50->  68)  0.06(  44->  65)
  118    9.338   132.8     0.0139   -28.5376     0.10(  57->  67)  0.06(  57->  68)  0.06(  39->  65)
  119    9.342   132.7     0.0153    -5.5888     0.07(  64->  95)  0.06(  56->  69)  0.05(  39->  65)
  120    9.357   132.5     0.0314    20.5461     0.20(  39->  65)  0.10(  53->  68)  0.05(  57->  68)
  121    9.361   132.4     0.0121   -16.1158     0.24(  58->  68)  0.21(  58->  73)  0.11(  58->  67)
  122    9.367   132.4     0.0918   -40.6157     0.10(  52->  65)  0.10(  51->  65)  0.06(  39->  65)
  123    9.414   131.7     0.0242   101.0145     0.09(  57->  69)  0.07(  52->  72)  0.06(  62->  76)
  124    9.418   131.6     0.0124    33.8877     0.09(  55->  67)  0.07(  55->  66)  0.06(  56->  65)
  125    9.437   131.4     0.0129   -12.3922     0.03(  64-> 101)  0.03(  61->  91)  0.03(  39->  65)
  126    9.445   131.3     0.0348   -35.7717     0.09(  56->  74)  0.05(  55->  67)  0.03(  52->  69)
  127    9.462   131.0     0.0158   -12.1838     0.07(  49->  65)  0.06(  52->  70)  0.06(  55->  66)
  128    9.489   130.7     0.0035    -4.4019     0.08(  54->  70)  0.07(  52->  70)  0.07(  56->  65)
  129    9.506   130.4     0.0122    -4.9558     0.12(  63->  93)  0.09(  63->  92)  0.04(  64->  96)
  130    9.507   130.4     0.0007   -12.9833     0.09(  62->  77)  0.07(  64->  96)  0.06(  56->  72)
  131    9.527   130.1     0.0273    59.9830     0.09(  56->  65)  0.07(  54->  70)  0.06(  56->  67)
  132    9.531   130.1     0.0004   -32.8220     0.11(  64-> 101)  0.08(  61->  88)  0.06(  61->  85)
  133    9.576   129.5     0.0011     4.2919     0.13(  54->  70)  0.12(  56->  65)  0.08(  58->  70)
  134    9.586   129.3     0.0057     8.5494     0.19(  64->  98)  0.09(  64->  80)  0.07(  59->  80)
  135    9.606   129.1     0.0151    -6.8734     0.09(  61->  86)  0.07(  60->  80)  0.05(  64->  91)
  136    9.634   128.7     0.0111     3.1810     0.15(  62->  81)  0.12(  64->  82)  0.10(  61->  87)
  137    9.658   128.4     0.0128     0.8396     0.11(  63->  94)  0.07(  61->  70)  0.07(  48->  67)
  138    9.669   128.2     0.0010     3.0358     0.26(  40->  65)  0.18(  38->  65)  0.06(  41->  66)
  139    9.688   128.0     0.0046    -2.6602     0.49(  61->  70)  0.04(  55->  70)  0.04(  60->  80)
  140    9.703   127.8     0.0028    12.9254     0.08(  61->  70)  0.08(  53->  68)  0.06(  62->  81)
  141    9.708   127.7     0.0004     4.8926     0.18(  38->  65)  0.05(  50->  68)  0.04(  44->  65)
  142    9.714   127.6     0.0036    14.7166     0.09(  61->  70)  0.08(  61->  69)  0.03(  61->  72)
  143    9.719   127.6     0.0035     2.2898     0.08(  63->  75)  0.06(  61->  72)  0.06(  61->  69)
  144    9.740   127.3     0.0009     5.0504     0.23(  53->  68)  0.15(  39->  65)  0.14(  60->  80)
  145    9.761   127.0     0.0031     1.8001     0.12(  63->  99)  0.06(  62->  81)  0.05(  59->  84)
  146    9.765   127.0     0.0031   -11.3663     0.06(  57->  75)  0.06(  63->  75)  0.05(  53->  71)
  147    9.780   126.8     0.0071    -8.5413     0.12(  63->  94)  0.08(  64->  97)  0.06(  64->  82)
  148    9.796   126.6     0.0072    11.6689     0.06(  64-> 101)  0.05(  48->  67)  0.04(  57->  71)
  149    9.797   126.5     0.0341     4.9846     0.17(  48->  67)  0.05(  54->  70)  0.04(  63->  99)
  150    9.822   126.2     0.0003     1.1421     0.40(  42->  66)  0.05(  42->  67)  0.03(  40->  65)
  151    9.829   126.1     0.0043     3.2867     0.09(  48->  67)  0.09(  42->  66)  0.04(  61->  91)
  152    9.858   125.8     0.0023    -4.1743     0.16(  64-> 101)  0.06(  59->  88)  0.05(  64->  88)
  153    9.908   125.1     0.0017   -19.0719     0.14(  61->  72)  0.09(  61->  69)  0.05(  59->  72)
  154    9.912   125.1     0.0130     7.2549     0.10(  49->  65)  0.07(  46->  65)  0.05(  46->  66)
  155    9.947   124.6     0.0004     6.2367     0.13(  63->  75)  0.11(  63->  95)  0.09(  63->  76)
  156    9.960   124.5     0.0005    -4.2527     0.13(  54->  65)  0.07(  49->  66)  0.06(  49->  67)
  157    9.968   124.4     0.0110    13.0180     0.07(  55->  69)  0.06(  54->  72)  0.06(  54->  74)
  158    9.978   124.3     0.0347    23.4185     0.06(  48->  67)  0.06(  57->  73)  0.05(  53->  68)
  159    9.991   124.1     0.0047    -3.5923     0.15(  54->  65)  0.12(  47->  68)  0.08(  36->  65)

  alpha tensor

           1         2         3
 
    1 362.19456
    2  -7.70608  52.19200
    3  10.17140  54.54963  72.36433
 trace alpha_L[0] / au:   162.250297147496     
 sum rule f_L           5.98604728601602     
 
 SOS specific optical rotation 
 including Lorentz factor for common solvent (n=1.4)
 lambda [eV] alpha[grad*cm^3*g^-1*dm^-1]
 632.8  1.96       54.05
 589.3  2.10       61.14        0.00 ##
 579.0  2.14       62.97
 546.0  2.27       69.21
 436.0  2.84       87.87
 365.0  3.40      147.52
 
 sTD-DFT done.
Mon 21 Mar 14:15:14 GMT 2022
