Mon 21 Mar 14:58:28 GMT 2022


                 *********************************************
                 *                                           *
                 *               s  T  D  A                  *
                 *                                           *
                 *                S. Grimme                  *
                 * Mulliken Center for Theoretical Chemistry *
                 *             Universitaet Bonn             *
                 *              Version 1.6.2                *
                 *       Tue Sep 10 14:44:30 CET 2020        *
                 *********************************************
 
 Please cite as:
 S. Grimme, J. Chem. Phys. 138 (2013) 244104
 
 With contributions from:
 C. Bannwarth, P. Shushkov, M. de Wergifosse
 
======================================================================
 
 reading an xTB output...
 
 reading: wfn.xtb
======================================================================
                    M O / A O    I N P U T 
======================================================================
atom  #          x             y             z            charge
  C   1     17.38075442    0.90064339   -0.00812582         6.00
  C   2     15.05941506    1.15103208   -1.69527315         6.00
  N   3     12.99545638   -0.41876327   -0.79689743         7.00
  C   4     11.21061022   -1.03538085   -2.78999139         6.00
  C   5      8.75396649   -2.05904539   -1.68752527         6.00
  N   6      7.49805462   -0.09410835   -0.25851451         7.00
  C   7      4.94409000    0.00207870    0.00623610         6.00
  C   8      3.41662452   -2.10420984   -0.57296491         6.00
  C   9      0.84470750   -2.00367642   -0.31936369         6.00
  C  10     -0.35583540    0.20087787    0.55633532         6.00
  N  11     -2.89638296    0.46581745    0.90801332         7.00
  N  12     -4.29988243   -1.38403529    0.24944383         7.00
  C  13     -6.86745307   -1.04161694    0.49983251         6.00
  C  14     -8.37980075   -3.20610905    0.52572176         6.00
  C  15    -10.99366968   -3.00088481    0.63702662         6.00
  C  16    -12.50658428   -5.36398711    0.67633292         6.00
  O  17    -11.61671233   -7.46385058    0.66442764         8.00
  O  18    -14.99951075   -4.91971254    0.72546579         8.00
  C  19    -16.57365247   -7.08911793    0.76137058         6.00
  C  20    -12.12958395   -0.62984566    0.69220662         6.00
  C  21    -10.63386586    1.53615822    0.64382963         6.00
  C  22    -11.92284793    4.02738394    0.70902518         6.00
  O  23    -14.18428298    4.30781927    0.79651949         8.00
  O  24    -10.29314827    5.96945530    0.66726223         8.00
  C  25    -11.39089008    8.41362684    0.74360716         6.00
  C  26     -8.02113076    1.34132748    0.55104409         6.00
  C  27      1.15632331    2.29393833    1.15651228         6.00
  C  28      3.72975211    2.20644402    0.87513209         6.00
  C  29      9.15931270    1.75593335    0.87626592         6.00
  C  30     11.71856856    0.52817840    1.44582932         6.00
  H  31     17.03342279    1.65067562    1.87177355         1.00
  H  32     17.89362604   -1.07865557    0.16894150         1.00
  H  33     18.95584100    1.92846533   -0.83374709         1.00
  H  34     15.55074381    0.48679340   -3.58783369         1.00
  H  35     14.50534741    3.15678720   -1.85306527         1.00
  H  36     10.76350106    0.61850730   -3.98184155         1.00
  H  37     12.06911272   -2.47440716   -4.00243956         1.00
  H  38      9.17065106   -3.70745334   -0.49794279         1.00
  H  39      7.53490428   -2.65657674   -3.24276973         1.00
  H  40      4.28060722   -3.84823792   -1.17862207         1.00
  H  41     -0.31520629   -3.62695101   -0.74436305         1.00
  H  42     -7.51430626   -5.05237130    0.48225806         1.00
  H  43    -18.50570828   -6.39577748    0.83223531         1.00
  H  44    -16.15658995   -8.25186630    2.41488079         1.00
  H  45    -16.27110734   -8.22352041   -0.93635921         1.00
  H  46    -14.15707092   -0.44011717    0.76477209         1.00
  H  47     -9.83016542    9.74758439    0.68086826         1.00
  H  48    -12.48352962    8.65570074    2.47780866         1.00
  H  49    -12.64717989    8.68820402   -0.87078572         1.00
  H  50     -6.84458739    3.00504220    0.50134429         1.00
  H  51      0.24188492    3.99506963    1.81149129         1.00
  H  52      4.82314754    3.87526100    1.29068282         1.00
  H  53      8.33841575    2.42508531    2.64845092         1.00
  H  54      9.42689790    3.39035733   -0.37983492         1.00
  H  55     12.92062323    1.90163122    2.40221963         1.00
  H  56     11.41356679   -1.05635681    2.74539386         1.00

 # atoms          =   56
 # mos            =  247
 # primitive  aos = 1918
 # contracted aos =  370

 spherical AO basis
======================================================================
                    A O   I N T E G R A L S
======================================================================
 memory needed for AO int data:   5 Mb
 done.
  
Restricted MOs found... RKS-sTD-DFT will be performed
  
======================================================================
                    s T D A
======================================================================
 spectral range up to (eV)     :    10.0000000000000     
 occ MO cut-off (eV)           :   -36.2522897873260     
 virtMO cut-off (eV)           :    14.1345775608617     
 perturbation thr              :   1.000000000000000E-004
 triplet                       :  F
 MOs in TDA :          197
 oMOs in TDA:           77
 vMOs in TDA:          120
 sorting MOs ...
 reading and transforming R..V..L AO ints ...
 ints done.
 S^1/2 ...
 S^1/2 orthogonalized MO coefficients done.

 SCF atom population (using active MOs):
  3.924  3.910  5.189  3.896  3.890  5.001  3.848  3.992  3.939  4.100
  4.995  5.203  4.050  3.941  3.993  3.118  5.992  5.517  3.585  3.865
  3.993  3.118  5.993  5.512  3.583  3.874  3.974  4.003  3.873  3.880
  1.034  1.005  1.015  1.023  1.007  1.005  1.028  1.007  1.033  1.020
  1.009  0.991  0.989  0.995  0.994  0.992  0.990  0.994  0.995  1.005
  0.991  1.023  1.032  1.015  1.036  1.020
 
 # electrons in TDA: 154.000
 
 
 ax(DF)   :   0.500000000000000     
 s^K      :    2.00000000000000     
 beta  (J):    4.00000000000000     
 alpha (K):    2.00000000000000     
 
 hardness table read.
 setting up gammas ...
 memory needed for q data (Mb)                      6
 computing q(ij,n) ...
 
         151 CSF included by energy.
 
        9089 considered in PT2.
 ordered frontier orbitals
         eV     # centers
  67   -18.342     6.1
  68   -18.325     6.0
  69   -17.490     5.3
  70   -17.405    13.7
  71   -17.090     6.2
  72   -16.500     4.8
  73   -16.247     4.3
  74   -16.083    11.7
  75   -15.252     7.0
  76   -15.220     7.2
  77   -13.865     6.9
 
  78    -8.252     8.3
  79    -7.127     7.4
  80    -6.308     9.0
  81    -5.644     4.8
  82    -5.441    21.0
  83    -4.818    22.8
  84    -4.752    19.1
  85    -4.727    32.8
  86    -4.661    15.2
  87    -4.609    28.0
  88    -4.414    20.9
 
             lowest CSF states
       eV     nm      excitation i->a               eV
    1  3.83   323.9       77 ->  78     gap,J,K:   5.613   3.705   0.960   Kshft:   0.000  locality: 0.885
    2  4.11   301.9       75 ->  78     gap,J,K:   6.999   3.453   0.033   Kshft:   0.494  locality: 0.868
    3  4.17   297.3       76 ->  78     gap,J,K:   6.968   3.367   0.052   Kshft:   0.466  locality: 0.854
    4  4.43   279.6       73 ->  78     gap,J,K:   7.994   3.976   0.190   Kshft:   0.036  locality: 0.849
    5  4.64   267.5       77 ->  81     gap,J,K:   8.221   4.268   0.339   Kshft:   0.004  locality: 0.935
    6  4.76   260.6       77 ->  79     gap,J,K:   6.739   2.417   0.105   Kshft:   0.227  locality: 0.554
    7  5.00   247.9       74 ->  78     gap,J,K:   7.830   3.860   0.515   Kshft:   0.001  locality: 0.976
    8  5.15   240.9       72 ->  78     gap,J,K:   8.248   3.548   0.212   Kshft:   0.024  locality: 0.771
    9  5.49   225.8       77 ->  82     gap,J,K:   8.424   3.444   0.005   Kshft:   0.500  locality: 0.824
   10  5.58   222.3       77 ->  80     gap,J,K:   7.557   2.409   0.199   Kshft:   0.030  locality: 0.580
   11  5.99   207.1       74 ->  79     gap,J,K:   8.956   3.561   0.292   Kshft:   0.007  locality: 0.864
   12  6.08   203.8       77 ->  83     gap,J,K:   9.047   3.396   0.202   Kshft:   0.028  locality: 0.965
   13  6.12   202.5       72 ->  79     gap,J,K:   9.373   4.773   0.761   Kshft:   0.000  locality: 0.996
   14  6.17   201.1       75 ->  79     gap,J,K:   8.125   2.488   0.015   Kshft:   0.500  locality: 0.601
   15  6.18   200.7       76 ->  79     gap,J,K:   8.093   2.488   0.045   Kshft:   0.480  locality: 0.605
   16  6.26   198.2       70 ->  78     gap,J,K:   9.152   3.678   0.390   Kshft:   0.002  locality: 0.963
   17  6.26   198.1       71 ->  79     gap,J,K:   9.963   4.212   0.004   Kshft:   0.500  locality: 0.939
   18  6.35   195.1       72 ->  80     gap,J,K:  10.192   4.455   0.305   Kshft:   0.006  locality: 0.975
   19  6.44   192.6       77 ->  85     gap,J,K:   9.138   3.090   0.130   Kshft:   0.129  locality: 0.925
   20  6.58   188.5       71 ->  78     gap,J,K:   8.838   2.771   0.005   Kshft:   0.500  locality: 0.644
   21  6.64   186.7       77 ->  88     gap,J,K:   9.451   3.323   0.007   Kshft:   0.500  locality: 0.805
   22  6.74   184.0       77 ->  87     gap,J,K:   9.256   3.044   0.013   Kshft:   0.500  locality: 0.872
   23  6.78   183.0       69 ->  79     gap,J,K:  10.363   4.106   0.009   Kshft:   0.500  locality: 0.925
   24  6.82   181.8       75 ->  81     gap,J,K:   9.607   3.303   0.007   Kshft:   0.500  locality: 0.762
   25  6.88   180.3       76 ->  81     gap,J,K:   9.575   3.209   0.006   Kshft:   0.500  locality: 0.746
 
 selecting CSF ...
 average/max PT2 energy lowering (eV):     0.032     0.328
         955 CSF included by PT.
        1106 CSF in total.
 sTD-DFT procedure...
 setting up A+B and A-B matrices
  calculating (A-B)^0.5 ...
 estimated time (min)     0.06
  calculating (A+B)*(A-B)^0.5 ...
 calculate eigenvalues of (A-B)^0.5*(A+B)*(A-B)^0.5 ...
  rpa vectors ok
  178 roots found, lowest/highest eigenvalue :    2.437   9.999   0
 writing spectral data to tda.dat ...
 
 excitation energies, transition moments and TDA amplitudes
 state    eV      nm       fL         Rv
    1    2.437   508.7     0.0254   -76.4302     0.45(  75->  78)  0.42(  76->  78)  0.05(  74->  78)
    2    2.795   443.6     1.3435    41.8759     0.92(  77->  78)  0.03(  74->  78)  0.01(  75->  78)
    3    4.036   307.2     0.0107     2.3072     0.41(  77->  79)  0.24(  72->  78)  0.18(  74->  79)
    4    4.056   305.7     0.0006    -4.2094     0.56(  73->  78)  0.36(  77->  81)  0.02(  73->  80)
    5    4.334   286.1     0.0735     4.6122     0.58(  77->  81)  0.36(  73->  78)  0.02(  74->  81)
    6    4.515   274.6     0.0505    34.7524     0.78(  74->  78)  0.06(  76->  78)  0.02(  77->  80)
    7    4.765   260.2     0.0066     2.5762     0.42(  75->  79)  0.37(  76->  79)  0.08(  77->  79)
    8    4.843   256.0     0.0034     9.2459     0.63(  77->  82)  0.11(  77->  83)  0.11(  77->  85)
    9    4.977   249.1     0.0904     6.1888     0.47(  72->  78)  0.37(  77->  79)  0.04(  76->  79)
   10    5.047   245.6     0.0002     5.8631     0.64(  77->  80)  0.11(  72->  79)  0.08(  74->  80)
   11    5.222   237.4     0.0022    -1.7093     0.46(  75->  78)  0.43(  76->  78)  0.03(  70->  78)
   12    5.272   235.2     0.0093    -5.0819     0.25(  76->  82)  0.22(  75->  82)  0.19(  77->  83)
   13    5.351   231.7     0.0082   -19.5227     0.18(  75->  82)  0.16(  76->  82)  0.16(  77->  87)
   14    5.442   227.8     0.1258     6.6433     0.35(  72->  79)  0.20(  70->  78)  0.11(  71->  79)
   15    5.460   227.1     0.0429   -37.8245     0.17(  71->  79)  0.16(  72->  79)  0.10(  75->  80)
   16    5.520   224.6     0.0112     7.5871     0.29(  71->  79)  0.21(  69->  79)  0.18(  71->  80)
   17    5.610   221.0     0.0671    39.2558     0.27(  74->  79)  0.14(  72->  78)  0.09(  70->  78)
   18    5.676   218.4     0.0494   -24.3655     0.18(  70->  78)  0.13(  74->  79)  0.11(  77->  85)
   19    5.750   215.6     0.0640    11.5226     0.17(  75->  80)  0.15(  76->  80)  0.10(  69->  79)
   20    5.787   214.3     0.1272    32.8730     0.25(  70->  78)  0.15(  72->  79)  0.14(  77->  88)
   21    5.960   208.0     0.0050    14.0370     0.27(  77->  89)  0.21(  77->  87)  0.10(  77->  82)
   22    6.023   205.8     0.0009     2.1730     0.48(  75->  81)  0.42(  76->  81)  0.06(  74->  81)
   23    6.061   204.6     0.0115    -3.7681     0.12(  76->  88)  0.11(  76->  87)  0.11(  75->  88)
   24    6.161   201.2     0.5335   -36.9506     0.67(  72->  80)  0.10(  74->  79)  0.03(  77->  88)
   25    6.168   201.0     0.0264    53.3417     0.17(  77->  88)  0.12(  72->  80)  0.07(  77->  90)
   26    6.287   197.2     0.0109   -15.4865     0.13(  75->  88)  0.12(  77->  88)  0.11(  76->  88)
   27    6.331   195.8     0.0302     3.5005     0.68(  71->  78)  0.10(  69->  79)  0.03(  62->  78)
   28    6.451   192.2     0.0669   -11.6130     0.13(  76->  88)  0.13(  75->  88)  0.07(  76->  87)
   29    6.491   191.0     0.0310    49.8319     0.53(  66->  78)  0.09(  73->  81)  0.07(  69->  78)
   30    6.545   189.4     0.0261    -1.3290     0.29(  77->  90)  0.13(  77->  91)  0.06(  77-> 101)
   31    6.606   187.7     0.0712     1.4138     0.32(  74->  80)  0.16(  77->  91)  0.09(  70->  80)
   32    6.712   184.7     0.3100   -32.9610     0.40(  73->  81)  0.10(  74->  80)  0.08(  69->  78)
   33    6.721   184.5     0.0256   -29.6521     0.49(  69->  78)  0.10(  71->  79)  0.09(  69->  80)
   34    6.797   182.4     0.0553    -9.8845     0.28(  74->  81)  0.15(  70->  81)  0.09(  73->  81)
   35    6.923   179.1     0.0019     9.4465     0.11(  74->  80)  0.10(  77->  91)  0.06(  77->  89)
   36    6.966   178.0     0.0484    -6.4351     0.20(  77->  94)  0.16(  77->  95)  0.12(  77->  99)
   37    6.983   177.5     0.0153     7.8368     0.11(  75->  83)  0.11(  76->  83)  0.08(  75->  85)
   38    7.028   176.4     0.0076   -29.9549     0.09(  77->  89)  0.09(  77->  90)  0.07(  77->  96)
   39    7.185   172.6     0.0292     2.4234     0.19(  77->  96)  0.11(  77->  97)  0.08(  76->  96)
   40    7.233   171.4     0.0113    -3.0450     0.12(  77->  85)  0.09(  77->  84)  0.07(  75->  89)
   41    7.311   169.6     0.0068    28.2735     0.25(  73->  82)  0.09(  73->  89)  0.08(  73->  85)
   42    7.322   169.3     0.0209   -10.0215     0.08(  77->  96)  0.08(  77->  92)  0.05(  77->  84)
   43    7.335   169.0     0.0811   -33.1216     0.38(  68->  79)  0.09(  68->  80)  0.08(  76->  79)
   44    7.352   168.6     0.0090    19.4681     0.20(  75->  94)  0.20(  76->  94)  0.11(  75->  81)
   45    7.365   168.3     0.0324    39.7362     0.51(  67->  79)  0.12(  68->  80)  0.12(  67->  80)
   46    7.373   168.1     0.0141    -9.4620     0.09(  77->  96)  0.09(  75->  95)  0.06(  76->  95)
   47    7.389   167.8     0.0306   -14.5635     0.32(  75->  79)  0.32(  76->  79)  0.13(  68->  79)
   48    7.452   166.4     0.0027    21.6526     0.25(  73->  79)  0.08(  69->  79)  0.05(  76->  90)
   49    7.461   166.2     0.0069     1.9387     0.66(  73->  79)  0.02(  69->  79)  0.02(  75->  90)
   50    7.484   165.7     0.0265    28.0744     0.06(  77->  95)  0.06(  77-> 103)  0.06(  77->  84)
   51    7.519   164.9     0.0142     2.6710     0.12(  75->  96)  0.11(  76->  96)  0.07(  75->  97)
   52    7.532   164.6     0.0114     0.9835     0.08(  70->  79)  0.07(  69->  80)  0.06(  69->  78)
   53    7.544   164.4     0.0064    -3.1692     0.25(  75->  81)  0.22(  76->  81)  0.10(  76->  94)
   54    7.587   163.4     0.0289     3.8062     0.10(  73->  83)  0.06(  75->  90)  0.05(  73->  85)
   55    7.659   161.9     0.0180     9.8987     0.11(  75->  91)  0.11(  62->  78)  0.09(  76->  91)
   56    7.706   160.9     0.0073    -0.7316     0.17(  77->  86)  0.09(  77-> 104)  0.06(  77->  99)
   57    7.716   160.7     0.0382    -9.0997     0.26(  70->  79)  0.07(  74->  79)  0.05(  59->  78)
   58    7.731   160.4     0.0797     1.7233     0.29(  65->  78)  0.17(  64->  78)  0.12(  63->  78)
   59    7.766   159.6     0.1316  -111.6661     0.12(  73->  83)  0.06(  73->  91)  0.05(  73->  87)
   60    7.775   159.5     0.0585    14.2474     0.33(  59->  78)  0.04(  76->  82)  0.03(  75->  82)
   61    7.799   159.0     0.1084   -39.8031     0.06(  73->  85)  0.06(  73->  90)  0.05(  74->  81)
   62    7.840   158.1     0.0071    86.2663     0.07(  76->  97)  0.07(  75->  97)  0.06(  73->  90)
   63    7.849   158.0     0.0093    -6.4406     0.34(  62->  78)  0.10(  71->  80)  0.08(  71->  78)
   64    7.904   156.9     0.0051    -3.8192     0.10(  59->  78)  0.09(  75->  84)  0.09(  76->  84)
   65    7.955   155.9     0.0025    -1.0590     0.25(  77->  86)  0.09(  77->  87)  0.05(  77->  95)
   66    7.965   155.7     0.0025    -0.6543     0.62(  68->  78)  0.15(  67->  78)  0.06(  68->  80)
   67    7.996   155.1     0.0245    40.9957     0.09(  77->  84)  0.07(  77->  92)  0.05(  77->  94)
   68    8.012   154.8     0.0051    14.0500     0.35(  61->  78)  0.08(  60->  78)  0.06(  56->  78)
   69    8.026   154.5     0.0045     5.1970     0.25(  76->  80)  0.24(  75->  80)  0.05(  76->  85)
   70    8.031   154.4     0.0028     7.3293     0.13(  74->  82)  0.09(  70->  82)  0.07(  76->  80)
   71    8.090   153.3     0.0196     4.7010     0.30(  67->  78)  0.12(  67->  79)  0.09(  68->  78)
   72    8.124   152.6     0.0201    10.7406     0.14(  67->  78)  0.08(  74->  83)  0.04(  75->  99)
   73    8.132   152.5     0.0073    -4.1062     0.16(  71->  84)  0.08(  69->  86)  0.04(  71->  86)
   74    8.140   152.3     0.0118    -5.5717     0.10(  72->  83)  0.07(  77->  93)  0.05(  72->  85)
   75    8.162   151.9     0.0007    -5.3468     0.39(  61->  79)  0.10(  71->  80)  0.07(  60->  79)
   76    8.179   151.6     0.0046     4.9519     0.20(  71->  86)  0.16(  71->  84)  0.16(  69->  84)
   77    8.197   151.3     0.0004    15.3932     0.10(  74->  83)  0.07(  74->  85)  0.05(  70->  80)
   78    8.225   150.7     0.0086   -10.7698     0.20(  55->  78)  0.15(  63->  78)  0.13(  53->  78)
   79    8.246   150.3     0.0287     3.8190     0.09(  77-> 108)  0.08(  77->  94)  0.07(  77-> 103)
   80    8.276   149.8     0.0002    -2.7976     0.44(  72->  84)  0.16(  72->  92)  0.10(  72->  85)
   81    8.323   149.0     0.0009   -12.0551     0.31(  62->  79)  0.11(  69->  80)  0.08(  59->  79)
   82    8.325   148.9     0.0162   -14.1170     0.09(  62->  79)  0.08(  70->  81)  0.07(  66->  81)
   83    8.356   148.4     0.0125     9.8729     0.32(  66->  81)  0.16(  70->  81)  0.14(  73->  80)
   84    8.405   147.5     0.0195    -2.2884     0.37(  66->  81)  0.19(  73->  80)  0.13(  70->  81)
   85    8.423   147.2     0.0096   -19.7592     0.14(  73->  80)  0.05(  77->  84)  0.04(  74->  92)
   86    8.436   147.0     0.0245    25.1155     0.16(  73->  80)  0.13(  73->  82)  0.07(  73->  89)
   87    8.445   146.8     0.0189    11.0145     0.17(  73->  82)  0.12(  67->  86)  0.12(  68->  84)
   88    8.452   146.7     0.0047    28.7049     0.12(  68->  84)  0.12(  67->  86)  0.06(  76-> 103)
   89    8.497   145.9     0.0017   -10.3453     0.30(  67->  84)  0.25(  68->  86)  0.07(  68->  87)
   90    8.515   145.6     0.0140   -49.2246     0.09(  70->  81)  0.07(  77-> 107)  0.07(  77->  93)
   91    8.527   145.4     0.0920    -0.6427     0.16(  77->  93)  0.16(  59->  79)  0.06(  62->  79)
   92    8.551   145.0     0.0164    29.7231     0.06(  74->  83)  0.04(  72->  93)  0.03(  70->  83)
   93    8.580   144.5     0.0385     7.4902     0.07(  59->  79)  0.05(  77-> 107)  0.04(  73->  82)
   94    8.596   144.2     0.0102     3.6503     0.12(  70->  80)  0.06(  77-> 105)  0.05(  75->  82)
   95    8.606   144.1     0.0172     4.8259     0.07(  49->  78)  0.05(  76->  84)  0.04(  61->  80)
   96    8.636   143.6     0.0014   -51.2363     0.06(  49->  78)  0.06(  70->  80)  0.04(  62->  80)
   97    8.663   143.1     0.0483    -5.3784     0.07(  63->  78)  0.04(  52->  78)  0.04(  77->  93)
   98    8.674   142.9     0.0210    21.2236     0.14(  63->  78)  0.09(  64->  78)  0.09(  52->  78)
   99    8.696   142.6     0.0143    -0.3832     0.07(  70->  80)  0.07(  74->  91)  0.06(  72->  93)
  100    8.726   142.1     0.0118    -6.2333     0.08(  77-> 101)  0.07(  75->  83)  0.06(  77-> 104)
  101    8.761   141.5     0.0086     2.2223     0.07(  77-> 101)  0.06(  74->  90)  0.05(  76->  83)
  102    8.773   141.3     0.0056   -18.1249     0.10(  74->  85)  0.06(  77-> 105)  0.03(  70->  80)
  103    8.786   141.1     0.0144     3.5792     0.10(  77-> 105)  0.06(  74->  89)  0.06(  74->  83)
  104    8.814   140.7     0.0067     6.4059     0.10(  70->  80)  0.07(  62->  80)  0.07(  69->  93)
  105    8.834   140.3     0.0029   -12.2046     0.05(  74->  84)  0.05(  74->  89)  0.04(  77->  92)
  106    8.900   139.3     0.0044    -4.2744     0.06(  76-> 106)  0.06(  76-> 101)  0.05(  75-> 101)
  107    8.930   138.8     0.0113    12.0824     0.13(  56->  79)  0.09(  57->  79)  0.07(  61->  80)
  108    8.955   138.5     0.0099    -8.3876     0.16(  76->  86)  0.16(  75->  86)  0.04(  75->  83)
  109    8.975   138.2     0.0041     3.2645     0.08(  77-> 108)  0.06(  77-> 115)  0.06(  77-> 109)
  110    9.008   137.6     0.0260    -5.6185     0.41(  68->  80)  0.17(  68->  79)  0.16(  67->  80)
  111    9.012   137.6     0.0014    10.8147     0.18(  57->  79)  0.07(  56->  79)  0.06(  57->  80)
  112    9.030   137.3     0.0062   -14.4526     0.15(  49->  78)  0.09(  65->  78)  0.08(  67->  80)
  113    9.031   137.3     0.0175     3.3235     0.20(  67->  80)  0.11(  67->  78)  0.09(  72->  86)
  114    9.047   137.0     0.0071   -17.8683     0.21(  72->  86)  0.05(  77-> 109)  0.05(  77->  98)
  115    9.057   136.9     0.0708     1.0734     0.16(  73->  88)  0.13(  73->  94)  0.10(  73->  87)
  116    9.077   136.6     0.0113    -0.9044     0.06(  76-> 105)  0.06(  76-> 107)  0.05(  75-> 107)
  117    9.085   136.5     0.0118    17.6478     0.07(  74->  84)  0.06(  72->  86)  0.06(  77->  92)
  118    9.091   136.4     0.0103    -9.4598     0.06(  71->  93)  0.04(  69->  80)  0.04(  72->  86)
  119    9.104   136.2     0.0043     6.0382     0.07(  49->  78)  0.05(  73->  90)  0.04(  73->  88)
  120    9.109   136.1     0.0435     9.0174     0.14(  72->  93)  0.05(  74->  91)  0.04(  73->  88)
  121    9.126   135.9     0.0195    -6.2908     0.09(  75-> 105)  0.07(  75->  88)  0.06(  77-> 110)
  122    9.140   135.7     0.0073     3.1765     0.12(  64->  78)  0.10(  65->  78)  0.07(  49->  78)
  123    9.153   135.5     0.0191    13.5715     0.06(  76->  88)  0.05(  76-> 108)  0.04(  76->  92)
  124    9.157   135.4     0.0069     6.3255     0.31(  72->  81)  0.05(  77-> 107)  0.04(  77-> 106)
  125    9.158   135.4     0.0034     1.8087     0.61(  72->  81)  0.02(  77-> 110)  0.02(  77-> 107)
  126    9.195   134.8     0.0097   -17.0609     0.05(  75->  85)  0.04(  75->  92)  0.03(  77->  98)
  127    9.229   134.3     0.0074   -11.1672     0.20(  65->  82)  0.12(  64->  82)  0.06(  65->  85)
  128    9.288   133.5     0.0144   -17.9259     0.07(  77-> 109)  0.06(  74->  87)  0.06(  77->  99)
  129    9.322   133.0     0.0093    14.3332     0.11(  77->  93)  0.09(  77-> 100)  0.06(  75->  93)
  130    9.346   132.7     0.0039    -2.6373     0.11(  74->  88)  0.07(  70->  88)  0.06(  75->  93)
  131    9.356   132.5     0.0048     0.6233     0.25(  77-> 115)  0.10(  77->  98)  0.04(  77->  99)
  132    9.365   132.4     0.0031    -4.1474     0.19(  77-> 100)  0.06(  75->  93)  0.06(  76->  93)
  133    9.395   132.0     0.0265    28.5060     0.09(  74->  86)  0.06(  72->  89)  0.05(  71->  92)
  134    9.397   131.9     0.0033     6.0840     0.28(  48->  78)  0.18(  46->  78)  0.06(  58->  78)
  135    9.414   131.7     0.0114   -14.5518     0.07(  72->  89)  0.07(  74->  91)  0.06(  72->  84)
  136    9.427   131.5     0.0288    -9.6289     0.12(  58->  78)  0.09(  60->  78)  0.07(  71->  92)
  137    9.431   131.5     0.0041    -6.6872     0.05(  75-> 105)  0.04(  76-> 105)  0.04(  77-> 100)
  138    9.440   131.3     0.0306    -1.7848     0.14(  58->  78)  0.11(  71->  92)  0.05(  60->  78)
  139    9.454   131.1     0.0102    -2.9871     0.08(  71->  92)  0.07(  61->  80)  0.06(  61->  78)
  140    9.465   131.0     0.0190     4.7401     0.24(  63->  82)  0.20(  66->  82)  0.13(  64->  82)
  141    9.490   130.7     0.0039    11.9923     0.15(  62->  80)  0.09(  56->  80)  0.05(  66->  79)
  142    9.517   130.3     0.0061    -0.1859     0.03(  76-> 110)  0.03(  76-> 109)  0.03(  72->  86)
  143    9.532   130.1     0.0132    -5.3647     0.08(  75-> 109)  0.07(  75-> 110)  0.05(  76-> 107)
  144    9.556   129.7     0.0008    -2.4500     0.44(  66->  79)  0.08(  56->  78)  0.08(  57->  78)
  145    9.559   129.7     0.0139    -6.9583     0.10(  66->  79)  0.05(  73->  94)  0.05(  73->  95)
  146    9.570   129.6     0.0013     0.0088     0.17(  66->  79)  0.14(  56->  78)  0.04(  57->  78)
  147    9.574   129.5     0.0084    -3.2318     0.07(  74->  82)  0.06(  56->  78)  0.04(  74->  86)
  148    9.579   129.4     0.0014    -1.6502     0.11(  65->  81)  0.10(  59->  81)  0.07(  73-> 103)
  149    9.593   129.2     0.0019    26.3010     0.09(  69->  92)  0.05(  73->  95)  0.05(  73-> 107)
  150    9.609   129.0     0.0025    -1.9510     0.05(  73->  94)  0.05(  69->  92)  0.04(  73->  97)
  151    9.632   128.7     0.0072     9.8579     0.07(  74->  82)  0.05(  74->  86)  0.04(  70->  87)
  152    9.655   128.4     0.0021    -0.6209     0.04(  71-> 100)  0.04(  76-> 107)  0.03(  75-> 107)
  153    9.656   128.4     0.0031     2.6480     0.08(  73->  96)  0.07(  73->  87)  0.06(  73->  84)
  154    9.668   128.2     0.0055     7.1231     0.05(  59->  80)  0.04(  72->  93)  0.04(  74->  82)
  155    9.677   128.1     0.0078     0.8397     0.12(  46->  78)  0.07(  58->  78)  0.06(  60->  78)
  156    9.683   128.0     0.0010    -6.3013     0.07(  60->  78)  0.06(  58->  78)  0.05(  46->  78)
  157    9.710   127.7     0.0013    11.5397     0.04(  69-> 100)  0.04(  71->  98)  0.03(  77-> 114)
  158    9.716   127.6     0.0075    -1.4985     0.07(  75-> 107)  0.05(  71->  98)  0.04(  75->  99)
  159    9.727   127.5     0.0004    -1.1086     0.10(  66->  83)  0.07(  66->  80)  0.06(  66->  85)
  160    9.740   127.3     0.0024    12.5107     0.14(  72-> 105)  0.04(  72-> 103)  0.04(  72-> 104)
  161    9.749   127.2     0.0028     2.7031     0.09(  72-> 105)  0.03(  71-> 100)  0.03(  66->  82)
  162    9.756   127.1     0.0068    -2.3976     0.20(  71-> 100)  0.12(  69->  98)  0.07(  71->  98)
  163    9.764   127.0     0.0009     2.7951     0.33(  57->  78)  0.15(  56->  78)  0.07(  62->  78)
  164    9.786   126.7     0.0021    12.9655     0.09(  77-> 103)  0.09(  77-> 101)  0.07(  77-> 104)
  165    9.806   126.4     0.0186    -4.5890     0.06(  77-> 118)  0.05(  77-> 116)  0.04(  77-> 104)
  166    9.823   126.2     0.0124    10.3203     0.12(  77-> 116)  0.03(  76->  84)  0.03(  76->  89)
  167    9.834   126.1     0.0086   -25.1259     0.09(  75->  84)  0.04(  75->  89)  0.04(  76->  92)
  168    9.857   125.8     0.0220    -3.5412     0.07(  71->  96)  0.06(  69-> 101)  0.03(  69->  95)
  169    9.878   125.5     0.0124   -18.7130     0.10(  77-> 120)  0.08(  77-> 106)  0.07(  77-> 102)
  170    9.910   125.1     0.0071    38.8221     0.15(  70->  83)  0.05(  70->  85)  0.05(  54->  78)
  171    9.928   124.9     0.0037    -9.0021     0.21(  76->  84)  0.18(  75->  84)  0.04(  75->  86)
  172    9.936   124.8     0.0066   -38.4749     0.10(  60->  82)  0.06(  72->  95)  0.04(  73->  91)
  173    9.941   124.7     0.0024     7.1017     0.15(  54->  78)  0.09(  72->  95)  0.05(  60->  82)
  174    9.954   124.6     0.0639   -24.6030     0.12(  74->  93)  0.07(  69->  98)  0.06(  71-> 101)
  175    9.961   124.5     0.0271    22.3898     0.24(  54->  78)  0.09(  70->  83)  0.07(  60->  82)
  176    9.976   124.3     0.0021    -4.9207     0.14(  72->  82)  0.12(  72->  92)  0.04(  72->  85)
  177    9.993   124.1     0.0082    -4.5764     0.09(  72->  82)  0.07(  74->  93)  0.04(  73->  91)
  178    9.999   124.0     0.0069    16.5508     0.13(  73->  91)  0.10(  74->  93)  0.06(  73->  90)

  alpha tensor

           1         2         3
 
    1 477.27219
    2  27.78616  97.39379
    3 -20.59621   5.31108  14.69068
 trace alpha_L[0] / au:   196.452221458992     
 sum rule f_L           5.54958117988103     
 
 SOS specific optical rotation 
 including Lorentz factor for common solvent (n=1.4)
 lambda [eV] alpha[grad*cm^3*g^-1*dm^-1]
 632.8  1.96    -2456.68
 589.3  2.10    -4414.51        0.00 ##
 579.0  2.14    -5283.48
 546.0  2.27   -11717.65
 436.0  2.84   -26666.96
 365.0  3.40     3102.92
 
 sTD-DFT done.
Mon 21 Mar 14:58:32 GMT 2022
