Mon 21 Mar 14:21:34 GMT 2022


                 *********************************************
                 *                                           *
                 *               s  T  D  A                  *
                 *                                           *
                 *                S. Grimme                  *
                 * Mulliken Center for Theoretical Chemistry *
                 *             Universitaet Bonn             *
                 *              Version 1.6.2                *
                 *       Tue Sep 10 14:44:30 CET 2020        *
                 *********************************************
 
 Please cite as:
 S. Grimme, J. Chem. Phys. 138 (2013) 244104
 
 With contributions from:
 C. Bannwarth, P. Shushkov, M. de Wergifosse
 
======================================================================
 
 reading an xTB output...
 
 reading: wfn.xtb
======================================================================
                    M O / A O    I N P U T 
======================================================================
atom  #          x             y             z            charge
  F   1     -5.33337355    3.64943875    4.29421325         9.00
  B   2     -5.42823779    3.01845926    1.77634239         5.00
  F   3     -5.86079606    5.13173979    0.32011958         9.00
  O   4     -7.34725449    1.14649673    1.32904426         8.00
  C   5     -6.94209725   -1.07733276    0.30084437         6.00
  C   6     -9.00945744   -2.68378879   -0.12472191         6.00
  C   7     -8.65872430   -5.03120637   -1.17635440         6.00
  C   8     -6.24497734   -5.87175647   -1.83567979         6.00
  C   9     -4.19594750   -4.33673208   -1.43505789         6.00
  C  10     -4.50472872   -1.92317410   -0.37454368         6.00
  C  11     -2.35516545   -0.32087547    0.04535342         6.00
  N  12     -0.08579356   -1.29087180   -0.52099744         7.00
  C  13      1.96777163    0.04119603   -0.19936609         6.00
  C  14      4.36073160   -1.25893543   -0.70127730         6.00
  C  15      4.55631824   -2.80151872   -2.82797488         6.00
  C  16      6.78430513   -4.06366668   -3.33593322         6.00
  C  17      8.82313046   -3.83671059   -1.70755637         6.00
  C  18      8.62036286   -2.35592134    0.44219587         6.00
  C  19      6.40560405   -1.06523852    0.94845345         6.00
  C  20      1.83492390    2.61859325    0.60225566         6.00
  C  21      3.93100792    4.24243476    0.68767127         6.00
  C  22      3.63734451    6.66808698    1.55448857         6.00
  CL 23      6.20094673    8.67592081    1.66617137        17.00
  C  24      1.26800611    7.54567572    2.34968525         6.00
  C  25     -0.81390497    6.01499770    2.20493224         6.00
  C  26     -0.59431881    3.53000807    1.28576954         6.00
  N  27     -2.65166345    1.99611752    1.01742845         7.00
  H  28    -10.86082195   -2.01388094    0.39892115         1.00
  H  29    -10.26933773   -6.24384351   -1.49363939         1.00
  H  30     -6.00082475   -7.72368790   -2.65260832         1.00
  H  31     -2.30735538   -4.93445240   -1.91202472         1.00
  H  32      2.95250782   -2.96365721   -4.07632785         1.00
  H  33      6.93151478   -5.23435191   -5.00002589         1.00
  H  34     10.56205628   -4.82768288   -2.10250909         1.00
  H  35     10.19299280   -2.20927861    1.73382356         1.00
  H  36      6.23212721    0.03250329    2.66035619         1.00
  H  37      5.74741250    3.58424321    0.04081808         1.00
  H  38      1.08999393    9.45297612    3.04586029         1.00
  H  39     -2.63408900    6.71929856    2.77147208         1.00

 # atoms          =   39
 # mos            =  188
 # primitive  aos = 1464
 # contracted aos =  276

 spherical AO basis
======================================================================
                    A O   I N T E G R A L S
======================================================================
 memory needed for AO int data:   2 Mb
 done.
  
Restricted MOs found... RKS-sTD-DFT will be performed
  
======================================================================
                    s T D A
======================================================================
 spectral range up to (eV)     :    10.0000000000000     
 occ MO cut-off (eV)           :   -36.8135488154795     
 virtMO cut-off (eV)           :    12.6843021070907     
 perturbation thr              :   1.000000000000000E-004
 triplet                       :  F
 MOs in TDA :          149
 oMOs in TDA:           65
 vMOs in TDA:           84
 sorting MOs ...
 reading and transforming R..V..L AO ints ...
 ints done.
 S^1/2 ...
 S^1/2 orthogonalized MO coefficients done.

 SCF atom population (using active MOs):
  7.031  2.598  7.031  5.519  3.399  3.946  3.950  4.007  3.929  3.990
  3.742  5.133  3.871  4.099  3.957  3.992  3.977  3.992  3.957  3.993
  3.955  4.051  6.923  3.976  3.955  3.879  5.121  0.946  0.986  0.989
  1.017  1.002  0.987  0.990  0.986  1.004  1.031  0.995  1.093
 
 # electrons in TDA: 130.000
 
 
 ax(DF)   :   0.500000000000000     
 s^K      :    2.00000000000000     
 beta  (J):    4.00000000000000     
 alpha (K):    2.00000000000000     
 
 hardness table read.
 setting up gammas ...
 memory needed for q data (Mb)                      2
 computing q(ij,n) ...
 
         155 CSF included by energy.
 
        5305 considered in PT2.
 ordered frontier orbitals
         eV     # centers
  55   -19.185    21.0
  56   -18.873     2.7
  57   -18.849     8.5
  58   -18.294    13.6
  59   -17.425    12.5
  60   -17.246     5.9
  61   -16.827    10.2
  62   -16.779     4.8
  63   -16.591    11.9
  64   -16.051    12.3
  65   -15.316     8.1
 
  66    -8.814     9.3
  67    -7.489    11.5
  68    -6.543     8.0
  69    -6.358     4.7
  70    -6.048     8.0
  71    -5.902    11.8
  72    -5.678     5.3
  73    -5.286    22.8
  74    -5.234    17.0
  75    -4.995    14.9
  76    -4.581    21.5
 
             lowest CSF states
       eV     nm      excitation i->a               eV
    1  3.55   348.9       65 ->  66     gap,J,K:   6.502   3.464   0.251   Kshft:   0.012  locality: 0.799
    2  4.33   286.1       64 ->  66     gap,J,K:   7.237   3.624   0.359   Kshft:   0.003  locality: 0.941
    3  4.58   270.5       60 ->  66     gap,J,K:   8.433   4.418   0.042   Kshft:   0.484  locality: 0.990
    4  4.67   265.7       65 ->  67     gap,J,K:   7.827   3.751   0.292   Kshft:   0.007  locality: 0.879
    5  4.68   264.9       61 ->  66     gap,J,K:   8.013   3.758   0.197   Kshft:   0.031  locality: 0.926
    6  4.68   264.8       63 ->  66     gap,J,K:   7.778   3.509   0.188   Kshft:   0.037  locality: 0.914
    7  5.04   246.0       62 ->  66     gap,J,K:   7.965   3.336   0.116   Kshft:   0.178  locality: 0.732
    8  5.48   226.2       64 ->  67     gap,J,K:   8.562   3.700   0.307   Kshft:   0.006  locality: 0.976
    9  5.60   221.4       59 ->  66     gap,J,K:   8.611   3.764   0.375   Kshft:   0.003  locality: 0.960
   10  6.03   205.7       60 ->  67     gap,J,K:   9.758   4.293   0.036   Kshft:   0.492  locality: 0.977
   11  6.19   200.2       63 ->  67     gap,J,K:   9.102   3.534   0.310   Kshft:   0.005  locality: 0.935
   12  6.26   198.0       61 ->  67     gap,J,K:   9.338   3.470   0.170   Kshft:   0.054  locality: 0.868
   13  6.35   195.2       58 ->  66     gap,J,K:   9.480   3.636   0.003   Kshft:   0.500  locality: 0.846
   14  6.45   192.2       65 ->  70     gap,J,K:   9.268   3.422   0.299   Kshft:   0.006  locality: 0.815
   15  6.55   189.3       65 ->  72     gap,J,K:   9.638   4.543   0.727   Kshft:   0.000  locality: 0.988
   16  6.79   182.6       62 ->  68     gap,J,K:  10.235   4.372   0.464   Kshft:   0.001  locality: 0.963
   17  6.89   180.0       64 ->  68     gap,J,K:   9.508   3.010   0.165   Kshft:   0.059  locality: 0.784
   18  6.89   179.9       65 ->  68     gap,J,K:   8.773   2.448   0.042   Kshft:   0.485  locality: 0.566
   19  6.89   179.8       62 ->  67     gap,J,K:   9.290   2.966   0.046   Kshft:   0.478  locality: 0.661
   20  6.91   179.5       59 ->  67     gap,J,K:   9.936   3.680   0.324   Kshft:   0.004  locality: 0.953
   21  6.93   178.9       65 ->  75     gap,J,K:  10.320   3.889   0.000   Kshft:   0.500  locality: 0.946
   22  7.07   175.3       57 ->  66     gap,J,K:  10.035   3.346   0.155   Kshft:   0.074  locality: 0.890
   23  7.20   172.2       64 ->  70     gap,J,K:  10.003   3.609   0.403   Kshft:   0.002  locality: 0.968
   24  7.20   172.1       65 ->  74     gap,J,K:  10.081   3.347   0.226   Kshft:   0.018  locality: 0.851
   25  7.22   171.8       61 ->  69     gap,J,K:  10.469   3.941   0.342   Kshft:   0.004  locality: 0.884
 
 selecting CSF ...
 average/max PT2 energy lowering (eV):     0.027     0.180
        1261 CSF included by PT.
        1416 CSF in total.
 sTD-DFT procedure...
 setting up A+B and A-B matrices
  calculating (A-B)^0.5 ...
 estimated time (min)     0.12
  calculating (A+B)*(A-B)^0.5 ...
 calculate eigenvalues of (A-B)^0.5*(A+B)*(A-B)^0.5 ...
  rpa vectors ok
  170 roots found, lowest/highest eigenvalue :    3.160   9.980   0
 writing spectral data to tda.dat ...
 
 excitation energies, transition moments and TDA amplitudes
 state    eV      nm       fL         Rv
    1    3.160   392.4     0.2448    -4.1867     0.90(  65->  66)  0.03(  65->  67)  0.02(  64->  67)
    2    3.752   330.4     0.2340    11.4452     0.75(  64->  66)  0.09(  65->  67)  0.03(  63->  66)
    3    3.944   314.4     0.0237    11.7530     0.35(  61->  66)  0.25(  60->  66)  0.14(  65->  67)
    4    4.220   293.8     0.0291     2.6664     0.35(  65->  67)  0.33(  60->  66)  0.15(  63->  66)
    5    4.437   279.4     0.5468     8.3005     0.65(  63->  66)  0.11(  65->  67)  0.07(  64->  66)
    6    4.546   272.7     0.0756    -0.6358     0.32(  61->  66)  0.26(  60->  66)  0.16(  65->  67)
    7    4.581   270.6     0.0113     5.5855     0.61(  62->  66)  0.11(  62->  68)  0.06(  63->  69)
    8    4.699   263.8     0.1574     0.3777     0.26(  64->  67)  0.24(  59->  66)  0.14(  61->  66)
    9    5.319   233.1     0.0734   -57.0450     0.16(  59->  66)  0.14(  64->  67)  0.14(  63->  67)
   10    5.462   227.0     0.1183    88.2700     0.46(  60->  67)  0.17(  59->  66)  0.12(  61->  67)
   11    5.552   223.3     0.0193    19.4531     0.26(  62->  68)  0.21(  62->  66)  0.14(  63->  69)
   12    5.607   221.1     0.3143   -50.6081     0.17(  59->  66)  0.13(  60->  67)  0.12(  63->  67)
   13    5.827   212.8     0.1695    37.8405     0.35(  65->  72)  0.10(  64->  67)  0.08(  61->  67)
   14    5.899   210.2     0.0472     2.2897     0.34(  65->  70)  0.21(  63->  67)  0.06(  64->  72)
   15    5.919   209.5     0.0653     3.8124     0.60(  58->  66)  0.09(  65->  72)  0.05(  54->  66)
   16    6.051   204.9     0.0940   -35.1932     0.33(  63->  67)  0.16(  65->  72)  0.08(  58->  66)
   17    6.106   203.1     0.0034    -6.8442     0.62(  65->  75)  0.14(  65->  73)  0.09(  64->  75)
   18    6.262   198.0     0.0077   -13.8350     0.31(  64->  71)  0.17(  65->  71)  0.05(  63->  71)
   19    6.274   197.6     0.0404    17.5298     0.33(  62->  69)  0.16(  63->  68)  0.12(  61->  68)
   20    6.374   194.5     0.0567    -6.1774     0.14(  59->  67)  0.09(  64->  72)  0.09(  64->  70)
   21    6.507   190.5     0.1951    10.1313     0.16(  64->  68)  0.11(  62->  69)  0.10(  65->  68)
   22    6.542   189.5     0.4157    34.2817     0.27(  59->  67)  0.16(  57->  66)  0.11(  60->  67)
   23    6.624   187.2     0.0818    16.6910     0.27(  57->  66)  0.08(  65->  68)  0.07(  58->  67)
   24    6.731   184.2     0.0442    63.3498     0.18(  55->  66)  0.09(  56->  66)  0.07(  59->  67)
   25    6.820   181.8     0.0318    -7.5197     0.18(  62->  67)  0.09(  57->  66)  0.08(  56->  66)
   26    6.868   180.5     0.0159    -2.7229     0.43(  62->  67)  0.10(  62->  73)  0.09(  62->  71)
   27    6.888   180.0     0.0062    66.9171     0.23(  61->  71)  0.14(  63->  73)  0.09(  61->  73)
   28    6.920   179.2     0.2140    -7.8301     0.21(  61->  68)  0.10(  60->  68)  0.10(  64->  70)
   29    6.933   178.8     0.0068   -18.1658     0.27(  62->  73)  0.22(  62->  71)  0.17(  62->  67)
   30    6.973   177.8     0.0493    17.0494     0.23(  55->  66)  0.11(  62->  69)  0.10(  65->  68)
   31    6.987   177.5     0.0031     5.1759     0.18(  51->  66)  0.05(  62->  69)  0.04(  64->  70)
   32    7.024   176.5     0.3395  -126.4010     0.14(  65->  74)  0.06(  55->  66)  0.06(  65->  68)
   33    7.059   175.6     0.0596    54.3693     0.20(  64->  75)  0.19(  63->  75)  0.05(  63->  73)
   34    7.094   174.8     0.1168   -71.9124     0.19(  59->  71)  0.12(  61->  71)  0.08(  63->  71)
   35    7.108   174.4     0.2788    27.7630     0.15(  62->  68)  0.10(  63->  69)  0.10(  65->  69)
   36    7.152   173.3     0.1000    33.7331     0.14(  65->  74)  0.13(  56->  66)  0.08(  54->  66)
   37    7.189   172.5     0.0731    24.0884     0.37(  65->  69)  0.06(  61->  69)  0.05(  64->  69)
   38    7.222   171.7     0.0993   -60.6583     0.20(  53->  66)  0.13(  65->  69)  0.09(  65->  68)
   39    7.253   170.9     0.0579  -113.8460     0.30(  65->  81)  0.16(  65->  78)  0.08(  65->  80)
   40    7.268   170.6     0.1695    88.7599     0.08(  60->  68)  0.08(  64->  70)  0.07(  52->  66)
   41    7.314   169.5     0.0508    23.5829     0.10(  64->  72)  0.07(  55->  66)  0.07(  56->  66)
   42    7.350   168.7     0.0535     2.6928     0.30(  61->  69)  0.10(  63->  69)  0.07(  64->  69)
   43    7.390   167.8     0.1469   -28.5420     0.16(  51->  66)  0.08(  60->  70)  0.06(  63->  68)
   44    7.394   167.7     0.0301    55.1367     0.21(  52->  66)  0.09(  51->  66)  0.07(  63->  68)
   45    7.460   166.2     0.0101    11.4949     0.11(  52->  66)  0.10(  53->  66)  0.10(  58->  67)
   46    7.496   165.4     0.0512   -60.3993     0.18(  64->  74)  0.09(  65->  79)  0.06(  65->  76)
   47    7.533   164.6     0.0817   -82.0270     0.23(  60->  68)  0.12(  60->  70)  0.10(  56->  66)
   48    7.560   164.0     0.0601    72.8761     0.13(  63->  70)  0.08(  64->  77)  0.08(  65->  77)
   49    7.613   162.9     0.0011    -0.5838     0.17(  60->  70)  0.14(  58->  67)  0.11(  54->  66)
   50    7.651   162.0     0.0869   -10.5936     0.26(  65->  83)  0.13(  60->  70)  0.07(  65->  79)
   51    7.750   160.0     0.0389   -15.2627     0.26(  45->  66)  0.08(  52->  66)  0.06(  50->  66)
   52    7.752   159.9     0.0063    32.9069     0.16(  65->  71)  0.12(  65->  84)  0.09(  65->  81)
   53    7.788   159.2     0.0031     6.4521     0.12(  63->  70)  0.08(  61->  70)  0.08(  45->  66)
   54    7.800   158.9     0.0040     8.4463     0.14(  60->  69)  0.10(  64->  69)  0.07(  64->  76)
   55    7.818   158.6     0.0042   -13.5806     0.27(  60->  69)  0.14(  64->  69)  0.06(  64->  76)
   56    7.839   158.2     0.0052     0.3983     0.56(  49->  66)  0.14(  48->  66)  0.05(  50->  66)
   57    7.852   157.9     0.0155     7.5883     0.32(  50->  66)  0.06(  60->  70)  0.05(  49->  66)
   58    7.871   157.5     0.0040     7.5431     0.51(  48->  66)  0.29(  49->  66)  0.02(  54->  66)
   59    7.901   156.9     0.0068   -26.7228     0.13(  64->  69)  0.12(  60->  69)  0.11(  63->  69)
   60    7.911   156.7     0.0101  -104.5748     0.15(  62->  76)  0.14(  60->  69)  0.08(  64->  69)
   61    7.932   156.3     0.0004    -5.0112     0.23(  65->  71)  0.11(  65->  84)  0.09(  65->  82)
   62    7.942   156.1     0.0120    48.2523     0.18(  62->  76)  0.08(  59->  70)  0.06(  63->  74)
   63    7.964   155.7     0.0730     7.7566     0.25(  59->  68)  0.13(  57->  67)  0.06(  63->  68)
   64    8.011   154.8     0.0046    17.6090     0.11(  63->  72)  0.08(  64->  72)  0.07(  61->  76)
   65    8.031   154.4     0.0494   -21.3276     0.15(  63->  72)  0.10(  58->  72)  0.10(  60->  72)
   66    8.056   153.9     0.0221     3.5510     0.52(  47->  66)  0.07(  45->  66)  0.06(  57->  67)
   67    8.079   153.5     0.0010     4.0696     0.12(  59->  68)  0.10(  47->  66)  0.06(  60->  70)
   68    8.116   152.8     0.0503   -16.3591     0.18(  63->  74)  0.06(  64->  72)  0.06(  60->  72)
   69    8.125   152.6     0.0114    28.1626     0.20(  46->  66)  0.11(  60->  74)  0.09(  61->  74)
   70    8.163   151.9     0.0350   -17.5111     0.16(  58->  72)  0.15(  60->  72)  0.08(  56->  67)
   71    8.202   151.2     0.0094    25.9607     0.11(  64->  78)  0.08(  63->  81)  0.06(  60->  71)
   72    8.212   151.0     0.0026    21.6184     0.35(  60->  71)  0.05(  63->  78)  0.04(  64->  80)
   73    8.246   150.4     0.0061    -6.3112     0.09(  65->  79)  0.08(  64->  74)  0.06(  46->  66)
   74    8.285   149.7     0.0047    46.9113     0.13(  63->  78)  0.06(  64->  81)  0.06(  46->  66)
   75    8.294   149.5     0.0453     9.9433     0.29(  44->  66)  0.14(  60->  71)  0.06(  46->  66)
   76    8.335   148.7     0.0045     5.9486     0.11(  46->  66)  0.09(  61->  74)  0.05(  60->  74)
   77    8.368   148.2     0.0056     5.9883     0.19(  62->  70)  0.10(  62->  74)  0.08(  55->  69)
   78    8.377   148.0     0.0006   -24.2533     0.10(  62->  78)  0.06(  61->  77)  0.04(  65->  73)
   79    8.382   147.9     0.0090    23.1698     0.36(  55->  69)  0.25(  53->  69)  0.03(  52->  69)
   80    8.401   147.6     0.0010    -6.2279     0.17(  62->  78)  0.12(  62->  71)  0.08(  62->  77)
   81    8.410   147.4     0.0160   -12.2727     0.14(  62->  70)  0.07(  62->  74)  0.06(  59->  70)
   82    8.432   147.0     0.0002    -1.2996     0.22(  56->  67)  0.19(  54->  67)  0.05(  56->  70)
   83    8.460   146.6     0.0136     3.6426     0.11(  64->  81)  0.06(  65->  73)  0.05(  64->  71)
   84    8.490   146.0     0.0321    -7.7308     0.29(  55->  67)  0.12(  44->  66)  0.11(  53->  67)
   85    8.553   145.0     0.0004    -9.6515     0.16(  43->  66)  0.11(  65->  73)  0.05(  64->  82)
   86    8.562   144.8     0.0175   -10.6817     0.21(  43->  66)  0.10(  61->  74)  0.04(  42->  66)
   87    8.571   144.7     0.0164    -7.7204     0.11(  60->  72)  0.09(  58->  72)  0.08(  43->  66)
   88    8.624   143.8     0.0627   -11.4592     0.09(  53->  67)  0.08(  56->  71)  0.08(  60->  73)
   89    8.662   143.1     0.0083     6.2165     0.08(  60->  72)  0.08(  58->  72)  0.06(  60->  74)
   90    8.683   142.8     0.0030     2.1489     0.09(  60->  72)  0.08(  58->  72)  0.04(  63->  77)
   91    8.705   142.4     0.0025   -13.5914     0.08(  60->  73)  0.06(  64->  82)  0.04(  56->  71)
   92    8.734   142.0     0.0019    31.4340     0.09(  64->  84)  0.08(  63->  81)  0.05(  64->  82)
   93    8.746   141.8     0.0076    -3.2699     0.09(  62->  77)  0.08(  62->  80)  0.07(  62->  82)
   94    8.750   141.7     0.0229    15.0646     0.08(  64->  83)  0.07(  64->  79)  0.06(  56->  71)
   95    8.759   141.5     0.0122   -13.9237     0.06(  55->  68)  0.06(  53->  68)  0.03(  61->  74)
   96    8.782   141.2     0.0012     0.2014     0.40(  52->  69)  0.24(  51->  69)  0.09(  54->  69)
   97    8.788   141.1     0.0180     2.7577     0.15(  51->  67)  0.05(  53->  67)  0.04(  52->  67)
   98    8.816   140.6     0.0140   -10.9204     0.26(  62->  70)  0.15(  62->  74)  0.07(  59->  69)
   99    8.854   140.0     0.0137   -25.2701     0.10(  64->  79)  0.06(  65->  86)  0.06(  62->  70)
  100    8.878   139.7     0.0036    11.1962     0.25(  42->  66)  0.12(  58->  70)  0.05(  52->  68)
  101    8.902   139.3     0.0436   -28.2863     0.49(  59->  69)  0.10(  62->  74)  0.04(  53->  69)
  102    8.910   139.2     0.0081   -12.4109     0.09(  42->  66)  0.08(  43->  66)  0.07(  46->  67)
  103    8.934   138.8     0.0004   -36.1319     0.08(  56->  71)  0.05(  64->  71)  0.04(  61->  73)
  104    8.959   138.4     0.0061     9.7493     0.11(  57->  72)  0.08(  59->  72)  0.05(  65->  90)
  105    8.966   138.3     0.0079     7.8899     0.10(  59->  71)  0.08(  64->  71)  0.06(  57->  71)
  106    8.972   138.2     0.0085    28.4925     0.08(  60->  73)  0.06(  65->  89)  0.04(  63->  83)
  107    9.009   137.6     0.0112     1.4779     0.06(  57->  72)  0.06(  63->  79)  0.05(  59->  72)
  108    9.035   137.2     0.0071    32.6012     0.07(  65->  92)  0.05(  65->  90)  0.04(  58->  68)
  109    9.043   137.1     0.0208   -10.5056     0.11(  65->  87)  0.08(  64->  87)  0.07(  63->  84)
  110    9.060   136.9     0.0093     4.6475     0.07(  58->  68)  0.06(  52->  68)  0.05(  43->  66)
  111    9.095   136.3     0.0035     3.2441     0.14(  42->  66)  0.11(  48->  67)  0.04(  53->  67)
  112    9.104   136.2     0.0062    -0.8547     0.08(  65->  89)  0.06(  64->  84)  0.05(  65->  82)
  113    9.119   136.0     0.0044     7.3772     0.12(  50->  67)  0.09(  58->  70)  0.09(  53->  67)
  114    9.147   135.6     0.0009    -6.3186     0.06(  63->  71)  0.05(  65->  92)  0.04(  58->  75)
  115    9.191   134.9     0.0028    16.7456     0.07(  59->  74)  0.07(  60->  75)  0.05(  58->  75)
  116    9.203   134.7     0.0043     6.9070     0.09(  65->  92)  0.06(  58->  75)  0.05(  53->  67)
  117    9.216   134.5     0.0014    -9.0012     0.21(  64->  75)  0.08(  65->  76)  0.06(  65->  77)
  118    9.232   134.3     0.0087     0.5952     0.10(  53->  67)  0.07(  55->  67)  0.05(  54->  67)
  119    9.250   134.0     0.0021     2.7798     0.10(  50->  67)  0.06(  48->  67)  0.05(  58->  75)
  120    9.259   133.9     0.0068     0.2567     0.07(  50->  67)  0.06(  58->  75)  0.04(  58->  70)
  121    9.275   133.7     0.0003     0.7316     0.12(  62->  85)  0.08(  51->  69)  0.07(  62->  71)
  122    9.292   133.4     0.0024    -1.1962     0.13(  51->  69)  0.08(  45->  69)  0.07(  62->  85)
  123    9.313   133.1     0.0027    15.2849     0.32(  40->  66)  0.06(  36->  66)  0.05(  52->  67)
  124    9.316   133.1     0.0031   -11.0501     0.23(  40->  66)  0.11(  52->  67)  0.11(  36->  66)
  125    9.331   132.9     0.0014     3.9081     0.24(  40->  66)  0.04(  64->  75)  0.03(  65->  93)
  126    9.364   132.4     0.0042    10.5257     0.09(  58->  75)  0.05(  44->  67)  0.05(  60->  75)
  127    9.382   132.1     0.0028    -6.7913     0.09(  57->  70)  0.08(  52->  67)  0.07(  58->  68)
  128    9.391   132.0     0.0228     4.9296     0.05(  65->  79)  0.05(  51->  68)  0.04(  63->  86)
  129    9.400   131.9     0.0126    -1.5290     0.03(  65->  80)  0.03(  57->  68)  0.03(  49->  67)
  130    9.425   131.5     0.0024    -3.1959     0.46(  49->  67)  0.09(  45->  67)  0.05(  61->  72)
  131    9.427   131.5     0.0059     0.7185     0.06(  52->  67)  0.03(  65->  76)  0.03(  60->  75)
  132    9.438   131.4     0.0036    -1.4725     0.33(  61->  72)  0.18(  62->  72)  0.08(  49->  67)
  133    9.449   131.2     0.0040   -21.7608     0.06(  41->  66)  0.06(  56->  68)  0.05(  65->  77)
  134    9.455   131.1     0.0010    -2.3714     0.22(  49->  67)  0.20(  45->  67)  0.15(  47->  67)
  135    9.458   131.1     0.0050    -3.7203     0.05(  65->  77)  0.05(  56->  68)  0.04(  56->  70)
  136    9.466   131.0     0.0015    -4.2132     0.10(  41->  66)  0.04(  61->  82)  0.03(  64->  88)
  137    9.487   130.7     0.0141    23.4078     0.13(  41->  66)  0.08(  48->  67)  0.05(  47->  67)
  138    9.502   130.5     0.0075     0.5295     0.28(  59->  72)  0.09(  59->  74)  0.08(  57->  72)
  139    9.525   130.2     0.0034    -2.9882     0.07(  62->  88)  0.04(  62->  76)  0.04(  62->  86)
  140    9.533   130.1     0.0031    -3.1541     0.08(  65->  76)  0.06(  65->  78)  0.05(  64->  76)
  141    9.543   129.9     0.0108     7.8970     0.09(  50->  72)  0.06(  47->  67)  0.06(  38->  66)
  142    9.551   129.8     0.0002     0.3325     0.50(  62->  72)  0.20(  61->  72)  0.04(  62->  74)
  143    9.555   129.8     0.0004    -5.2700     0.17(  50->  72)  0.07(  54->  72)  0.04(  51->  68)
  144    9.565   129.6     0.0026     1.2012     0.10(  38->  66)  0.06(  65->  77)  0.04(  65->  80)
  145    9.582   129.4     0.0019     2.1527     0.19(  38->  66)  0.12(  37->  66)  0.07(  36->  66)
  146    9.596   129.2     0.0011    -1.4008     0.09(  55->  71)  0.08(  55->  73)  0.06(  53->  73)
  147    9.600   129.1     0.0093    -8.7681     0.13(  38->  66)  0.05(  36->  66)  0.05(  63->  79)
  148    9.615   128.9     0.0002    -0.2274     0.07(  46->  67)  0.06(  48->  67)  0.06(  39->  66)
  149    9.636   128.7     0.0020   -13.4767     0.06(  61->  76)  0.05(  53->  71)  0.05(  63->  73)
  150    9.641   128.6     0.0046     0.9351     0.07(  44->  67)  0.05(  53->  71)  0.04(  55->  73)
  151    9.647   128.5     0.0068    14.6842     0.37(  39->  66)  0.11(  38->  66)  0.10(  39->  68)
  152    9.686   128.0     0.0005    -2.4769     0.15(  44->  67)  0.05(  60->  77)  0.05(  64->  83)
  153    9.692   127.9     0.0014    -0.6751     0.08(  58->  71)  0.07(  54->  71)  0.06(  44->  67)
  154    9.718   127.6     0.0055    -4.9962     0.09(  57->  75)  0.05(  59->  75)  0.05(  53->  71)
  155    9.723   127.5     0.0022    10.7314     0.17(  37->  66)  0.05(  45->  68)  0.03(  58->  68)
  156    9.745   127.2     0.0000    -0.9602     0.09(  62->  88)  0.07(  62->  76)  0.07(  62->  89)
  157    9.756   127.1     0.0025     4.8329     0.18(  60->  79)  0.06(  46->  67)  0.04(  58->  74)
  158    9.783   126.7     0.0020    12.3808     0.04(  57->  75)  0.04(  65->  82)  0.04(  63->  75)
  159    9.800   126.5     0.0114    -0.8890     0.08(  30->  66)  0.07(  37->  66)  0.05(  36->  66)
  160    9.812   126.4     0.0033    -5.0536     0.09(  43->  67)  0.06(  60->  79)  0.05(  41->  66)
  161    9.846   125.9     0.0030    11.3165     0.05(  45->  68)  0.05(  57->  70)  0.04(  63->  89)
  162    9.853   125.8     0.0237    -1.3424     0.10(  60->  77)  0.07(  58->  71)  0.05(  54->  71)
  163    9.864   125.7     0.0008     4.6142     0.06(  64->  89)  0.03(  59->  85)  0.03(  64->  90)
  164    9.881   125.5     0.0084    -8.7587     0.14(  47->  67)  0.05(  45->  67)  0.05(  51->  67)
  165    9.903   125.2     0.0085   -28.3685     0.10(  35->  66)  0.06(  42->  67)  0.06(  37->  66)
  166    9.923   124.9     0.0060    -1.7063     0.03(  60->  76)  0.03(  65->  98)  0.03(  59->  87)
  167    9.952   124.6     0.0030    -9.7414     0.05(  60->  83)  0.04(  63->  77)  0.03(  45->  68)
  168    9.953   124.6     0.0028    14.0241     0.13(  62->  75)  0.08(  62->  77)  0.06(  62->  84)
  169    9.959   124.5     0.0005    -3.0675     0.06(  60->  83)  0.05(  47->  67)  0.05(  56->  77)
  170    9.980   124.2     0.0051     4.3614     0.09(  59->  73)  0.07(  62->  75)  0.05(  61->  75)

  alpha tensor

           1         2         3
 
    1 202.72247
    2  36.02937 171.53893
    3   2.20837  61.16112  45.32316
 trace alpha_L[0] / au:   139.861522015960     
 sum rule f_L           6.37528560422034     
 
 SOS specific optical rotation 
 including Lorentz factor for common solvent (n=1.4)
 lambda [eV] alpha[grad*cm^3*g^-1*dm^-1]
 632.8  1.96      432.13
 589.3  2.10      513.80        0.00 ##
 579.0  2.14      536.64
 546.0  2.27      621.28
 436.0  2.84     1010.69
 365.0  3.40     4965.85
 
 sTD-DFT done.
Mon 21 Mar 14:21:39 GMT 2022
