Mon 21 Mar 14:55:32 GMT 2022


                 *********************************************
                 *                                           *
                 *               s  T  D  A                  *
                 *                                           *
                 *                S. Grimme                  *
                 * Mulliken Center for Theoretical Chemistry *
                 *             Universitaet Bonn             *
                 *              Version 1.6.2                *
                 *       Tue Sep 10 14:44:30 CET 2020        *
                 *********************************************
 
 Please cite as:
 S. Grimme, J. Chem. Phys. 138 (2013) 244104
 
 With contributions from:
 C. Bannwarth, P. Shushkov, M. de Wergifosse
 
======================================================================
 
 reading an xTB output...
 
 reading: wfn.xtb
======================================================================
                    M O / A O    I N P U T 
======================================================================
atom  #          x             y             z            charge
  C   1    -11.52751726   -2.98897953    0.19142924         6.00
  C   2     -8.79081614   -2.28732429    0.24188492         6.00
  C   3     -7.94402995   -0.15231191   -1.04539640         6.00
  C   4     -5.42993854    0.52307614   -1.03934927         6.00
  C   5     -3.64565930   -0.92993414    0.27117567         6.00
  C   6     -0.99153921   -0.36774067    0.37851211         6.00
  C   7      0.33618225    1.56053569   -0.68370285         6.00
  C   8     -0.68200210    3.51205568   -2.19057032         6.00
  N   9     -1.37231898    5.15384958   -3.42966363         7.00
  C  10      3.03773446    1.71133582   -0.29328547         6.00
  N  11      4.32350400    0.11999760    1.01837331         7.00
  C  12      6.82153273    0.69844271    1.08016735         6.00
  C  13      8.69160553   -0.66253792    2.34080353         6.00
  C  14     11.15221769    0.17612246    2.21778237         6.00
  C  15     11.78754355    2.34590579    0.86303784         6.00
  C  16      9.96962719    3.72653957   -0.40081087         6.00
  C  17      7.49068469    2.89770577   -0.28799423         6.00
  S  18      4.81388788    4.20690791   -1.66088014        16.00
  C  19     -4.50926406   -3.07628487    1.56393720         6.00
  C  20     -7.02864670   -3.73655512    1.54655172         6.00
  H  21    -12.69102153   -1.38630296    0.74946531         1.00
  H  22    -12.08366361   -3.52755143   -1.71719397         1.00
  H  23    -11.91377725   -4.56293228    1.45319926         1.00
  H  24     -9.28856996    0.99475174   -2.06754916         1.00
  H  25     -4.83958816    2.18660190   -2.05432108         1.00
  H  26      0.14343020   -1.67543103    1.47115165         1.00
  H  27      8.17608829   -2.33664614    3.38147561         1.00
  H  28     12.62015681   -0.85963633    3.18475514         1.00
  H  29     13.73263847    2.95723214    0.80048791         1.00
  H  30     10.45434190    5.40556108   -1.45055364         1.00
  H  31     -3.16925939   -4.22618311    2.58949147         1.00
  H  32     -7.64356352   -5.40008087    2.55906688         1.00

 # atoms          =   32
 # mos            =  151
 # primitive  aos = 1156
 # contracted aos =  220

 spherical AO basis
======================================================================
                    A O   I N T E G R A L S
======================================================================
 memory needed for AO int data:   1 Mb
 done.
  
Restricted MOs found... RKS-sTD-DFT will be performed
  
======================================================================
                    s T D A
======================================================================
 spectral range up to (eV)     :    10.0000000000000     
 occ MO cut-off (eV)           :   -36.3946628744957     
 virtMO cut-off (eV)           :    13.0151530921868     
 perturbation thr              :   1.000000000000000E-004
 triplet                       :  F
 MOs in TDA :          118
 oMOs in TDA:           48
 vMOs in TDA:           70
 sorting MOs ...
 reading and transforming R..V..L AO ints ...
 ints done.
 S^1/2 ...
 S^1/2 orthogonalized MO coefficients done.

 SCF atom population (using active MOs):
  3.922  4.061  3.973  3.937  4.066  3.892  4.094  3.846  5.217  4.028
  5.202  4.047  3.999  4.018  4.009  4.019  4.103  5.525  3.961  3.966
  1.014  1.008  1.031  0.983  1.069  1.040  0.985  1.001  1.000  0.997
  0.996  0.992
 
 # electrons in TDA:  96.000
 
 
 ax(DF)   :   0.500000000000000     
 s^K      :    2.00000000000000     
 beta  (J):    4.00000000000000     
 alpha (K):    2.00000000000000     
 
 hardness table read.
 setting up gammas ...
 memory needed for q data (Mb)                      1
 computing q(ij,n) ...
 
         113 CSF included by energy.
 
        3247 considered in PT2.
 ordered frontier orbitals
         eV     # centers
  38   -19.139    17.0
  39   -18.957     9.1
  40   -18.663    12.8
  41   -17.941     3.1
  42   -17.779    10.1
  43   -17.509     4.6
  44   -16.890     3.0
  45   -16.492     4.3
  46   -16.262    11.2
  47   -15.401     5.3
  48   -14.985    13.2
 
  49    -8.395     8.6
  50    -6.256     9.3
  51    -6.005     4.6
  52    -5.548     4.8
  53    -5.147     9.5
  54    -5.110    22.8
  55    -5.034    18.3
  56    -4.484    22.5
  57    -4.214    22.8
  58    -4.174     8.3
  59    -4.135     8.1
 
             lowest CSF states
       eV     nm      excitation i->a               eV
    1  3.94   314.6       48 ->  49     gap,J,K:   6.590   3.659   0.505   Kshft:   0.001  locality: 0.930
    2  4.34   285.7       47 ->  49     gap,J,K:   7.006   3.076   0.185   Kshft:   0.039  locality: 0.709
    3  4.80   258.1       45 ->  49     gap,J,K:   8.097   3.862   0.281   Kshft:   0.008  locality: 0.833
    4  5.05   245.6       44 ->  49     gap,J,K:   8.495   3.946   0.000   Kshft:   0.500  locality: 0.822
    5  5.17   239.6       46 ->  49     gap,J,K:   7.868   3.625   0.465   Kshft:   0.001  locality: 0.957
    6  5.89   210.4       48 ->  50     gap,J,K:   8.729   3.726   0.445   Kshft:   0.001  locality: 0.991
    7  6.08   203.8       47 ->  50     gap,J,K:   9.145   4.024   0.481   Kshft:   0.001  locality: 0.970
    8  6.22   199.2       43 ->  49     gap,J,K:   9.114   3.274   0.154   Kshft:   0.075  locality: 0.762
    9  6.37   194.6       48 ->  51     gap,J,K:   8.979   3.027   0.193   Kshft:   0.034  locality: 0.694
   10  6.38   194.2       47 ->  52     gap,J,K:   9.853   4.686   0.608   Kshft:   0.000  locality: 0.994
   11  6.49   191.0       42 ->  49     gap,J,K:   9.384   3.881   0.494   Kshft:   0.001  locality: 0.991
   12  6.53   189.9       48 ->  52     gap,J,K:   9.437   3.746   0.419   Kshft:   0.002  locality: 0.877
   13  6.67   185.9       41 ->  49     gap,J,K:   9.546   3.376   0.000   Kshft:   0.500  locality: 0.763
   14  6.85   181.1       44 ->  50     gap,J,K:  10.634   4.287   0.000   Kshft:   0.500  locality: 0.934
   15  6.97   177.9       40 ->  49     gap,J,K:  10.268   3.799   0.000   Kshft:   0.500  locality: 0.872
   16  7.14   173.7       48 ->  53     gap,J,K:   9.838   3.292   0.293   Kshft:   0.007  locality: 0.868
   17  7.17   173.0       48 ->  55     gap,J,K:   9.951   3.283   0.000   Kshft:   0.500  locality: 0.940
   18  7.26   170.8       47 ->  55     gap,J,K:  10.367   3.606   0.000   Kshft:   0.500  locality: 0.936
   19  7.30   169.9       46 ->  51     gap,J,K:  10.257   3.597   0.317   Kshft:   0.005  locality: 0.856
   20  7.33   169.2       46 ->  50     gap,J,K:  10.006   3.360   0.339   Kshft:   0.004  locality: 0.928
   21  7.35   168.8       48 ->  54     gap,J,K:   9.875   3.038   0.005   Kshft:   0.500  locality: 0.849
   22  7.35   168.6       45 ->  51     gap,J,K:  10.487   5.144   1.005   Kshft:   0.000  locality: 1.000
   23  7.44   166.7       38 ->  49     gap,J,K:  10.745   3.807   0.000   Kshft:   0.500  locality: 0.965
   24  7.46   166.2       44 ->  52     gap,J,K:  11.342   4.380   0.000   Kshft:   0.500  locality: 0.840
   25  7.51   165.2       48 ->  58     gap,J,K:  10.811   3.890   0.290   Kshft:   0.007  locality: 0.977
 
 selecting CSF ...
 average/max PT2 energy lowering (eV):     0.019     0.120
        1045 CSF included by PT.
        1158 CSF in total.
 sTD-DFT procedure...
 setting up A+B and A-B matrices
  calculating (A-B)^0.5 ...
 estimated time (min)     0.06
  calculating (A+B)*(A-B)^0.5 ...
 calculate eigenvalues of (A-B)^0.5*(A+B)*(A-B)^0.5 ...
  rpa vectors ok
  127 roots found, lowest/highest eigenvalue :    3.515   9.992   0
 writing spectral data to tda.dat ...
 
 excitation energies, transition moments and TDA amplitudes
 state    eV      nm       fL         Rv
    1    3.515   352.7     1.2002     0.9982     0.93(  48->  49)  0.02(  46->  50)  0.02(  48->  50)
    2    3.926   315.8     0.1028    -0.8607     0.85(  47->  49)  0.05(  47->  50)  0.02(  46->  49)
    3    4.233   292.9     0.0160     0.2422     0.79(  45->  49)  0.08(  48->  51)  0.07(  46->  51)
    4    4.609   269.0     0.0888     2.0347     0.83(  46->  49)  0.04(  47->  49)  0.03(  47->  52)
    5    4.712   263.1     0.0019    -0.5353     0.89(  44->  49)  0.06(  44->  50)  0.02(  44->  58)
    6    4.920   252.0     0.0020    -0.0207     0.35(  48->  50)  0.13(  47->  50)  0.10(  47->  52)
    7    5.418   228.9     0.0231     0.5764     0.35(  47->  50)  0.28(  48->  50)  0.20(  48->  52)
    8    5.689   217.9     0.0884    -0.5647     0.44(  48->  51)  0.21(  46->  51)  0.17(  45->  49)
    9    5.769   214.9     0.1432    -2.1062     0.29(  47->  52)  0.15(  48->  50)  0.13(  47->  50)
   10    5.876   211.0     0.0327     0.9417     0.64(  42->  49)  0.09(  43->  49)  0.04(  43->  50)
   11    6.028   205.7     0.0093     0.9527     0.57(  43->  49)  0.18(  48->  52)  0.05(  47->  52)
   12    6.168   201.0     0.5591    -0.4029     0.23(  47->  52)  0.20(  48->  52)  0.14(  47->  50)
   13    6.212   199.6     0.0177     6.5315     0.37(  47->  55)  0.25(  48->  55)  0.12(  48->  54)
   14    6.308   196.5     0.0144   -25.0976     0.27(  47->  55)  0.21(  48->  55)  0.12(  48->  54)
   15    6.340   195.6     0.0125     1.1257     0.85(  41->  49)  0.08(  41->  50)  0.02(  44->  50)
   16    6.348   195.3     0.0589    18.1950     0.31(  48->  53)  0.25(  45->  51)  0.10(  47->  52)
   17    6.607   187.7     0.0002    -0.5829     0.53(  40->  49)  0.33(  44->  50)  0.02(  44->  53)
   18    6.679   185.6     0.0063    -1.3624     0.38(  48->  54)  0.26(  46->  54)  0.14(  48->  55)
   19    6.720   184.5     0.0020     0.8754     0.47(  44->  50)  0.35(  40->  49)  0.04(  44->  53)
   20    6.757   183.5     0.2259    -1.0179     0.25(  48->  58)  0.17(  45->  51)  0.12(  47->  58)
   21    6.828   181.6     0.0747     2.0520     0.34(  48->  51)  0.30(  45->  53)  0.14(  42->  51)
   22    7.002   177.1     0.6011     2.5674     0.35(  47->  58)  0.18(  45->  51)  0.08(  48->  53)
   23    7.059   175.6     0.0015    -1.6365     0.41(  48->  56)  0.09(  48->  57)  0.09(  46->  55)
   24    7.073   175.3     0.0004    -0.8535     0.78(  38->  49)  0.04(  35->  49)  0.03(  37->  49)
   25    7.122   174.1     0.0003    -1.3013     0.34(  46->  50)  0.29(  48->  58)  0.10(  39->  49)
   26    7.189   172.5     0.0198    41.0443     0.55(  45->  54)  0.16(  45->  55)  0.02(  45->  53)
   27    7.195   172.3     0.1602   -40.4042     0.14(  45->  51)  0.13(  48->  53)  0.11(  48->  58)
   28    7.224   171.6     0.0067    -7.1756     0.20(  47->  57)  0.19(  47->  56)  0.12(  47->  60)
   29    7.352   168.6     0.0008    -0.2953     0.92(  44->  52)  0.02(  41->  52)  0.01(  44->  50)
   30    7.370   168.2     0.0025     2.1065     0.44(  48->  57)  0.13(  48->  60)  0.10(  46->  56)
   31    7.413   167.3     0.1329    -4.4703     0.30(  39->  49)  0.14(  34->  49)  0.08(  46->  50)
   32    7.442   166.6     0.2668     2.4022     0.30(  46->  51)  0.19(  45->  53)  0.16(  34->  49)
   33    7.515   165.0     0.0225    12.0716     0.35(  34->  49)  0.27(  43->  50)  0.11(  43->  52)
   34    7.560   164.0     0.0010    -0.1176     0.57(  48->  59)  0.12(  46->  59)  0.07(  48->  57)
   35    7.571   163.8     0.0118   -11.4861     0.65(  35->  49)  0.16(  37->  49)  0.05(  38->  49)
   36    7.617   162.8     0.0040   -12.7441     0.30(  47->  60)  0.19(  47->  61)  0.14(  47->  56)
   37    7.658   161.9     0.1058     3.8026     0.20(  43->  50)  0.16(  39->  49)  0.13(  34->  49)
   38    7.671   161.6     0.0022     9.6122     0.37(  48->  60)  0.12(  46->  57)  0.07(  46->  56)
   39    7.824   158.5     0.0068     1.7013     0.40(  41->  50)  0.25(  36->  49)  0.10(  44->  58)
   40    7.884   157.3     0.0634     0.2659     0.49(  46->  52)  0.09(  42->  52)  0.07(  48->  52)
   41    7.925   156.4     0.0139   -45.0462     0.26(  48->  61)  0.11(  46->  56)  0.06(  43->  52)
   42    7.935   156.3     0.0464    35.0346     0.19(  43->  52)  0.13(  48->  63)  0.10(  46->  53)
   43    7.969   155.6     0.0063     0.7109     0.93(  47->  51)  0.04(  42->  51)  0.01(  48->  51)
   44    7.986   155.2     0.0013    23.8067     0.46(  45->  57)  0.27(  45->  56)  0.05(  45->  59)
   45    8.031   154.4     0.2173   -21.1432     0.28(  44->  55)  0.17(  44->  54)  0.12(  43->  52)
   46    8.056   153.9     0.0064     9.8489     0.20(  46->  53)  0.12(  48->  63)  0.09(  39->  49)
   47    8.122   152.7     0.0185    -0.1657     0.29(  48->  63)  0.12(  44->  55)  0.12(  43->  52)
   48    8.175   151.7     0.0001     2.0100     0.35(  40->  51)  0.14(  36->  49)  0.13(  44->  58)
   49    8.189   151.4     0.0012     0.0361     0.54(  40->  51)  0.17(  44->  58)  0.08(  36->  49)
   50    8.228   150.7     0.0295     1.0035     0.34(  41->  50)  0.26(  44->  58)  0.06(  44->  53)
   51    8.252   150.2     0.0022    13.7118     0.36(  48->  64)  0.08(  48->  61)  0.08(  46->  60)
   52    8.255   150.2     0.0184   -10.1983     0.32(  48->  66)  0.10(  46->  63)  0.04(  47->  66)
   53    8.287   149.6     0.0017    -0.1844     0.65(  45->  50)  0.20(  45->  53)  0.05(  45->  58)
   54    8.326   148.9     0.0189     3.2884     0.40(  47->  53)  0.30(  47->  66)  0.04(  46->  52)
   55    8.330   148.8     0.0063    -4.6750     0.45(  41->  52)  0.16(  31->  49)  0.13(  33->  49)
   56    8.343   148.6     0.0014     0.1993     0.16(  45->  56)  0.14(  48->  65)  0.14(  45->  59)
   57    8.362   148.3     0.0017     0.0417     0.41(  37->  49)  0.16(  37->  50)  0.12(  35->  49)
   58    8.362   148.3     0.0103    -0.9668     0.22(  47->  53)  0.18(  47->  66)  0.09(  47->  58)
   59    8.382   147.9     0.0021    -3.3268     0.25(  45->  59)  0.14(  45->  56)  0.12(  48->  65)
   60    8.407   147.5     0.0004     2.2436     0.26(  31->  49)  0.20(  41->  52)  0.12(  33->  49)
   61    8.409   147.4     0.0013     0.3248     0.25(  47->  65)  0.08(  47->  64)  0.06(  47->  61)
   62    8.470   146.4     0.0062     0.2782     0.54(  42->  51)  0.18(  46->  51)  0.05(  39->  51)
   63    8.538   145.2     0.0066    18.0081     0.17(  48->  62)  0.14(  46->  62)  0.09(  46->  54)
   64    8.547   145.1     0.0006    -2.5884     0.54(  32->  49)  0.06(  36->  50)  0.05(  36->  49)
   65    8.548   145.0     0.0136   -17.0840     0.26(  42->  50)  0.08(  46->  54)  0.06(  39->  50)
   66    8.582   144.5     0.0050     1.5605     0.17(  42->  50)  0.14(  46->  53)  0.10(  46->  54)
   67    8.660   143.2     0.0440    -3.8891     0.19(  39->  50)  0.08(  29->  49)  0.08(  46->  58)
   68    8.683   142.8     0.0019     3.6323     0.21(  47->  59)  0.18(  47->  54)  0.15(  43->  55)
   69    8.714   142.3     0.0000    -1.1832     0.17(  43->  55)  0.15(  47->  59)  0.12(  43->  54)
   70    8.778   141.2     0.0016    -1.4327     0.13(  47->  57)  0.12(  47->  61)  0.09(  47->  59)
   71    8.838   140.3     0.0049     0.2057     0.17(  41->  55)  0.11(  44->  56)  0.08(  47->  63)
   72    8.871   139.8     0.0001     2.5580     0.10(  46->  64)  0.09(  48->  65)  0.09(  46->  55)
   73    8.874   139.7     0.0001    -0.0135     0.46(  44->  51)  0.38(  38->  51)  0.06(  35->  51)
   74    8.899   139.3     0.0052    -5.4857     0.18(  44->  56)  0.11(  48->  67)  0.10(  41->  55)
   75    8.951   138.5     0.0379    -0.5599     0.19(  29->  49)  0.13(  46->  58)  0.10(  30->  49)
   76    8.985   138.0     0.0065     0.8878     0.43(  39->  52)  0.08(  47->  71)  0.07(  48->  71)
   77    9.015   137.5     0.0009     1.2672     0.21(  48->  68)  0.12(  46->  64)  0.07(  46->  55)
   78    9.016   137.5     0.0000     0.1387     0.47(  44->  51)  0.30(  38->  51)  0.06(  36->  51)
   79    9.043   137.1     0.0256    -2.2341     0.37(  45->  62)  0.35(  45->  63)  0.04(  34->  51)
   80    9.072   136.7     0.0012     5.1015     0.13(  46->  65)  0.13(  48->  70)  0.11(  46->  56)
   81    9.102   136.2     0.0046    -6.5539     0.23(  31->  49)  0.16(  40->  53)  0.13(  33->  49)
   82    9.109   136.1     0.0018    -1.1783     0.19(  48->  67)  0.07(  46->  63)  0.07(  47->  63)
   83    9.137   135.7     0.0012    -2.3669     0.17(  28->  49)  0.14(  27->  49)  0.13(  40->  53)
   84    9.140   135.7     0.0336     1.5468     0.15(  29->  49)  0.12(  23->  49)  0.09(  48->  71)
   85    9.171   135.2     0.0369    -0.2781     0.24(  41->  55)  0.14(  44->  56)  0.10(  41->  54)
   86    9.174   135.1     0.0043    -0.5708     0.28(  45->  64)  0.21(  45->  60)  0.10(  45->  59)
   87    9.211   134.6     0.0020     0.4475     0.35(  34->  51)  0.07(  43->  58)  0.06(  48->  71)
   88    9.213   134.6     0.0188    -0.2273     0.27(  34->  51)  0.10(  42->  53)  0.06(  43->  58)
   89    9.257   133.9     0.0152    -0.5740     0.36(  47->  71)  0.07(  47->  73)  0.05(  44->  60)
   90    9.282   133.6     0.0016     1.0248     0.29(  44->  53)  0.11(  33->  49)  0.10(  44->  63)
   91    9.284   133.5     0.0404    11.5330     0.08(  47->  54)  0.06(  48->  71)  0.05(  48->  72)
   92    9.289   133.5     0.0747    -5.0266     0.10(  48->  71)  0.06(  48->  70)  0.06(  39->  52)
   93    9.304   133.3     0.0173     2.7041     0.13(  23->  49)  0.12(  48->  69)  0.08(  46->  67)
   94    9.340   132.7     0.0021     1.2921     0.13(  42->  53)  0.11(  23->  49)  0.08(  48->  69)
   95    9.356   132.5     0.0004     2.8040     0.16(  44->  53)  0.14(  37->  52)  0.11(  33->  49)
   96    9.357   132.5     0.0016    -0.7816     0.27(  47->  70)  0.09(  47->  72)  0.07(  47->  69)
   97    9.379   132.2     0.0014    -1.7720     0.16(  47->  54)  0.11(  48->  70)  0.10(  47->  55)
   98    9.381   132.2     0.0010    -1.2583     0.24(  41->  58)  0.20(  36->  50)  0.13(  37->  52)
   99    9.425   131.5     0.0080    -1.9530     0.19(  43->  58)  0.05(  39->  50)  0.05(  44->  57)
  100    9.434   131.4     0.0001    -1.3900     0.16(  46->  57)  0.08(  48->  60)  0.07(  48->  68)
  101    9.462   131.0     0.0038    11.5628     0.25(  37->  52)  0.12(  25->  49)  0.06(  45->  62)
  102    9.464   131.0     0.0074    -1.9385     0.21(  45->  62)  0.11(  40->  54)  0.08(  34->  51)
  103    9.483   130.7     0.0007    -6.1001     0.25(  46->  59)  0.08(  48->  70)  0.07(  46->  61)
  104    9.531   130.1     0.0090    -0.9055     0.24(  44->  63)  0.14(  27->  49)  0.08(  40->  53)
  105    9.533   130.1     0.0001     2.0141     0.11(  48->  72)  0.07(  45->  64)  0.06(  45->  68)
  106    9.560   129.7     0.0010     0.9653     0.23(  23->  49)  0.18(  40->  54)  0.08(  39->  50)
  107    9.566   129.6     0.0005    -0.0149     0.49(  36->  52)  0.08(  36->  50)  0.08(  37->  52)
  108    9.581   129.4     0.0264    -2.2372     0.28(  40->  54)  0.11(  23->  49)  0.09(  40->  55)
  109    9.605   129.1     0.0037    -1.2761     0.20(  44->  63)  0.15(  44->  53)  0.12(  40->  53)
  110    9.637   128.7     0.0004     2.0313     0.16(  45->  64)  0.08(  45->  55)  0.08(  48->  72)
  111    9.642   128.6     0.0000    -2.4390     0.26(  24->  49)  0.21(  25->  49)  0.08(  38->  50)
  112    9.682   128.1     0.0040     1.0805     0.40(  44->  59)  0.16(  44->  60)  0.10(  44->  61)
  113    9.696   127.9     0.0000    -0.0646     0.96(  45->  52)  0.01(  45->  53)  0.01(  45->  50)
  114    9.755   127.1     0.0022    -2.8271     0.27(  48->  73)  0.11(  30->  49)  0.06(  29->  49)
  115    9.787   126.7     0.0030   -11.5611     0.11(  43->  56)  0.10(  43->  57)  0.06(  48->  61)
  116    9.790   126.6     0.0151     8.5527     0.18(  45->  67)  0.15(  30->  49)  0.08(  45->  69)
  117    9.802   126.5     0.0053     7.0944     0.20(  42->  54)  0.08(  42->  56)  0.07(  46->  57)
  118    9.813   126.3     0.0006    -0.4793     0.16(  37->  50)  0.14(  37->  49)  0.13(  38->  50)
  119    9.821   126.2     0.0004    -0.5814     0.32(  45->  61)  0.12(  45->  65)  0.11(  45->  59)
  120    9.842   126.0     0.0131     0.3428     0.19(  30->  49)  0.12(  45->  67)  0.07(  48->  75)
  121    9.862   125.7     0.0059     2.4565     0.11(  42->  57)  0.10(  46->  68)  0.07(  46->  70)
  122    9.884   125.4     0.0108     3.2826     0.16(  41->  56)  0.11(  41->  57)  0.09(  36->  55)
  123    9.894   125.3     0.0091    -1.3167     0.20(  44->  64)  0.16(  44->  61)  0.15(  44->  60)
  124    9.944   124.7     0.0036    -3.2774     0.18(  39->  55)  0.08(  47->  57)  0.07(  46->  55)
  125    9.969   124.4     0.0077    -1.9692     0.19(  38->  53)  0.11(  35->  50)  0.10(  22->  49)
  126    9.983   124.2     0.0089     2.1409     0.12(  48->  75)  0.11(  48->  76)  0.07(  46->  69)
  127    9.992   124.1     0.0001     1.8702     0.17(  41->  58)  0.11(  38->  53)  0.09(  36->  53)

  alpha tensor

           1         2         3
 
    1 284.84723
    2  61.67109  83.87820
    3  10.26770 -41.52306  35.36133
 trace alpha_L[0] / au:   134.695586650654     
 sum rule f_L           5.06774164756786     
 
 SOS specific optical rotation 
 including Lorentz factor for common solvent (n=1.4)
 lambda [eV] alpha[grad*cm^3*g^-1*dm^-1]
 632.8  1.96       27.19
 589.3  2.10       32.91        0.00 ##
 579.0  2.14       34.56
 546.0  2.27       40.97
 436.0  2.84       94.46
 365.0  3.40      605.00
 
 sTD-DFT done.
Mon 21 Mar 14:55:35 GMT 2022
