Mon 21 Mar 14:23:25 GMT 2022


                 *********************************************
                 *                                           *
                 *               s  T  D  A                  *
                 *                                           *
                 *                S. Grimme                  *
                 * Mulliken Center for Theoretical Chemistry *
                 *             Universitaet Bonn             *
                 *              Version 1.6.2                *
                 *       Tue Sep 10 14:44:30 CET 2020        *
                 *********************************************
 
 Please cite as:
 S. Grimme, J. Chem. Phys. 138 (2013) 244104
 
 With contributions from:
 C. Bannwarth, P. Shushkov, M. de Wergifosse
 
======================================================================
 
 reading an xTB output...
 
 reading: wfn.xtb
======================================================================
                    M O / A O    I N P U T 
======================================================================
atom  #          x             y             z            charge
  C   1    -24.11573770    1.17673235   -2.76939338         6.00
  C   2    -21.72693513    0.85528996   -1.27632091         6.00
  C   3    -21.89890019    0.46430567    1.34208337         6.00
  C   4    -19.79695802    0.15835903    2.85008468         6.00
  C   5    -17.46352442    0.25227841    1.66749418         6.00
  N   6    -15.03220301    0.03703863    2.52391798         7.00
  C   7    -13.47601369    0.29177369    0.45920341         6.00
  C   8    -10.74441483    0.18179164    0.57806717         6.00
  C   9     -9.42330742   -0.14815451    2.83591173         6.00
  C  10     -6.81775328   -0.23716061    2.84176988         6.00
  C  11     -5.44675710    0.01001555    0.60622408         6.00
  C  12     -2.67528503   -0.07143164    0.62701107         6.00
  C  13     -1.25628981    1.51272562   -0.92955619         6.00
  C  14      1.34888638    1.43619172   -0.90121031         6.00
  C  15      2.66621434   -0.21240520    0.67822264         6.00
  C  16      5.44070998   -0.26890800    0.68823819         6.00
  C  17      6.79054123   -0.38909457    2.94494892         6.00
  C  18      9.39779612   -0.41517279    2.93909077         6.00
  C  19     10.73345442   -0.33032410    0.66801812         6.00
  C  20     13.46769890   -0.35904793    0.55709121         6.00
  N  21     14.76631857   -0.17744527   -1.54144946         7.00
  C  22     17.25263100   -0.27722280   -0.86228195         6.00
  C  23     19.42732762   -0.16875253   -2.33853586         6.00
  C  24     21.74413164   -0.31804088   -1.14763057         6.00
  C  25     24.15277633   -0.19690944   -2.63938023         6.00
  C  26     21.88453827   -0.57145313    1.48910405         6.00
  C  27     19.76275398   -0.68370285    2.99634947         6.00
  C  28     17.44273743   -0.53403655    1.79372787         6.00
  N  29     15.00026664   -0.57750025    2.64334866         7.00
  C  30      9.37870989   -0.20994855   -1.59549562         6.00
  C  31      6.77750212   -0.17423273   -1.58340137         6.00
  C  32      1.21320406   -1.78182260    2.21513676         6.00
  F  33      2.36253538   -3.47388321    3.74959423         9.00
  C  34     -1.39235008   -1.73684712    2.20984553         6.00
  C  35     -6.77315575    0.34298526   -1.64935281         6.00
  C  36     -9.37379660    0.42235375   -1.66598240         6.00
  N  37    -14.74950001    0.65138853   -1.63177836         7.00
  C  38    -17.24204853    0.64175093   -0.96980736         6.00
  C  39    -19.39728098    0.94505195   -2.44738408         6.00
  H  40    -25.16170101    2.82098290   -2.10420984         1.00
  H  41    -25.32988662   -0.47110868   -2.54886236         1.00
  H  42    -23.70396642    1.42636515   -4.76551090         1.00
  H  43    -23.75309929    0.40364546    2.19510566         1.00
  H  44    -19.96514363   -0.14040664    4.86226487         1.00
  H  45    -14.50175693   -0.25927040    4.32369297         1.00
  H  46    -10.41692532   -0.32937923    4.61093132         1.00
  H  47     -5.82508024   -0.45636882    4.61206515         1.00
  H  48     -2.21022347    2.84857290   -2.14030361         1.00
  H  49      2.41129031    2.70627653   -2.09343841         1.00
  H  50      5.79144312   -0.43539286    4.72299207         1.00
  H  51     10.38007567   -0.49265155    4.72752741         1.00
  H  52     19.28049592    0.02607822   -4.36186544         1.00
  H  53     25.36560244   -1.79788527   -2.18622395         1.00
  H  54     23.76594943   -0.21221622   -4.65647371         1.00
  H  55     25.18815718    1.52557576   -2.18584601         1.00
  H  56     23.72928875   -0.68238004    2.35781107         1.00
  H  57     19.90599520   -0.88117921    5.02308055         1.00
  H  58     14.44601002   -0.76477209    4.45049358         1.00
  H  59     10.43053135   -0.15136705   -3.33952370         1.00
  H  60      5.75345963   -0.11527328   -3.34821644         1.00
  H  61     -2.40354243   -3.04056905    3.40793178         1.00
  H  62     -5.74571175    0.49586409   -3.40566411         1.00
  H  63    -10.41446868    0.66782915   -3.40037287         1.00
  H  64    -19.22512695    1.24287276   -4.45635173         1.00

 # atoms          =   64
 # mos            =  289
 # primitive  aos = 2291
 # contracted aos =  437

 spherical AO basis
======================================================================
                    A O   I N T E G R A L S
======================================================================
 memory needed for AO int data:   7 Mb
 done.
  
Restricted MOs found... RKS-sTD-DFT will be performed
  
======================================================================
                    s T D A
======================================================================
 spectral range up to (eV)     :    10.0000000000000     
 occ MO cut-off (eV)           :   -35.7021443133690     
 virtMO cut-off (eV)           :    13.2522623725166     
 perturbation thr              :   1.000000000000000E-004
 triplet                       :  F
 MOs in TDA :          233
 oMOs in TDA:           94
 vMOs in TDA:          139
 sorting MOs ...
 reading and transforming R..V..L AO ints ...
 ints done.
 S^1/2 ...
 S^1/2 orthogonalized MO coefficients done.

 SCF atom population (using active MOs):
  3.925  4.104  3.999  3.983  3.953  4.942  3.900  4.060  3.947  3.974
  4.053  4.075  3.979  3.981  4.100  4.054  3.983  3.951  4.062  3.900
  5.193  4.022  3.963  4.105  3.926  3.999  3.984  3.953  4.943  3.975
  3.981  3.913  6.893  4.008  3.973  3.974  5.193  4.021  3.963  1.018
  1.019  1.035  0.999  0.982  0.962  1.013  1.006  1.004  1.001  1.021
  1.016  0.984  1.022  1.035  1.016  1.000  0.982  0.962  1.011  1.003
  1.004  1.004  1.010  0.984
 
 # electrons in TDA: 188.000
 
 
 ax(DF)   :   0.500000000000000     
 s^K      :    2.00000000000000     
 beta  (J):    4.00000000000000     
 alpha (K):    2.00000000000000     
 
 hardness table read.
 setting up gammas ...
 memory needed for q data (Mb)                      9
 computing q(ij,n) ...
 
         220 CSF included by energy.
 
       12846 considered in PT2.
 ordered frontier orbitals
         eV     # centers
  84   -17.078     2.9
  85   -17.015     2.9
  86   -16.719    15.7
  87   -16.610     4.3
  88   -16.508     4.5
  89   -16.497     5.1
  90   -15.878    17.0
  91   -15.203     5.8
  92   -15.150     5.9
  93   -14.918    16.1
  94   -14.748    20.9
 
  95    -7.702    21.5
  96    -7.144    20.7
  97    -6.234    14.6
  98    -6.129     7.3
  99    -6.126     9.5
 100    -6.020     4.7
 101    -5.511    17.9
 102    -5.296    16.1
 103    -5.230    16.4
 104    -5.141    13.0
 105    -5.071    12.0
 
             lowest CSF states
       eV     nm      excitation i->a               eV
    1  5.07   244.3       94 ->  95     gap,J,K:   7.045   2.381   0.116   Kshft:   0.178  locality: 0.837
    2  5.30   233.8       93 ->  95     gap,J,K:   7.216   2.316   0.179   Kshft:   0.044  locality: 0.803
    3  5.52   224.7       94 ->  96     gap,J,K:   7.603   2.571   0.235   Kshft:   0.016  locality: 0.959
    4  5.74   215.8       91 ->  95     gap,J,K:   7.501   2.152   0.125   Kshft:   0.146  locality: 0.568
    5  5.78   214.5       90 ->  95     gap,J,K:   8.176   2.934   0.264   Kshft:   0.010  locality: 0.975
    6  5.84   212.2       93 ->  96     gap,J,K:   7.774   2.355   0.195   Kshft:   0.032  locality: 0.866
    7  5.92   209.4       89 ->  95     gap,J,K:   8.795   3.398   0.256   Kshft:   0.011  locality: 0.874
    8  6.01   206.2       92 ->  96     gap,J,K:   8.005   2.445   0.215   Kshft:   0.022  locality: 0.686
    9  6.10   203.1       87 ->  95     gap,J,K:   8.908   3.344   0.265   Kshft:   0.010  locality: 0.840
   10  6.19   200.2       92 ->  95     gap,J,K:   7.447   1.774   0.079   Kshft:   0.361  locality: 0.469
   11  6.33   195.7       88 ->  95     gap,J,K:   8.805   2.867   0.173   Kshft:   0.050  locality: 0.727
   12  6.35   195.1       94 -> 100     gap,J,K:   8.728   2.762   0.162   Kshft:   0.063  locality: 0.753
   13  6.41   193.6       91 ->  96     gap,J,K:   8.059   2.040   0.161   Kshft:   0.065  locality: 0.571
   14  6.55   189.4       94 ->  97     gap,J,K:   8.513   2.367   0.178   Kshft:   0.046  locality: 0.860
   15  6.55   189.1       90 ->  96     gap,J,K:   8.734   2.594   0.189   Kshft:   0.036  locality: 0.915
   16  6.73   184.3       86 ->  95     gap,J,K:   9.016   2.825   0.263   Kshft:   0.010  locality: 0.974
   17  6.79   182.6       94 ->  99     gap,J,K:   8.621   2.259   0.108   Kshft:   0.211  locality: 0.720
   18  6.79   182.5       88 ->  96     gap,J,K:   9.363   3.066   0.241   Kshft:   0.014  locality: 0.825
   19  6.81   182.0       93 ->  97     gap,J,K:   8.684   2.253   0.150   Kshft:   0.083  locality: 0.807
   20  6.90   179.8       93 ->  98     gap,J,K:   8.789   2.364   0.093   Kshft:   0.284  locality: 0.685
   21  6.96   178.2       94 ->  98     gap,J,K:   8.619   2.125   0.096   Kshft:   0.271  locality: 0.624
   22  7.07   175.3       92 -> 100     gap,J,K:   9.130   2.583   0.012   Kshft:   0.500  locality: 0.530
   23  7.09   175.0       90 ->  99     gap,J,K:   9.752   3.201   0.262   Kshft:   0.010  locality: 0.966
   24  7.14   173.5       90 ->  98     gap,J,K:   9.749   2.995   0.165   Kshft:   0.059  locality: 0.833
   25  7.18   172.6       93 ->  99     gap,J,K:   8.792   2.134   0.077   Kshft:   0.370  locality: 0.671
 
 selecting CSF ...
 average/max PT2 energy lowering (eV):     0.033     0.292
        1267 CSF included by PT.
        1487 CSF in total.
 sTD-DFT procedure...
 setting up A+B and A-B matrices
  calculating (A-B)^0.5 ...
 estimated time (min)     0.14
  calculating (A+B)*(A-B)^0.5 ...
 calculate eigenvalues of (A-B)^0.5*(A+B)*(A-B)^0.5 ...
  rpa vectors ok
  272 roots found, lowest/highest eigenvalue :    4.029   9.993   0
 writing spectral data to tda.dat ...
 
 excitation energies, transition moments and TDA amplitudes
 state    eV      nm       fL         Rv
    1    4.029   307.7     2.8382     1.3905     0.50(  94->  95)  0.27(  93->  96)  0.05(  93->  95)
    2    4.217   294.0     0.0109     1.7749     0.37(  94->  96)  0.36(  93->  95)  0.07(  93->  97)
    3    4.596   269.7     0.2784     3.5319     0.16(  91->  95)  0.12(  91->  96)  0.10(  90->  95)
    4    4.666   265.7     0.0728    -7.3362     0.30(  89->  95)  0.11(  91->  95)  0.08(  90->  99)
    5    4.695   264.1     0.0318     0.2272     0.13(  92->  96)  0.11(  87->  95)  0.10(  88->  95)
    6    4.712   263.1     0.0212    -2.3400     0.26(  87->  95)  0.10(  88->  95)  0.09(  87->  96)
    7    4.730   262.1     0.0978     8.0432     0.19(  92->  96)  0.09(  88->  95)  0.08(  92->  95)
    8    4.962   249.9     0.0844     0.2433     0.27(  90->  95)  0.09(  92->  96)  0.07(  91->  96)
    9    5.213   237.8     0.0150     2.1523     0.15(  94-> 101)  0.12(  93->  95)  0.07(  91-> 105)
   10    5.418   228.9     0.0756     4.7783     0.26(  90->  95)  0.15(  93-> 101)  0.09(  94-> 103)
   11    5.503   225.3     0.0017     0.4574     0.34(  90->  96)  0.21(  94->  96)  0.19(  93->  95)
   12    5.728   216.5     0.0090     2.3210     0.45(  84->  95)  0.35(  84->  96)  0.09(  84->  97)
   13    5.752   215.6     0.0101    -4.2948     0.50(  85->  96)  0.30(  85->  95)  0.09(  85->  97)
   14    5.764   215.1     0.0084    10.2069     0.14(  91-> 101)  0.13(  93-> 103)  0.10(  86->  95)
   15    5.797   213.9     0.0012     5.1217     0.12(  94->  97)  0.08(  92-> 101)  0.07(  93-> 105)
   16    5.859   211.6     0.2090   -23.3995     0.13(  94->  97)  0.10(  92-> 103)  0.09(  86->  96)
   17    5.909   209.8     0.0141     0.3034     0.24(  86->  95)  0.07(  91-> 103)  0.07(  92-> 101)
   18    6.023   205.9     0.0815   -11.7324     0.18(  94->  99)  0.13(  89->  95)  0.10(  90->  99)
   19    6.044   205.1     0.0085   -17.2661     0.18(  93-> 104)  0.14(  94-> 104)  0.14(  94-> 107)
   20    6.049   205.0     0.0085    16.8167     0.21(  94-> 104)  0.18(  93-> 107)  0.15(  93-> 102)
   21    6.114   202.8     0.0335    20.6307     0.33(  94-> 100)  0.15(  88->  95)  0.06(  88->  96)
   22    6.189   200.3     0.1545   -19.8457     0.19(  83->  95)  0.13(  94->  98)  0.12(  87->  95)
   23    6.221   199.3     0.2203    77.5047     0.13(  89->  95)  0.12(  94->  98)  0.12(  83->  95)
   24    6.311   196.5     0.0009    19.6061     0.24(  91-> 108)  0.23(  91-> 107)  0.15(  91-> 102)
   25    6.318   196.2     0.0029    -8.5205     0.22(  92-> 104)  0.19(  92-> 109)  0.17(  92-> 108)
   26    6.373   194.6     0.0848    -1.2215     0.12(  93->  97)  0.10(  86->  95)  0.10(  94-> 101)
   27    6.391   194.0     2.1136    25.8718     0.22(  88-> 100)  0.13(  87->  98)  0.11(  89->  99)
   28    6.473   191.5     0.0724     5.4588     0.17(  93->  96)  0.15(  94->  95)  0.08(  83->  95)
   29    6.496   190.9     0.0482   -47.5044     0.24(  93-> 108)  0.08(  94-> 109)  0.07(  94-> 107)
   30    6.510   190.5     0.1819    21.0650     0.15(  93-> 109)  0.15(  94-> 108)  0.07(  94-> 109)
   31    6.521   190.1     0.3350    98.8396     0.08(  94-> 105)  0.07(  93-> 103)  0.06(  94-> 109)
   32    6.532   189.8     0.0177  -143.5791     0.27(  93-> 105)  0.21(  94-> 106)  0.04(  91-> 101)
   33    6.567   188.8     0.0185     2.8187     0.44(  90->  98)  0.11(  90->  99)  0.08(  93->  98)
   34    6.600   187.9     0.0550    -9.0914     0.14(  89->  99)  0.06(  93->  99)  0.05(  93->  98)
   35    6.621   187.3     0.2691    -1.7713     0.10(  93-> 106)  0.10(  90->  96)  0.08(  94-> 105)
   36    6.635   186.9     0.0139    -2.2901     0.08(  90-> 102)  0.07(  91-> 108)  0.05(  94-> 107)
   37    6.688   185.4     0.0641    17.0156     0.09(  93->  99)  0.09(  87->  98)  0.08(  91->  95)
   38    6.726   184.3     0.0039   -47.1347     0.31(  92->  95)  0.09(  92->  96)  0.08(  88-> 100)
   39    6.739   184.0     0.0070    36.1102     0.16(  92-> 109)  0.12(  92-> 104)  0.06(  92-> 108)
   40    6.749   183.7     0.0242     1.6178     0.10(  91->  95)  0.09(  91->  96)  0.04(  89->  99)
   41    6.782   182.8     0.0318   -30.6855     0.35(  90-> 100)  0.20(  88->  96)  0.08(  93-> 100)
   42    6.808   182.1     0.0017     2.8600     0.26(  90-> 100)  0.20(  88->  95)  0.12(  88->  96)
   43    6.831   181.5     0.0006    24.5492     0.11(  91-> 108)  0.10(  94-> 109)  0.07(  92-> 109)
   44    6.847   181.1     0.0041    -0.8354     0.51(  91->  98)  0.20(  91->  99)  0.06(  91->  96)
   45    6.912   179.4     0.0236    -9.2099     0.08(  93->  99)  0.08(  94->  96)  0.07(  87->  98)
   46    6.916   179.3     0.0207    -1.9781     0.43(  92-> 100)  0.07(  88-> 100)  0.04(  87->  96)
   47    6.922   179.1     0.0134    -7.2131     0.26(  87->  96)  0.12(  87->  97)  0.10(  87->  99)
   48    6.940   178.6     0.0019     1.4476     0.10(  89->  96)  0.08(  83->  99)  0.07(  94->  99)
   49    6.974   177.8     0.0184     3.4522     0.18(  92-> 100)  0.08(  94-> 112)  0.05(  93-> 116)
   50    6.986   177.5     0.0558    42.0126     0.17(  89->  96)  0.06(  92-> 100)  0.06(  93-> 112)
   51    7.001   177.1     0.0469   -50.3671     0.15(  89->  96)  0.11(  94-> 110)  0.07(  92-> 100)
   52    7.034   176.3     0.0038    13.4412     0.21(  89->  96)  0.08(  94-> 110)  0.04(  94->  99)
   53    7.095   174.8     0.0030     4.4939     0.45(  89->  98)  0.11(  89->  99)  0.08(  81->  95)
   54    7.113   174.3     0.0031    -3.2365     0.41(  82->  96)  0.19(  82->  95)  0.06(  82->  97)
   55    7.129   173.9     0.0124     3.8229     0.30(  81->  95)  0.22(  81->  96)  0.17(  89->  98)
   56    7.172   172.9     0.0005   -12.1202     0.16(  94-> 113)  0.10(  93-> 114)  0.08(  93-> 110)
   57    7.198   172.3     0.0026    -8.1681     0.40(  87-> 102)  0.16(  87->  99)  0.05(  87->  97)
   58    7.229   171.5     0.0007     8.4164     0.11(  92-> 113)  0.09(  87-> 102)  0.08(  91-> 114)
   59    7.296   169.9     0.0036     0.9574     0.39(  88-> 104)  0.05(  91-> 114)  0.05(  86->  96)
   60    7.312   169.6     0.0013   -11.4833     0.15(  86->  96)  0.07(  88-> 104)  0.05(  83->  97)
   61    7.329   169.2     0.0032    59.8711     0.24(  88-> 104)  0.08(  92-> 113)  0.07(  89-> 102)
   62    7.361   168.4     0.0421  -104.4051     0.07(  86-> 100)  0.07(  86->  98)  0.05(  83->  98)
   63    7.383   167.9     0.0343   -41.9882     0.24(  86-> 100)  0.10(  83-> 100)  0.05(  94-> 100)
   64    7.389   167.8     0.0097    68.7012     0.17(  87->  99)  0.11(  87-> 102)  0.06(  94-> 111)
   65    7.406   167.4     0.0090    -1.7249     0.07(  87-> 102)  0.06(  83->  96)  0.04(  77->  95)
   66    7.411   167.3     0.0032   -22.3181     0.12(  89-> 102)  0.11(  89-> 107)  0.05(  94-> 111)
   67    7.427   166.9     0.0071   -22.8976     0.14(  84-> 101)  0.07(  85-> 101)  0.06(  84-> 103)
   68    7.438   166.7     0.0071    -5.1505     0.09(  85-> 101)  0.07(  91->  97)  0.05(  85-> 103)
   69    7.449   166.4     0.0369    56.0192     0.07(  86->  98)  0.06(  87->  99)  0.05(  92->  97)
   70    7.463   166.1     0.0146    25.3466     0.10(  94-> 114)  0.07(  91-> 114)  0.05(  93-> 113)
   71    7.470   166.0     0.0337   -44.4519     0.14(  92->  97)  0.05(  91->  97)  0.04(  91->  96)
   72    7.482   165.7     0.0973    58.2224     0.10(  89->  97)  0.08(  93->  97)  0.05(  85-> 101)
   73    7.502   165.3     0.1697   127.8694     0.08(  90->  99)  0.08(  89->  97)  0.07(  92->  97)
   74    7.552   164.2     0.0189    10.2584     0.11(  94-> 112)  0.08(  94-> 116)  0.06(  93-> 116)
   75    7.577   163.6     0.0088    56.2282     0.08(  90-> 104)  0.06(  94-> 115)  0.05(  93-> 116)
   76    7.590   163.3     0.1996  -285.3516     0.08(  89->  97)  0.05(  78->  95)  0.04(  89->  99)
   77    7.604   163.0     0.0023    43.5681     0.12(  94-> 117)  0.10(  93-> 114)  0.05(  90-> 107)
   78    7.639   162.3     0.0105    -5.8065     0.11(  75->  95)  0.10(  76->  95)  0.06(  78->  95)
   79    7.650   162.1     0.0107     4.5310     0.31(  88->  99)  0.15(  88->  97)  0.13(  88->  98)
   80    7.679   161.5     0.0284    13.4725     0.19(  90->  97)  0.12(  88->  99)  0.07(  86->  96)
   81    7.694   161.1     0.0308    12.9958     0.11(  83->  95)  0.07(  80->  96)  0.06(  79->  95)
   82    7.803   158.9     0.0084     5.8265     0.15(  85-> 106)  0.15(  74->  95)  0.13(  85-> 105)
   83    7.809   158.8     0.0028     1.3241     0.16(  93-> 119)  0.12(  91-> 119)  0.05(  90-> 115)
   84    7.820   158.6     0.0021    -0.6967     0.35(  84-> 105)  0.16(  84->  98)  0.13(  84-> 103)
   85    7.823   158.5     0.0016   -17.8741     0.22(  89-> 100)  0.20(  85-> 106)  0.12(  85-> 105)
   86    7.830   158.3     0.0104    18.8357     0.60(  89-> 100)  0.06(  74->  95)  0.05(  85-> 106)
   87    7.844   158.1     0.0049   -11.9498     0.12(  92-> 120)  0.10(  92-> 119)  0.08(  92-> 118)
   88    7.855   157.8     0.0137    11.5040     0.22(  92->  99)  0.15(  92->  97)  0.07(  92-> 116)
   89    7.862   157.7     0.0070     2.1101     0.13(  94->  98)  0.12(  93->  98)  0.10(  84-> 105)
   90    7.876   157.4     0.0028    -5.5118     0.19(  91->  99)  0.19(  91->  97)  0.15(  91->  98)
   91    7.903   156.9     0.0014     0.9890     0.16(  91-> 119)  0.08(  90-> 115)  0.06(  94-> 115)
   92    7.929   156.4     0.0078    -8.6510     0.36(  84->  98)  0.12(  84->  99)  0.06(  94->  98)
   93    7.934   156.3     0.0021    29.9912     0.19(  87-> 111)  0.14(  87-> 107)  0.04(  87-> 109)
   94    7.942   156.1     0.0036     6.1477     0.72(  85-> 100)  0.06(  78-> 100)  0.03(  85-> 106)
   95    7.945   156.1     0.0218   -38.0622     0.14(  88-> 110)  0.10(  88-> 107)  0.06(  88-> 114)
   96    7.973   155.5     0.1072    -3.6128     0.10(  80->  96)  0.06(  79->  95)  0.04(  91-> 121)
   97    8.015   154.7     0.0109     1.3781     0.06(  89-> 111)  0.04(  93-> 102)  0.03(  89-> 110)
   98    8.026   154.5     0.0249     1.5743     0.08(  91-> 121)  0.07(  92-> 123)  0.04(  93-> 121)
   99    8.045   154.1     0.0080    -0.0010     0.04(  87-> 111)  0.04(  90-> 111)  0.04(  91-> 121)
  100    8.049   154.0     0.0147    26.2644     0.12(  91-> 121)  0.05(  80->  95)  0.04(  93-> 121)
  101    8.065   153.7     0.0017    13.1360     0.13(  92-> 123)  0.06(  79->  96)  0.06(  91->  99)
  102    8.073   153.6     0.0128    -0.6502     0.05(  86->  99)  0.05(  92->  99)  0.04(  90-> 101)
  103    8.100   153.1     0.0144   -10.3815     0.06(  83->  99)  0.05(  92-> 123)  0.04(  79->  96)
  104    8.118   152.7     0.0012    10.5383     0.08(  90-> 103)  0.08(  94-> 103)  0.05(  93-> 101)
  105    8.135   152.4     0.0014   -51.7486     0.09(  91-> 119)  0.07(  89-> 111)  0.05(  89-> 110)
  106    8.143   152.3     0.0003    17.9705     0.07(  92-> 120)  0.06(  94-> 120)  0.05(  90-> 104)
  107    8.157   152.0     0.0009    -3.7624     0.39(  93-> 100)  0.12(  83-> 100)  0.08(  94-> 100)
  108    8.165   151.8     0.0043    12.2811     0.07(  86->  99)  0.05(  93->  99)  0.04(  83->  99)
  109    8.190   151.4     0.0028   -42.8480     0.09(  85-> 104)  0.03(  90-> 104)  0.03(  93-> 119)
  110    8.194   151.3     0.0057   -22.2843     0.13(  69->  95)  0.09(  77->  96)  0.08(  70->  95)
  111    8.196   151.3     0.0019    28.2621     0.16(  84-> 102)  0.15(  85-> 104)  0.08(  84-> 107)
  112    8.202   151.2     0.0014     0.5833     0.12(  85-> 104)  0.08(  84-> 102)  0.06(  91->  99)
  113    8.205   151.1     0.0125    -3.7612     0.16(  84-> 102)  0.13(  85-> 104)  0.08(  84-> 107)
  114    8.211   151.0     0.0200   -24.8386     0.07(  84-> 102)  0.06(  88->  97)  0.04(  92->  99)
  115    8.221   150.8     0.0293    -3.6951     0.12(  88->  97)  0.06(  88-> 101)  0.05(  88->  96)
  116    8.228   150.7     0.1481    32.3293     0.29(  87->  97)  0.17(  87->  96)  0.10(  87-> 101)
  117    8.260   150.1     0.0041    27.8749     0.08(  91-> 102)  0.06(  92-> 117)  0.04(  91-> 110)
  118    8.273   149.9     0.0040    48.4674     0.04(  70->  95)  0.04(  91-> 121)  0.04(  93-> 115)
  119    8.276   149.8     0.0059    21.1517     0.05(  70->  95)  0.04(  92-> 123)  0.03(  94-> 120)
  120    8.300   149.4     0.0030    23.9805     0.06(  91-> 102)  0.04(  92-> 117)  0.03(  91-> 107)
  121    8.324   149.0     0.0142   -71.0171     0.09(  84->  95)  0.08(  76->  96)  0.06(  75->  95)
  122    8.335   148.7     0.0026   -30.9405     0.19(  85->  95)  0.06(  74->  96)  0.04(  77->  96)
  123    8.361   148.3     0.0176     3.3395     0.08(  92-> 123)  0.03(  94-> 128)  0.03(  93-> 117)
  124    8.371   148.1     0.0049    15.1626     0.09(  69->  95)  0.04(  84->  95)  0.03(  70->  95)
  125    8.399   147.6     0.0134    -5.7472     0.17(  91-> 121)  0.05(  93-> 101)  0.04(  86-> 101)
  126    8.432   147.0     0.0038     8.0746     0.05(  93-> 120)  0.04(  90-> 111)  0.03(  90-> 117)
  127    8.444   146.8     0.0030     4.8872     0.20(  75->  98)  0.16(  77->  98)  0.09(  76->  98)
  128    8.446   146.8     0.0017    -0.6895     0.21(  71->  95)  0.04(  94-> 101)  0.04(  93-> 103)
  129    8.478   146.2     0.0001    -6.3007     0.07(  71->  95)  0.05(  86-> 104)  0.03(  83-> 104)
  130    8.487   146.1     0.0006    -1.8268     0.67(  92->  98)  0.17(  92->  99)  0.02(  75->  98)
  131    8.508   145.7     0.0020   -10.0529     0.37(  78-> 100)  0.20(  74-> 100)  0.05(  85-> 100)
  132    8.524   145.5     0.0049    13.1696     0.05(  82-> 101)  0.04(  94-> 123)  0.04(  90-> 105)
  133    8.529   145.4     0.0019    10.0177     0.07(  93-> 103)  0.05(  94-> 101)  0.04(  94-> 125)
  134    8.538   145.2     0.0219   -45.4146     0.06(  81-> 101)  0.06(  81-> 103)  0.04(  94-> 122)
  135    8.557   144.9     0.0142    52.4143     0.05(  81-> 101)  0.04(  93-> 128)  0.03(  81-> 103)
  136    8.565   144.8     0.0129   -23.4837     0.10(  90-> 101)  0.06(  83->  96)  0.05(  93-> 103)
  137    8.595   144.3     0.0270    26.9121     0.11(  88-> 103)  0.10(  88-> 101)  0.07(  88-> 106)
  138    8.599   144.2     0.0160   -30.8275     0.07(  85->  95)  0.04(  83->  97)  0.03(  68->  95)
  139    8.612   144.0     0.0215   -26.5584     0.11(  91-> 121)  0.05(  93-> 121)  0.04(  81-> 103)
  140    8.619   143.9     0.0094    16.7611     0.13(  85->  95)  0.04(  74->  96)  0.04(  85-> 112)
  141    8.626   143.7     0.0007   -15.7523     0.07(  87-> 111)  0.05(  87-> 107)  0.04(  94-> 105)
  142    8.637   143.5     0.0267   117.1763     0.22(  87-> 111)  0.15(  87-> 107)  0.06(  87-> 110)
  143    8.646   143.4     0.0081     8.9743     0.11(  84->  95)  0.10(  84-> 112)  0.06(  75->  95)
  144    8.647   143.4     0.0406    33.1615     0.06(  78->  99)  0.04(  94-> 123)  0.03(  77->  99)
  145    8.662   143.1     0.0870    -8.5669     0.40(  91-> 100)  0.03(  82-> 101)  0.02(  82-> 103)
  146    8.663   143.1     0.0279   -38.3287     0.51(  91-> 100)  0.02(  78->  99)  0.02(  82-> 101)
  147    8.692   142.6     0.0082  -110.1016     0.09(  89-> 115)  0.07(  89-> 111)  0.03(  89-> 117)
  148    8.699   142.5     0.0480   -21.9198     0.06(  82-> 101)  0.06(  90-> 101)  0.06(  82-> 103)
  149    8.714   142.3     0.0806   -18.6884     0.06(  90-> 101)  0.04(  90-> 107)  0.03(  94-> 102)
  150    8.738   141.9     0.0807    57.0786     0.15(  87-> 101)  0.11(  87-> 103)  0.06(  87->  96)
  151    8.749   141.7     0.0240   -99.1047     0.04(  94-> 131)  0.04(  94-> 128)  0.03(  92-> 110)
  152    8.762   141.5     0.0102    39.8079     0.04(  94-> 129)  0.04(  94-> 103)  0.03(  93-> 126)
  153    8.781   141.2     0.0086    83.1396     0.08(  94-> 102)  0.05(  89-> 104)  0.04(  89-> 111)
  154    8.794   141.0     0.0049    72.6994     0.05(  91-> 101)  0.04(  91-> 127)  0.04(  65->  95)
  155    8.803   140.8     0.0151   -67.6313     0.19(  65->  95)  0.04(  94-> 103)  0.03(  68->  96)
  156    8.811   140.7     0.0189    13.5655     0.14(  92-> 101)  0.07(  92-> 103)  0.03(  94-> 102)
  157    8.832   140.4     0.0109   -21.5011     0.05(  68->  95)  0.04(  64->  95)  0.03(  65->  95)
  158    8.846   140.2     0.0013    -7.4159     0.05(  94-> 102)  0.05(  89-> 115)  0.05(  93-> 106)
  159    8.847   140.1     0.0341   -20.0016     0.08(  91-> 101)  0.04(  65->  95)  0.04(  91-> 103)
  160    8.883   139.6     0.0332     3.2362     0.05(  94-> 105)  0.05(  89-> 111)  0.04(  93-> 106)
  161    8.890   139.5     0.0517    20.0162     0.08(  88-> 107)  0.06(  88-> 114)  0.05(  88-> 118)
  162    8.911   139.1     0.0007     3.1448     0.13(  91-> 111)  0.05(  91-> 126)  0.03(  94-> 131)
  163    8.921   139.0     0.0131     9.5863     0.08(  64->  95)  0.04(  73->  96)  0.04(  94-> 105)
  164    8.926   138.9     0.0021     0.2755     0.08(  64->  95)  0.05(  91-> 111)  0.03(  69->  96)
  165    8.941   138.7     0.0012   -11.5577     0.05(  91-> 111)  0.04(  91-> 127)  0.03(  90-> 112)
  166    8.943   138.6     0.0274    -1.8306     0.09(  93-> 106)  0.07(  93-> 105)  0.05(  92-> 103)
  167    8.969   138.2     0.0025   -16.9517     0.06(  94-> 105)  0.06(  93-> 107)  0.04(  93-> 106)
  168    8.978   138.1     0.0238    25.3080     0.07(  92-> 103)  0.03(  94-> 104)  0.03(  92-> 101)
  169    8.998   137.8     0.0001    -2.6099     0.20(  73->  96)  0.15(  73->  95)  0.11(  73->  97)
  170    9.004   137.7     0.0046    -4.4585     0.08(  82-> 104)  0.04(  81-> 102)  0.03(  81-> 107)
  171    9.014   137.5     0.0147     7.5829     0.13(  81-> 102)  0.09(  81-> 107)  0.06(  91-> 103)
  172    9.029   137.3     0.0193   -14.7784     0.07(  92-> 103)  0.05(  92-> 131)  0.04(  90-> 106)
  173    9.038   137.2     0.0007   -13.5232     0.16(  82-> 104)  0.05(  82-> 107)  0.05(  92-> 114)
  174    9.051   137.0     0.0133    20.6511     0.11(  91-> 103)  0.08(  82-> 104)  0.06(  91-> 101)
  175    9.055   136.9     0.0964     5.6128     0.16(  87-> 116)  0.14(  87-> 115)  0.13(  87-> 118)
  176    9.073   136.7     0.0122    16.9602     0.08(  82-> 106)  0.05(  82-> 105)  0.05(  83->  98)
  177    9.089   136.4     0.0067    16.0231     0.14(  83->  98)  0.10(  86->  98)  0.06(  90->  98)
  178    9.108   136.1     0.0009   -16.9638     0.07(  81-> 105)  0.05(  84-> 108)  0.04(  88-> 116)
  179    9.121   135.9     0.0048     5.7542     0.11(  72->  95)  0.11(  85-> 109)  0.07(  72->  96)
  180    9.122   135.9     0.0113    14.3347     0.07(  72->  95)  0.06(  84-> 108)  0.06(  88-> 116)
  181    9.128   135.8     0.0095     4.2631     0.08(  72->  95)  0.07(  88-> 116)  0.05(  72->  96)
  182    9.135   135.7     0.0069   -14.6902     0.05(  85-> 109)  0.03(  92-> 102)  0.03(  83-> 107)
  183    9.143   135.6     0.0183     7.2640     0.17(  69->  98)  0.12(  74->  98)  0.06(  76->  98)
  184    9.149   135.5     0.0030   -19.8645     0.09(  84-> 108)  0.07(  85-> 109)  0.04(  85-> 108)
  185    9.154   135.4     0.0191     4.9947     0.06(  85->  96)  0.05(  85-> 116)  0.04(  85-> 112)
  186    9.157   135.4     0.0157   -20.8056     0.20(  85->  96)  0.16(  85-> 116)  0.12(  85-> 112)
  187    9.162   135.3     0.0009     7.6204     0.17(  84-> 108)  0.06(  85-> 109)  0.06(  84-> 109)
  188    9.173   135.2     0.0020    -7.4082     0.06(  85-> 109)  0.04(  85-> 108)  0.04(  86-> 107)
  189    9.188   134.9     0.0007    -1.0737     0.60(  88->  98)  0.17(  88->  99)  0.02(  88-> 117)
  190    9.207   134.7     0.0010     8.1992     0.13(  76-> 100)  0.11(  70-> 100)  0.10(  74-> 100)
  191    9.209   134.6     0.0031    27.5932     0.08(  76-> 100)  0.06(  70-> 100)  0.06(  74-> 100)
  192    9.214   134.6     0.0096   -11.6990     0.04(  93-> 131)  0.03(  93-> 124)  0.02(  94-> 125)
  193    9.228   134.4     0.0083     0.0705     0.35(  84->  96)  0.15(  84-> 112)  0.10(  84-> 116)
  194    9.238   134.2     0.0024    24.3422     0.05(  92-> 102)  0.04(  94-> 132)  0.04(  84->  96)
  195    9.253   134.0     0.0122   -21.7297     0.09(  92-> 105)  0.07(  92-> 102)  0.04(  92-> 106)
  196    9.265   133.8     0.0048    -4.1105     0.08(  92-> 102)  0.03(  90-> 124)  0.03(  94-> 133)
  197    9.276   133.7     0.0033    10.4815     0.14(  92-> 105)  0.07(  92-> 102)  0.05(  92-> 106)
  198    9.279   133.6     0.0090    -2.6080     0.22(  92-> 105)  0.10(  83-> 100)  0.08(  92-> 106)
  199    9.286   133.5     0.0040     3.2734     0.04(  86-> 108)  0.03(  92-> 102)  0.03(  90-> 108)
  200    9.297   133.4     0.0078    -4.2049     0.06(  83-> 100)  0.03(  86-> 100)  0.03(  71-> 100)
  201    9.302   133.3     0.0052    12.4260     0.07(  92-> 102)  0.04(  81->  98)  0.04(  92-> 105)
  202    9.326   132.9     0.0076     5.0040     0.06(  88-> 117)  0.04(  92-> 102)  0.04(  88-> 102)
  203    9.330   132.9     0.0008     0.0119     0.09(  81->  98)  0.04(  87-> 103)  0.04(  74->  99)
  204    9.337   132.8     0.0059   -11.0669     0.04(  86-> 101)  0.03(  88-> 117)  0.02(  88-> 105)
  205    9.344   132.7     0.0053     4.5866     0.18(  81->  98)  0.04(  81->  99)  0.02(  74->  99)
  206    9.349   132.6     0.0112    18.3252     0.07(  81->  98)  0.04(  92-> 102)  0.03(  93-> 104)
  207    9.353   132.6     0.0127    -5.0540     0.06(  74->  99)  0.04(  76->  99)  0.04(  69->  99)
  208    9.358   132.5     0.0073    13.0203     0.06(  81->  98)  0.05(  87-> 103)  0.04(  87-> 105)
  209    9.379   132.2     0.0084    -9.9136     0.08(  81->  98)  0.04(  84-> 110)  0.03(  81->  99)
  210    9.393   132.0     0.0440    33.4976     0.10(  85-> 110)  0.04(  82-> 100)  0.02(  85-> 115)
  211    9.401   131.9     0.0716   -69.3060     0.07(  91-> 106)  0.05(  91-> 105)  0.05(  84-> 110)
  212    9.403   131.9     0.0014    -7.1035     0.49(  82-> 100)  0.03(  82->  95)  0.03(  92-> 100)
  213    9.419   131.6     0.0253    12.5788     0.06(  78->  96)  0.05(  80->  95)  0.04(  82->  95)
  214    9.424   131.6     0.0069     2.4885     0.56(  87-> 100)  0.01(  91-> 106)  0.01(  94-> 118)
  215    9.426   131.5     0.0019    -3.9702     0.17(  87-> 100)  0.04(  82-> 100)  0.03(  93-> 107)
  216    9.434   131.4     0.0032    -5.0251     0.10(  87-> 100)  0.08(  91-> 106)  0.03(  82-> 100)
  217    9.436   131.4     0.0014    47.8943     0.20(  91-> 106)  0.08(  91-> 105)  0.05(  81->  95)
  218    9.448   131.2     0.0258   -23.9608     0.13(  82->  95)  0.08(  91-> 106)  0.03(  91-> 105)
  219    9.458   131.1     0.0024   -12.5804     0.05(  88-> 105)  0.05(  88-> 102)  0.05(  88-> 103)
  220    9.462   131.0     0.0035    -3.3090     0.05(  86-> 101)  0.04(  89-> 103)  0.03(  89-> 101)
  221    9.479   130.8     0.0140    64.7908     0.14(  91-> 104)  0.04(  91-> 106)  0.02(  93-> 111)
  222    9.481   130.8     0.0002    -2.5404     0.07(  91-> 104)  0.07(  87-> 117)  0.06(  87-> 118)
  223    9.501   130.5     0.0059   -49.9401     0.13(  75-> 105)  0.12(  75-> 103)  0.09(  77-> 105)
  224    9.503   130.5     0.0430   -70.7731     0.05(  89-> 104)  0.04(  89-> 113)  0.03(  89-> 101)
  225    9.514   130.3     0.0009    -2.8443     0.05(  89-> 110)  0.04(  89-> 102)  0.03(  89-> 114)
  226    9.521   130.2     0.0009    -3.2919     0.11(  76-> 105)  0.08(  77-> 106)  0.07(  74-> 105)
  227    9.526   130.2     0.0040   -11.0276     0.09(  91-> 104)  0.06(  87-> 117)  0.05(  93-> 111)
  228    9.537   130.0     0.0004     4.5584     0.04(  94-> 116)  0.04(  90-> 106)  0.04(  80-> 105)
  229    9.542   129.9     0.0010     6.6913     0.06(  89-> 101)  0.06(  85->  99)  0.03(  78->  96)
  230    9.559   129.7     0.0104    28.4268     0.04(  89-> 103)  0.03(  89-> 106)  0.03(  93-> 115)
  231    9.565   129.6     0.0040     8.4413     0.09(  90-> 105)  0.08(  79-> 105)  0.08(  80-> 106)
  232    9.573   129.5     0.0044     0.5357     0.09(  85->  99)  0.05(  85->  97)  0.04(  56->  95)
  233    9.582   129.4     0.0068     2.9904     0.19(  85->  99)  0.09(  85->  97)  0.08(  85->  98)
  234    9.589   129.3     0.0037    -3.8846     0.05(  85->  99)  0.03(  75->  96)  0.03(  83-> 100)
  235    9.602   129.1     0.0054     3.4814     0.03(  77->  96)  0.03(  93-> 115)  0.03(  85->  99)
  236    9.608   129.0     0.0081     0.6248     0.06(  87-> 105)  0.02(  65->  98)  0.02(  87-> 106)
  237    9.622   128.9     0.0022     7.5447     0.11(  87-> 105)  0.06(  92-> 107)  0.04(  87-> 106)
  238    9.634   128.7     0.0008    -2.6041     0.18(  92-> 107)  0.08(  92-> 102)  0.04(  82->  95)
  239    9.640   128.6     0.0132     7.1578     0.04(  93-> 135)  0.03(  80-> 105)  0.03(  89-> 104)
  240    9.652   128.5     0.0124    -0.5522     0.39(  84->  99)  0.19(  84->  97)  0.18(  84->  98)
  241    9.661   128.3     0.0037    -8.6252     0.03(  94-> 136)  0.03(  91-> 104)  0.02(  93-> 108)
  242    9.674   128.2     0.0056     1.9597     0.10(  82->  95)  0.09(  82->  96)  0.07(  92-> 107)
  243    9.679   128.1     0.0031     5.5096     0.03(  81->  96)  0.03(  91-> 111)  0.02(  94-> 108)
  244    9.682   128.1     0.0047    -3.7667     0.05(  91-> 104)  0.03(  94-> 111)  0.03(  93-> 137)
  245    9.697   127.9     0.0080     3.1740     0.12(  81->  96)  0.07(  81->  95)  0.05(  91-> 104)
  246    9.723   127.5     0.0024     3.1627     0.08(  80->  96)  0.05(  79->  95)  0.04(  71->  96)
  247    9.744   127.2     0.0010     8.2596     0.28(  91-> 104)  0.16(  91-> 107)  0.04(  94-> 108)
  248    9.768   126.9     0.0015    -1.7004     0.16(  88-> 106)  0.09(  88-> 116)  0.08(  88-> 115)
  249    9.785   126.7     0.0044    -9.8193     0.11(  87-> 112)  0.04(  79->  98)  0.04(  87-> 105)
  250    9.795   126.6     0.0046    -7.0729     0.08(  91-> 111)  0.05(  81-> 108)  0.04(  91-> 110)
  251    9.802   126.5     0.0090    16.8111     0.04(  87-> 112)  0.04(  81-> 108)  0.03(  86-> 102)
  252    9.817   126.3     0.0062    -2.7189     0.05(  93-> 108)  0.04(  93-> 112)  0.03(  90-> 115)
  253    9.832   126.1     0.0075    12.6465     0.08(  94-> 108)  0.07(  93-> 109)  0.03(  93-> 137)
  254    9.844   125.9     0.0010   -13.9491     0.07(  94-> 109)  0.04(  93-> 108)  0.04(  89-> 107)
  255    9.851   125.9     0.0013    -5.4386     0.08(  75-> 101)  0.07(  75-> 105)  0.07(  66->  95)
  256    9.861   125.7     0.0041    -0.0134     0.11(  94-> 109)  0.07(  94-> 108)  0.04(  93-> 108)
  257    9.862   125.7     0.0036   -29.2879     0.06(  91-> 137)  0.04(  91-> 140)  0.03(  91-> 135)
  258    9.874   125.6     0.0012     0.3843     0.03(  77-> 106)  0.03(  77->  95)  0.03(  74-> 101)
  259    9.880   125.5     0.0008    -0.0897     0.07(  89-> 107)  0.05(  93-> 109)  0.03(  92-> 136)
  260    9.893   125.3     0.0018   -12.7924     0.04(  94-> 112)  0.04(  86-> 103)  0.03(  93-> 116)
  261    9.902   125.2     0.0047    20.9064     0.03(  94-> 136)  0.03(  94-> 110)  0.03(  93-> 136)
  262    9.908   125.1     0.0084   -10.4454     0.05(  91-> 137)  0.04(  87-> 124)  0.03(  91-> 140)
  263    9.914   125.1     0.0015     2.0814     0.08(  69->  97)  0.06(  68->  96)  0.05(  66->  95)
  264    9.922   125.0     0.0105    44.6999     0.09(  85-> 113)  0.05(  88-> 125)  0.05(  88-> 102)
  265    9.935   124.8     0.0023    13.6419     0.09(  92-> 136)  0.05(  82-> 109)  0.03(  87-> 124)
  266    9.937   124.8     0.0027    20.8850     0.04(  85-> 113)  0.03(  88-> 102)  0.03(  92-> 136)
  267    9.949   124.6     0.0187   -58.5423     0.15(  85-> 113)  0.05(  85-> 117)  0.04(  90-> 110)
  268    9.962   124.5     0.0119    69.2032     0.06(  77-> 102)  0.06(  85-> 113)  0.04(  75-> 102)
  269    9.965   124.4     0.0090   -18.9530     0.08(  87-> 124)  0.05(  82-> 109)  0.05(  85-> 113)
  270    9.972   124.3     0.0087   -32.7973     0.15(  84-> 114)  0.11(  84-> 111)  0.08(  84-> 115)
  271    9.992   124.1     0.0082    37.5597     0.07(  87-> 124)  0.04(  84-> 114)  0.04(  94-> 110)
  272    9.993   124.1     0.0231    -0.6125     0.07(  79->  96)  0.05(  84-> 114)  0.04(  84-> 111)

  alpha tensor

           1         2         3
 
    1 613.15609
    2 -14.52907  24.51708
    3   1.07920 -28.85509 150.39386
 trace alpha_L[0] / au:   262.689010612086     
 sum rule f_L           10.9504758391774     
 
 SOS specific optical rotation 
 including Lorentz factor for common solvent (n=1.4)
 lambda [eV] alpha[grad*cm^3*g^-1*dm^-1]
 632.8  1.96      161.63
 589.3  2.10      190.27        0.00 ##
 579.0  2.14      198.23
 546.0  2.27      227.66
 436.0  2.84      403.91
 365.0  3.40      705.90
 
 sTD-DFT done.
Mon 21 Mar 14:23:33 GMT 2022
