Mon 21 Mar 14:48:25 GMT 2022


                 *********************************************
                 *                                           *
                 *               s  T  D  A                  *
                 *                                           *
                 *                S. Grimme                  *
                 * Mulliken Center for Theoretical Chemistry *
                 *             Universitaet Bonn             *
                 *              Version 1.6.2                *
                 *       Tue Sep 10 14:44:30 CET 2020        *
                 *********************************************
 
 Please cite as:
 S. Grimme, J. Chem. Phys. 138 (2013) 244104
 
 With contributions from:
 C. Bannwarth, P. Shushkov, M. de Wergifosse
 
======================================================================
 
 reading an xTB output...
 
 reading: wfn.xtb
======================================================================
                    M O / A O    I N P U T 
======================================================================
atom  #          x             y             z            charge
  C   1     -9.12737634    2.44133695   -1.00174373         6.00
  C   2     -7.24785491    0.77932298    0.40836978         6.00
  C   3     -6.87614581   -1.74459500   -0.93805996         6.00
  C   4     -5.06446554   -3.52679554    0.44087306         6.00
  N   5     -2.53657914   -2.46552545    0.67104168         7.00
  C   6     -1.80657801   -1.42353056    2.92378399         6.00
  S   7     -3.68005231   -1.48305693    5.43201724        16.00
  C   8      0.66990785   -0.26588444    3.11067789         6.00
  C   9      1.48437973    0.86511654    5.32902718         6.00
  C  10      3.86222190    1.97703129    5.47774861         6.00
  C  11      5.44996964    1.97892101    3.42512828         6.00
  C  12      4.69596898    0.85302229    1.13969372         6.00
  C  13      6.30336988    0.81522777   -1.02744400         6.00
  O  14      8.57085204    1.94282725   -0.73340264         8.00
  C  15     10.26858184    1.98988142   -2.78526708         6.00
  C  16      5.47510299   -0.33278074   -3.22311658         6.00
  C  17      3.09952850   -1.44148295   -3.34500390         6.00
  C  18      1.47871056   -1.43997117   -1.28822618         6.00
  C  19      2.28108819   -0.28138019    0.98114571         6.00
  C  20     -0.99588558   -2.57815311   -1.40935761         6.00
  S  21     -1.94358314   -4.02284860   -4.02247066        16.00
  H  22    -10.95984359    1.51744994   -1.11682804         1.00
  H  23     -9.36567078    4.23941119   -0.03628274         1.00
  H  24     -8.46899581    2.81191221   -2.91414639         1.00
  H  25     -7.92626652    0.44446354    2.32776442         1.00
  H  26     -5.44052101    1.77142910    0.54669772         1.00
  H  27     -8.69066067   -2.71232366   -1.09434030         1.00
  H  28     -6.18034872   -1.40576713   -2.85102954         1.00
  H  29     -4.91272055   -5.29822464   -0.60905867         1.00
  H  30     -5.76442004   -3.91872470    2.33853586         1.00
  H  31      0.24453054    0.87305339    6.94814437         1.00
  H  32      4.45030461    2.84328166    7.22801278         1.00
  H  33      7.29585395    2.83666762    3.52452787         1.00
  H  34     11.93361937    2.98690084   -2.10307601         1.00
  H  35      9.47376310    3.00787679   -4.39947098         1.00
  H  36     10.80356325    0.07955746   -3.36673575         1.00
  H  37      6.65523685   -0.38777176   -4.88286288         1.00
  H  38      2.49084777   -2.32549675   -5.07920541         1.00

 # atoms          =   38
 # mos            =  166
 # primitive  aos = 1315
 # contracted aos =  253

 spherical AO basis
======================================================================
                    A O   I N T E G R A L S
======================================================================
 memory needed for AO int data:   2 Mb
 done.
  
Restricted MOs found... RKS-sTD-DFT will be performed
  
======================================================================
                    s T D A
======================================================================
 spectral range up to (eV)     :    10.0000000000000     
 occ MO cut-off (eV)           :   -36.8251717389736     
 virtMO cut-off (eV)           :    13.5324888973201     
 perturbation thr              :   1.000000000000000E-004
 triplet                       :  F
 MOs in TDA :          134
 oMOs in TDA:           53
 vMOs in TDA:           81
 sorting MOs ...
 reading and transforming R..V..L AO ints ...
 ints done.
 S^1/2 ...
 S^1/2 orthogonalized MO coefficients done.

 SCF atom population (using active MOs):
  3.916  4.000  3.995  3.989  5.003  3.845  5.974  4.075  3.974  4.010
  3.905  3.998  3.429  5.211  3.511  3.943  3.960  4.091  3.939  3.846
  5.980  1.017  1.015  1.014  1.045  1.017  1.004  1.061  1.079  1.105
  1.072  0.988  0.990  0.971  0.985  0.985  0.999  1.062
 
 # electrons in TDA: 106.000
 
 
 ax(DF)   :   0.500000000000000     
 s^K      :    2.00000000000000     
 beta  (J):    4.00000000000000     
 alpha (K):    2.00000000000000     
 
 hardness table read.
 setting up gammas ...
 memory needed for q data (Mb)                      1
 computing q(ij,n) ...
 
         165 CSF included by energy.
 
        4128 considered in PT2.
 ordered frontier orbitals
         eV     # centers
  43   -18.481     8.6
  44   -18.302     8.3
  45   -17.549    10.9
  46   -17.369     2.6
  47   -17.201     2.7
  48   -16.798    12.6
  49   -16.582     6.2
  50   -15.161     3.3
  51   -14.896     9.4
  52   -14.734     3.4
  53   -14.468     3.0
 
  54    -8.825    10.5
  55    -6.491    11.1
  56    -6.344     6.9
  57    -5.918     8.9
  58    -5.526    10.4
  59    -5.192    24.4
  60    -4.842    14.9
  61    -4.399    18.7
  62    -4.108    18.5
  63    -4.058    23.0
  64    -4.038     7.6
 
             lowest CSF states
       eV     nm      excitation i->a               eV
    1  2.57   483.0       53 ->  54     gap,J,K:   5.642   3.576   0.000   Kshft:   0.500  locality: 0.900
    2  2.88   430.4       52 ->  54     gap,J,K:   5.908   3.596   0.055   Kshft:   0.459  locality: 0.905
    3  3.46   358.4       51 ->  54     gap,J,K:   6.071   3.863   0.625   Kshft:   0.000  locality: 0.985
    4  3.66   338.6       50 ->  54     gap,J,K:   6.336   3.676   0.501   Kshft:   0.001  locality: 0.892
    5  4.46   277.8       49 ->  54     gap,J,K:   7.756   4.077   0.391   Kshft:   0.002  locality: 0.953
    6  4.48   276.6       48 ->  54     gap,J,K:   7.973   3.998   0.247   Kshft:   0.013  locality: 0.981
    7  4.86   255.1       53 ->  55     gap,J,K:   7.976   3.618   0.001   Kshft:   0.500  locality: 0.876
    8  4.98   248.9       51 ->  55     gap,J,K:   8.405   4.044   0.307   Kshft:   0.006  locality: 0.992
    9  5.13   241.5       51 ->  56     gap,J,K:   8.552   4.116   0.347   Kshft:   0.003  locality: 0.977
   10  5.16   240.2       52 ->  55     gap,J,K:   8.243   3.623   0.022   Kshft:   0.499  locality: 0.877
   11  5.19   238.7       53 ->  56     gap,J,K:   8.124   3.430   0.000   Kshft:   0.500  locality: 0.803
   12  5.28   234.7       47 ->  54     gap,J,K:   8.376   3.597   0.001   Kshft:   0.500  locality: 0.885
   13  5.41   229.3       50 ->  55     gap,J,K:   8.670   3.692   0.200   Kshft:   0.029  locality: 0.862
   14  5.43   228.3       46 ->  54     gap,J,K:   8.543   3.614   0.000   Kshft:   0.500  locality: 0.893
   15  5.46   226.9       52 ->  56     gap,J,K:   8.390   3.454   0.014   Kshft:   0.500  locality: 0.809
   16  5.55   223.3       53 ->  57     gap,J,K:   8.550   3.499   0.000   Kshft:   0.500  locality: 0.861
   17  5.68   218.2       45 ->  54     gap,J,K:   8.724   3.835   0.395   Kshft:   0.002  locality: 0.993
   18  5.72   216.7       50 ->  56     gap,J,K:   8.818   3.510   0.114   Kshft:   0.187  locality: 0.793
   19  5.80   213.8       51 ->  57     gap,J,K:   8.978   3.961   0.390   Kshft:   0.002  locality: 0.987
   20  5.82   212.9       52 ->  57     gap,J,K:   8.816   3.529   0.019   Kshft:   0.499  locality: 0.868
   21  6.02   205.8       50 ->  57     gap,J,K:   9.244   3.616   0.173   Kshft:   0.050  locality: 0.858
   22  6.40   193.8       51 ->  58     gap,J,K:   9.370   3.474   0.000   Kshft:   0.500  locality: 0.842
   23  6.44   192.4       53 ->  59     gap,J,K:   9.275   3.385   0.028   Kshft:   0.497  locality: 0.925
   24  6.66   186.0       49 ->  55     gap,J,K:  10.090   4.271   0.422   Kshft:   0.002  locality: 0.961
   25  6.67   185.9       41 ->  54     gap,J,K:   9.995   3.843   0.008   Kshft:   0.500  locality: 0.975
 
 selecting CSF ...
 average/max PT2 energy lowering (eV):     0.019     0.124
        1134 CSF included by PT.
        1299 CSF in total.
 sTD-DFT procedure...
 setting up A+B and A-B matrices
  calculating (A-B)^0.5 ...
 estimated time (min)     0.09
  calculating (A+B)*(A-B)^0.5 ...
 calculate eigenvalues of (A-B)^0.5*(A+B)*(A-B)^0.5 ...
  rpa vectors ok
  175 roots found, lowest/highest eigenvalue :    2.292   9.989   0
 writing spectral data to tda.dat ...
 
 excitation energies, transition moments and TDA amplitudes
 state    eV      nm       fL         Rv
    1    2.292   541.1     0.0002     5.2900     0.86(  53->  54)  0.04(  52->  54)  0.04(  52->  55)
    2    2.465   502.9     0.0035   -12.3967     0.71(  52->  54)  0.09(  50->  54)  0.07(  53->  55)
    3    2.842   436.2     0.4354     8.9143     0.91(  51->  54)  0.03(  50->  54)  0.02(  52->  54)
    4    3.123   396.9     0.2281    -0.6805     0.78(  50->  54)  0.11(  52->  54)  0.03(  49->  54)
    5    3.697   335.3     0.0642     1.0155     0.65(  49->  54)  0.10(  51->  56)  0.09(  48->  54)
    6    4.208   294.6     0.0066     1.4845     0.74(  48->  54)  0.10(  51->  56)  0.06(  49->  54)
    7    4.567   271.4     0.0683   -14.7330     0.58(  51->  55)  0.29(  51->  56)  0.06(  48->  54)
    8    4.613   268.8     0.0020    10.1720     0.50(  53->  55)  0.27(  53->  56)  0.07(  52->  54)
    9    4.864   254.9     0.0092    52.9029     0.39(  52->  55)  0.21(  52->  56)  0.12(  47->  54)
   10    4.918   252.1     0.3189   -21.9997     0.23(  51->  56)  0.23(  51->  55)  0.16(  45->  54)
   11    4.989   248.5     0.0639  -192.6867     0.48(  50->  55)  0.12(  50->  56)  0.08(  51->  56)
   12    5.017   247.1     0.0415   142.7545     0.63(  47->  54)  0.10(  52->  55)  0.07(  46->  54)
   13    5.148   240.8     0.0015   -10.8942     0.73(  46->  54)  0.07(  47->  54)  0.07(  53->  56)
   14    5.217   237.7     0.0977     8.9256     0.52(  45->  54)  0.09(  50->  55)  0.06(  51->  56)
   15    5.301   233.9     0.0031    -0.0319     0.84(  51->  57)  0.03(  48->  55)  0.02(  49->  55)
   16    5.372   230.8     0.0001     0.2119     0.52(  53->  56)  0.25(  53->  55)  0.13(  53->  57)
   17    5.411   229.1     0.0003     1.3085     0.64(  53->  57)  0.09(  53->  55)  0.07(  53->  56)
   18    5.579   222.2     0.0005   -11.3912     0.45(  52->  56)  0.24(  52->  55)  0.14(  50->  56)
   19    5.631   220.2     0.0200     4.1975     0.27(  50->  56)  0.17(  52->  56)  0.13(  50->  57)
   20    5.641   219.8     0.0103    -8.3560     0.32(  52->  57)  0.21(  50->  57)  0.14(  50->  56)
   21    5.676   218.4     0.0468    17.6750     0.34(  52->  57)  0.25(  50->  57)  0.18(  53->  59)
   22    5.807   213.5     0.2845    14.3314     0.28(  53->  59)  0.20(  50->  57)  0.10(  53->  58)
   23    5.875   211.0     0.0608    -0.7395     0.22(  49->  55)  0.13(  50->  56)  0.13(  48->  56)
   24    5.916   209.6     0.0104   -51.5100     0.68(  51->  58)  0.07(  48->  58)  0.05(  52->  59)
   25    5.958   208.1     0.0432    48.0809     0.43(  52->  59)  0.12(  51->  58)  0.10(  52->  58)
   26    6.227   199.1     0.0362     9.0759     0.48(  50->  59)  0.12(  50->  58)  0.07(  48->  55)
   27    6.290   197.1     0.0367    -3.9723     0.46(  41->  54)  0.42(  42->  54)  0.01(  43->  54)
   28    6.392   194.0     0.0583    -1.7702     0.23(  48->  55)  0.19(  49->  55)  0.14(  49->  56)
   29    6.488   191.1     0.1513   -17.8374     0.22(  41->  54)  0.14(  42->  54)  0.13(  49->  56)
   30    6.498   190.8     0.0370    42.1877     0.46(  51->  59)  0.11(  51->  60)  0.08(  40->  54)
   31    6.528   189.9     0.0380   -70.8918     0.34(  40->  54)  0.27(  39->  54)  0.09(  41->  54)
   32    6.637   186.8     0.0939     7.4520     0.20(  49->  57)  0.13(  53->  61)  0.08(  53->  58)
   33    6.698   185.1     0.2601   114.7141     0.18(  39->  54)  0.17(  49->  55)  0.14(  48->  56)
   34    6.706   184.9     0.0130     0.6676     0.38(  51->  60)  0.11(  51->  61)  0.07(  53->  60)
   35    6.736   184.1     0.0113     7.2179     0.34(  48->  56)  0.12(  49->  55)  0.06(  49->  57)
   36    6.772   183.1     0.0641   -42.8927     0.12(  53->  60)  0.11(  49->  57)  0.08(  52->  60)
   37    6.844   181.2     0.4782   -76.6340     0.24(  49->  56)  0.16(  48->  55)  0.11(  43->  54)
   38    6.867   180.6     0.3873    36.4389     0.33(  49->  57)  0.13(  48->  55)  0.07(  53->  60)
   39    6.936   178.8     0.0031     3.7215     0.66(  44->  54)  0.09(  43->  54)  0.09(  48->  57)
   40    6.972   177.8     0.0911    12.3285     0.38(  48->  57)  0.13(  44->  54)  0.13(  45->  55)
   41    7.131   173.9     0.0063    -0.2089     0.44(  43->  54)  0.23(  39->  54)  0.08(  44->  54)
   42    7.168   173.0     0.0058    -8.5257     0.49(  53->  62)  0.10(  53->  61)  0.06(  53->  71)
   43    7.193   172.4     0.0008    57.7884     0.14(  51->  61)  0.13(  50->  60)  0.09(  50->  63)
   44    7.243   171.2     0.0939   -22.8158     0.18(  45->  55)  0.13(  51->  65)  0.13(  53->  58)
   45    7.298   169.9     0.0189   -18.7103     0.16(  52->  58)  0.08(  53->  63)  0.07(  52->  61)
   46    7.308   169.6     0.0080   -11.8193     0.48(  47->  55)  0.27(  47->  56)  0.05(  46->  54)
   47    7.335   169.0     0.0071    11.0765     0.43(  52->  62)  0.07(  52->  61)  0.06(  52->  71)
   48    7.347   168.8     0.0706   -24.7115     0.36(  51->  64)  0.08(  45->  56)  0.07(  53->  63)
   49    7.369   168.3     0.0119   -28.9073     0.10(  51->  64)  0.08(  53->  63)  0.07(  51->  65)
   50    7.392   167.7     0.0086    -4.6427     0.22(  37->  54)  0.09(  51->  62)  0.07(  53->  58)
   51    7.419   167.1     0.0437    -7.2721     0.27(  37->  54)  0.07(  51->  59)  0.07(  51->  61)
   52    7.472   165.9     0.0145    33.9994     0.13(  50->  60)  0.12(  51->  59)  0.10(  53->  58)
   53    7.552   164.2     0.0750     6.6414     0.51(  45->  56)  0.12(  51->  64)  0.08(  45->  55)
   54    7.560   164.0     0.0095     0.2958     0.50(  46->  55)  0.30(  46->  56)  0.04(  47->  54)
   55    7.576   163.7     0.0052    11.4168     0.18(  49->  60)  0.17(  49->  58)  0.07(  49->  59)
   56    7.642   162.2     0.0008     7.2205     0.10(  50->  62)  0.10(  51->  65)  0.07(  51->  63)
   57    7.655   162.0     0.0037    -1.1933     0.18(  50->  62)  0.09(  51->  63)  0.05(  52->  60)
   58    7.709   160.8     0.0095   -14.5381     0.12(  51->  63)  0.09(  50->  60)  0.07(  50->  58)
   59    7.726   160.5     0.0116     9.2392     0.18(  45->  55)  0.15(  51->  63)  0.13(  51->  65)
   60    7.749   160.0     0.0030   -17.0214     0.24(  49->  58)  0.19(  49->  60)  0.06(  49->  59)
   61    7.811   158.7     0.0000    11.3739     0.21(  41->  55)  0.16(  35->  54)  0.14(  32->  54)
   62    7.829   158.4     0.0017    -8.6165     0.14(  52->  58)  0.14(  53->  65)  0.06(  51->  68)
   63    7.843   158.1     0.0060     5.3808     0.32(  51->  68)  0.12(  51->  69)  0.04(  53->  65)
   64    7.857   157.8     0.0102    -7.9757     0.14(  52->  58)  0.07(  51->  68)  0.07(  53->  67)
   65    7.912   156.7     0.0005     4.7679     0.19(  52->  66)  0.10(  53->  60)  0.09(  53->  66)
   66    7.962   155.7     0.0015    10.7735     0.36(  38->  54)  0.18(  33->  54)  0.03(  52->  67)
   67    7.968   155.6     0.0038   -35.0443     0.11(  52->  63)  0.10(  53->  66)  0.10(  52->  60)
   68    7.997   155.0     0.0007    -0.2754     0.23(  53->  65)  0.14(  53->  68)  0.06(  53->  62)
   69    8.010   154.8     0.0001    -0.9745     0.35(  47->  56)  0.24(  47->  55)  0.10(  41->  56)
   70    8.025   154.5     0.0086   -15.0447     0.23(  45->  57)  0.06(  52->  65)  0.05(  52->  62)
   71    8.052   154.0     0.0029   -11.4529     0.10(  53->  65)  0.09(  52->  65)  0.06(  53->  68)
   72    8.074   153.6     0.0093    41.9099     0.12(  48->  58)  0.06(  48->  60)  0.05(  48->  63)
   73    8.105   153.0     0.0056    -6.8810     0.40(  47->  57)  0.08(  51->  69)  0.06(  46->  57)
   74    8.121   152.7     0.0116     3.8804     0.18(  47->  57)  0.18(  46->  55)  0.17(  46->  56)
   75    8.130   152.5     0.0286     0.2203     0.20(  51->  69)  0.15(  51->  68)  0.12(  46->  56)
   76    8.184   151.5     0.0047     0.8432     0.22(  52->  65)  0.10(  45->  57)  0.08(  33->  54)
   77    8.190   151.4     0.0030    -5.1612     0.12(  51->  66)  0.09(  50->  67)  0.07(  45->  57)
   78    8.213   151.0     0.0076    -0.7055     0.20(  33->  54)  0.12(  52->  65)  0.09(  46->  56)
   79    8.234   150.6     0.0063     3.4628     0.20(  50->  58)  0.10(  50->  66)  0.09(  51->  66)
   80    8.281   149.7     0.0148   -19.9261     0.11(  51->  71)  0.07(  53->  70)  0.06(  50->  65)
   81    8.298   149.4     0.0004     3.3304     0.55(  46->  57)  0.13(  47->  57)  0.04(  53->  65)
   82    8.327   148.9     0.0040    -3.0539     0.10(  51->  71)  0.08(  50->  65)  0.07(  51->  70)
   83    8.347   148.5     0.0040     6.4734     0.28(  50->  65)  0.07(  53->  70)  0.07(  53->  66)
   84    8.375   148.0     0.0178    12.2369     0.21(  48->  58)  0.12(  51->  67)  0.05(  51->  72)
   85    8.403   147.5     0.0022     3.6536     0.16(  52->  70)  0.08(  53->  70)  0.06(  53->  69)
   86    8.435   147.0     0.0004     5.4231     0.17(  53->  69)  0.14(  53->  68)  0.10(  53->  64)
   87    8.456   146.6     0.0080   -24.1949     0.19(  47->  59)  0.08(  51->  71)  0.07(  47->  58)
   88    8.471   146.4     0.0021    18.2939     0.16(  41->  56)  0.12(  41->  55)  0.09(  35->  54)
   89    8.474   146.3     0.0043     0.7061     0.09(  48->  60)  0.08(  49->  59)  0.06(  48->  59)
   90    8.507   145.8     0.0077    -3.7585     0.34(  34->  54)  0.12(  35->  54)  0.08(  40->  55)
   91    8.541   145.2     0.0019    -2.5506     0.10(  40->  55)  0.08(  41->  56)  0.08(  51->  62)
   92    8.550   145.0     0.0004     0.9947     0.13(  41->  56)  0.06(  36->  54)  0.05(  52->  68)
   93    8.576   144.6     0.0063    -5.6873     0.07(  34->  54)  0.06(  40->  55)  0.06(  31->  54)
   94    8.582   144.5     0.0043     0.2777     0.10(  41->  56)  0.08(  51->  62)  0.05(  52->  69)
   95    8.596   144.2     0.0007     4.5711     0.16(  36->  54)  0.12(  52->  68)  0.09(  52->  69)
   96    8.607   144.0     0.0020    -5.9446     0.19(  29->  54)  0.08(  35->  54)  0.08(  36->  54)
   97    8.618   143.9     0.0019    -1.8628     0.21(  46->  59)  0.12(  52->  61)  0.06(  46->  58)
   98    8.658   143.2     0.0030     3.5740     0.19(  48->  59)  0.15(  51->  67)  0.13(  49->  59)
   99    8.670   143.0     0.0039     1.2436     0.12(  40->  56)  0.07(  51->  62)  0.05(  31->  54)
  100    8.702   142.5     0.0020     8.9277     0.22(  40->  56)  0.09(  53->  67)  0.05(  34->  54)
  101    8.740   141.9     0.0020     1.6114     0.21(  31->  54)  0.17(  42->  55)  0.04(  32->  54)
  102    8.766   141.4     0.0034    -5.3009     0.13(  44->  55)  0.11(  44->  59)  0.05(  44->  56)
  103    8.784   141.1     0.0009     0.5565     0.08(  49->  68)  0.06(  49->  64)  0.05(  48->  59)
  104    8.792   141.0     0.0063   -11.9310     0.06(  50->  70)  0.05(  53->  61)  0.05(  52->  71)
  105    8.799   140.9     0.0074     3.7386     0.07(  53->  71)  0.06(  53->  67)  0.04(  39->  56)
  106    8.813   140.7     0.0032     4.1755     0.09(  53->  64)  0.06(  53->  74)  0.05(  53->  71)
  107    8.833   140.4     0.0068     1.1399     0.08(  39->  56)  0.06(  43->  55)  0.05(  49->  68)
  108    8.841   140.2     0.0011    -4.3451     0.06(  43->  55)  0.05(  42->  55)  0.05(  40->  55)
  109    8.858   140.0     0.0047   -14.3696     0.21(  39->  56)  0.05(  39->  55)  0.04(  42->  55)
  110    8.878   139.7     0.0054   -15.2190     0.06(  39->  56)  0.05(  42->  55)  0.05(  53->  63)
  111    8.900   139.3     0.0010     7.3264     0.13(  43->  55)  0.06(  43->  56)  0.05(  53->  72)
  112    8.921   139.0     0.0016     1.9716     0.11(  53->  72)  0.10(  52->  67)  0.07(  52->  69)
  113    8.938   138.7     0.0120    10.7095     0.04(  53->  68)  0.04(  52->  71)  0.04(  53->  67)
  114    8.971   138.2     0.0010     1.9785     0.08(  34->  54)  0.05(  29->  54)  0.05(  31->  54)
  115    8.989   137.9     0.0236    19.4314     0.09(  49->  65)  0.04(  52->  72)  0.04(  53->  70)
  116    9.006   137.7     0.0100    -8.3786     0.11(  49->  65)  0.09(  50->  68)  0.08(  53->  68)
  117    9.021   137.4     0.0007     3.6298     0.08(  48->  60)  0.05(  44->  55)  0.04(  51->  74)
  118    9.028   137.3     0.0023     2.9162     0.10(  49->  65)  0.06(  50->  64)  0.05(  51->  73)
  119    9.050   137.0     0.0131   -12.2877     0.07(  53->  70)  0.06(  50->  71)  0.05(  53->  75)
  120    9.061   136.8     0.0027     9.6388     0.10(  44->  59)  0.08(  44->  55)  0.06(  39->  55)
  121    9.101   136.2     0.0022    -0.4566     0.18(  32->  54)  0.11(  41->  55)  0.07(  41->  57)
  122    9.104   136.2     0.0028     2.2669     0.13(  37->  56)  0.13(  41->  55)  0.08(  32->  54)
  123    9.116   136.0     0.0331     4.9123     0.18(  50->  68)  0.10(  50->  69)  0.10(  50->  71)
  124    9.121   135.9     0.0029    -2.9438     0.06(  50->  69)  0.05(  39->  55)  0.04(  50->  67)
  125    9.156   135.4     0.0034     0.2584     0.12(  51->  70)  0.10(  51->  66)  0.09(  50->  69)
  126    9.162   135.3     0.0038    28.4640     0.11(  43->  59)  0.09(  50->  69)  0.08(  39->  55)
  127    9.207   134.7     0.0023    -2.1826     0.11(  47->  61)  0.10(  47->  58)  0.07(  47->  59)
  128    9.219   134.5     0.0039   -16.6926     0.12(  52->  64)  0.07(  52->  74)  0.06(  53->  64)
  129    9.226   134.4     0.0190    21.8593     0.12(  52->  75)  0.06(  52->  64)  0.05(  53->  75)
  130    9.240   134.2     0.0061    15.3292     0.22(  41->  57)  0.06(  42->  57)  0.05(  36->  54)
  131    9.258   133.9     0.0147     7.0477     0.08(  48->  65)  0.08(  43->  59)  0.07(  49->  64)
  132    9.260   133.9     0.0012    14.6212     0.19(  45->  58)  0.06(  51->  66)  0.06(  51->  70)
  133    9.271   133.7     0.0183    -0.5478     0.08(  39->  55)  0.07(  52->  64)  0.06(  48->  65)
  134    9.319   133.0     0.0090    -4.2813     0.10(  39->  55)  0.07(  46->  60)  0.05(  52->  64)
  135    9.322   133.0     0.0064     4.9354     0.15(  49->  68)  0.08(  49->  65)  0.05(  46->  60)
  136    9.336   132.8     0.0042    14.2779     0.10(  49->  59)  0.08(  49->  61)  0.05(  45->  59)
  137    9.345   132.7     0.0193   -21.5076     0.09(  46->  60)  0.06(  47->  60)  0.05(  49->  59)
  138    9.360   132.5     0.0167   -12.0692     0.15(  49->  69)  0.09(  49->  64)  0.05(  40->  57)
  139    9.389   132.0     0.0125   -27.6698     0.10(  41->  58)  0.09(  49->  69)  0.08(  35->  58)
  140    9.401   131.9     0.0106    -3.8786     0.09(  41->  58)  0.08(  26->  54)  0.05(  53->  74)
  141    9.410   131.8     0.0031    13.8482     0.23(  26->  54)  0.07(  27->  54)  0.06(  29->  54)
  142    9.419   131.6     0.0100   -31.4923     0.09(  53->  74)  0.06(  41->  58)  0.05(  53->  73)
  143    9.478   130.8     0.0171    13.1541     0.15(  49->  68)  0.13(  48->  68)  0.12(  49->  69)
  144    9.487   130.7     0.0175    17.8368     0.09(  53->  70)  0.07(  52->  70)  0.07(  50->  64)
  145    9.510   130.4     0.0017     0.4631     0.13(  40->  57)  0.06(  48->  64)  0.05(  51->  72)
  146    9.529   130.1     0.0075   -22.4005     0.09(  52->  70)  0.06(  51->  73)  0.06(  53->  70)
  147    9.541   129.9     0.0035   -11.2539     0.21(  27->  54)  0.11(  26->  54)  0.10(  28->  54)
  148    9.549   129.8     0.0032     0.6518     0.07(  48->  61)  0.06(  49->  61)  0.05(  45->  59)
  149    9.577   129.5     0.0004    -2.7432     0.12(  50->  64)  0.09(  40->  57)  0.07(  50->  73)
  150    9.601   129.1     0.0102    -2.5088     0.08(  50->  67)  0.08(  50->  75)  0.06(  50->  64)
  151    9.639   128.6     0.0059     8.0082     0.17(  37->  55)  0.09(  37->  56)  0.06(  30->  54)
  152    9.648   128.5     0.0012    16.1676     0.17(  30->  54)  0.08(  39->  57)  0.04(  25->  54)
  153    9.660   128.3     0.0110    42.7136     0.11(  44->  62)  0.07(  37->  55)  0.05(  30->  54)
  154    9.697   127.9     0.0008    -2.6457     0.24(  53->  75)  0.05(  50->  72)  0.05(  52->  67)
  155    9.703   127.8     0.0111   -10.1308     0.16(  44->  62)  0.05(  38->  59)  0.04(  51->  76)
  156    9.729   127.4     0.0083    -6.2486     0.08(  51->  72)  0.06(  37->  55)  0.06(  50->  70)
  157    9.751   127.2     0.0053    -9.5792     0.18(  45->  60)  0.08(  48->  63)  0.07(  48->  60)
  158    9.751   127.1     0.0064    -9.1639     0.13(  51->  74)  0.07(  48->  69)  0.06(  42->  57)
  159    9.778   126.8     0.0053    12.5754     0.12(  48->  64)  0.08(  51->  74)  0.05(  48->  63)
  160    9.794   126.6     0.0007    -3.8686     0.07(  51->  76)  0.06(  50->  70)  0.05(  51->  75)
  161    9.798   126.5     0.0064    -3.4239     0.06(  53->  76)  0.05(  52->  66)  0.04(  51->  76)
  162    9.831   126.1     0.0127   -23.3995     0.09(  48->  63)  0.07(  52->  75)  0.06(  53->  75)
  163    9.841   126.0     0.0033     5.2575     0.10(  48->  64)  0.06(  53->  77)  0.05(  53->  72)
  164    9.845   125.9     0.0017    -7.4256     0.12(  29->  54)  0.12(  39->  57)  0.08(  43->  57)
  165    9.868   125.6     0.0008    -1.1883     0.12(  53->  78)  0.12(  53->  77)  0.11(  51->  76)
  166    9.884   125.4     0.0053     5.8429     0.05(  53->  74)  0.05(  51->  76)  0.04(  50->  70)
  167    9.899   125.2     0.0047    26.1694     0.22(  43->  62)  0.09(  47->  62)  0.03(  44->  62)
  168    9.907   125.1     0.0030   -20.0656     0.11(  47->  62)  0.03(  41->  60)  0.03(  47->  61)
  169    9.919   125.0     0.0036     8.8577     0.10(  43->  62)  0.05(  41->  59)  0.05(  41->  60)
  170    9.924   124.9     0.0034    16.4115     0.14(  47->  62)  0.04(  34->  58)  0.03(  50->  70)
  171    9.927   124.9     0.0008    -2.7163     0.16(  52->  75)  0.08(  52->  72)  0.07(  52->  73)
  172    9.938   124.8     0.0007     1.9476     0.35(  25->  54)  0.11(  28->  54)  0.07(  30->  54)
  173    9.966   124.4     0.0078     0.5172     0.10(  46->  58)  0.05(  39->  58)  0.05(  47->  60)
  174    9.983   124.2     0.0090     2.2339     0.13(  48->  69)  0.12(  48->  68)  0.03(  42->  57)
  175    9.989   124.1     0.0094   -26.1031     0.06(  52->  74)  0.05(  46->  58)  0.04(  41->  58)

  alpha tensor

           1         2         3
 
    1 175.93080
    2  62.95485  54.24442
    3 -27.06733  41.20397 163.33528
 trace alpha_L[0] / au:   131.170165429988     
 sum rule f_L           4.69811403453429     
 
 SOS specific optical rotation 
 including Lorentz factor for common solvent (n=1.4)
 lambda [eV] alpha[grad*cm^3*g^-1*dm^-1]
 632.8  1.96      -44.18
 589.3  2.10      119.87        0.00 ##
 579.0  2.14      270.57
 546.0  2.27     8831.74
 436.0  2.84  -331672.40
 365.0  3.40     -599.06
 
 sTD-DFT done.
Mon 21 Mar 14:48:29 GMT 2022
