Mon 21 Mar 14:10:04 GMT 2022


                 *********************************************
                 *                                           *
                 *               s  T  D  A                  *
                 *                                           *
                 *                S. Grimme                  *
                 * Mulliken Center for Theoretical Chemistry *
                 *             Universitaet Bonn             *
                 *              Version 1.6.2                *
                 *       Tue Sep 10 14:44:30 CET 2020        *
                 *********************************************
 
 Please cite as:
 S. Grimme, J. Chem. Phys. 138 (2013) 244104
 
 With contributions from:
 C. Bannwarth, P. Shushkov, M. de Wergifosse
 
======================================================================
 
 reading an xTB output...
 
 reading: wfn.xtb
======================================================================
                    M O / A O    I N P U T 
======================================================================
atom  #          x             y             z            charge
  C   1     -4.68425268    4.04911579   -7.20533607         6.00
  C   2     -3.53756698    1.41332604   -7.09459813         6.00
  O   3     -3.20138473    0.61964114   -4.53723200         8.00
  C   4     -1.16577194    1.49004891   -3.31571315         6.00
  O   5      0.49756484    2.69796174   -4.30385085         8.00
  C   6     -1.28161214    0.74455202   -0.64307374         6.00
  C   7      0.65214443    0.06803013    1.11002502         6.00
  C   8      3.37297185   -0.08069130    0.77346483         6.00
  C   9      4.69672487    1.51782788   -0.73567031         6.00
  C  10      7.36898634    1.29559611   -0.95355571         6.00
  C  11      8.86281470    2.87521803   -2.47157257         6.00
  C  12     11.43000740    2.57758619   -2.55944483         6.00
  C  13     12.62431420    0.68464771   -1.12306413         6.00
  O  14     15.16372793    0.56918546   -1.34699666         8.00
  C  15     16.49258322   -1.27877755    0.03817246         6.00
  C  16     11.18358714   -0.90196620    0.38607101         6.00
  C  17      8.57236382   -0.59601956    0.45995930         6.00
  O  18      7.24596518   -2.19812922    1.93923677         8.00
  C  19      4.66913488   -2.09306046    2.17885402         6.00
  O  20      3.67816259   -3.67740670    3.47539499         8.00
  N  21     -0.38266950   -0.59469676    3.27943041         7.00
  N  22     -2.86671427   -0.38966149    3.03622268         7.00
  C  23     -4.42573817   -0.96319332    5.09583499         6.00
  C  24     -3.57025924   -2.73670112    6.83891821         6.00
  C  25     -5.07561493   -3.35464151    8.88114504         6.00
  C  26     -7.42189867   -2.23686861    9.19899695         6.00
  C  27     -8.22900062   -0.44748710    7.46460647         6.00
  CL 28    -11.13124173    0.99248407    7.85256721        17.00
  C  29     -6.74254219    0.22808992    5.41916710         6.00
  C  30     -3.51999253    0.40062190    0.68880511         6.00
  C  31     -6.14482187    0.70732442   -0.24774307         6.00
  O  32     -6.99217498    2.63616770   -1.10171023         8.00
  O  33     -7.41660743   -1.45263234    0.00207870         8.00
  C  34     -9.96906027   -1.47814364   -0.88382483         6.00
  C  35    -10.07696362   -1.91221369   -3.72313807         6.00
  H  36     -6.34966816    4.13831086   -6.00422626         1.00
  H  37     -3.32327205    5.43447388   -6.53561720         1.00
  H  38     -5.20657294    4.50151618   -9.13814777         1.00
  H  39     -4.80103775    0.00699199   -7.92267604         1.00
  H  40     -1.70812329    1.37137412   -8.06081501         1.00
  H  41      3.74203532    2.97896399   -1.79070431         1.00
  H  42      7.94516378    4.32520475   -3.57271588         1.00
  H  43     12.60125955    3.77548347   -3.71841375         1.00
  H  44     18.47585061   -1.00816879   -0.43614875         1.00
  H  45     16.23274590   -1.02725503    2.07340731         1.00
  H  46     15.91187044   -3.18777870   -0.50115532         1.00
  H  47     12.00013772   -2.38445620    1.51669405         1.00
  H  48     -1.73798096   -3.58216451    6.55205781         1.00
  H  49     -4.42611612   -4.73130686   10.23721239         1.00
  H  50     -8.61015834   -2.72989811   10.77918579         1.00
  H  51     -7.37352168    1.68053329    4.13623216         1.00
  H  52    -10.86554626    0.32257622   -0.39703142         1.00
  H  53    -10.87310517   -3.01694748    0.15061116         1.00
  H  54    -12.03453074   -2.01010149   -4.33276366         1.00
  H  55     -9.14702948   -0.36320533   -4.70050433         1.00
  H  56     -9.12832120   -3.66890293   -4.20671894         1.00

 # atoms          =   56
 # mos            =  258
 # primitive  aos = 2023
 # contracted aos =  385

 spherical AO basis
======================================================================
                    A O   I N T E G R A L S
======================================================================
 memory needed for AO int data:   5 Mb
 done.
  
Restricted MOs found... RKS-sTD-DFT will be performed
  
======================================================================
                    s T D A
======================================================================
 spectral range up to (eV)     :    10.0000000000000     
 occ MO cut-off (eV)           :   -35.4185899451997     
 virtMO cut-off (eV)           :    13.4388528483145     
 perturbation thr              :   1.000000000000000E-004
 triplet                       :  F
 MOs in TDA :          203
 oMOs in TDA:           83
 vMOs in TDA:          120
 sorting MOs ...
 reading and transforming R..V..L AO ints ...
 ints done.
 S^1/2 ...
 S^1/2 orthogonalized MO coefficients done.

 SCF atom population (using active MOs):
  3.866  3.562  5.054  2.606  5.405  3.875  3.840  3.911  3.798  3.971
  3.916  3.951  3.435  5.187  3.502  3.844  3.409  5.052  2.721  5.525
  5.042  4.852  3.939  3.956  3.986  4.000  4.058  6.940  3.944  3.752
  2.541  5.300  5.037  3.579  3.868  1.030  1.001  1.005  0.975  0.962
  1.011  0.979  0.955  0.975  0.986  0.986  0.952  1.003  0.989  1.004
  1.006  0.967  0.959  1.002  1.037  0.987
 
 # electrons in TDA: 166.000
 
 
 ax(DF)   :   0.500000000000000     
 s^K      :    2.00000000000000     
 beta  (J):    4.00000000000000     
 alpha (K):    2.00000000000000     
 
 hardness table read.
 setting up gammas ...
 memory needed for q data (Mb)                      6
 computing q(ij,n) ...
 
         170 CSF included by energy.
 
        9790 considered in PT2.
 ordered frontier orbitals
         eV     # centers
  73   -18.307     8.8
  74   -17.744    14.5
  75   -17.674    13.3
  76   -17.232     4.8
  77   -16.857     8.5
  78   -16.736    16.6
  79   -16.242     4.3
  80   -16.204     5.1
  81   -15.886     4.8
  82   -15.527    15.0
  83   -14.561    14.8
 
  84    -7.419     8.5
  85    -6.820    11.7
  86    -5.964     5.7
  87    -5.922    13.6
  88    -5.750    15.9
  89    -5.604    23.8
  90    -5.369     9.4
  91    -5.052     8.3
  92    -4.996    17.8
  93    -4.964    24.5
  94    -4.669    21.7
 
             lowest CSF states
       eV     nm      excitation i->a               eV
    1  4.28   290.0       83 ->  84     gap,J,K:   7.142   3.906   0.519   Kshft:   0.001  locality: 0.980
    2  5.03   246.5       81 ->  84     gap,J,K:   8.467   4.091   0.325   Kshft:   0.004  locality: 0.884
    3  5.12   242.1       83 ->  85     gap,J,K:   7.741   3.031   0.188   Kshft:   0.037  locality: 0.764
    4  5.39   230.2       82 ->  84     gap,J,K:   8.109   3.298   0.284   Kshft:   0.008  locality: 0.868
    5  5.78   214.7       83 ->  87     gap,J,K:   8.639   3.397   0.262   Kshft:   0.010  locality: 0.979
    6  5.78   214.4       79 ->  84     gap,J,K:   8.824   3.422   0.149   Kshft:   0.085  locality: 0.740
    7  5.79   214.1       82 ->  85     gap,J,K:   8.707   3.417   0.243   Kshft:   0.014  locality: 0.903
    8  5.99   207.0       79 ->  85     gap,J,K:   9.422   4.355   0.461   Kshft:   0.001  locality: 0.946
    9  6.11   203.0       80 ->  85     gap,J,K:   9.383   3.817   0.266   Kshft:   0.010  locality: 0.835
   10  6.11   202.8       77 ->  84     gap,J,K:   9.438   3.865   0.071   Kshft:   0.399  locality: 0.911
   11  6.20   200.0       78 ->  84     gap,J,K:   9.317   3.644   0.257   Kshft:   0.011  locality: 0.943
   12  6.42   193.2       83 ->  86     gap,J,K:   8.597   2.610   0.107   Kshft:   0.219  locality: 0.630
   13  6.58   188.5       83 ->  88     gap,J,K:   8.811   2.682   0.101   Kshft:   0.244  locality: 0.761
   14  6.60   187.7       83 ->  90     gap,J,K:   9.192   3.072   0.089   Kshft:   0.305  locality: 0.807
   15  6.74   183.9       83 ->  89     gap,J,K:   8.957   2.634   0.112   Kshft:   0.194  locality: 0.781
   16  6.77   183.2       82 ->  86     gap,J,K:   9.563   3.350   0.273   Kshft:   0.009  locality: 0.848
   17  6.88   180.2       83 ->  92     gap,J,K:   9.565   3.172   0.236   Kshft:   0.016  locality: 0.957
   18  6.89   179.9       82 ->  87     gap,J,K:   9.605   3.154   0.208   Kshft:   0.025  locality: 0.953
   19  6.92   179.2       76 ->  84     gap,J,K:   9.814   3.415   0.010   Kshft:   0.500  locality: 0.739
   20  7.07   175.3       83 ->  91     gap,J,K:   9.509   2.938   0.000   Kshft:   0.500  locality: 0.701
   21  7.11   174.5       83 ->  93     gap,J,K:   9.597   2.883   0.168   Kshft:   0.056  locality: 0.905
   22  7.12   174.1       80 ->  86     gap,J,K:  10.239   4.749   0.816   Kshft:   0.000  locality: 0.995
   23  7.13   173.9       78 ->  85     gap,J,K:   9.916   3.184   0.123   Kshft:   0.152  locality: 0.827
   24  7.17   172.8       76 ->  85     gap,J,K:  10.412   3.790   0.028   Kshft:   0.497  locality: 0.823
   25  7.19   172.4       82 ->  88     gap,J,K:   9.777   3.019   0.106   Kshft:   0.222  locality: 0.898
 
 selecting CSF ...
 average/max PT2 energy lowering (eV):     0.034     0.222
        1163 CSF included by PT.
        1333 CSF in total.
 sTD-DFT procedure...
 setting up A+B and A-B matrices
  calculating (A-B)^0.5 ...
 estimated time (min)     0.10
  calculating (A+B)*(A-B)^0.5 ...
 calculate eigenvalues of (A-B)^0.5*(A+B)*(A-B)^0.5 ...
  rpa vectors ok
  202 roots found, lowest/highest eigenvalue :    3.706   9.995   0
 writing spectral data to tda.dat ...
 
 excitation energies, transition moments and TDA amplitudes
 state    eV      nm       fL         Rv
    1    3.706   334.6     0.9462   -21.3211     0.90(  83->  84)  0.02(  81->  84)  0.02(  82->  84)
    2    4.332   286.2     0.0866    -6.2340     0.54(  81->  84)  0.16(  83->  87)  0.08(  82->  84)
    3    4.473   277.2     0.2969    34.7108     0.67(  83->  85)  0.20(  82->  85)  0.03(  82->  84)
    4    4.805   258.0     0.0117     0.1525     0.23(  82->  84)  0.23(  80->  85)  0.17(  82->  86)
    5    4.829   256.7     0.0311    -8.0605     0.35(  82->  84)  0.10(  80->  85)  0.10(  77->  84)
    6    5.083   243.9     0.0062     5.3273     0.39(  78->  84)  0.25(  77->  84)  0.07(  81->  84)
    7    5.280   234.8     0.0881    36.2826     0.38(  83->  87)  0.16(  81->  84)  0.06(  77->  84)
    8    5.311   233.5     0.1551   -49.9708     0.58(  79->  85)  0.11(  82->  85)  0.05(  81->  84)
    9    5.508   225.1     0.2642   -21.9739     0.68(  79->  84)  0.10(  82->  85)  0.03(  78->  85)
   10    5.614   220.8     0.0182     3.3810     0.22(  82->  85)  0.12(  83->  90)  0.09(  79->  84)
   11    5.694   217.7     0.0343   -19.1128     0.23(  83->  88)  0.10(  82->  88)  0.07(  79->  85)
   12    5.796   213.9     0.0359   -22.9099     0.15(  83->  88)  0.14(  82->  88)  0.11(  83->  90)
   13    5.945   208.5     0.0409   -31.1429     0.16(  76->  85)  0.13(  76->  84)  0.11(  76->  90)
   14    5.964   207.9     0.0400   -34.6846     0.22(  83->  89)  0.15(  83->  93)  0.12(  82->  89)
   15    6.050   204.9     0.0203     8.9612     0.17(  83->  90)  0.14(  83->  91)  0.11(  83->  92)
   16    6.056   204.7     0.0137    55.0384     0.40(  83->  91)  0.12(  82->  91)  0.09(  83->  90)
   17    6.139   202.0     0.0491  -113.6027     0.18(  80->  85)  0.16(  75->  85)  0.14(  83->  86)
   18    6.173   200.9     0.3077   181.1170     0.20(  80->  85)  0.15(  83->  86)  0.07(  75->  85)
   19    6.271   197.7     0.0322   103.9623     0.16(  78->  84)  0.11(  80->  88)  0.07(  74->  84)
   20    6.292   197.0     0.2253   -19.4703     0.20(  80->  86)  0.11(  80->  88)  0.08(  83->  86)
   21    6.392   194.0     0.3417   -11.9116     0.25(  80->  86)  0.20(  80->  88)  0.07(  80->  87)
   22    6.450   192.2     0.0288    13.4922     0.13(  79->  90)  0.09(  77->  84)  0.07(  75->  84)
   23    6.469   191.7     0.0022   -25.1328     0.33(  83->  95)  0.22(  83->  96)  0.09(  81->  91)
   24    6.554   189.2     0.0436   -34.7807     0.18(  82->  87)  0.08(  79->  87)  0.06(  78->  85)
   25    6.622   187.2     0.1885    -2.7478     0.30(  79->  90)  0.12(  81->  87)  0.10(  79->  88)
   26    6.689   185.4     0.3389     7.4252     0.17(  81->  87)  0.08(  83->  92)  0.06(  79->  90)
   27    6.720   184.5     0.0760    -3.8720     0.24(  81->  92)  0.16(  81->  93)  0.05(  83->  89)
   28    6.762   183.4     0.0956     9.8228     0.16(  83->  86)  0.12(  80->  85)  0.12(  82->  86)
   29    6.794   182.5     0.0142   -17.4887     0.22(  76->  84)  0.09(  77->  87)  0.07(  79->  87)
   30    6.833   181.4     0.0315    -5.4505     0.12(  78->  85)  0.10(  76->  84)  0.09(  75->  84)
   31    6.913   179.3     0.0572   -69.9556     0.14(  83->  93)  0.06(  83->  90)  0.06(  82->  92)
   32    6.967   178.0     0.0127    -5.7153     0.36(  81->  91)  0.10(  81->  95)  0.07(  83->  96)
   33    7.012   176.8     0.1489   129.6071     0.11(  81->  91)  0.07(  74->  84)  0.06(  77->  85)
   34    7.023   176.5     0.1636   -72.8631     0.12(  82->  87)  0.09(  79->  87)  0.07(  83->  95)
   35    7.092   174.8     0.0389   -24.8895     0.31(  80->  84)  0.11(  82->  86)  0.05(  80->  87)
   36    7.148   173.5     0.0089   -60.7052     0.24(  75->  84)  0.15(  76->  84)  0.08(  73->  84)
   37    7.185   172.6     0.0234    38.9322     0.20(  80->  84)  0.09(  77->  85)  0.06(  74->  84)
   38    7.206   172.1     0.0783    29.4251     0.16(  74->  84)  0.06(  82->  89)  0.06(  73->  84)
   39    7.293   170.0     0.0622    12.3247     0.24(  80->  84)  0.09(  79->  86)  0.04(  82->  86)
   40    7.346   168.8     0.0056     9.2988     0.08(  83-> 101)  0.08(  83->  94)  0.05(  82->  96)
   41    7.382   168.0     0.0166   -16.6452     0.12(  82->  88)  0.11(  83->  88)  0.04(  78->  88)
   42    7.445   166.5     0.0144   -25.8212     0.12(  81->  95)  0.08(  83->  97)  0.06(  81->  96)
   43    7.483   165.7     0.0011    -2.2158     0.16(  83-> 102)  0.05(  82->  89)  0.04(  82-> 102)
   44    7.502   165.3     0.0268   -50.5059     0.29(  79->  86)  0.06(  78->  86)  0.04(  83-> 102)
   45    7.505   165.2     0.0249   135.8866     0.18(  81->  95)  0.07(  81->  96)  0.06(  83-> 101)
   46    7.534   164.6     0.0201   -13.2426     0.35(  69->  84)  0.04(  76->  85)  0.04(  77->  85)
   47    7.552   164.2     0.0423   -10.4616     0.15(  69->  84)  0.10(  79->  86)  0.07(  81->  85)
   48    7.576   163.7     0.0269   -28.5246     0.07(  81->  85)  0.07(  83->  94)  0.07(  83-> 103)
   49    7.604   163.1     0.0163   -11.5506     0.35(  81->  85)  0.04(  77->  85)  0.04(  82->  89)
   50    7.619   162.7     0.0342    -3.5712     0.22(  68->  84)  0.16(  81->  85)  0.12(  66->  84)
   51    7.645   162.2     0.0068     0.0492     0.11(  81->  85)  0.07(  76->  85)  0.07(  77->  85)
   52    7.692   161.2     0.0111    47.8781     0.09(  68->  84)  0.05(  83->  97)  0.05(  82->  98)
   53    7.712   160.8     0.0132     0.7582     0.06(  79->  89)  0.05(  68->  84)  0.05(  82->  89)
   54    7.725   160.5     0.0115    -3.9703     0.06(  83-> 107)  0.06(  80->  94)  0.04(  80->  97)
   55    7.755   159.9     0.0241     7.7665     0.14(  76->  90)  0.11(  72->  85)  0.08(  75->  85)
   56    7.825   158.4     0.0089   -14.2778     0.16(  79->  88)  0.07(  82->  90)  0.07(  79->  89)
   57    7.843   158.1     0.0487   -20.2641     0.10(  82->  92)  0.05(  83-> 103)  0.05(  81->  90)
   58    7.854   157.9     0.0351    -3.3174     0.10(  83-> 105)  0.08(  79->  89)  0.04(  82->  89)
   59    7.878   157.4     0.0060    -0.5343     0.09(  69->  84)  0.05(  77->  90)  0.05(  78->  89)
   60    7.918   156.6     0.0155   -56.4042     0.14(  72->  85)  0.06(  78->  87)  0.04(  82->  92)
   61    7.939   156.2     0.0053    -6.0831     0.18(  79->  89)  0.09(  79->  88)  0.06(  82->  99)
   62    7.962   155.7     0.0740   -35.0839     0.19(  72->  85)  0.06(  81->  90)  0.05(  82->  92)
   63    7.999   155.0     0.0667     1.7213     0.13(  80->  98)  0.10(  77->  86)  0.09(  78->  86)
   64    8.051   154.0     0.0171     4.9508     0.07(  73->  85)  0.05(  72->  85)  0.04(  74->  90)
   65    8.065   153.7     0.0245    22.3364     0.05(  79->  87)  0.04(  83-> 106)  0.04(  83-> 108)
   66    8.078   153.5     0.0170    -3.7336     0.20(  73->  85)  0.07(  70->  85)  0.06(  78->  86)
   67    8.100   153.1     0.0220     2.6975     0.11(  78->  86)  0.09(  78->  87)  0.06(  75->  86)
   68    8.117   152.7     0.0072    -1.5907     0.18(  83-> 108)  0.09(  80->  98)  0.07(  83-> 107)
   69    8.132   152.5     0.0244    -6.4194     0.15(  77->  86)  0.08(  80->  99)  0.07(  83-> 107)
   70    8.158   152.0     0.0400     8.4814     0.08(  77->  87)  0.05(  80->  99)  0.05(  83-> 111)
   71    8.169   151.8     0.0161    -0.3189     0.30(  73->  84)  0.10(  74->  84)  0.07(  75->  84)
   72    8.176   151.6     0.0207    14.4928     0.27(  80->  99)  0.12(  80->  98)  0.05(  80->  87)
   73    8.213   151.0     0.0403    -1.1400     0.14(  70->  85)  0.09(  83-> 108)  0.03(  83-> 106)
   74    8.221   150.8     0.0149     8.6208     0.16(  71->  85)  0.15(  70->  85)  0.07(  64->  85)
   75    8.252   150.2     0.0047    -4.4709     0.13(  74->  85)  0.10(  70->  85)  0.09(  75->  85)
   76    8.301   149.4     0.0151    46.2882     0.07(  71->  85)  0.06(  82->  93)  0.05(  79->  92)
   77    8.314   149.1     0.0071    -5.3308     0.10(  71->  85)  0.04(  74->  85)  0.04(  75->  85)
   78    8.373   148.1     0.0414   -38.5147     0.06(  83-> 111)  0.05(  80->  87)  0.05(  75->  88)
   79    8.394   147.7     0.0081    -1.2091     0.07(  78->  88)  0.07(  83-> 111)  0.04(  81-> 102)
   80    8.413   147.4     0.0114     3.9703     0.11(  63->  84)  0.06(  76->  88)  0.05(  59->  84)
   81    8.422   147.2     0.0043    -1.3567     0.11(  71->  86)  0.07(  83->  91)  0.06(  82->  91)
   82    8.430   147.1     0.0060    11.0463     0.29(  71->  86)  0.04(  71->  87)  0.04(  73->  86)
   83    8.438   146.9     0.0053    10.6754     0.16(  71->  86)  0.07(  75->  89)  0.04(  63->  84)
   84    8.455   146.6     0.0103    52.5564     0.10(  81-> 101)  0.05(  81-> 100)  0.04(  76->  94)
   85    8.468   146.4     0.0254   -12.1743     0.20(  80->  90)  0.17(  80->  87)  0.06(  80->  88)
   86    8.495   145.9     0.0079    17.3283     0.13(  76->  94)  0.10(  76->  93)  0.08(  76->  92)
   87    8.515   145.6     0.0094    -2.5788     0.05(  79->  87)  0.04(  81-> 102)  0.04(  79->  89)
   88    8.541   145.2     0.0269    -4.0333     0.11(  81-> 102)  0.04(  79->  96)  0.03(  81-> 103)
   89    8.561   144.8     0.0379   -46.1373     0.04(  83->  98)  0.04(  63->  84)  0.04(  72->  90)
   90    8.580   144.5     0.0201    22.3803     0.07(  63->  84)  0.06(  66->  85)  0.05(  78->  92)
   91    8.582   144.5     0.0056    -7.3342     0.08(  72->  90)  0.05(  77->  89)  0.05(  78->  92)
   92    8.621   143.8     0.0079    11.6453     0.20(  72->  90)  0.06(  72->  85)  0.05(  81->  88)
   93    8.624   143.8     0.0103     8.4883     0.06(  83->  94)  0.05(  79->  92)  0.04(  81-> 102)
   94    8.640   143.5     0.0054     2.9445     0.36(  81->  88)  0.10(  81->  90)  0.04(  81->  87)
   95    8.645   143.4     0.0188     4.3635     0.05(  66->  85)  0.04(  80->  90)  0.03(  79->  93)
   96    8.686   142.7     0.0134    -0.6953     0.09(  82->  95)  0.06(  81-> 101)  0.04(  81-> 100)
   97    8.692   142.6     0.0055     8.1451     0.08(  82->  96)  0.05(  81->  88)  0.03(  79->  92)
   98    8.715   142.3     0.0045   -17.1641     0.08(  64->  85)  0.07(  72->  84)  0.07(  69->  87)
   99    8.721   142.2     0.0205   -29.0524     0.14(  70->  89)  0.09(  72->  84)  0.07(  70->  88)
  100    8.742   141.8     0.0713    15.7420     0.08(  80->  90)  0.06(  80->  96)  0.05(  80->  97)
  101    8.752   141.7     0.0113   -10.0944     0.48(  72->  84)  0.07(  72->  90)  0.03(  67->  85)
  102    8.757   141.6     0.0093     2.5810     0.05(  64->  85)  0.03(  80->  90)  0.03(  81->  88)
  103    8.777   141.3     0.0467    84.7808     0.21(  71->  88)  0.09(  71->  89)  0.07(  69->  87)
  104    8.785   141.1     0.0042  -117.7675     0.08(  81->  86)  0.08(  71->  88)  0.06(  71->  89)
  105    8.794   141.0     0.0119    54.1319     0.05(  83->  98)  0.04(  82->  95)  0.03(  83->  91)
  106    8.808   140.8     0.0055   -16.8808     0.72(  81->  86)  0.02(  81->  88)  0.02(  81->  87)
  107    8.811   140.7     0.0108     1.4429     0.35(  67->  85)  0.08(  67->  84)  0.06(  67->  90)
  108    8.848   140.1     0.0136     0.0659     0.06(  77->  92)  0.05(  79->  92)  0.04(  79->  93)
  109    8.852   140.1     0.0150    18.3082     0.21(  66->  86)  0.06(  64->  86)  0.05(  68->  86)
  110    8.879   139.6     0.0011    -6.4670     0.08(  66->  86)  0.05(  81-> 105)  0.05(  64->  86)
  111    8.887   139.5     0.0119   -21.4764     0.08(  79->  94)  0.06(  82->  93)  0.05(  65->  85)
  112    8.894   139.4     0.0027    -7.9468     0.41(  65->  85)  0.08(  65->  88)  0.06(  65->  90)
  113    8.922   139.0     0.0045     6.2823     0.08(  79->  92)  0.06(  82->  94)  0.05(  81-> 105)
  114    8.939   138.7     0.0086    -1.8996     0.07(  78->  91)  0.06(  77->  91)  0.05(  79->  94)
  115    8.957   138.4     0.0069    10.9701     0.09(  81->  89)  0.04(  81->  90)  0.04(  79->  92)
  116    8.964   138.3     0.0100   -10.2886     0.09(  76->  86)  0.05(  81->  89)  0.05(  76->  87)
  117    8.983   138.0     0.0007     8.3464     0.06(  79->  93)  0.04(  82-> 111)  0.03(  77->  91)
  118    8.988   137.9     0.0062    -3.4201     0.15(  79->  93)  0.07(  79->  97)  0.07(  79->  94)
  119    9.029   137.3     0.0032     7.9528     0.22(  81->  89)  0.11(  81->  90)  0.03(  76->  86)
  120    9.039   137.2     0.0280     8.6685     0.11(  83-> 115)  0.06(  75->  86)  0.06(  61->  84)
  121    9.047   137.0     0.0408    13.5301     0.06(  81->  90)  0.05(  81->  89)  0.04(  76->  86)
  122    9.063   136.8     0.0095    15.6160     0.07(  75->  86)  0.05(  77->  88)  0.04(  72->  93)
  123    9.067   136.7     0.0100    69.3292     0.04(  79->  97)  0.04(  83-> 116)  0.04(  72->  94)
  124    9.082   136.5     0.0160   -24.0672     0.08(  79->  97)  0.06(  77->  90)  0.04(  79->  93)
  125    9.087   136.4     0.0039    -1.1241     0.07(  81-> 105)  0.07(  64->  86)  0.05(  83-> 116)
  126    9.098   136.3     0.0053    -0.8238     0.16(  64->  86)  0.04(  79->  97)  0.04(  68->  86)
  127    9.120   135.9     0.0215    -8.0558     0.14(  79->  97)  0.06(  55->  84)  0.04(  64->  86)
  128    9.124   135.9     0.0151    11.1839     0.05(  64->  86)  0.03(  81-> 108)  0.02(  82-> 105)
  129    9.141   135.6     0.0056   -13.7395     0.05(  78->  88)  0.03(  76->  89)  0.03(  78->  89)
  130    9.153   135.5     0.0065     1.2372     0.07(  83-> 100)  0.04(  82->  94)  0.04(  83-> 116)
  131    9.185   135.0     0.0302    19.9433     0.14(  80-> 109)  0.06(  80-> 104)  0.04(  80->  89)
  132    9.197   134.8     0.0196   -46.0523     0.09(  61->  84)  0.05(  55->  84)  0.04(  80-> 109)
  133    9.200   134.8     0.0068   -35.1830     0.07(  79->  95)  0.05(  79->  96)  0.03(  74->  87)
  134    9.215   134.6     0.0133   -18.4837     0.06(  79->  94)  0.03(  83-> 100)  0.03(  77->  89)
  135    9.225   134.4     0.0479    28.0143     0.12(  70->  88)  0.11(  70->  90)  0.06(  70->  85)
  136    9.236   134.2     0.0350    -0.5828     0.10(  61->  84)  0.06(  53->  84)  0.04(  76->  88)
  137    9.242   134.2     0.0244     7.2741     0.05(  62->  85)  0.04(  79-> 106)  0.03(  78->  90)
  138    9.257   133.9     0.0383    15.8364     0.06(  53->  84)  0.06(  78->  89)  0.04(  83-> 117)
  139    9.258   133.9     0.0111   -26.3089     0.30(  62->  85)  0.05(  62->  87)  0.04(  62->  84)
  140    9.296   133.4     0.0218    17.3758     0.06(  61->  84)  0.03(  76->  87)  0.03(  83->  97)
  141    9.317   133.1     0.0011    10.1906     0.09(  81-> 108)  0.04(  82-> 112)  0.03(  79->  94)
  142    9.322   133.0     0.0038    35.7993     0.07(  76->  87)  0.06(  81-> 107)  0.04(  80->  90)
  143    9.336   132.8     0.0115   -11.0330     0.11(  81-> 107)  0.09(  81->  93)  0.05(  81->  92)
  144    9.353   132.6     0.0016     1.9112     0.11(  62->  86)  0.08(  73->  86)  0.07(  76->  86)
  145    9.359   132.5     0.0042    22.0493     0.08(  81-> 108)  0.04(  75->  87)  0.03(  81->  96)
  146    9.370   132.3     0.0032    -3.4778     0.12(  62->  86)  0.10(  74->  87)  0.03(  75->  86)
  147    9.374   132.3     0.0027    -9.0594     0.03(  80->  90)  0.03(  83-> 103)  0.03(  80->  97)
  148    9.388   132.1     0.0026    24.8861     0.05(  81->  93)  0.04(  62->  86)  0.03(  79->  95)
  149    9.402   131.9     0.0223   -15.9121     0.05(  83->  99)  0.04(  81->  93)  0.03(  53->  84)
  150    9.415   131.7     0.0110   -12.0662     0.05(  65->  89)  0.04(  76->  87)  0.03(  76->  89)
  151    9.431   131.5     0.0062    25.1387     0.12(  82->  91)  0.06(  81-> 108)  0.04(  62->  86)
  152    9.441   131.3     0.0035     2.1662     0.32(  62->  86)  0.12(  73->  86)  0.07(  75->  86)
  153    9.459   131.1     0.0248   -31.8608     0.15(  65->  89)  0.06(  65->  88)  0.05(  65->  94)
  154    9.473   130.9     0.0005    -1.4976     0.15(  81->  93)  0.11(  81->  92)  0.08(  81-> 110)
  155    9.477   130.8     0.0271   -34.2046     0.11(  80-> 112)  0.05(  82->  94)  0.04(  82->  98)
  156    9.500   130.5     0.0051    32.7736     0.08(  59->  84)  0.05(  63->  84)  0.04(  67->  94)
  157    9.516   130.3     0.0162   -37.8906     0.13(  80-> 112)  0.03(  59->  84)  0.03(  83-> 104)
  158    9.526   130.1     0.0090    17.8328     0.10(  67->  94)  0.09(  67->  93)  0.05(  67->  92)
  159    9.538   130.0     0.0032    -5.4160     0.07(  80-> 112)  0.05(  83-> 120)  0.03(  59->  84)
  160    9.553   129.8     0.0188    31.5081     0.08(  53->  84)  0.08(  70->  84)  0.04(  61->  84)
  161    9.580   129.4     0.0132    18.9345     0.24(  70->  84)  0.04(  59->  84)  0.03(  66->  84)
  162    9.594   129.2     0.0130    -0.2300     0.11(  83-> 104)  0.05(  82-> 112)  0.05(  83-> 112)
  163    9.604   129.1     0.0041    10.4031     0.14(  70->  84)  0.06(  76->  92)  0.03(  55->  84)
  164    9.611   129.0     0.0158   -19.1391     0.07(  70->  84)  0.03(  75->  92)  0.03(  79->  98)
  165    9.617   128.9     0.0053    24.0966     0.06(  80->  92)  0.05(  80-> 112)  0.04(  80->  94)
  166    9.636   128.7     0.0338     7.9617     0.05(  76->  93)  0.05(  69->  91)  0.04(  75->  93)
  167    9.638   128.6     0.0234     0.2209     0.04(  78->  95)  0.03(  80->  92)  0.03(  80->  93)
  168    9.653   128.4     0.0030     5.6651     0.21(  76->  89)  0.10(  76->  88)  0.06(  77->  89)
  169    9.666   128.3     0.0023    -4.1862     0.17(  66->  84)  0.13(  67->  84)  0.06(  70->  84)
  170    9.670   128.2     0.0107   -39.2745     0.07(  73->  88)  0.03(  76->  93)  0.03(  69->  91)
  171    9.691   127.9     0.0017   -25.7415     0.07(  53->  84)  0.04(  67->  84)  0.03(  64->  88)
  172    9.698   127.8     0.0148     4.7215     0.18(  67->  84)  0.07(  66->  84)  0.03(  67->  85)
  173    9.724   127.5     0.0138    -5.4690     0.05(  53->  84)  0.04(  80-> 113)  0.02(  77-> 107)
  174    9.730   127.4     0.0038     9.3566     0.16(  67->  84)  0.14(  69->  91)  0.06(  63->  91)
  175    9.746   127.2     0.0165    11.2629     0.06(  80-> 113)  0.03(  77->  91)  0.02(  81-> 115)
  176    9.751   127.1     0.0151    16.4891     0.06(  69->  91)  0.04(  55->  84)  0.04(  81-> 115)
  177    9.760   127.0     0.0074     3.6198     0.12(  81-> 115)  0.07(  57->  86)  0.06(  80-> 113)
  178    9.769   126.9     0.0194    10.7991     0.07(  69->  91)  0.05(  63->  91)  0.04(  77->  95)
  179    9.781   126.8     0.0057    18.5898     0.15(  57->  86)  0.07(  57->  85)  0.03(  79->  98)
  180    9.791   126.6     0.0016    -5.2215     0.05(  77-> 108)  0.04(  80-> 113)  0.03(  78->  91)
  181    9.793   126.6     0.0111    21.8826     0.08(  81-> 115)  0.06(  57->  86)  0.04(  71->  84)
  182    9.811   126.4     0.0017   -20.9106     0.04(  64->  88)  0.04(  71->  84)  0.03(  57->  85)
  183    9.820   126.3     0.0108     1.6495     0.04(  76->  92)  0.04(  79->  98)  0.04(  63->  87)
  184    9.829   126.1     0.0092    -7.9655     0.03(  80-> 113)  0.03(  69->  91)  0.02(  77->  91)
  185    9.835   126.1     0.0054    -6.3708     0.09(  57->  85)  0.04(  82-> 119)  0.04(  57->  86)
  186    9.851   125.9     0.0119   -13.6698     0.07(  76->  93)  0.04(  76->  92)  0.04(  71->  84)
  187    9.866   125.7     0.0218     3.0767     0.06(  57->  85)  0.04(  79->  98)  0.03(  64->  88)
  188    9.873   125.6     0.0049    39.9291     0.03(  79->  98)  0.02(  57->  85)  0.02(  71->  84)
  189    9.881   125.5     0.0126     9.0640     0.03(  83-> 125)  0.03(  76-> 105)  0.03(  76->  96)
  190    9.897   125.3     0.0021   -31.8361     0.03(  82->  98)  0.03(  79->  99)  0.03(  82-> 107)
  191    9.905   125.2     0.0262     7.9684     0.06(  58->  85)  0.05(  59->  85)  0.04(  74->  97)
  192    9.921   125.0     0.0049    38.6696     0.05(  58->  85)  0.05(  75->  97)  0.04(  79-> 101)
  193    9.924   124.9     0.0023     1.6352     0.06(  79->  98)  0.05(  71->  84)  0.03(  60->  85)
  194    9.931   124.8     0.0059    -0.3819     0.15(  71->  84)  0.07(  60->  85)  0.03(  73->  84)
  195    9.938   124.8     0.0063    -3.9027     0.05(  80->  92)  0.03(  80->  93)  0.03(  75->  86)
  196    9.951   124.6     0.0119     1.2600     0.07(  75->  86)  0.05(  80->  92)  0.05(  80->  93)
  197    9.960   124.5     0.0067    -2.2337     0.04(  79->  91)  0.03(  75->  86)  0.03(  74->  97)
  198    9.962   124.5     0.0039   -16.9048     0.10(  80->  92)  0.10(  80->  93)  0.03(  81-> 115)
  199    9.971   124.4     0.0054   -25.3983     0.04(  74->  86)  0.03(  63->  87)  0.02(  75->  87)
  200    9.980   124.2     0.0011    -2.4259     0.08(  73->  86)  0.05(  80->  93)  0.04(  79-> 100)
  201    9.990   124.1     0.0117     1.8991     0.06(  83-> 102)  0.05(  80->  93)  0.04(  80->  92)
  202    9.995   124.0     0.0030     8.0821     0.09(  76->  86)  0.09(  74->  86)  0.07(  73->  86)

  alpha tensor

           1         2         3
 
    1 261.55999
    2  16.67687  61.98168
    3 -74.30783 -56.25545 121.25854
 trace alpha_L[0] / au:   148.266736181688     
 sum rule f_L           6.84178971848003     
 
 SOS specific optical rotation 
 including Lorentz factor for common solvent (n=1.4)
 lambda [eV] alpha[grad*cm^3*g^-1*dm^-1]
 632.8  1.96      -23.38
 589.3  2.10      -37.33        0.00 ##
 579.0  2.14      -41.86
 546.0  2.27      -61.21
 436.0  2.84     -293.83
 365.0  3.40    -1915.88
 
 sTD-DFT done.
Mon 21 Mar 14:10:08 GMT 2022
