Mon 21 Mar 13:49:20 GMT 2022


                 *********************************************
                 *                                           *
                 *               s  T  D  A                  *
                 *                                           *
                 *                S. Grimme                  *
                 * Mulliken Center for Theoretical Chemistry *
                 *             Universitaet Bonn             *
                 *              Version 1.6.2                *
                 *       Tue Sep 10 14:44:30 CET 2020        *
                 *********************************************
 
 Please cite as:
 S. Grimme, J. Chem. Phys. 138 (2013) 244104
 
 With contributions from:
 C. Bannwarth, P. Shushkov, M. de Wergifosse
 
======================================================================
 
 reading an xTB output...
 
 reading: wfn.xtb
======================================================================
                    M O / A O    I N P U T 
======================================================================
atom  #          x             y             z            charge
  C   1     10.37383957   -3.10614254    5.17085712         6.00
  C   2     11.97538231   -1.40236563    3.48748924         6.00
  C   3     10.66466839    1.08942701    2.83439995         6.00
  C   4      8.47428705    0.75305579    0.98775975         6.00
  C   5      7.10366882    3.25524192    0.48641546         6.00
  C   6      4.83184028    2.86331276   -1.16728372         6.00
  C   7      4.85772953    3.71841375   -3.63866732         6.00
  C   8      2.81814831    3.28642240   -5.23869828         6.00
  O   9      2.96025570    4.16098757   -7.64602016         8.00
  C  10      0.71790689    1.98610197   -4.36602283         6.00
  C  11      0.65724669    1.12948920   -1.88651342         6.00
  O  12     -1.32261919   -0.17782321   -0.91103688         8.00
  C  13     -3.67835156    0.06481760   -1.99611752         6.00
  C  14     -4.73017302    2.49670592   -2.26993881         6.00
  O  15     -3.27073767    4.45370612   -1.51310357         8.00
  C  16     -4.24923777    6.92187718   -1.68204507         6.00
  C  17     -7.13484929    2.71156776   -3.25958829         6.00
  C  18     -8.50924698    0.58581504   -3.97673929         6.00
  O  19    -10.80923243    1.09282852   -4.92859425         8.00
  C  20     -7.49843257   -1.85892342   -3.64093499         6.00
  C  21     -8.90249895   -4.13698805   -4.36507797         6.00
  O  22     -8.37885589   -6.30015734   -3.87715073         8.00
  O  23    -11.02730680   -3.69422526   -5.78180551         8.00
  C  24     -5.04292267   -2.09721786   -2.58816866         6.00
  C  25     -3.80704190   -4.58901050   -2.05810053         6.00
  C  26     -4.66459953   -5.79182106    0.44729813         6.00
  C  27     -3.97409367   -4.23752147    2.78488913         6.00
  C  28     -5.99572249   -2.30886716    3.52074842         6.00
  C  29     -4.99851411   -0.43331416    5.46452053         6.00
  C  30      2.71799283    1.55184295   -0.28005739         6.00
  C  31      2.57191702    0.45580190    2.30678847         6.00
  O  32      2.15183094   -1.73476842    2.76164550         8.00
  O  33      2.93455543    2.19264902    4.11941360         8.00
  C  34      2.86671427    1.27178556    6.63841829         6.00
  H  35     11.40355124   -4.82390343    5.63251716         1.00
  H  36      8.62508718   -3.64414752    4.23733250         1.00
  H  37      9.90726623   -2.14294923    6.92754636         1.00
  H  38     12.44290051   -2.40165271    1.74308322         1.00
  H  39     13.74756731   -0.98473619    4.46220988         1.00
  H  40      9.96584774    1.96021273    4.57200296         1.00
  H  41     12.04549115    2.38105470    2.00329848         1.00
  H  42      7.12672347   -0.60811381    1.74516191         1.00
  H  43      9.18198942   -0.00491329   -0.79727538         1.00
  H  44      8.40002082    4.57427063   -0.42594423         1.00
  H  45      6.51520816    4.07368223    2.28430073         1.00
  H  46      6.46720912    4.72658254   -4.37584941         1.00
  H  47      1.45093158    3.70631950   -8.56272622         1.00
  H  48     -0.86814010    1.62478637   -5.60549408         1.00
  H  49     -2.76580290    8.14906521   -0.95790208         1.00
  H  50     -4.67159152    7.43474880   -3.63999012         1.00
  H  51     -5.95131393    7.13806183   -0.52969018         1.00
  H  52     -8.04342953    4.51531118   -3.51054390         1.00
  H  53    -11.62899555   -0.46109313   -5.45601676         1.00
  H  54    -11.79396862   -5.31088581   -6.17921488         1.00
  H  55     -4.22750592   -5.91710989   -3.57422766         1.00
  H  56     -1.76859452   -4.30290599   -1.95851197         1.00
  H  57     -3.73844485   -7.63071338    0.56143758         1.00
  H  58     -6.69699979   -6.12327899    0.39003944         1.00
  H  59     -3.69252450   -5.51686594    4.38132961         1.00
  H  60     -2.18338936   -3.27508404    2.45248634         1.00
  H  61     -6.62424534   -1.27405324    1.85249835         1.00
  H  62     -7.63789434   -3.29908356    4.29100071         1.00
  H  63     -4.33559825   -1.41880624    7.14373101         1.00
  H  64     -3.42871876    0.62908977    4.66800104         1.00
  H  65     -6.46550836    0.89440729    6.02558016         1.00
  H  66      1.07090770    0.32654464    7.01050533         1.00
  H  67      4.39947098   -0.07653390    6.94606567         1.00
  H  68      3.08951295    2.90942207    7.85823639         1.00

 # atoms          =   68
 # mos            =  285
 # primitive  aos = 2278
 # contracted aos =  442

 spherical AO basis
======================================================================
                    A O   I N T E G R A L S
======================================================================
 memory needed for AO int data:   7 Mb
 done.
  
Restricted MOs found... RKS-sTD-DFT will be performed
  
======================================================================
                    s T D A
======================================================================
 spectral range up to (eV)     :    10.0000000000000     
 occ MO cut-off (eV)           :   -34.5382541887244     
 virtMO cut-off (eV)           :    13.6343397933293     
 perturbation thr              :   1.000000000000000E-004
 triplet                       :  F
 MOs in TDA :          219
 oMOs in TDA:           84
 vMOs in TDA:          135
 sorting MOs ...
 reading and transforming R..V..L AO ints ...
 ints done.
 S^1/2 ...
 S^1/2 orthogonalized MO coefficients done.

 SCF atom population (using active MOs):
  3.893  4.008  3.983  3.945  3.943  3.858  3.846  3.355  5.094  3.763
  3.288  5.028  3.364  3.265  5.078  3.467  3.806  3.276  5.133  3.732
  2.423  5.179  4.897  3.739  3.884  3.952  3.952  3.975  3.893  3.765
  2.452  5.174  5.000  3.436  1.016  1.036  1.025  1.000  1.007  1.012
  1.008  1.038  0.988  1.005  1.009  0.939  0.736  0.914  0.968  0.985
  0.983  0.941  0.732  0.663  1.006  0.986  1.000  1.011  1.003  1.057
  1.035  1.000  1.021  1.040  1.014  1.008  0.995  0.970
 
 # electrons in TDA: 168.000
 
 
 ax(DF)   :   0.500000000000000     
 s^K      :    2.00000000000000     
 beta  (J):    4.00000000000000     
 alpha (K):    2.00000000000000     
 
 hardness table read.
 setting up gammas ...
 memory needed for q data (Mb)                      9
 computing q(ij,n) ...
 
         139 CSF included by energy.
 
       11201 considered in PT2.
 ordered frontier orbitals
         eV     # centers
  74   -18.021    13.2
  75   -17.915    19.5
  76   -17.825    12.7
  77   -17.594    18.3
  78   -17.233    18.5
  79   -17.053     3.9
  80   -16.907     3.4
  81   -15.474     9.3
  82   -15.345    10.1
  83   -14.978     8.4
  84   -14.366    11.3
 
  85    -6.538     7.0
  86    -5.860     7.7
  87    -5.533     9.8
  88    -5.113    22.5
  89    -5.072    19.4
  90    -4.890    23.8
  91    -4.723     8.6
  92    -4.510    35.1
  93    -4.451    26.3
  94    -4.241    13.3
  95    -4.169     8.6
 
             lowest CSF states
       eV     nm      excitation i->a               eV
    1  4.71   263.2       84 ->  85     gap,J,K:   7.827   3.978   0.430   Kshft:   0.001  locality: 0.887
    2  5.40   229.6       84 ->  86     gap,J,K:   8.505   3.511   0.182   Kshft:   0.042  locality: 0.798
    3  5.47   226.8       84 ->  87     gap,J,K:   8.832   4.070   0.350   Kshft:   0.003  locality: 0.992
    4  5.71   217.1       82 ->  85     gap,J,K:   8.806   3.883   0.392   Kshft:   0.002  locality: 0.883
    5  5.82   213.2       81 ->  85     gap,J,K:   8.935   3.570   0.214   Kshft:   0.023  locality: 0.821
    6  5.88   210.9       83 ->  86     gap,J,K:   9.118   4.246   0.504   Kshft:   0.001  locality: 0.957
    7  5.89   210.6       83 ->  85     gap,J,K:   8.440   2.948   0.124   Kshft:   0.149  locality: 0.651
    8  6.00   206.6       84 ->  88     gap,J,K:   9.253   3.647   0.172   Kshft:   0.052  locality: 0.945
    9  6.07   204.1       84 ->  89     gap,J,K:   9.294   3.837   0.305   Kshft:   0.006  locality: 0.973
   10  6.32   196.2       83 ->  87     gap,J,K:   9.445   3.869   0.370   Kshft:   0.003  locality: 0.935
   11  6.35   195.3       79 ->  85     gap,J,K:  10.515   4.694   0.014   Kshft:   0.500  locality: 0.936
   12  6.44   192.4       81 ->  86     gap,J,K:   9.613   3.669   0.243   Kshft:   0.014  locality: 0.861
   13  6.48   191.4       82 ->  86     gap,J,K:   9.484   3.402   0.172   Kshft:   0.051  locality: 0.789
   14  6.51   190.5       82 ->  87     gap,J,K:   9.812   3.973   0.332   Kshft:   0.004  locality: 0.988
   15  6.59   188.1       83 ->  89     gap,J,K:   9.906   3.701   0.161   Kshft:   0.064  locality: 0.931
   16  6.70   185.1       83 ->  88     gap,J,K:   9.865   3.567   0.122   Kshft:   0.155  locality: 0.917
   17  6.74   184.0       81 ->  87     gap,J,K:   9.940   3.967   0.381   Kshft:   0.002  locality: 0.998
   18  6.83   181.5       82 ->  89     gap,J,K:  10.273   3.832   0.165   Kshft:   0.060  locality: 0.992
   19  6.96   178.1       84 ->  95     gap,J,K:  10.197   3.621   0.161   Kshft:   0.064  locality: 0.882
   20  6.97   177.9       84 ->  91     gap,J,K:   9.642   3.178   0.003   Kshft:   0.500  locality: 0.743
   21  6.97   177.9       82 ->  88     gap,J,K:  10.232   3.687   0.109   Kshft:   0.208  locality: 0.975
   22  7.04   176.1       81 ->  89     gap,J,K:  10.402   3.799   0.205   Kshft:   0.027  locality: 0.995
   23  7.05   176.0       80 ->  86     gap,J,K:  11.046   4.524   0.012   Kshft:   0.500  locality: 0.896
   24  7.07   175.3       78 ->  85     gap,J,K:  10.695   4.041   0.192   Kshft:   0.035  locality: 0.947
   25  7.10   174.6       81 ->  88     gap,J,K:  10.361   3.642   0.146   Kshft:   0.090  locality: 0.975
 
 selecting CSF ...
 average/max PT2 energy lowering (eV):     0.035     0.183
         950 CSF included by PT.
        1089 CSF in total.
 sTD-DFT procedure...
 setting up A+B and A-B matrices
  calculating (A-B)^0.5 ...
 estimated time (min)     0.05
  calculating (A+B)*(A-B)^0.5 ...
 calculate eigenvalues of (A-B)^0.5*(A+B)*(A-B)^0.5 ...
  rpa vectors ok
  171 roots found, lowest/highest eigenvalue :    3.907   9.999   0
 writing spectral data to tda.dat ...
 
 excitation energies, transition moments and TDA amplitudes
 state    eV      nm       fL         Rv
    1    3.907   317.3     0.1185   -24.1418     0.72(  84->  85)  0.06(  83->  85)  0.06(  81->  85)
    2    4.466   277.6     0.0439    -4.5228     0.37(  84->  86)  0.14(  83->  87)  0.11(  83->  86)
    3    4.778   259.5     0.1003   -29.2461     0.32(  82->  85)  0.31(  84->  87)  0.13(  81->  85)
    4    5.062   244.9     0.4037     9.0787     0.28(  84->  87)  0.15(  83->  86)  0.10(  82->  85)
    5    5.373   230.8     0.4888    -4.5891     0.33(  83->  86)  0.15(  84->  87)  0.12(  82->  85)
    6    5.461   227.0     0.1052    73.7216     0.36(  84->  89)  0.32(  84->  88)  0.05(  84->  87)
    7    5.500   225.4     0.0030     1.9594     0.26(  83->  85)  0.22(  81->  85)  0.16(  82->  85)
    8    5.639   219.9     0.0213   -22.1682     0.32(  84->  86)  0.23(  83->  86)  0.07(  84->  88)
    9    5.716   216.9     0.0797    23.8994     0.41(  79->  85)  0.07(  84->  86)  0.05(  84->  87)
   10    5.741   215.9     0.0034     2.1669     0.24(  83->  88)  0.20(  83->  89)  0.11(  83->  92)
   11    5.804   213.6     0.1320    34.3569     0.17(  79->  85)  0.17(  84->  89)  0.12(  84->  88)
   12    5.944   208.6     0.3166   -27.0418     0.20(  82->  87)  0.13(  83->  87)  0.11(  84->  89)
   13    5.982   207.3     0.0275    -7.3749     0.50(  83->  85)  0.25(  81->  85)  0.12(  82->  85)
   14    6.121   202.6     0.0031    28.3997     0.26(  82->  88)  0.20(  82->  89)  0.08(  81->  88)
   15    6.143   201.8     0.0348    22.2716     0.30(  80->  86)  0.11(  81->  86)  0.09(  82->  87)
   16    6.164   201.1     0.0355   -51.0761     0.18(  84->  91)  0.11(  82->  89)  0.08(  81->  87)
   17    6.222   199.3     0.0585    25.8001     0.20(  80->  86)  0.12(  82->  86)  0.09(  81->  86)
   18    6.365   194.8     0.1874  -199.9080     0.39(  81->  87)  0.16(  83->  87)  0.05(  80->  86)
   19    6.451   192.2     0.0028   -10.3013     0.29(  84->  91)  0.13(  81->  89)  0.11(  81->  88)
   20    6.612   187.5     0.2549    73.1978     0.36(  84->  95)  0.15(  82->  87)  0.05(  78->  85)
   21    6.696   185.2     0.1069   -38.8149     0.20(  83->  89)  0.12(  83->  88)  0.08(  82->  89)
   22    6.790   182.6     0.0367    -7.5772     0.20(  78->  85)  0.11(  81->  87)  0.11(  83->  87)
   23    6.795   182.5     0.0673    13.2726     0.29(  78->  85)  0.08(  82->  87)  0.07(  84->  93)
   24    6.827   181.6     0.0086    -0.4646     0.41(  82->  86)  0.34(  81->  86)  0.12(  78->  85)
   25    6.907   179.5     0.0334   -12.7944     0.12(  84->  94)  0.10(  84->  97)  0.10(  84->  90)
   26    6.939   178.7     0.0040    -0.3043     0.22(  84->  93)  0.09(  84->  96)  0.08(  82->  88)
   27    7.011   176.8     0.0795   -37.6228     0.33(  82->  89)  0.17(  82->  88)  0.07(  81->  87)
   28    7.092   174.8     0.2105   127.6781     0.25(  81->  89)  0.15(  84->  92)  0.11(  81->  88)
   29    7.114   174.3     0.1481    18.7936     0.14(  81->  88)  0.13(  84->  92)  0.09(  84->  96)
   30    7.240   171.3     0.0198   -40.1809     0.29(  82->  91)  0.20(  81->  91)  0.10(  79->  91)
   31    7.292   170.0     0.0084     1.5311     0.15(  83->  88)  0.12(  83->  92)  0.07(  84->  97)
   32    7.355   168.6     0.1243   -15.1127     0.09(  83->  92)  0.08(  83->  97)  0.07(  82->  93)
   33    7.416   167.2     0.0311    30.8531     0.44(  79->  91)  0.08(  82->  91)  0.05(  79->  90)
   34    7.454   166.3     0.0220     0.8456     0.19(  84->  96)  0.10(  84-> 100)  0.06(  84->  93)
   35    7.476   165.8     0.0121     2.7556     0.19(  84->  90)  0.13(  83->  90)  0.06(  84->  97)
   36    7.520   164.9     0.1319    21.0191     0.48(  82->  95)  0.16(  81->  95)  0.04(  78->  85)
   37    7.564   163.9     0.0275    11.9820     0.17(  84-> 100)  0.05(  82->  97)  0.05(  84->  90)
   38    7.654   162.0     0.0304   -13.8413     0.11(  82->  93)  0.07(  84->  98)  0.07(  84->  99)
   39    7.691   161.2     0.0505    13.3320     0.13(  82->  92)  0.08(  84-> 101)  0.08(  77->  86)
   40    7.730   160.4     0.0267     8.3075     0.08(  83->  96)  0.07(  84-> 101)  0.05(  81->  93)
   41    7.763   159.7     0.0292     3.2216     0.25(  77->  86)  0.07(  81->  93)  0.06(  82-> 101)
   42    7.777   159.4     0.0072   -16.3245     0.23(  75->  85)  0.11(  69->  85)  0.10(  65->  85)
   43    7.792   159.1     0.0031    -2.1073     0.25(  77->  86)  0.08(  84-> 101)  0.06(  81->  92)
   44    7.851   157.9     0.0067    -1.4967     0.10(  84->  98)  0.05(  82-> 100)  0.04(  81->  93)
   45    7.890   157.1     0.0000     0.6373     0.25(  80->  87)  0.13(  80->  89)  0.12(  80->  86)
   46    7.937   156.2     0.0151   -12.9557     0.17(  80->  87)  0.13(  78->  87)  0.05(  83->  90)
   47    7.954   155.9     0.0037    -5.8281     0.18(  78->  87)  0.09(  83->  90)  0.07(  76->  85)
   48    7.975   155.5     0.0050    17.0809     0.09(  84-> 101)  0.05(  83->  94)  0.04(  76->  85)
   49    7.999   155.0     0.0091     4.0275     0.23(  76->  85)  0.11(  79->  87)  0.05(  72->  85)
   50    8.013   154.7     0.0040    -3.7412     0.07(  84-> 106)  0.07(  84-> 104)  0.07(  82->  96)
   51    8.046   154.1     0.0159   -10.2286     0.12(  84-> 106)  0.06(  84-> 101)  0.05(  84-> 103)
   52    8.092   153.2     0.0170   -13.6678     0.10(  83->  93)  0.09(  83->  92)  0.09(  84->  90)
   53    8.161   151.9     0.0015    -0.0102     0.07(  80->  94)  0.06(  82-> 100)  0.05(  80->  93)
   54    8.167   151.8     0.0118     1.8176     0.06(  84->  99)  0.06(  83->  92)  0.05(  84-> 109)
   55    8.186   151.5     0.0042     5.3620     0.29(  79->  87)  0.09(  76->  85)  0.07(  79->  89)
   56    8.190   151.4     0.0156    -9.3560     0.04(  81->  93)  0.04(  83-> 104)  0.04(  82->  96)
   57    8.223   150.8     0.0153     6.9837     0.08(  81->  90)  0.06(  84-> 104)  0.04(  82->  90)
   58    8.283   149.7     0.0120   -12.3706     0.33(  80->  90)  0.06(  80->  88)  0.06(  80->  94)
   59    8.314   149.1     0.0560    -4.8521     0.26(  77->  87)  0.06(  77->  89)  0.05(  81->  96)
   60    8.346   148.6     0.0094    14.0892     0.15(  80->  85)  0.13(  77->  87)  0.06(  81->  96)
   61    8.367   148.2     0.0072    10.0246     0.29(  80->  85)  0.05(  82->  98)  0.05(  72->  85)
   62    8.375   148.0     0.0048     1.6254     0.16(  80->  85)  0.09(  77->  87)  0.06(  82->  98)
   63    8.397   147.6     0.0031     0.8013     0.10(  82->  90)  0.09(  80->  90)  0.08(  81->  90)
   64    8.442   146.9     0.0193     8.6154     0.09(  75->  85)  0.07(  83->  95)  0.06(  81->  95)
   65    8.468   146.4     0.0005     3.6289     0.06(  84-> 104)  0.06(  83-> 100)  0.05(  84-> 107)
   66    8.491   146.0     0.0130   -10.0597     0.24(  75->  85)  0.09(  80->  85)  0.03(  83-> 104)
   67    8.518   145.5     0.0256     2.4792     0.09(  84-> 103)  0.07(  75->  85)  0.05(  81->  95)
   68    8.547   145.1     0.0239   -15.6364     0.09(  71->  86)  0.06(  73->  86)  0.05(  83->  96)
   69    8.565   144.8     0.0296   -25.8903     0.16(  74->  86)  0.14(  68->  86)  0.09(  73->  86)
   70    8.569   144.7     0.0235   -10.9899     0.07(  71->  86)  0.06(  83->  91)  0.05(  84->  99)
   71    8.576   144.6     0.0147    14.8396     0.16(  72->  85)  0.16(  79->  95)  0.07(  68->  86)
   72    8.589   144.3     0.0618    10.3259     0.14(  71->  86)  0.06(  83->  91)  0.05(  73->  86)
   73    8.616   143.9     0.0127    -6.2798     0.07(  79->  95)  0.07(  83->  95)  0.06(  83->  96)
   74    8.645   143.4     0.0361    12.2076     0.06(  83->  99)  0.05(  82-> 103)  0.04(  83->  91)
   75    8.668   143.0     0.0216   -25.7737     0.18(  72->  85)  0.18(  69->  85)  0.11(  76->  85)
   76    8.709   142.4     0.0069    -4.5256     0.12(  84-> 108)  0.07(  83->  99)  0.05(  83->  98)
   77    8.747   141.8     0.0423   -14.8310     0.09(  60->  85)  0.07(  83->  92)  0.04(  84->  97)
   78    8.749   141.7     0.0276    26.4260     0.11(  60->  85)  0.09(  74->  86)  0.05(  82-> 101)
   79    8.767   141.4     0.0197     2.0364     0.17(  74->  86)  0.05(  83->  98)  0.05(  84-> 110)
   80    8.775   141.3     0.0920    11.8431     0.13(  60->  85)  0.06(  84-> 110)  0.06(  81->  95)
   81    8.798   140.9     0.0614    -2.3848     0.20(  60->  85)  0.04(  77->  85)  0.04(  83->  96)
   82    8.845   140.2     0.0232   -28.7148     0.14(  83->  95)  0.14(  81->  95)  0.05(  82->  92)
   83    8.863   139.9     0.0042    -1.3105     0.06(  82-> 106)  0.05(  82->  92)  0.05(  82->  96)
   84    8.870   139.8     0.0010    -8.5362     0.06(  81->  92)  0.06(  84-> 111)  0.06(  84-> 109)
   85    8.904   139.3     0.0118    22.7301     0.16(  71->  90)  0.07(  73->  90)  0.06(  71->  92)
   86    8.935   138.8     0.0156    33.8616     0.10(  83->  95)  0.06(  84-> 109)  0.05(  84->  97)
   87    8.954   138.5     0.0061    -3.2516     0.07(  83->  91)  0.07(  82-> 106)  0.05(  83->  96)
   88    8.968   138.3     0.0013    -0.8328     0.10(  83->  91)  0.08(  82->  94)  0.07(  81->  94)
   89    8.988   137.9     0.0076     5.7062     0.20(  73->  90)  0.05(  71->  90)  0.05(  73->  92)
   90    8.993   137.9     0.0055     2.5646     0.07(  77->  85)  0.06(  69->  87)  0.05(  76->  85)
   91    9.005   137.7     0.0029    -3.9519     0.08(  73->  90)  0.04(  71->  90)  0.04(  83->  96)
   92    9.007   137.6     0.0034     4.0033     0.05(  83->  98)  0.04(  75->  87)  0.04(  82-> 101)
   93    9.031   137.3     0.0064     6.4560     0.06(  84-> 112)  0.05(  84-> 107)  0.05(  81-> 106)
   94    9.044   137.1     0.0262     6.1537     0.10(  69->  85)  0.10(  77->  85)  0.03(  81->  91)
   95    9.051   137.0     0.0143    14.5789     0.06(  69->  85)  0.04(  77->  85)  0.04(  74->  90)
   96    9.066   136.8     0.0233   -15.3038     0.08(  68->  87)  0.05(  73->  87)  0.03(  74->  90)
   97    9.078   136.6     0.0045     9.0703     0.07(  81->  99)  0.05(  82->  99)  0.04(  83-> 101)
   98    9.085   136.5     0.0149     1.5797     0.05(  77->  85)  0.05(  68->  87)  0.03(  76->  87)
   99    9.101   136.2     0.0043     4.8703     0.13(  74->  90)  0.07(  71->  90)  0.06(  74->  92)
  100    9.116   136.0     0.0063    -6.4590     0.07(  67->  85)  0.04(  65->  85)  0.04(  76->  87)
  101    9.143   135.6     0.0056    -7.2212     0.06(  84-> 102)  0.05(  83->  97)  0.05(  83-> 100)
  102    9.149   135.5     0.0037    -1.1991     0.05(  76->  87)  0.04(  84-> 111)  0.04(  81->  91)
  103    9.167   135.3     0.0036    -5.9656     0.06(  82->  98)  0.05(  82->  90)  0.05(  83-> 103)
  104    9.193   134.9     0.0004     8.3849     0.14(  78->  86)  0.06(  78->  88)  0.04(  84-> 113)
  105    9.198   134.8     0.0082    -5.2603     0.11(  79->  96)  0.05(  78->  86)  0.04(  76->  96)
  106    9.223   134.4     0.0076    -0.1484     0.25(  78->  86)  0.06(  82->  96)  0.04(  79->  86)
  107    9.251   134.0     0.0092     8.2550     0.15(  80->  92)  0.08(  80->  88)  0.04(  80->  97)
  108    9.255   134.0     0.0102     3.5598     0.07(  80->  88)  0.04(  81->  98)  0.03(  78->  86)
  109    9.268   133.8     0.0040   -13.9071     0.11(  64->  85)  0.08(  68->  85)  0.07(  67->  85)
  110    9.275   133.7     0.0051   -13.2883     0.09(  80->  88)  0.05(  83-> 103)  0.05(  84-> 113)
  111    9.298   133.4     0.0054     1.8409     0.06(  77->  89)  0.05(  77->  88)  0.04(  79->  96)
  112    9.303   133.3     0.0025    -2.0302     0.07(  64->  85)  0.05(  84-> 113)  0.03(  77->  88)
  113    9.332   132.9     0.0096    -4.0155     0.08(  78->  88)  0.08(  78->  87)  0.06(  80->  89)
  114    9.343   132.7     0.0060    -0.9423     0.08(  65->  85)  0.06(  67->  85)  0.05(  78->  89)
  115    9.350   132.6     0.0031    28.4529     0.04(  83-> 102)  0.04(  82-> 108)  0.04(  70->  90)
  116    9.361   132.4     0.0052    13.1488     0.06(  65->  85)  0.06(  67->  85)  0.05(  78->  95)
  117    9.376   132.2     0.0030    -1.0347     0.11(  81->  98)  0.08(  84-> 114)  0.04(  83->  99)
  118    9.383   132.1     0.0006   -11.6697     0.04(  70->  90)  0.04(  80->  89)  0.03(  84-> 117)
  119    9.407   131.8     0.0096    -1.1334     0.07(  80->  87)  0.07(  80->  89)  0.04(  82-> 104)
  120    9.416   131.7     0.0028    -0.4406     0.06(  81->  96)  0.04(  81->  99)  0.03(  78->  95)
  121    9.433   131.4     0.0079     2.6170     0.07(  75->  87)  0.06(  76->  87)  0.03(  82-> 105)
  122    9.454   131.1     0.0007     1.0154     0.07(  67->  85)  0.04(  78->  88)  0.04(  65->  85)
  123    9.465   131.0     0.0037    -3.6116     0.05(  80->  90)  0.04(  80->  89)  0.04(  76->  87)
  124    9.479   130.8     0.0074    -2.1369     0.06(  78->  91)  0.04(  76->  87)  0.03(  82-> 108)
  125    9.488   130.7     0.0044    -0.9617     0.07(  79->  86)  0.04(  84-> 112)  0.04(  78->  95)
  126    9.507   130.4     0.0010     4.5075     0.08(  84-> 111)  0.06(  84-> 115)  0.05(  84-> 116)
  127    9.514   130.3     0.0081     4.7194     0.25(  79->  86)  0.04(  78->  91)  0.04(  76->  87)
  128    9.523   130.2     0.0072    -1.1828     0.25(  79->  86)  0.10(  78->  91)  0.03(  78->  86)
  129    9.537   130.0     0.0062    -1.7772     0.04(  80->  89)  0.04(  84-> 118)  0.03(  61->  86)
  130    9.546   129.9     0.0055     7.2006     0.06(  84-> 116)  0.05(  83-> 101)  0.03(  83->  98)
  131    9.553   129.8     0.0108     4.4960     0.11(  75->  87)  0.05(  72->  87)  0.03(  84-> 116)
  132    9.574   129.5     0.0067    -3.0296     0.04(  74->  87)  0.04(  70->  86)  0.04(  61->  86)
  133    9.583   129.4     0.0086     0.5320     0.16(  60->  91)  0.04(  65->  91)  0.03(  84-> 116)
  134    9.604   129.1     0.0048     8.6100     0.08(  60->  91)  0.06(  74->  87)  0.06(  83-> 101)
  135    9.607   129.1     0.0036    -3.5555     0.12(  78->  95)  0.06(  60->  91)  0.04(  83-> 102)
  136    9.632   128.7     0.0185     0.6551     0.09(  76->  86)  0.09(  71->  86)  0.08(  74->  87)
  137    9.638   128.6     0.0007     0.1574     0.06(  83-> 109)  0.05(  84-> 122)  0.04(  74->  87)
  138    9.642   128.6     0.0029    -0.4141     0.09(  82-> 103)  0.04(  84->  99)  0.03(  81->  94)
  139    9.655   128.4     0.0024    14.5762     0.06(  72->  96)  0.04(  82->  97)  0.03(  83-> 100)
  140    9.670   128.2     0.0031     6.6620     0.03(  81->  94)  0.03(  72->  96)  0.03(  81-> 102)
  141    9.688   128.0     0.0019     0.7507     0.05(  76->  86)  0.04(  83-> 103)  0.04(  84-> 126)
  142    9.697   127.9     0.0100   -20.0155     0.12(  80->  97)  0.10(  80->  96)  0.06(  80-> 102)
  143    9.707   127.7     0.0049     3.0830     0.07(  84-> 125)  0.06(  84-> 126)  0.04(  84-> 121)
  144    9.727   127.5     0.0030    -5.1437     0.11(  76->  86)  0.03(  76->  98)  0.03(  83-> 103)
  145    9.739   127.3     0.0047    -0.7103     0.06(  59->  85)  0.05(  76->  86)  0.03(  79->  88)
  146    9.744   127.2     0.0178     7.6254     0.05(  72->  87)  0.04(  76->  86)  0.03(  76->  98)
  147    9.756   127.1     0.0024    -1.9465     0.04(  84-> 125)  0.04(  79->  88)  0.04(  72->  87)
  148    9.775   126.8     0.0111    28.1806     0.05(  66->  90)  0.04(  77->  97)  0.03(  77->  90)
  149    9.780   126.8     0.0075   -10.9318     0.05(  76->  98)  0.05(  79->  88)  0.05(  76->  86)
  150    9.805   126.5     0.0487   -43.8000     0.04(  64->  88)  0.04(  60->  91)  0.04(  62->  88)
  151    9.809   126.4     0.0062     9.4190     0.10(  66->  90)  0.06(  74->  97)  0.06(  77->  94)
  152    9.834   126.1     0.0055     0.9933     0.04(  79->  89)  0.04(  59->  85)  0.03(  82-> 111)
  153    9.840   126.0     0.0011    -5.2336     0.03(  81-> 111)  0.03(  59->  85)  0.03(  82-> 111)
  154    9.845   125.9     0.0082     2.8022     0.06(  83-> 102)  0.05(  84-> 126)  0.03(  79->  89)
  155    9.857   125.8     0.0031    -5.6746     0.21(  75->  86)  0.06(  76->  86)  0.05(  84-> 126)
  156    9.867   125.7     0.0025    -5.4552     0.05(  72->  87)  0.04(  62->  85)  0.03(  84-> 122)
  157    9.871   125.6     0.0054    -0.7136     0.04(  81-> 110)  0.04(  75->  86)  0.03(  84-> 122)
  158    9.886   125.4     0.0014     1.9601     0.08(  75->  86)  0.04(  71->  87)  0.04(  77->  94)
  159    9.898   125.3     0.0062    11.8104     0.11(  62->  85)  0.03(  78->  93)  0.03(  73->  85)
  160    9.904   125.2     0.0085    -4.1135     0.06(  84-> 105)  0.05(  84-> 104)  0.05(  84-> 113)
  161    9.909   125.1     0.0068     7.0078     0.05(  71->  87)  0.02(  82->  98)  0.02(  77->  90)
  162    9.928   124.9     0.0090   -21.7223     0.05(  74->  97)  0.03(  82-> 109)  0.03(  82->  97)
  163    9.934   124.8     0.0231    -2.1183     0.04(  62->  85)  0.04(  84-> 122)  0.04(  73->  85)
  164    9.948   124.6     0.0257   -14.7822     0.08(  80->  97)  0.04(  80->  96)  0.03(  72->  87)
  165    9.950   124.6     0.0013    -6.1577     0.07(  69->  87)  0.03(  62->  85)  0.03(  71->  85)
  166    9.956   124.5     0.0060    10.8603     0.04(  79->  88)  0.03(  83-> 106)  0.02(  84-> 125)
  167    9.960   124.5     0.0061    -5.8313     0.05(  79->  88)  0.03(  69->  87)  0.03(  74->  97)
  168    9.978   124.3     0.0163   -16.2256     0.11(  71->  85)  0.07(  74->  85)  0.04(  79->  88)
  169    9.981   124.2     0.0016    -4.2109     0.20(  71->  85)  0.14(  74->  85)  0.07(  73->  85)
  170    9.989   124.1     0.0021     1.0477     0.06(  58->  86)  0.03(  68->  86)  0.03(  61->  86)
  171    9.999   124.0     0.0030    12.7375     0.04(  79-> 106)  0.03(  78->  91)  0.03(  78->  88)

  alpha tensor

           1         2         3
 
    1 111.22954
    2  34.26380  92.76293
    3  28.18572  -6.41515  68.99462
 trace alpha_L[0] / au:   90.9956964935067     
 sum rule f_L           5.05282869920440     
 
 SOS specific optical rotation 
 including Lorentz factor for common solvent (n=1.4)
 lambda [eV] alpha[grad*cm^3*g^-1*dm^-1]
 632.8  1.96     -288.25
 589.3  2.10     -347.99        0.00 ##
 579.0  2.14     -365.14
 546.0  2.27     -430.73
 436.0  2.84     -910.90
 365.0  3.40    -2316.83
 
 sTD-DFT done.
Mon 21 Mar 13:49:23 GMT 2022
