Mon 21 Mar 13:55:30 GMT 2022


                 *********************************************
                 *                                           *
                 *               s  T  D  A                  *
                 *                                           *
                 *                S. Grimme                  *
                 * Mulliken Center for Theoretical Chemistry *
                 *             Universitaet Bonn             *
                 *              Version 1.6.2                *
                 *       Tue Sep 10 14:44:30 CET 2020        *
                 *********************************************
 
 Please cite as:
 S. Grimme, J. Chem. Phys. 138 (2013) 244104
 
 With contributions from:
 C. Bannwarth, P. Shushkov, M. de Wergifosse
 
======================================================================
 
 reading an xTB output...
 
 reading: wfn.xtb
======================================================================
                    M O / A O    I N P U T 
======================================================================
atom  #          x             y             z            charge
  F   1      1.11758393   -3.71539019   -3.57725122         9.00
  B   2      0.33901684   -2.91414639   -1.21755043         5.00
  F   3      2.07397423   -3.66323375    0.59639751         9.00
  N   4     -2.26842703   -4.05932031   -0.58864963         7.00
  C   5     -2.89789474   -6.51577507   -0.48452573         6.00
  CL  6     -0.79198415   -8.84127183   -1.06712824        17.00
  C   7     -5.44052101   -6.79318684    0.15250088         6.00
  C   8     -6.39539953   -4.37698324    0.45069964         6.00
  C   9     -4.40079379   -2.69172564   -0.00793685         6.00
  C  10     -4.33238571   -0.04119603    0.01511781         6.00
  C  11     -6.65504788    1.37401974    0.64401860         6.00
  C  12     -8.01640645    2.65393112   -1.21207022         6.00
  CL 13     -6.95286869    2.56511400   -4.29364633        17.00
  C  14    -10.20981136    3.96181045   -0.63419203         6.00
  C  15    -11.06755797    4.00357340    1.83605773         6.00
  C  16     -9.75419843    2.75295276    3.72030348         6.00
  C  17     -7.56627373    1.44828597    3.11426836         6.00
  CL 18     -5.89462215   -0.08881712    5.45299320        17.00
  C  19     -2.13935875    1.23474694   -0.56351628         6.00
  C  20     -1.72040650    3.88508758   -0.65535696         6.00
  C  21      0.72678860    4.24073400   -1.35682323         6.00
  C  22      1.84172691    1.79675143   -1.68639144         6.00
  N  23      4.23317510    1.54352816   -2.44870689         7.00
  C  24      5.87251236   -0.64307374   -2.65298626         6.00
  C  25      8.07196439   -0.32333211   -0.86984085         6.00
  C  26     10.29881745    0.80464531   -1.67826562         6.00
  C  27     12.28000614    1.16785064   -0.00907068         6.00
  C  28     12.04171169    0.41895224    2.48593449         6.00
  C  29      9.82147268   -0.69919860    3.30513069         6.00
  C  30      7.84198474   -1.06693927    1.63706959         6.00
  N  31      0.10544671    0.01303911   -1.19298399         7.00
  H  32     -6.41486371   -8.55460040    0.35696923         1.00
  H  33     -8.29192849   -3.85504094    0.93805996         1.00
  H  34    -11.22591700    4.92746041   -2.11214669         1.00
  H  35    -12.77398050    5.01911212    2.29601703         1.00
  H  36    -10.40861053    2.78148762    5.64895778         1.00
  H  37     -3.11861473    5.29217752   -0.24056211         1.00
  H  38      1.70717842    5.99421071   -1.62686507         1.00
  H  39      5.15177088    3.20365240   -2.67415119         1.00
  H  40      6.53920767   -0.76892949   -4.60885262         1.00
  H  41      4.83543076   -2.34911833   -2.20342046         1.00
  H  42     10.49327025    1.38252350   -3.62884074         1.00
  H  43     14.01080613    2.03428998   -0.65743566         1.00
  H  44     13.58750752    0.70184422    3.78814464         1.00
  H  45      9.63420083   -1.29087180    5.24890280         1.00
  H  46      6.11383036   -1.95000821    2.26181299         1.00

 # atoms          =   46
 # mos            =  222
 # primitive  aos = 1709
 # contracted aos =  323

 spherical AO basis
======================================================================
                    A O   I N T E G R A L S
======================================================================
 memory needed for AO int data:   3 Mb
 done.
  
Restricted MOs found... RKS-sTD-DFT will be performed
  
======================================================================
                    s T D A
======================================================================
 spectral range up to (eV)     :    10.0000000000000     
 occ MO cut-off (eV)           :   -36.3768402991124     
 virtMO cut-off (eV)           :    14.1166215119650     
 perturbation thr              :   1.000000000000000E-004
 triplet                       :  F
 MOs in TDA :          177
 oMOs in TDA:           78
 vMOs in TDA:           99
 sorting MOs ...
 reading and transforming R..V..L AO ints ...
 ints done.
 S^1/2 ...
 S^1/2 orthogonalized MO coefficients done.

 SCF atom population (using active MOs):
  7.010  2.759  6.999  5.208  3.999  6.916  4.072  4.021  4.013  4.020
  4.096  4.021  6.908  4.000  3.970  3.999  4.022  6.906  4.001  3.985
  4.049  3.797  5.039  3.880  4.084  3.972  4.003  3.992  3.996  3.939
  5.234  0.990  0.996  1.000  0.990  1.000  0.987  0.969  0.965  1.021
  1.150  1.000  0.993  0.997  0.991  1.044
 
 # electrons in TDA: 156.000
 
 
 ax(DF)   :   0.500000000000000     
 s^K      :    2.00000000000000     
 beta  (J):    4.00000000000000     
 alpha (K):    2.00000000000000     
 
 hardness table read.
 setting up gammas ...
 memory needed for q data (Mb)                      4
 computing q(ij,n) ...
 
         207 CSF included by energy.
 
        7515 considered in PT2.
 ordered frontier orbitals
         eV     # centers
  68   -18.569     1.9
  69   -18.326     2.0
  70   -18.018    11.0
  71   -16.644     4.9
  72   -16.527     9.3
  73   -16.327     5.5
  74   -16.201     4.4
  75   -16.170     6.2
  76   -15.960     4.0
  77   -15.889    11.9
  78   -13.883     9.5
 
  79    -8.377     8.0
  80    -6.337     4.7
  81    -6.268     4.5
  82    -5.940     5.2
  83    -5.806     4.7
  84    -5.768    17.4
  85    -5.282    20.2
  86    -5.066    22.3
  87    -4.854    18.9
  88    -4.746    25.2
  89    -4.564    18.7
 
             lowest CSF states
       eV     nm      excitation i->a               eV
    1  3.53   351.7       78 ->  79     gap,J,K:   5.506   4.076   1.048   Kshft:   0.000  locality: 0.985
    2  4.21   294.6       76 ->  79     gap,J,K:   7.583   3.906   0.261   Kshft:   0.011  locality: 0.837
    3  4.75   260.9       77 ->  79     gap,J,K:   7.512   3.718   0.478   Kshft:   0.001  locality: 0.960
    4  4.78   259.2       72 ->  79     gap,J,K:   8.150   3.755   0.132   Kshft:   0.123  locality: 0.915
    5  4.85   255.6       71 ->  79     gap,J,K:   8.267   4.223   0.403   Kshft:   0.002  locality: 0.953
    6  5.08   244.3       78 ->  80     gap,J,K:   7.546   3.001   0.015   Kshft:   0.500  locality: 0.664
    7  5.25   235.9       73 ->  79     gap,J,K:   7.950   3.229   0.017   Kshft:   0.500  locality: 0.713
    8  5.28   234.8       78 ->  81     gap,J,K:   7.616   2.839   0.002   Kshft:   0.500  locality: 0.620
    9  5.56   222.9       78 ->  84     gap,J,K:   8.115   3.053   0.000   Kshft:   0.500  locality: 0.782
   10  5.78   214.4       75 ->  79     gap,J,K:   7.793   2.560   0.067   Kshft:   0.416  locality: 0.604
   11  5.96   208.0       78 ->  82     gap,J,K:   7.943   2.512   0.015   Kshft:   0.500  locality: 0.561
   12  6.05   204.9       78 ->  85     gap,J,K:   8.601   3.054   0.001   Kshft:   0.500  locality: 0.787
   13  6.06   204.5       78 ->  86     gap,J,K:   8.817   3.278   0.012   Kshft:   0.500  locality: 0.939
   14  6.09   203.5       74 ->  79     gap,J,K:   7.825   2.249   0.009   Kshft:   0.500  locality: 0.487
   15  6.22   199.4       78 ->  89     gap,J,K:   9.319   3.542   0.208   Kshft:   0.026  locality: 0.946
   16  6.22   199.3       78 ->  83     gap,J,K:   8.077   2.367   0.005   Kshft:   0.500  locality: 0.520
   17  6.27   197.8       73 ->  80     gap,J,K:   9.990   4.945   0.611   Kshft:   0.000  locality: 1.001
   18  6.30   196.9       78 ->  87     gap,J,K:   9.030   3.285   0.027   Kshft:   0.497  locality: 0.923
   19  6.35   195.1       78 ->  90     gap,J,K:   9.454   3.798   0.347   Kshft:   0.003  locality: 0.988
   20  6.58   188.4       70 ->  79     gap,J,K:   9.641   3.767   0.352   Kshft:   0.003  locality: 0.930
   21  6.67   186.0       74 ->  82     gap,J,K:  10.261   5.006   0.706   Kshft:   0.000  locality: 1.002
   22  6.67   185.7       78 ->  88     gap,J,K:   9.137   2.968   0.003   Kshft:   0.500  locality: 0.849
   23  6.87   180.5       72 ->  81     gap,J,K:  10.259   4.214   0.410   Kshft:   0.002  locality: 0.928
   24  6.87   180.5       73 ->  81     gap,J,K:  10.060   5.002   0.906   Kshft:   0.000  locality: 0.999
   25  6.89   180.0       78 ->  91     gap,J,K:   9.621   3.269   0.018   Kshft:   0.499  locality: 0.919
 
 selecting CSF ...
 average/max PT2 energy lowering (eV):     0.029     0.314
        1431 CSF included by PT.
        1638 CSF in total.
 sTD-DFT procedure...
 setting up A+B and A-B matrices
  calculating (A-B)^0.5 ...
 estimated time (min)     0.18
  calculating (A+B)*(A-B)^0.5 ...
 calculate eigenvalues of (A-B)^0.5*(A+B)*(A-B)^0.5 ...
  rpa vectors ok
  222 roots found, lowest/highest eigenvalue :    2.515   9.997   0
 writing spectral data to tda.dat ...
 
 excitation energies, transition moments and TDA amplitudes
 state    eV      nm       fL         Rv
    1    2.515   493.0     0.6983   -70.3934     0.98(  78->  79)  0.00(  71->  79)  0.00(  77->  90)
    2    3.843   322.6     0.0611    15.6054     0.50(  77->  79)  0.27(  71->  79)  0.12(  76->  79)
    3    3.930   315.5     0.0176     1.3743     0.84(  76->  79)  0.07(  71->  79)  0.03(  77->  79)
    4    4.438   279.4     0.2888   -29.2905     0.47(  72->  79)  0.31(  77->  79)  0.14(  71->  79)
    5    4.793   258.7     0.1270    31.2806     0.45(  71->  79)  0.37(  72->  79)  0.08(  77->  79)
    6    4.872   254.5     0.0062    -1.0646     0.44(  73->  80)  0.22(  72->  81)  0.18(  73->  79)
    7    4.919   252.0     0.0121    -3.8052     0.93(  78->  80)  0.01(  70->  80)  0.01(  73->  80)
    8    4.977   249.1     0.0011    -0.3288     0.40(  74->  82)  0.29(  75->  83)  0.11(  75->  82)
    9    5.057   245.2     0.0023    -1.3549     0.54(  78->  84)  0.16(  78->  85)  0.08(  78->  88)
   10    5.212   237.9     0.0014     2.1129     0.89(  78->  81)  0.08(  73->  79)  0.01(  70->  81)
   11    5.277   234.9     0.0006    -0.3981     0.72(  73->  79)  0.13(  73->  80)  0.06(  78->  81)
   12    5.304   233.7     0.0006    -2.9789     0.27(  78->  86)  0.26(  78->  85)  0.10(  78->  84)
   13    5.599   221.4     0.0008    -3.1975     0.20(  78->  86)  0.17(  78->  87)  0.15(  78->  89)
   14    5.642   219.8     0.2284    58.1733     0.38(  78->  89)  0.23(  78->  82)  0.07(  78->  87)
   15    5.705   217.3     0.0105    -4.0629     0.85(  75->  79)  0.03(  77->  79)  0.02(  74->  79)
   16    5.786   214.3     0.0308   -20.3615     0.66(  78->  90)  0.09(  78->  82)  0.05(  78->  89)
   17    5.858   211.6     0.0043     6.8800     0.27(  78->  82)  0.22(  78->  85)  0.13(  78->  86)
   18    5.956   208.2     0.0471    -1.4989     0.65(  73->  81)  0.19(  72->  80)  0.08(  77->  80)
   19    6.058   204.7     0.0026    -2.0060     0.84(  74->  79)  0.05(  75->  82)  0.04(  75->  79)
   20    6.066   204.4     0.0027    -2.7463     0.81(  78->  83)  0.04(  77->  83)  0.03(  78->  85)
   21    6.105   203.1     0.0141   -20.6849     0.30(  70->  79)  0.10(  78->  87)  0.10(  78->  93)
   22    6.132   202.2     0.0152    28.9839     0.18(  70->  79)  0.17(  78->  87)  0.07(  75->  82)
   23    6.160   201.3     0.0073     8.5905     0.33(  70->  79)  0.20(  74->  83)  0.16(  75->  82)
   24    6.323   196.1     0.0548    74.4440     0.29(  78->  88)  0.28(  78->  94)  0.06(  78->  92)
   25    6.414   193.3     0.0114   -27.6972     0.50(  78->  91)  0.07(  76->  86)  0.06(  76->  87)
   26    6.472   191.6     0.0622   -23.7759     0.44(  77->  80)  0.20(  73->  84)  0.04(  75->  80)
   27    6.474   191.5     0.0294    -8.0626     0.53(  73->  84)  0.21(  77->  80)  0.03(  73->  85)
   28    6.481   191.3     0.0033     0.3440     0.20(  76->  86)  0.17(  76->  87)  0.12(  78->  91)
   29    6.589   188.2     0.0006   -10.2340     0.40(  72->  84)  0.20(  77->  84)  0.09(  71->  84)
   30    6.630   187.0     0.0067   -53.6246     0.29(  78->  98)  0.12(  78->  93)  0.07(  78->  94)
   31    6.680   185.6     0.1657   110.5349     0.32(  78->  97)  0.10(  75->  85)  0.04(  69->  79)
   32    6.701   185.0     0.0195    44.7901     0.31(  69->  79)  0.28(  64->  79)  0.09(  63->  79)
   33    6.711   184.7     0.1181    -0.8452     0.22(  78->  97)  0.20(  75->  85)  0.06(  75->  88)
   34    6.752   183.6     0.0393   -43.5198     0.43(  74->  85)  0.14(  74->  88)  0.11(  74->  86)
   35    6.813   182.0     0.5602   -66.9229     0.21(  72->  80)  0.16(  73->  80)  0.14(  72->  81)
   36    6.838   181.3     0.4325    63.4276     0.23(  72->  80)  0.16(  73->  80)  0.13(  72->  81)
   37    6.889   180.0     0.0111     2.8074     0.10(  71->  84)  0.10(  78->  93)  0.09(  71->  85)
   38    6.932   178.9     0.1833    59.4871     0.22(  76->  80)  0.09(  77->  81)  0.09(  78->  88)
   39    6.938   178.7     0.0290    26.2610     0.31(  77->  81)  0.22(  76->  80)  0.17(  72->  81)
   40    6.950   178.4     0.1301   -54.0516     0.20(  76->  80)  0.15(  78->  96)  0.07(  77->  81)
   41    6.954   178.3     0.0040    16.6748     0.22(  78->  93)  0.12(  78->  94)  0.10(  78->  92)
   42    7.010   176.9     0.1400    -0.0802     0.33(  78->  96)  0.16(  76->  80)  0.06(  76->  90)
   43    7.080   175.1     0.4569   -84.4797     0.20(  74->  83)  0.17(  75->  82)  0.16(  78->  98)
   44    7.120   174.1     0.5659    19.7158     0.37(  75->  83)  0.33(  74->  82)  0.04(  74->  85)
   45    7.181   172.7     0.0294    40.6888     0.34(  67->  79)  0.29(  71->  80)  0.08(  68->  79)
   46    7.197   172.3     0.1534   -67.4902     0.22(  67->  79)  0.10(  76->  90)  0.06(  71->  80)
   47    7.206   172.0     0.0524    11.3791     0.39(  71->  80)  0.18(  68->  79)  0.07(  76->  81)
   48    7.246   171.1     0.0206     4.6032     0.40(  68->  79)  0.28(  67->  79)  0.18(  76->  81)
   49    7.256   170.9     0.0367    -3.0400     0.57(  76->  81)  0.09(  77->  81)  0.06(  68->  79)
   50    7.288   170.1     0.1116    91.3226     0.12(  78->  95)  0.08(  78->  92)  0.06(  73->  86)
   51    7.300   169.9     0.0267  -176.1330     0.22(  73->  86)  0.13(  73->  88)  0.13(  73->  87)
   52    7.329   169.2     0.0033    -0.1629     0.46(  69->  79)  0.19(  64->  79)  0.08(  63->  79)
   53    7.353   168.6     0.0089     7.7893     0.15(  77->  84)  0.06(  78->  99)  0.06(  78->  85)
   54    7.429   166.9     0.0254    -2.2535     0.20(  77->  82)  0.11(  78->  92)  0.06(  78->  95)
   55    7.490   165.5     0.0039   -18.4797     0.16(  72->  86)  0.09(  77->  86)  0.09(  72->  87)
   56    7.545   164.3     0.0044    24.2568     0.18(  77->  82)  0.12(  77->  84)  0.09(  76->  84)
   57    7.550   164.2     0.0176     6.3192     0.77(  65->  79)  0.04(  60->  79)  0.02(  66->  79)
   58    7.553   164.2     0.0039    -4.3354     0.64(  60->  79)  0.12(  61->  79)  0.07(  68->  79)
   59    7.568   163.8     0.0015    -1.6679     0.24(  76->  84)  0.10(  76->  87)  0.09(  77->  84)
   60    7.573   163.7     0.0301   -14.9415     0.12(  75->  89)  0.07(  75->  92)  0.07(  77->  90)
   61    7.615   162.8     0.0699    35.1998     0.30(  71->  81)  0.10(  63->  79)  0.09(  71->  89)
   62    7.635   162.4     0.0091    -1.1084     0.49(  71->  81)  0.14(  63->  79)  0.06(  72->  81)
   63    7.675   161.6     0.0007    40.3428     0.24(  77->  90)  0.19(  77->  89)  0.05(  71->  81)
   64    7.707   160.9     0.0352     5.8320     0.14(  63->  79)  0.07(  71->  89)  0.07(  74->  95)
   65    7.722   160.6     0.1000   -20.4768     0.09(  63->  79)  0.07(  74->  95)  0.06(  71->  89)
   66    7.792   159.1     0.0080   -20.9382     0.08(  77->  85)  0.07(  77->  82)  0.07(  72->  85)
   67    7.801   158.9     0.0156     7.4279     0.19(  78-> 102)  0.12(  78-> 105)  0.08(  78-> 100)
   68    7.887   157.2     0.0062   -11.7887     0.40(  77->  83)  0.08(  70->  83)  0.06(  78->  83)
   69    7.906   156.8     0.0032    -5.2041     0.11(  78-> 105)  0.06(  77->  91)  0.06(  56->  79)
   70    7.918   156.6     0.0014    -6.2302     0.51(  56->  79)  0.14(  54->  79)  0.06(  52->  79)
   71    7.937   156.2     0.0047     1.7391     0.07(  77->  86)  0.05(  78-> 106)  0.05(  77->  85)
   72    7.944   156.1     0.0076     4.1228     0.06(  75->  95)  0.06(  76->  97)  0.05(  78-> 105)
   73    7.970   155.6     0.0016     7.7882     0.33(  65->  81)  0.18(  73->  91)  0.09(  73->  88)
   74    7.977   155.4     0.0195   -47.9758     0.10(  78->  99)  0.09(  78-> 107)  0.05(  75->  95)
   75    7.997   155.0     0.0021    11.7804     0.11(  78-> 107)  0.06(  77->  88)  0.05(  78-> 100)
   76    8.057   153.9     0.0089    64.5559     0.11(  75->  95)  0.05(  77->  87)  0.04(  75->  91)
   77    8.079   153.5     0.0081    -5.1408     0.27(  74->  95)  0.09(  74->  92)  0.08(  74->  91)
   78    8.084   153.4     0.0008    -4.0063     0.73(  58->  79)  0.07(  66->  79)  0.04(  74->  95)
   79    8.102   153.0     0.0035     8.2090     0.30(  66->  79)  0.17(  58->  79)  0.16(  57->  79)
   80    8.114   152.8     0.0055     9.3184     0.09(  72->  88)  0.05(  72->  84)  0.05(  77->  87)
   81    8.118   152.7     0.0002    -2.4213     0.13(  73->  88)  0.13(  73->  93)  0.11(  73->  87)
   82    8.127   152.6     0.0016    -6.7163     0.17(  76->  84)  0.11(  76->  91)  0.09(  76->  96)
   83    8.157   152.0     0.0238   -11.7142     0.11(  65->  80)  0.05(  72->  87)  0.04(  78-> 105)
   84    8.181   151.6     0.0222   -17.2407     0.09(  65->  80)  0.07(  75->  91)  0.06(  75->  88)
   85    8.192   151.3     0.0284     5.3545     0.37(  65->  80)  0.04(  75->  88)  0.04(  75->  91)
   86    8.209   151.0     0.0081    -6.2954     0.21(  65->  80)  0.06(  77->  86)  0.03(  70->  85)
   87    8.215   150.9     0.0027     5.5987     0.29(  65->  81)  0.20(  68->  81)  0.10(  73->  91)
   88    8.246   150.4     0.0032    14.7132     0.36(  68->  81)  0.12(  66->  82)  0.08(  65->  81)
   89    8.251   150.3     0.0058   -16.2651     0.41(  55->  79)  0.11(  68->  81)  0.10(  66->  82)
   90    8.260   150.1     0.0288    -1.5973     0.22(  66->  82)  0.08(  57->  79)  0.04(  78->  95)
   91    8.265   150.0     0.0124    -0.7614     0.33(  55->  79)  0.16(  57->  79)  0.07(  66->  82)
   92    8.285   149.6     0.0037     1.5873     0.33(  68->  80)  0.25(  67->  81)  0.21(  67->  80)
   93    8.317   149.1     0.1879    -4.9259     0.11(  76->  97)  0.07(  59->  79)  0.05(  76->  98)
   94    8.329   148.9     0.0220    -1.0736     0.83(  59->  79)  0.02(  66->  82)  0.01(  65->  81)
   95    8.342   148.6     0.0020    -2.2088     0.83(  66->  83)  0.06(  64->  83)  0.02(  65->  83)
   96    8.347   148.5     0.0044     0.0910     0.11(  78-> 104)  0.05(  78->  95)  0.04(  77->  86)
   97    8.363   148.2     0.0041    -5.9430     0.24(  74->  91)  0.18(  74->  88)  0.07(  74-> 103)
   98    8.406   147.5     0.0116     7.7435     0.19(  67->  81)  0.13(  66->  79)  0.10(  57->  79)
   99    8.428   147.1     0.0477    19.3935     0.08(  62->  79)  0.07(  62->  82)  0.06(  76->  97)
  100    8.445   146.8     0.0106   -15.0664     0.30(  67->  81)  0.16(  68->  80)  0.12(  68->  81)
  101    8.472   146.4     0.0314    -5.9807     0.10(  66->  79)  0.09(  66->  82)  0.08(  62->  82)
  102    8.512   145.7     0.0004     1.0846     0.59(  67->  80)  0.14(  68->  80)  0.07(  67->  81)
  103    8.536   145.3     0.0369    -8.7112     0.13(  78-> 100)  0.06(  62->  79)  0.05(  78-> 107)
  104    8.544   145.1     0.0184    -5.4267     0.11(  77->  89)  0.10(  71->  90)  0.10(  77->  97)
  105    8.574   144.6     0.0064   -13.5428     0.11(  71->  82)  0.07(  62->  79)  0.06(  78-> 100)
  106    8.595   144.3     0.0181     1.1788     0.12(  76->  82)  0.07(  78-> 106)  0.03(  78-> 102)
  107    8.606   144.1     0.0223     6.3275     0.43(  76->  82)  0.04(  76->  96)  0.03(  76->  85)
  108    8.607   144.0     0.0150    -6.7239     0.09(  75->  80)  0.08(  78-> 102)  0.06(  78-> 106)
  109    8.615   143.9     0.0005     1.4005     0.21(  62->  83)  0.15(  61->  83)  0.08(  70->  83)
  110    8.629   143.7     0.0045    -2.1898     0.16(  75->  80)  0.13(  71->  82)  0.05(  50->  79)
  111    8.647   143.4     0.0050    -2.0100     0.10(  75->  80)  0.06(  78-> 103)  0.06(  77->  96)
  112    8.651   143.3     0.0068     0.9215     0.14(  75->  80)  0.09(  78-> 104)  0.09(  78-> 100)
  113    8.668   143.0     0.0052    24.0930     0.21(  75->  80)  0.11(  75-> 101)  0.09(  78-> 101)
  114    8.690   142.7     0.0016    -2.0228     0.05(  50->  79)  0.05(  76->  82)  0.05(  72->  90)
  115    8.708   142.4     0.0048    -5.7101     0.10(  73->  97)  0.07(  76->  88)  0.05(  76->  82)
  116    8.715   142.3     0.0023    -8.2816     0.21(  73->  97)  0.10(  73->  98)  0.08(  73->  96)
  117    8.735   141.9     0.0046     2.0184     0.09(  78-> 107)  0.06(  77->  88)  0.05(  71->  84)
  118    8.745   141.8     0.0258    21.3831     0.14(  62->  79)  0.09(  71->  82)  0.06(  72->  90)
  119    8.775   141.3     0.0112    15.4760     0.13(  77->  91)  0.09(  72->  91)  0.08(  71->  84)
  120    8.810   140.7     0.0043    -1.9301     0.13(  76->  85)  0.13(  74-> 101)  0.04(  76->  82)
  121    8.813   140.7     0.0081     4.8008     0.34(  74-> 101)  0.06(  76->  85)  0.06(  74->  80)
  122    8.826   140.5     0.0145    13.6089     0.12(  73->  96)  0.11(  73->  90)  0.10(  73->  89)
  123    8.828   140.4     0.0231     6.4555     0.09(  78-> 101)  0.08(  76->  83)  0.05(  73->  96)
  124    8.839   140.3     0.0070     0.2050     0.62(  76->  83)  0.03(  76->  87)  0.03(  76->  82)
  125    8.851   140.1     0.0019    -1.4779     0.81(  75->  81)  0.10(  77->  81)  0.02(  76->  81)
  126    8.855   140.0     0.0542   -25.2778     0.16(  78-> 101)  0.07(  71->  90)  0.07(  71->  98)
  127    8.874   139.7     0.0333   -16.4108     0.08(  67->  84)  0.06(  54->  79)  0.05(  71->  92)
  128    8.890   139.5     0.0052   -18.9535     0.17(  68->  84)  0.08(  67->  84)  0.05(  74->  80)
  129    8.894   139.4     0.0025    -1.7076     0.11(  74->  80)  0.07(  76->  88)  0.06(  71->  83)
  130    8.897   139.4     0.0007     4.3094     0.71(  74->  80)  0.05(  74-> 101)  0.03(  68->  84)
  131    8.907   139.2     0.0076   -14.6894     0.10(  68->  84)  0.08(  78-> 108)  0.04(  77->  98)
  132    8.914   139.1     0.0060     5.4498     0.19(  71->  83)  0.14(  61->  82)  0.13(  52->  79)
  133    8.918   139.0     0.0009     1.8356     0.28(  52->  79)  0.13(  71->  83)  0.07(  50->  79)
  134    8.926   138.9     0.0064     4.4183     0.18(  67->  84)  0.14(  71->  83)  0.11(  68->  84)
  135    8.929   138.9     0.0185    19.3571     0.10(  61->  82)  0.10(  67->  84)  0.09(  71->  83)
  136    8.947   138.6     0.0116     1.6632     0.04(  78-> 108)  0.04(  72->  86)  0.03(  76->  87)
  137    8.974   138.2     0.0061     5.1601     0.15(  54->  79)  0.04(  54->  80)  0.04(  77->  93)
  138    8.988   138.0     0.0018     4.2301     0.11(  76->  85)  0.10(  54->  79)  0.04(  54->  80)
  139    8.996   137.8     0.0015    -0.7956     0.39(  61->  83)  0.16(  62->  83)  0.05(  74-> 112)
  140    9.004   137.7     0.0020     5.0595     0.09(  76->  85)  0.06(  76->  86)  0.05(  77->  97)
  141    9.008   137.6     0.0036    -1.4460     0.10(  61->  83)  0.08(  75-> 103)  0.06(  75->  84)
  142    9.013   137.6     0.0001     0.1289     0.96(  74->  81)  0.02(  75->  81)  0.00(  61->  83)
  143    9.016   137.5     0.0160    -3.2441     0.07(  73->  90)  0.06(  73->  86)  0.05(  73->  98)
  144    9.058   136.9     0.0008     7.1339     0.26(  78-> 110)  0.11(  78-> 106)  0.10(  78-> 105)
  145    9.074   136.6     0.0048     7.9346     0.14(  75->  84)  0.05(  75->  99)  0.04(  78-> 108)
  146    9.090   136.4     0.0120     5.2580     0.11(  51->  79)  0.07(  76->  89)  0.06(  76->  98)
  147    9.097   136.3     0.0089     0.3616     0.08(  76->  89)  0.04(  61->  79)  0.04(  76->  98)
  148    9.119   136.0     0.0009     3.6572     0.15(  51->  79)  0.08(  47->  79)  0.04(  45->  79)
  149    9.136   135.7     0.0010     1.2359     0.21(  74-> 103)  0.19(  74-> 102)  0.18(  74->  84)
  150    9.140   135.7     0.0161   -17.0738     0.18(  69->  87)  0.17(  69->  86)  0.17(  59->  81)
  151    9.150   135.5     0.0158     6.5484     0.26(  53->  79)  0.06(  73-> 100)  0.02(  71->  92)
  152    9.155   135.4     0.0027     2.6939     0.16(  73-> 100)  0.04(  69->  87)  0.04(  73->  85)
  153    9.170   135.2     0.0012    -4.0110     0.09(  75->  84)  0.06(  59->  81)  0.04(  75-> 103)
  154    9.180   135.1     0.0366   -16.5470     0.48(  59->  81)  0.03(  69->  86)  0.03(  73-> 100)
  155    9.204   134.7     0.0133     4.5194     0.04(  53->  79)  0.03(  71->  85)  0.03(  71->  91)
  156    9.210   134.6     0.0098    -3.4696     0.12(  61->  79)  0.05(  71->  91)  0.05(  65->  84)
  157    9.241   134.2     0.0051    -2.1894     0.12(  71->  91)  0.06(  72->  97)  0.05(  77->  97)
  158    9.254   134.0     0.0046    -0.0189     0.24(  50->  79)  0.20(  51->  79)  0.05(  65->  84)
  159    9.262   133.9     0.0012    -3.0070     0.09(  61->  79)  0.05(  45->  79)  0.05(  65->  84)
  160    9.270   133.8     0.0030    -1.8304     0.27(  74->  84)  0.07(  74->  99)  0.06(  74-> 103)
  161    9.282   133.6     0.0011     1.1462     0.43(  54->  81)  0.17(  56->  81)  0.06(  70->  81)
  162    9.288   133.5     0.0107     4.7981     0.14(  65->  84)  0.06(  54->  81)  0.04(  71->  91)
  163    9.299   133.3     0.0044    -5.4260     0.08(  65->  84)  0.06(  72->  82)  0.04(  72->  98)
  164    9.312   133.1     0.0033     0.3196     0.07(  65->  84)  0.07(  72->  87)  0.06(  73->  82)
  165    9.320   133.0     0.0029     7.3359     0.10(  76->  98)  0.07(  65->  84)  0.05(  46->  79)
  166    9.329   132.9     0.0130    -0.5630     0.22(  73->  82)  0.09(  73->  90)  0.08(  46->  79)
  167    9.340   132.7     0.0058    22.1467     0.06(  73->  82)  0.05(  46->  79)  0.05(  77->  94)
  168    9.349   132.6     0.0083     6.4156     0.07(  46->  79)  0.05(  66->  85)  0.04(  72->  87)
  169    9.355   132.5     0.0077    27.8963     0.24(  46->  79)  0.05(  78-> 109)  0.03(  75-> 100)
  170    9.364   132.4     0.0148     1.2171     0.18(  70->  80)  0.08(  54->  80)  0.07(  54->  79)
  171    9.386   132.1     0.0025    -2.4905     0.12(  71->  87)  0.08(  71->  86)  0.06(  70->  84)
  172    9.392   132.0     0.0152   -13.2639     0.07(  66->  85)  0.05(  70->  80)  0.04(  78-> 109)
  173    9.399   131.9     0.0154    23.1003     0.13(  66->  85)  0.03(  77->  98)  0.03(  66->  88)
  174    9.407   131.8     0.0071     2.3309     0.08(  74->  84)  0.06(  74-> 100)  0.05(  47->  79)
  175    9.409   131.8     0.0033    -8.2773     0.14(  47->  79)  0.11(  45->  79)  0.07(  57->  80)
  176    9.414   131.7     0.0082     1.7333     0.08(  72->  96)  0.07(  77->  96)  0.05(  66->  85)
  177    9.421   131.6     0.0054    -3.5399     0.24(  73->  82)  0.14(  73->  90)  0.07(  73->  96)
  178    9.441   131.3     0.0110    24.6339     0.06(  75->  94)  0.04(  75-> 100)  0.03(  75->  89)
  179    9.453   131.2     0.0281   -15.2039     0.64(  59->  80)  0.10(  73->  82)  0.03(  73->  87)
  180    9.461   131.0     0.0108   -13.7623     0.15(  78-> 115)  0.05(  77->  92)  0.05(  78-> 111)
  181    9.479   130.8     0.0057    -1.8234     0.07(  70->  85)  0.05(  72->  83)  0.04(  71->  87)
  182    9.496   130.6     0.0012     1.0512     0.11(  59->  80)  0.10(  73->  82)  0.08(  73->  87)
  183    9.498   130.5     0.0010    -0.7432     0.51(  57->  81)  0.09(  60->  81)  0.07(  53->  81)
  184    9.500   130.5     0.0010     1.1419     0.09(  78-> 109)  0.07(  78-> 115)  0.06(  72->  96)
  185    9.515   130.3     0.0001     1.5590     0.27(  72->  83)  0.10(  71->  83)  0.05(  70->  83)
  186    9.533   130.1     0.0040    -2.3903     0.13(  57->  80)  0.05(  76->  88)  0.04(  72->  83)
  187    9.539   130.0     0.0145   -21.1397     0.21(  57->  80)  0.04(  76->  88)  0.04(  53->  80)
  188    9.546   129.9     0.0008     0.0817     0.11(  78-> 111)  0.06(  77->  98)  0.03(  78-> 115)
  189    9.560   129.7     0.0017    -2.0280     0.15(  74->  89)  0.12(  74->  87)  0.09(  74->  94)
  190    9.577   129.5     0.0037   -14.4862     0.22(  70->  80)  0.15(  54->  80)  0.08(  56->  80)
  191    9.580   129.4     0.0001    -0.9022     0.87(  73->  83)  0.02(  72->  83)  0.01(  73->  82)
  192    9.587   129.3     0.0020     4.4141     0.12(  78-> 109)  0.09(  78-> 113)  0.05(  78-> 111)
  193    9.597   129.2     0.0022    -3.5136     0.06(  71->  88)  0.05(  48->  79)  0.03(  44->  79)
  194    9.617   128.9     0.0126     7.4867     0.17(  75->  86)  0.08(  75->  84)  0.05(  75-> 108)
  195    9.641   128.6     0.0023     2.5715     0.10(  76-> 107)  0.07(  76-> 105)  0.05(  76-> 102)
  196    9.652   128.4     0.0084     4.5858     0.06(  76-> 107)  0.05(  78-> 113)  0.04(  76-> 105)
  197    9.674   128.2     0.0152   -10.6955     0.06(  71->  96)  0.05(  71->  92)  0.03(  71->  98)
  198    9.675   128.1     0.0173     2.4513     0.15(  51->  81)  0.10(  73-> 106)  0.10(  50->  81)
  199    9.704   127.8     0.0273    -6.9792     0.07(  70->  89)  0.06(  72->  94)  0.05(  71->  94)
  200    9.736   127.3     0.0229    -6.6747     0.09(  41->  79)  0.07(  71->  98)  0.03(  48->  79)
  201    9.740   127.3     0.0008     0.1458     0.20(  74->  86)  0.12(  74->  84)  0.09(  74-> 108)
  202    9.755   127.1     0.0020     0.6602     0.51(  70->  81)  0.08(  54->  81)  0.03(  59->  84)
  203    9.759   127.0     0.0072    14.7337     0.12(  70->  81)  0.09(  71->  94)  0.06(  59->  84)
  204    9.772   126.9     0.0043    -7.7287     0.16(  70->  82)  0.09(  72->  82)  0.06(  76->  91)
  205    9.780   126.8     0.0125   -11.1910     0.09(  43->  79)  0.07(  41->  79)  0.05(  78-> 108)
  206    9.790   126.6     0.0022    -5.8173     0.06(  71->  94)  0.05(  76->  91)  0.04(  78-> 114)
  207    9.803   126.5     0.0150    -8.8157     0.10(  41->  79)  0.09(  43->  79)  0.06(  76->  91)
  208    9.818   126.3     0.0117    16.2631     0.05(  63->  87)  0.05(  71->  93)  0.05(  59->  84)
  209    9.825   126.2     0.0067    21.8366     0.12(  43->  79)  0.05(  59->  84)  0.04(  75->  86)
  210    9.838   126.0     0.0027     0.6003     0.54(  42->  79)  0.25(  44->  79)  0.04(  41->  79)
  211    9.856   125.8     0.0091    -1.2452     0.15(  78-> 114)  0.05(  78-> 113)  0.04(  78-> 118)
  212    9.874   125.6     0.0106     2.2588     0.17(  51->  80)  0.10(  50->  80)  0.07(  56->  80)
  213    9.878   125.5     0.0041     2.9187     0.05(  51->  80)  0.04(  75->  86)  0.04(  72->  85)
  214    9.902   125.2     0.0005     3.4885     0.29(  69->  90)  0.11(  69->  93)  0.08(  69->  97)
  215    9.923   124.9     0.0418    17.3057     0.10(  78-> 117)  0.05(  78-> 114)  0.04(  76-> 105)
  216    9.927   124.9     0.0148    32.8509     0.07(  78-> 119)  0.04(  75-> 108)  0.04(  75->  86)
  217    9.932   124.8     0.0335    -3.1356     0.11(  76-> 105)  0.06(  76-> 110)  0.06(  78-> 117)
  218    9.952   124.6     0.0007    -1.6531     0.43(  73->  85)  0.12(  73->  86)  0.06(  73-> 100)
  219    9.972   124.3     0.0018     4.9188     0.06(  75->  90)  0.04(  75->  86)  0.04(  73->  89)
  220    9.979   124.2     0.0117     9.7317     0.09(  73->  89)  0.08(  75->  90)  0.05(  73->  92)
  221    9.988   124.1     0.0100     1.4424     0.10(  57->  84)  0.05(  43->  79)  0.04(  75->  90)
  222    9.997   124.0     0.0049   -35.6653     0.06(  70->  83)  0.05(  57->  84)  0.04(  77-> 102)

  alpha tensor

           1         2         3
 
    1 258.71840
    2  87.10879 203.45342
    3 -36.50569 -27.19904  84.77990
 trace alpha_L[0] / au:   182.317239646916     
 sum rule f_L           7.00490698843986     
 
 SOS specific optical rotation 
 including Lorentz factor for common solvent (n=1.4)
 lambda [eV] alpha[grad*cm^3*g^-1*dm^-1]
 632.8  1.96    -2435.51
 589.3  2.10    -3779.12        0.00 ##
 579.0  2.14    -4304.52
 546.0  2.27    -7407.00
 436.0  2.84     9066.25
 365.0  3.40     5936.26
 
 sTD-DFT done.
Mon 21 Mar 13:55:36 GMT 2022
