Mon 21 Mar 14:21:40 GMT 2022


                 *********************************************
                 *                                           *
                 *               s  T  D  A                  *
                 *                                           *
                 *                S. Grimme                  *
                 * Mulliken Center for Theoretical Chemistry *
                 *             Universitaet Bonn             *
                 *              Version 1.6.2                *
                 *       Tue Sep 10 14:44:30 CET 2020        *
                 *********************************************
 
 Please cite as:
 S. Grimme, J. Chem. Phys. 138 (2013) 244104
 
 With contributions from:
 C. Bannwarth, P. Shushkov, M. de Wergifosse
 
======================================================================
 
 reading an xTB output...
 
 reading: wfn.xtb
======================================================================
                    M O / A O    I N P U T 
======================================================================
atom  #          x             y             z            charge
  C   1     -5.90199208    3.15924384    6.00913955         6.00
  C   2     -4.60715186    4.21938010    3.63999012         6.00
  C   3     -6.43735145    5.95849489    2.21173525         6.00
  C   4     -2.33173285    5.79597846    4.47997331         6.00
  C   5     -3.84521436    2.03731355    1.93205581         6.00
  C   6     -1.38989344    1.54863042    1.26252591         6.00
  C   7     -0.79689743   -0.50436786   -0.31388348         6.00
  C   8     -2.70759934   -2.11554820   -1.22907776         6.00
  C   9     -5.25230430   -1.62346356   -0.55992580         6.00
  C  10     -7.35915976   -3.32024849   -1.54315021         6.00
  C  11     -6.91639697   -6.02954859   -0.60584614         6.00
  C  12     -9.97964274   -2.48045428   -0.63910532         6.00
  C  13     -7.35405750   -3.25618678   -4.44350160         6.00
  C  14     -5.72379093    0.42008608    0.98454722         6.00
  O  15     -2.15145299   -4.06933586   -2.67301736         8.00
  B  16      0.31350553   -4.71864570   -3.59388081         5.00
  F  17      0.93957174   -7.13825080   -2.86010022         9.00
  F  18      0.37643341   -4.52362598   -6.19641139         9.00
  N  19      2.44247079   -2.85934433   -2.50747736         7.00
  C  20      1.79580657   -0.95242188   -0.97528756         6.00
  N  21      3.50959903    0.59847621    0.06614041         7.00
  C  22      5.91049585    0.34903238   -0.44824300         6.00
  C  23      7.62901263    2.03599074    0.92502085         6.00
  C  24      6.97894690    4.57313680    1.20054290         6.00
  C  25      8.55535629    6.20208057    2.49538312         6.00
  C  26     10.77427250    5.31031889    3.56288930         6.00
  C  27     11.40071665    2.77733023    3.34953925         6.00
  C  28      9.84282658    1.14158345    2.03561279         6.00
  C  29      6.76748657   -1.47020679   -2.24707313         6.00
  C  30      9.26986167   -1.63895932   -3.12031549         6.00
  C  31      9.94562767   -3.49863862   -4.78932145         6.00
  C  32      8.14037247   -5.23624163   -5.63402895         6.00
  C  33      5.66558737   -5.06975678   -4.88248494         6.00
  C  34      4.91196466   -3.15262980   -3.20875466         6.00
  H  35     -6.42053289    4.69105570    7.27846847         1.00
  H  36     -7.60520208    2.11743793    5.53217272         1.00
  H  37     -4.62756090    1.88953698    7.00370231         1.00
  H  38     -6.95740403    7.55965969    3.39168013         1.00
  H  39     -5.54899128    6.66997671    0.49983251         1.00
  H  40     -8.15643514    4.97016822    1.68110020         1.00
  H  41     -1.37326385    6.62330048    2.86198995         1.00
  H  42     -2.96932638    7.32722340    5.69544504         1.00
  H  43     -0.99418482    4.65382810    5.54143237         1.00
  H  44      0.16856355    2.68454468    1.90465478         1.00
  H  45     -6.88861800   -6.07509098    1.45074261         1.00
  H  46     -5.13325157   -6.75936075   -1.30542269         1.00
  H  47     -8.42817773   -7.25503586   -1.26819508         1.00
  H  48    -10.12363986   -2.54999620    1.41049145         1.00
  H  49    -10.42467320   -0.58241354   -1.29181666         1.00
  H  50    -11.39372467   -3.75753108   -1.41124734         1.00
  H  51     -8.86886183   -4.43896625   -5.17255787         1.00
  H  52     -7.64450838   -1.33263474   -5.11284253         1.00
  H  53     -5.57374669   -3.94990518   -5.18597492         1.00
  H  54     -7.64979962    0.80993654    1.50913514         1.00
  H  55      5.24323362    5.24002108    0.36358327         1.00
  H  56      8.05193330    8.17060809    2.68057626         1.00
  H  57     12.00505101    6.58323829    4.57672728         1.00
  H  58     13.10827302    2.07076170    4.21484476         1.00
  H  59     10.30467560   -0.84395161    1.92827636         1.00
  H  60     10.63537764   -0.26475061   -2.48328887         1.00
  H  61     11.86766793   -3.62638410   -5.46017416         1.00
  H  62      8.69746368   -6.71136171   -6.92773533         1.00
  H  63      4.28627640   -6.38330528   -5.58924244         1.00

 # atoms          =   63
 # mos            =  269
 # primitive  aos = 2163
 # contracted aos =  417

 spherical AO basis
======================================================================
                    A O   I N T E G R A L S
======================================================================
 memory needed for AO int data:   6 Mb
 done.
  
Restricted MOs found... RKS-sTD-DFT will be performed
  
======================================================================
                    s T D A
======================================================================
 spectral range up to (eV)     :    10.0000000000000     
 occ MO cut-off (eV)           :   -36.6807838668724     
 virtMO cut-off (eV)           :    13.0190884845740     
 perturbation thr              :   1.000000000000000E-004
 triplet                       :  F
 MOs in TDA :          214
 oMOs in TDA:           86
 vMOs in TDA:          128
 sorting MOs ...
 reading and transforming R..V..L AO ints ...
 ints done.
 S^1/2 ...
 S^1/2 orthogonalized MO coefficients done.

 SCF atom population (using active MOs):
  3.878  4.179  3.878  3.887  4.013  3.877  3.980  3.368  3.940  4.136
  3.869  3.882  3.867  3.851  5.593  2.610  7.029  7.028  5.117  3.731
  5.127  3.875  4.099  3.955  3.993  3.979  3.993  3.959  4.008  3.951
  3.987  3.969  3.964  3.884  1.017  1.037  1.007  1.017  1.007  1.038
  1.028  1.021  1.025  1.046  1.006  1.036  1.016  1.025  1.024  1.021
  1.016  1.006  1.039  1.053  1.004  0.988  0.991  0.987  1.005  1.023
  0.985  0.987  1.091
 
 # electrons in TDA: 172.000
 
 
 ax(DF)   :   0.500000000000000     
 s^K      :    2.00000000000000     
 beta  (J):    4.00000000000000     
 alpha (K):    2.00000000000000     
 
 hardness table read.
 setting up gammas ...
 memory needed for q data (Mb)                      8
 computing q(ij,n) ...
 
         167 CSF included by energy.
 
       10841 considered in PT2.
 ordered frontier orbitals
         eV     # centers
  76   -18.491    14.4
  77   -18.289    16.9
  78   -18.096    12.9
  79   -17.701    18.9
  80   -17.344    12.6
  81   -17.099     6.3
  82   -16.754     4.8
  83   -16.711     8.6
  84   -16.389    14.2
  85   -15.822    10.1
  86   -14.981     8.0
 
  87    -8.681     9.2
  88    -7.334    11.4
  89    -6.461     7.8
  90    -6.323     4.6
  91    -5.884     8.0
  92    -5.539    25.1
  93    -5.503     7.7
  94    -5.128    41.9
  95    -5.103    17.3
  96    -4.956    26.3
  97    -4.580    32.8
 
             lowest CSF states
       eV     nm      excitation i->a               eV
    1  3.42   362.8       86 ->  87     gap,J,K:   6.300   3.314   0.201   Kshft:   0.029  locality: 0.754
    2  4.31   287.4       85 ->  87     gap,J,K:   7.141   3.515   0.342   Kshft:   0.004  locality: 0.883
    3  4.53   273.4       84 ->  87     gap,J,K:   7.708   3.712   0.264   Kshft:   0.010  locality: 0.975
    4  4.57   271.5       86 ->  88     gap,J,K:   7.646   3.655   0.283   Kshft:   0.008  locality: 0.846
    5  4.63   268.0       81 ->  87     gap,J,K:   8.418   4.342   0.027   Kshft:   0.497  locality: 0.986
    6  4.76   260.6       83 ->  87     gap,J,K:   8.030   3.693   0.193   Kshft:   0.034  locality: 0.891
    7  5.14   241.2       82 ->  87     gap,J,K:   8.073   3.368   0.105   Kshft:   0.225  locality: 0.738
    8  5.36   231.2       85 ->  88     gap,J,K:   8.487   3.709   0.289   Kshft:   0.007  locality: 0.947
    9  5.71   217.2       80 ->  87     gap,J,K:   8.663   3.767   0.405   Kshft:   0.002  locality: 0.972
   10  6.06   204.8       81 ->  88     gap,J,K:   9.765   4.253   0.022   Kshft:   0.499  locality: 0.982
   11  6.15   201.6       84 ->  88     gap,J,K:   9.055   3.642   0.367   Kshft:   0.003  locality: 0.973
   12  6.34   195.7       86 ->  91     gap,J,K:   9.096   3.269   0.247   Kshft:   0.013  locality: 0.766
   13  6.41   193.5       83 ->  88     gap,J,K:   9.377   3.360   0.131   Kshft:   0.127  locality: 0.824
   14  6.43   192.7       79 ->  87     gap,J,K:   9.020   3.095   0.004   Kshft:   0.500  locality: 0.760
   15  6.53   189.9       86 ->  93     gap,J,K:   9.478   4.213   0.632   Kshft:   0.000  locality: 0.988
   16  6.77   183.2       86 ->  89     gap,J,K:   8.520   2.298   0.022   Kshft:   0.499  locality: 0.522
   17  6.89   179.9       82 ->  89     gap,J,K:  10.293   4.430   0.514   Kshft:   0.001  locality: 0.970
   18  6.93   178.9       86 ->  95     gap,J,K:   9.877   3.432   0.236   Kshft:   0.016  locality: 0.871
   19  7.01   176.8       82 ->  88     gap,J,K:   9.419   2.975   0.042   Kshft:   0.485  locality: 0.663
   20  7.05   175.9       80 ->  88     gap,J,K:  10.009   3.693   0.365   Kshft:   0.003  locality: 0.969
   21  7.06   175.7       86 ->  90     gap,J,K:   8.658   2.106   0.002   Kshft:   0.500  locality: 0.436
   22  7.07   175.4       84 ->  89     gap,J,K:   9.928   3.409   0.270   Kshft:   0.009  locality: 0.895
   23  7.08   175.1       83 ->  90     gap,J,K:  10.388   4.261   0.475   Kshft:   0.001  locality: 0.935
   24  7.10   174.6       85 ->  89     gap,J,K:   9.361   2.703   0.102   Kshft:   0.238  locality: 0.678
   25  7.13   173.9       83 ->  89     gap,J,K:  10.251   4.142   0.511   Kshft:   0.001  locality: 0.998
 
 selecting CSF ...
 average/max PT2 energy lowering (eV):     0.036     0.264
        1133 CSF included by PT.
        1300 CSF in total.
 sTD-DFT procedure...
 setting up A+B and A-B matrices
  calculating (A-B)^0.5 ...
 estimated time (min)     0.09
  calculating (A+B)*(A-B)^0.5 ...
 calculate eigenvalues of (A-B)^0.5*(A+B)*(A-B)^0.5 ...
  rpa vectors ok
  198 roots found, lowest/highest eigenvalue :    3.066   9.971   0
 writing spectral data to tda.dat ...
 
 excitation energies, transition moments and TDA amplitudes
 state    eV      nm       fL         Rv
    1    3.066   404.3     0.2229     4.4019     0.90(  86->  87)  0.04(  86->  88)  0.02(  86->  91)
    2    3.729   332.5     0.2059    -2.7395     0.72(  85->  87)  0.10(  86->  88)  0.06(  84->  87)
    3    3.934   315.1     0.0047   -32.8595     0.30(  84->  87)  0.22(  83->  87)  0.17(  86->  88)
    4    4.171   297.3     0.1019   -35.4429     0.40(  86->  88)  0.34(  81->  87)  0.07(  85->  87)
    5    4.280   289.7     0.5091    88.6709     0.52(  84->  87)  0.12(  81->  87)  0.11(  86->  88)
    6    4.469   277.4     0.0568   -46.4977     0.32(  83->  87)  0.18(  85->  88)  0.17(  81->  87)
    7    4.638   267.3     0.0734    38.3499     0.37(  82->  87)  0.11(  83->  87)  0.09(  85->  88)
    8    4.741   261.5     0.1462   -29.8740     0.23(  82->  87)  0.20(  83->  87)  0.12(  80->  87)
    9    5.206   238.2     0.0698    33.2254     0.25(  85->  88)  0.18(  80->  87)  0.18(  84->  88)
   10    5.527   224.3     0.2221  -129.2872     0.34(  81->  88)  0.21(  80->  87)  0.08(  83->  88)
   11    5.573   222.5     0.0623    20.1003     0.25(  81->  88)  0.16(  82->  87)  0.10(  82->  89)
   12    5.591   221.8     0.2470    81.8873     0.14(  82->  87)  0.11(  82->  89)  0.09(  80->  87)
   13    5.715   216.9     0.0133     7.1382     0.21(  86->  91)  0.11(  86->  95)  0.11(  84->  88)
   14    5.779   214.6     0.2831   -27.0425     0.42(  86->  93)  0.08(  85->  91)  0.07(  86->  91)
   15    5.848   212.0     0.0106    -4.1522     0.45(  79->  87)  0.13(  74->  87)  0.06(  73->  87)
   16    6.080   203.9     0.0215    30.9611     0.30(  84->  88)  0.20(  83->  88)  0.06(  82->  90)
   17    6.282   197.4     0.0149    -2.8130     0.28(  82->  90)  0.22(  83->  89)  0.11(  84->  89)
   18    6.388   194.1     0.2283    -9.7126     0.10(  85->  91)  0.10(  86->  91)  0.08(  85->  93)
   19    6.462   191.9     0.1260    35.2318     0.25(  80->  88)  0.08(  86->  93)  0.07(  86->  91)
   20    6.510   190.4     0.0683   -13.6838     0.13(  86->  94)  0.11(  86->  89)  0.09(  86->  96)
   21    6.541   189.5     0.0195    -6.1314     0.13(  86->  94)  0.12(  85->  92)  0.11(  84->  92)
   22    6.588   188.2     0.2496   -44.3599     0.16(  86->  89)  0.14(  86->  94)  0.11(  80->  88)
   23    6.617   187.4     0.0512   -18.0189     0.16(  74->  87)  0.14(  79->  88)  0.10(  73->  87)
   24    6.713   184.7     0.0617   -16.0126     0.23(  84->  89)  0.13(  83->  89)  0.11(  71->  87)
   25    6.805   182.2     0.0351   -14.6882     0.20(  85->  91)  0.17(  80->  88)  0.09(  84->  91)
   26    6.897   179.8     0.0464     0.8780     0.29(  71->  87)  0.09(  85->  91)  0.08(  86->  91)
   27    6.935   178.8     0.0613     9.6993     0.19(  77->  87)  0.17(  83->  92)  0.07(  86->  95)
   28    6.938   178.7     0.0445   -47.5557     0.20(  83->  92)  0.18(  77->  87)  0.07(  86->  89)
   29    6.946   178.5     0.0239    24.0311     0.43(  82->  92)  0.12(  82->  96)  0.11(  82->  88)
   30    6.982   177.6     0.0095    26.9980     0.16(  68->  87)  0.12(  86->  90)  0.09(  82->  90)
   31    6.995   177.3     0.0126     1.7577     0.70(  86->  90)  0.06(  85->  90)  0.05(  68->  87)
   32    7.024   176.5     0.4877   -43.5371     0.12(  81->  89)  0.11(  77->  87)  0.11(  83->  89)
   33    7.033   176.3     0.0274   -17.8570     0.57(  82->  88)  0.11(  82->  92)  0.04(  83->  89)
   34    7.091   174.9     0.0662  -131.7785     0.25(  86->  97)  0.22(  86->  92)  0.06(  84->  90)
   35    7.121   174.1     0.0924    26.3151     0.12(  85->  89)  0.11(  68->  87)  0.11(  86->  95)
   36    7.143   173.6     0.3178   114.4749     0.29(  84->  90)  0.18(  82->  89)  0.06(  85->  91)
   37    7.204   172.1     0.1848    54.9374     0.31(  78->  87)  0.13(  83->  90)  0.07(  78->  88)
   38    7.205   172.1     0.1440    83.4859     0.24(  78->  87)  0.22(  83->  90)  0.07(  84->  90)
   39    7.232   171.4     0.1098   -11.1099     0.14(  85->  89)  0.09(  84->  89)  0.06(  84->  91)
   40    7.273   170.5     0.0415   -67.6691     0.13(  86->  97)  0.10(  68->  87)  0.08(  83->  90)
   41    7.297   169.9     0.0739  -108.4841     0.11(  86->  97)  0.10(  68->  87)  0.05(  86->  94)
   42    7.335   169.0     0.0098    19.7428     0.27(  79->  88)  0.09(  69->  87)  0.06(  60->  87)
   43    7.366   168.3     0.2666     7.3332     0.24(  81->  89)  0.10(  67->  87)  0.08(  83->  89)
   44    7.417   167.2     0.1312   -61.7286     0.32(  85->  95)  0.07(  84->  91)  0.05(  81->  89)
   45    7.466   166.1     0.0138    15.9399     0.12(  67->  87)  0.10(  62->  87)  0.07(  81->  89)
   46    7.538   164.5     0.0298    78.8355     0.15(  86->  98)  0.07(  86-> 100)  0.07(  86->  96)
   47    7.570   163.8     0.0167     3.3911     0.14(  81->  91)  0.09(  85->  94)  0.07(  84->  91)
   48    7.587   163.4     0.0186     0.8894     0.11(  61->  87)  0.11(  81->  91)  0.08(  62->  87)
   49    7.608   163.0     0.0171    13.7100     0.25(  76->  87)  0.15(  85->  94)  0.06(  81->  91)
   50    7.630   162.5     0.0278     5.0730     0.29(  86->  99)  0.12(  86-> 101)  0.09(  86-> 109)
   51    7.639   162.3     0.0645    29.2114     0.27(  76->  87)  0.12(  81->  91)  0.05(  76->  88)
   52    7.681   161.4     0.0072    13.5570     0.50(  85->  90)  0.15(  81->  90)  0.09(  80->  90)
   53    7.703   161.0     0.0130     1.8635     0.39(  61->  87)  0.15(  60->  87)  0.09(  55->  87)
   54    7.768   159.6     0.0005    -3.6519     0.57(  81->  90)  0.11(  84->  90)  0.10(  85->  90)
   55    7.788   159.2     0.0275   -37.1101     0.27(  63->  87)  0.09(  62->  87)  0.08(  67->  87)
   56    7.809   158.8     0.0079    -4.9704     0.53(  63->  87)  0.22(  62->  87)  0.05(  55->  87)
   57    7.823   158.5     0.0235    41.5287     0.09(  67->  87)  0.07(  84->  91)  0.07(  83->  91)
   58    7.834   158.3     0.0122    28.8329     0.06(  77->  88)  0.06(  67->  87)  0.05(  75->  87)
   59    7.847   158.0     0.0681    -3.7201     0.11(  55->  87)  0.10(  62->  87)  0.08(  83->  91)
   60    7.880   157.3     0.0126    12.1978     0.08(  86->  92)  0.08(  86-> 103)  0.08(  75->  87)
   61    7.894   157.1     0.0141     0.9780     0.31(  75->  87)  0.07(  67->  87)  0.05(  60->  87)
   62    7.903   156.9     0.0593    19.1508     0.15(  62->  87)  0.07(  75->  87)  0.06(  77->  88)
   63    7.925   156.5     0.0509    41.6243     0.15(  80->  89)  0.09(  75->  87)  0.08(  77->  88)
   64    7.984   155.3     0.0413    21.8896     0.20(  56->  87)  0.07(  55->  87)  0.06(  57->  87)
   65    7.995   155.1     0.0400   -60.7404     0.20(  80->  89)  0.09(  83->  91)  0.05(  80->  91)
   66    8.017   154.7     0.0170   -35.4161     0.30(  82->  98)  0.10(  82-> 100)  0.09(  82->  97)
   67    8.034   154.3     0.0055    -0.9467     0.22(  81->  93)  0.21(  79->  93)  0.06(  58->  87)
   68    8.072   153.6     0.0188     6.2438     0.12(  86-> 102)  0.09(  83->  98)  0.08(  85->  99)
   69    8.087   153.3     0.0122    -5.2192     0.07(  84->  95)  0.07(  56->  87)  0.05(  81->  91)
   70    8.102   153.0     0.0160    -3.9774     0.10(  77->  88)  0.08(  84->  95)  0.04(  80->  89)
   71    8.144   152.2     0.0283   -21.7962     0.16(  73->  87)  0.08(  84->  95)  0.08(  74->  87)
   72    8.173   151.7     0.0563    67.3574     0.14(  84->  95)  0.14(  73->  87)  0.07(  84->  93)
   73    8.183   151.5     0.0129    22.2433     0.18(  85->  92)  0.16(  85->  97)  0.08(  86->  96)
   74    8.236   150.5     0.0327     9.2223     0.29(  84->  93)  0.06(  85->  93)  0.04(  85->  92)
   75    8.285   149.6     0.0003    -7.4310     0.09(  80->  91)  0.06(  83->  95)  0.06(  77->  88)
   76    8.298   149.4     0.0050    13.6206     0.39(  71->  90)  0.23(  68->  90)  0.05(  70->  90)
   77    8.308   149.2     0.0012    -8.9115     0.14(  86-> 102)  0.08(  86->  98)  0.07(  86-> 107)
   78    8.315   149.1     0.0046   -15.4296     0.10(  81->  92)  0.08(  58->  87)  0.07(  69->  87)
   79    8.328   148.9     0.0012    -2.8230     0.34(  72->  87)  0.05(  72->  88)  0.05(  86-> 105)
   80    8.330   148.8     0.0068     5.4728     0.10(  72->  87)  0.08(  81->  92)  0.08(  69->  87)
   81    8.348   148.5     0.0016   -19.8243     0.13(  72->  87)  0.12(  86-> 104)  0.06(  85->  98)
   82    8.359   148.3     0.0030     9.6384     0.14(  86-> 105)  0.12(  86-> 107)  0.06(  80->  91)
   83    8.389   147.8     0.0127   -25.5992     0.21(  81->  92)  0.10(  81->  93)  0.06(  81->  95)
   84    8.406   147.5     0.0038   -26.3187     0.07(  86-> 107)  0.06(  83-> 100)  0.05(  86-> 109)
   85    8.412   147.4     0.0099     2.4498     0.09(  84->  92)  0.05(  86-> 104)  0.05(  86-> 106)
   86    8.426   147.1     0.0036    -1.1306     0.32(  78->  88)  0.13(  78->  87)  0.09(  58->  87)
   87    8.474   146.3     0.0105     0.2927     0.16(  82-> 100)  0.13(  82->  91)  0.09(  82->  96)
   88    8.492   146.0     0.0013    -5.1029     0.11(  86->  96)  0.08(  85->  97)  0.06(  86-> 103)
   89    8.510   145.7     0.0005    -0.1769     0.61(  70->  87)  0.07(  70->  88)  0.05(  71->  88)
   90    8.515   145.6     0.0070    -6.3970     0.27(  82->  91)  0.09(  82->  95)  0.09(  82-> 100)
   91    8.545   145.1     0.0055   -12.2823     0.20(  86-> 106)  0.07(  85->  97)  0.06(  86-> 104)
   92    8.546   145.1     0.0054    -5.2227     0.23(  86-> 109)  0.07(  86-> 107)  0.07(  86-> 104)
   93    8.580   144.5     0.0827    16.8721     0.09(  83->  95)  0.07(  71->  88)  0.07(  81->  92)
   94    8.623   143.8     0.0028    -3.1406     0.06(  85-> 100)  0.05(  85->  99)  0.05(  86-> 104)
   95    8.654   143.3     0.0241     7.3270     0.50(  80->  90)  0.11(  68->  90)  0.05(  85->  90)
   96    8.658   143.2     0.0005    13.0118     0.23(  81->  93)  0.14(  79->  93)  0.07(  71->  88)
   97    8.679   142.9     0.0181     9.6468     0.08(  71->  89)  0.06(  68->  88)  0.05(  80->  95)
   98    8.706   142.4     0.0170     0.6520     0.07(  71->  89)  0.04(  85-> 101)  0.03(  68->  89)
   99    8.716   142.2     0.0117   -12.8475     0.07(  83->  95)  0.07(  83->  99)  0.05(  81->  95)
  100    8.743   141.8     0.0010     0.8006     0.08(  86-> 110)  0.05(  86-> 108)  0.04(  86->  96)
  101    8.750   141.7     0.0094    17.5014     0.13(  71->  89)  0.08(  68->  89)  0.04(  69->  88)
  102    8.772   141.3     0.0019    -1.6179     0.35(  76->  88)  0.12(  76->  87)  0.07(  78->  88)
  103    8.783   141.2     0.0032     1.1573     0.17(  86-> 110)  0.17(  77->  93)  0.05(  84->  93)
  104    8.794   141.0     0.0130     4.9733     0.20(  86-> 110)  0.09(  77->  93)  0.03(  76->  88)
  105    8.833   140.4     0.0006    -1.7953     0.35(  67->  90)  0.09(  71->  90)  0.08(  69->  90)
  106    8.840   140.3     0.0020     0.9776     0.04(  83-> 108)  0.04(  77->  93)  0.04(  83->  94)
  107    8.872   139.7     0.0056   -17.4290     0.10(  76->  88)  0.09(  53->  87)  0.06(  66->  87)
  108    8.885   139.5     0.0097     0.6964     0.16(  82-> 108)  0.15(  82->  99)  0.11(  82-> 101)
  109    8.924   138.9     0.0044     6.7990     0.06(  84->  92)  0.05(  85->  92)  0.05(  80->  99)
  110    8.948   138.6     0.0115   -17.0163     0.06(  78->  93)  0.06(  80->  95)  0.05(  81->  94)
  111    8.970   138.2     0.0185    17.5712     0.09(  78->  93)  0.07(  54->  87)  0.05(  66->  87)
  112    8.977   138.1     0.0124   -26.2382     0.06(  55->  88)  0.06(  60->  88)  0.04(  61->  88)
  113    8.985   138.0     0.0013     0.8911     0.14(  86-> 113)  0.06(  78->  93)  0.04(  79->  89)
  114    8.996   137.8     0.0148    -0.7757     0.12(  82->  95)  0.07(  82->  91)  0.06(  86-> 113)
  115    9.001   137.7     0.0084    19.7515     0.22(  78->  93)  0.04(  78->  92)  0.04(  67->  89)
  116    9.016   137.5     0.0129     4.6851     0.07(  81->  94)  0.07(  79->  97)  0.06(  78->  93)
  117    9.025   137.4     0.0298   -13.4859     0.09(  82->  95)  0.08(  81->  99)  0.07(  82->  91)
  118    9.040   137.2     0.0207     2.7297     0.10(  86-> 113)  0.06(  79->  94)  0.05(  75->  88)
  119    9.061   136.8     0.0007     1.3314     0.19(  86-> 113)  0.10(  64->  87)  0.09(  80->  95)
  120    9.077   136.6     0.0291     6.4188     0.20(  75->  88)  0.14(  64->  87)  0.05(  75->  87)
  121    9.080   136.5     0.0024    -0.2576     0.07(  74->  88)  0.06(  61->  88)  0.03(  81->  96)
  122    9.098   136.3     0.0282    30.8688     0.49(  86-> 112)  0.06(  86-> 117)  0.04(  86-> 108)
  123    9.103   136.2     0.0053   -23.3996     0.06(  80->  95)  0.05(  75->  88)  0.04(  85-> 109)
  124    9.124   135.9     0.0062    -1.7702     0.05(  86-> 104)  0.04(  85-> 104)  0.04(  85->  94)
  125    9.127   135.8     0.0029    -0.1870     0.37(  64->  87)  0.19(  75->  88)  0.04(  49->  87)
  126    9.141   135.6     0.0062   -12.8722     0.33(  65->  87)  0.06(  86-> 112)  0.05(  86-> 111)
  127    9.150   135.5     0.0092     0.0276     0.46(  65->  87)  0.04(  86-> 112)  0.04(  65->  88)
  128    9.167   135.3     0.0013    17.4313     0.09(  66->  87)  0.08(  81->  99)  0.08(  56->  88)
  129    9.187   135.0     0.0182   -22.3672     0.19(  86-> 115)  0.15(  85-> 102)  0.04(  86-> 107)
  130    9.202   134.7     0.0189   -31.5778     0.12(  86-> 115)  0.05(  80->  92)  0.04(  86-> 112)
  131    9.233   134.3     0.0339    49.6567     0.28(  78->  94)  0.15(  78->  97)  0.13(  78->  96)
  132    9.246   134.1     0.0022   -10.5688     0.11(  44->  87)  0.11(  48->  87)  0.06(  59->  87)
  133    9.247   134.1     0.0090    -4.8239     0.25(  60->  90)  0.11(  55->  90)  0.10(  68->  90)
  134    9.255   134.0     0.0053    -1.9131     0.12(  73->  88)  0.08(  74->  88)  0.07(  59->  87)
  135    9.267   133.8     0.0075   -10.6432     0.08(  84->  94)  0.05(  85->  96)  0.03(  83-> 105)
  136    9.278   133.6     0.0020    -3.9546     0.26(  61->  88)  0.22(  68->  88)  0.10(  71->  88)
  137    9.286   133.5     0.0014    -4.7330     0.18(  66->  87)  0.08(  48->  87)  0.05(  79->  91)
  138    9.294   133.4     0.0219    20.9162     0.26(  76->  94)  0.09(  76->  96)  0.05(  79->  97)
  139    9.302   133.3     0.0054    -2.5573     0.09(  76->  94)  0.03(  49->  87)  0.03(  84->  94)
  140    9.319   133.0     0.0025    -3.6417     0.14(  80->  92)  0.06(  85->  98)  0.06(  80->  93)
  141    9.331   132.9     0.0014    -2.4713     0.48(  49->  87)  0.11(  50->  87)  0.04(  64->  87)
  142    9.345   132.7     0.0019    -0.4302     0.09(  66->  87)  0.08(  60->  88)  0.07(  61->  88)
  143    9.362   132.4     0.0059     2.3371     0.07(  71->  88)  0.07(  63->  88)  0.06(  68->  89)
  144    9.372   132.3     0.0026     9.3316     0.06(  86->  98)  0.06(  86-> 101)  0.04(  72->  88)
  145    9.380   132.2     0.0056     0.6294     0.06(  86-> 100)  0.05(  80->  94)  0.05(  84->  94)
  146    9.387   132.1     0.0027    -9.4530     0.34(  72->  88)  0.08(  72->  87)  0.05(  49->  87)
  147    9.393   132.0     0.0010     1.0672     0.54(  63->  88)  0.19(  62->  88)  0.02(  63->  91)
  148    9.411   131.7     0.0051    15.0105     0.04(  84-> 104)  0.04(  83->  96)  0.04(  85-> 103)
  149    9.412   131.7     0.0109    19.1209     0.09(  82-> 111)  0.07(  82->  94)  0.05(  82-> 106)
  150    9.429   131.5     0.0068    -6.5702     0.18(  76->  93)  0.06(  69->  88)  0.05(  73->  88)
  151    9.433   131.4     0.0163   -23.3779     0.07(  60->  89)  0.07(  56->  88)  0.06(  68->  89)
  152    9.440   131.3     0.0184    -4.4741     0.11(  78->  97)  0.10(  76->  93)  0.05(  73->  94)
  153    9.455   131.1     0.0048    -3.8755     0.21(  76->  93)  0.08(  69->  88)  0.05(  59->  87)
  154    9.462   131.0     0.0111     7.1398     0.07(  78->  97)  0.06(  77->  94)  0.04(  73->  94)
  155    9.481   130.8     0.0036    23.7074     0.09(  86-> 100)  0.07(  86-> 117)  0.03(  80-> 104)
  156    9.500   130.5     0.0024   -17.8875     0.14(  75->  94)  0.10(  77->  97)  0.07(  75->  96)
  157    9.504   130.5     0.0127    -9.6091     0.38(  83->  93)  0.06(  80->  93)  0.06(  83->  92)
  158    9.516   130.3     0.0028     0.8317     0.28(  48->  87)  0.08(  67->  88)  0.06(  59->  87)
  159    9.527   130.1     0.0142   -45.4571     0.05(  86-> 101)  0.04(  85-> 101)  0.04(  83->  93)
  160    9.547   129.9     0.0075     5.5418     0.15(  44->  87)  0.10(  48->  87)  0.10(  59->  87)
  161    9.566   129.6     0.0057    -2.8600     0.11(  83->  93)  0.06(  75->  93)  0.04(  77->  93)
  162    9.577   129.5     0.0052    25.4931     0.05(  85-> 103)  0.05(  85-> 105)  0.04(  85-> 100)
  163    9.582   129.4     0.0034    -3.6729     0.18(  79->  89)  0.07(  69->  89)  0.05(  58->  88)
  164    9.595   129.2     0.0007     2.9589     0.12(  85-> 107)  0.05(  84-> 105)  0.02(  85-> 106)
  165    9.600   129.1     0.0003     0.1761     0.23(  59->  87)  0.16(  54->  87)  0.05(  48->  87)
  166    9.605   129.1     0.0019   -19.0052     0.12(  86-> 117)  0.04(  85-> 106)  0.04(  71->  92)
  167    9.630   128.7     0.0035    -0.9879     0.05(  71->  92)  0.05(  84->  96)  0.04(  84-> 105)
  168    9.642   128.6     0.0087     4.1030     0.13(  58->  88)  0.05(  62->  88)  0.05(  69->  88)
  169    9.648   128.5     0.0212    11.1014     0.08(  85-> 107)  0.05(  85-> 105)  0.04(  77->  91)
  170    9.658   128.4     0.0147     6.1098     0.07(  86-> 117)  0.07(  85-> 104)  0.06(  85-> 107)
  171    9.666   128.3     0.0041     6.9628     0.09(  82-> 105)  0.08(  82->  96)  0.07(  82-> 116)
  172    9.680   128.1     0.0067     8.1013     0.10(  71->  92)  0.07(  82->  93)  0.06(  68->  92)
  173    9.685   128.0     0.0093     2.9545     0.13(  80->  93)  0.11(  75->  93)  0.05(  86-> 124)
  174    9.706   127.7     0.0027    -8.0447     0.10(  47->  87)  0.04(  55->  89)  0.03(  84-> 109)
  175    9.707   127.7     0.0003     0.9363     0.58(  82->  93)  0.10(  82->  92)  0.07(  82->  95)
  176    9.712   127.7     0.0048     2.0314     0.07(  74->  92)  0.03(  36->  87)  0.03(  47->  87)
  177    9.725   127.5     0.0001     4.1330     0.05(  84-> 104)  0.04(  74->  93)  0.03(  47->  87)
  178    9.741   127.3     0.0047    13.9819     0.13(  47->  87)  0.05(  84->  96)  0.03(  44->  87)
  179    9.743   127.3     0.0082   -11.6442     0.12(  74->  93)  0.05(  84->  96)  0.04(  45->  87)
  180    9.757   127.1     0.0106    -1.7215     0.11(  45->  87)  0.08(  47->  87)  0.06(  70->  88)
  181    9.762   127.0     0.0045     4.7080     0.11(  57->  87)  0.03(  47->  87)  0.03(  45->  87)
  182    9.769   126.9     0.0023     1.6829     0.11(  77->  91)  0.08(  70->  88)  0.05(  47->  87)
  183    9.777   126.8     0.0007   -11.7764     0.22(  57->  87)  0.20(  70->  88)  0.06(  56->  87)
  184    9.782   126.7     0.0043    -2.3444     0.55(  79->  90)  0.06(  81->  90)  0.04(  70->  88)
  185    9.788   126.7     0.0011     0.7771     0.27(  57->  87)  0.14(  70->  88)  0.10(  56->  87)
  186    9.809   126.4     0.0031    -3.1805     0.11(  70->  88)  0.08(  47->  87)  0.07(  36->  87)
  187    9.825   126.2     0.0028     0.2319     0.11(  74->  93)  0.05(  86-> 120)  0.04(  85-> 110)
  188    9.834   126.1     0.0029     9.7139     0.09(  85-> 110)  0.09(  74->  93)  0.06(  86-> 120)
  189    9.841   126.0     0.0003    -4.7273     0.11(  82-> 104)  0.09(  82-> 111)  0.07(  82-> 117)
  190    9.861   125.7     0.0023     9.8024     0.08(  55->  89)  0.05(  55->  88)  0.04(  85-> 110)
  191    9.887   125.4     0.0067    -3.0836     0.06(  85-> 110)  0.06(  86-> 119)  0.05(  86-> 105)
  192    9.894   125.3     0.0037    -3.3435     0.06(  86-> 120)  0.06(  85-> 108)  0.05(  85-> 110)
  193    9.905   125.2     0.0008    -8.9212     0.13(  60->  88)  0.13(  55->  88)  0.05(  85-> 110)
  194    9.925   124.9     0.0019     4.8069     0.06(  81-> 101)  0.05(  56->  88)  0.04(  81-> 103)
  195    9.929   124.9     0.0100     3.5799     0.09(  86-> 120)  0.06(  86-> 123)  0.04(  86-> 108)
  196    9.948   124.6     0.0084     7.6964     0.08(  86-> 120)  0.06(  42->  87)  0.04(  86-> 119)
  197    9.961   124.5     0.0014     5.7521     0.21(  42->  87)  0.09(  43->  87)  0.06(  45->  87)
  198    9.971   124.4     0.0008    -2.2727     0.04(  80->  94)  0.04(  42->  87)  0.03(  72->  93)

  alpha tensor

           1         2         3
 
    1 236.89774
    2  -8.13342 126.25205
    3 -22.37021  78.40479  82.82504
 trace alpha_L[0] / au:   148.658279735690     
 sum rule f_L           6.97546565352931     
 
 SOS specific optical rotation 
 including Lorentz factor for common solvent (n=1.4)
 lambda [eV] alpha[grad*cm^3*g^-1*dm^-1]
 632.8  1.96     -188.78
 589.3  2.10     -221.50        0.00 ##
 579.0  2.14     -230.33
 546.0  2.27     -261.42
 436.0  2.84     -149.87
 365.0  3.40    -2999.30
 
 sTD-DFT done.
Mon 21 Mar 14:21:46 GMT 2022
