Mon 21 Mar 14:04:06 GMT 2022


                 *********************************************
                 *                                           *
                 *               s  T  D  A                  *
                 *                                           *
                 *                S. Grimme                  *
                 * Mulliken Center for Theoretical Chemistry *
                 *             Universitaet Bonn             *
                 *              Version 1.6.2                *
                 *       Tue Sep 10 14:44:30 CET 2020        *
                 *********************************************
 
 Please cite as:
 S. Grimme, J. Chem. Phys. 138 (2013) 244104
 
 With contributions from:
 C. Bannwarth, P. Shushkov, M. de Wergifosse
 
======================================================================
 
 reading an xTB output...
 
 reading: wfn.xtb
======================================================================
                    M O / A O    I N P U T 
======================================================================
atom  #          x             y             z            charge
  C   1    -12.51962339    7.41811921    1.94339417         6.00
  O   2    -13.87342306    5.15876287    1.59322795         8.00
  C   3    -12.55458332    2.99086926    1.14895338         6.00
  C   4    -14.00664874    0.82581024    0.82675510         6.00
  C   5    -12.86374248   -1.49193864    0.35545745         6.00
  O   6    -14.46849776   -3.48786718    0.08012438         8.00
  C   7    -13.43689636   -5.88781914   -0.40742491         6.00
  C   8    -10.24684999   -1.64330569    0.19785431         6.00
  C   9     -8.78741464    0.51910772    0.52609970         6.00
  C  10     -6.02028893    0.35413464    0.36755170         6.00
  C  11     -4.48299687    1.65351021    2.06584841         6.00
  C  12     -1.88745828    1.48551357    1.92903225         6.00
  C  13     -0.70562367    0.01644062    0.07540007         6.00
  C  14      2.01690451   -0.16213849   -0.06349479         6.00
  C  15      3.44364760   -1.56620487   -1.66220295         6.00
  C  16      6.09285441   -1.20847974   -1.14838646         6.00
  C  17      8.05968117   -2.60366441   -2.49897360         6.00
  C  18      7.94875426   -2.85707666   -5.11643301         6.00
  C  19      9.77895384   -4.21314400   -6.39672234         6.00
  C  20     11.73160767   -5.35397156   -5.08090616         6.00
  C  21     11.84593609   -5.13041698   -2.47440716         6.00
  C  22     10.02669691   -3.76830252   -1.19033838         6.00
  C  23      6.35250275    0.46827409    0.79274004         6.00
  C  24      8.64360649    1.54031562    1.84909684         6.00
  C  25      8.75869080    2.26124607    4.38643187         6.00
  C  26     10.93300948    3.30626452    5.38382923         6.00
  C  27     13.03627446    3.67324930    3.87072566         6.00
  C  28     12.94065433    2.99521563    1.34283926         6.00
  C  29     10.77351661    1.94622876    0.33958375         6.00
  C  30      3.76811354    1.23682563    1.67524205         6.00
  C  31     -2.25897840   -1.27065173   -1.63536884         6.00
  C  32     -4.85243829   -1.11040297   -1.48608049         6.00
  C  33     -9.93712390    2.83477790    1.00533421         6.00
  H  34    -11.26692405    7.30927100    3.58707780         1.00
  H  35    -13.93861860    8.87245230    2.26880497         1.00
  H  36    -11.41054323    7.91095974    0.26739622         1.00
  H  37    -16.03470262    0.94486297    0.94335119         1.00
  H  38    -12.37260271   -5.91408633   -2.18187758         1.00
  H  39    -15.04448623   -7.16319518   -0.56294936         1.00
  H  40    -12.21216497   -6.51993247    1.13610324         1.00
  H  41     -9.30897900   -3.42172678   -0.12793445         1.00
  H  42     -5.34282218    2.77279489    3.54134643         1.00
  H  43     -0.75834702    2.50483175    3.28906801         1.00
  H  44      2.77600742   -2.83005358   -3.10595357         1.00
  H  45      6.43678453   -1.95246485   -6.14954618         1.00
  H  46      9.68031015   -4.38303037   -8.42950054         1.00
  H  47     13.15740589   -6.41750932   -6.08189400         1.00
  H  48     13.35960657   -6.02746989   -1.43883734         1.00
  H  49     10.11003383   -3.60181766    0.84262880         1.00
  H  50      7.14259717    1.96607088    5.59812415         1.00
  H  51     10.98875640    3.83689957    7.35519134         1.00
  H  52     14.73494912    4.48998886    4.65326118         1.00
  H  53     14.56562967    3.29587103    0.14380814         1.00
  H  54     10.70227394    1.45849049   -1.63990418         1.00
  H  55      3.51507924    3.28132014    1.56696076         1.00
  H  56      3.45574184    0.67255347    3.63545478         1.00
  H  57     -1.41408193   -2.40524319   -3.10368590         1.00
  H  58     -6.00309242   -2.09929656   -2.85235235         1.00
  H  59     -8.76719457    4.48961091    1.21018050         1.00

 # atoms          =   59
 # mos            =  258
 # primitive  aos = 2050
 # contracted aos =  394

 spherical AO basis
======================================================================
                    A O   I N T E G R A L S
======================================================================
 memory needed for AO int data:   5 Mb
 done.
  
Restricted MOs found... RKS-sTD-DFT will be performed
  
======================================================================
                    s T D A
======================================================================
 spectral range up to (eV)     :    10.0000000000000     
 occ MO cut-off (eV)           :   -35.8155601422886     
 virtMO cut-off (eV)           :    13.8202605680011     
 perturbation thr              :   1.000000000000000E-004
 triplet                       :  F
 MOs in TDA :          206
 oMOs in TDA:           79
 vMOs in TDA:          127
 sorting MOs ...
 reading and transforming R..V..L AO ints ...
 ints done.
 S^1/2 ...
 S^1/2 orthogonalized MO coefficients done.

 SCF atom population (using active MOs):
  3.498  5.212  3.484  3.910  3.483  5.212  3.498  3.910  4.031  4.043
  3.964  3.963  4.027  4.077  3.933  4.040  4.053  3.976  3.997  3.993
  3.994  3.970  4.067  4.034  3.968  3.996  3.991  3.991  3.965  3.994
  3.963  3.963  3.910  0.991  0.977  0.990  0.925  0.991  0.977  0.990
  1.017  1.000  1.016  1.001  1.002  0.994  0.997  0.993  1.002  1.016
  0.993  0.996  0.992  1.017  0.979  1.006  1.014  1.000  1.017
 
 # electrons in TDA: 158.000
 
 
 ax(DF)   :   0.500000000000000     
 s^K      :    2.00000000000000     
 beta  (J):    4.00000000000000     
 alpha (K):    2.00000000000000     
 
 hardness table read.
 setting up gammas ...
 memory needed for q data (Mb)                      7
 computing q(ij,n) ...
 
         208 CSF included by energy.
 
        9825 considered in PT2.
 ordered frontier orbitals
         eV     # centers
  69   -18.011    17.9
  70   -17.688    16.4
  71   -16.952    17.4
  72   -16.323    11.6
  73   -16.292     4.3
  74   -16.242     7.8
  75   -16.165     7.0
  76   -15.801    14.3
  77   -15.122     7.4
  78   -14.845     5.3
  79   -14.180    10.9
 
  80    -7.816    12.5
  81    -6.500    19.4
  82    -5.848     9.2
  83    -5.822     4.7
  84    -5.712    10.6
  85    -5.690    12.2
  86    -5.456    12.8
  87    -5.186    33.2
  88    -5.056     8.4
  89    -5.019    22.7
  90    -4.780    20.5
 
             lowest CSF states
       eV     nm      excitation i->a               eV
    1  3.53   351.7       79 ->  80     gap,J,K:   6.364   3.832   0.496   Kshft:   0.001  locality: 0.999
    2  4.96   250.1       79 ->  81     gap,J,K:   7.680   3.244   0.255   Kshft:   0.012  locality: 0.947
    3  5.21   238.1       76 ->  80     gap,J,K:   7.985   3.208   0.200   Kshft:   0.030  locality: 0.911
    4  5.32   233.0       77 ->  80     gap,J,K:   7.306   2.372   0.133   Kshft:   0.121  locality: 0.621
    5  5.44   227.9       79 ->  83     gap,J,K:   8.358   3.350   0.202   Kshft:   0.029  locality: 0.762
    6  5.48   226.2       73 ->  80     gap,J,K:   8.476   3.432   0.206   Kshft:   0.026  locality: 0.766
    7  5.53   224.1       78 ->  80     gap,J,K:   7.029   2.063   0.039   Kshft:   0.489  locality: 0.470
    8  5.61   221.0       74 ->  80     gap,J,K:   8.426   3.200   0.151   Kshft:   0.081  locality: 0.807
    9  5.67   218.5       79 ->  82     gap,J,K:   8.332   3.111   0.099   Kshft:   0.254  locality: 0.801
   10  5.70   217.3       72 ->  80     gap,J,K:   8.507   3.237   0.203   Kshft:   0.028  locality: 0.863
   11  5.82   213.1       79 ->  84     gap,J,K:   8.468   3.077   0.108   Kshft:   0.213  locality: 0.826
   12  5.85   212.0       79 ->  85     gap,J,K:   8.490   3.024   0.141   Kshft:   0.101  locality: 0.861
   13  5.86   211.4       75 ->  80     gap,J,K:   8.349   3.024   0.072   Kshft:   0.394  locality: 0.745
   14  6.09   203.7       79 ->  86     gap,J,K:   8.724   3.160   0.255   Kshft:   0.012  locality: 0.919
   15  6.15   201.5       78 ->  81     gap,J,K:   8.345   2.581   0.165   Kshft:   0.060  locality: 0.659
   16  6.17   200.9       79 ->  87     gap,J,K:   8.993   3.326   0.002   Kshft:   0.500  locality: 0.950
   17  6.32   196.3       78 ->  89     gap,J,K:   9.825   3.965   0.218   Kshft:   0.021  locality: 0.967
   18  6.37   194.8       71 ->  80     gap,J,K:   9.136   3.299   0.259   Kshft:   0.011  locality: 0.950
   19  6.39   194.0       78 ->  83     gap,J,K:   9.023   3.132   0.000   Kshft:   0.500  locality: 0.623
   20  6.39   193.9       77 ->  81     gap,J,K:   8.621   2.653   0.197   Kshft:   0.031  locality: 0.778
   21  6.61   187.6       78 ->  88     gap,J,K:   9.789   4.482   0.651   Kshft:   0.000  locality: 0.997
   22  6.77   183.3       76 ->  81     gap,J,K:   9.301   3.058   0.256   Kshft:   0.011  locality: 0.973
   23  6.85   181.0       77 ->  83     gap,J,K:   9.300   3.004   0.066   Kshft:   0.420  locality: 0.686
   24  6.87   180.5       77 ->  88     gap,J,K:  10.066   3.893   0.345   Kshft:   0.003  locality: 0.994
   25  6.95   178.5       73 ->  81     gap,J,K:   9.792   3.294   0.213   Kshft:   0.023  locality: 0.824
 
 selecting CSF ...
 average/max PT2 energy lowering (eV):     0.030     0.281
        1308 CSF included by PT.
        1516 CSF in total.
 sTD-DFT procedure...
 setting up A+B and A-B matrices
  calculating (A-B)^0.5 ...
 estimated time (min)     0.15
  calculating (A+B)*(A-B)^0.5 ...
 calculate eigenvalues of (A-B)^0.5*(A+B)*(A-B)^0.5 ...
  rpa vectors ok
  250 roots found, lowest/highest eigenvalue :    3.049   9.997   0
 writing spectral data to tda.dat ...
 
 excitation energies, transition moments and TDA amplitudes
 state    eV      nm       fL         Rv
    1    3.049   406.6     0.8667    -6.5688     0.95(  79->  80)  0.01(  77->  80)  0.01(  77->  81)
    2    4.415   280.9     0.2972   -11.8401     0.79(  79->  81)  0.02(  79->  85)  0.02(  79->  86)
    3    4.442   279.1     0.0100     8.1316     0.27(  79->  83)  0.26(  73->  80)  0.09(  78->  81)
    4    4.461   278.0     0.0220    -1.2958     0.24(  78->  81)  0.16(  78->  80)  0.11(  73->  80)
    5    4.499   275.6     0.5804   -10.7547     0.50(  76->  80)  0.37(  77->  80)  0.03(  76->  81)
    6    4.671   265.4     0.0161    -1.2118     0.26(  74->  80)  0.14(  79->  82)  0.10(  79->  84)
    7    4.862   255.0     0.0004     0.3622     0.14(  79->  82)  0.13(  75->  81)  0.13(  75->  80)
    8    4.999   248.0     0.0220    10.0507     0.22(  76->  80)  0.21(  77->  80)  0.18(  72->  80)
    9    5.136   241.4     0.0234    -2.1304     0.26(  72->  80)  0.13(  79->  85)  0.11(  77->  81)
   10    5.449   227.5     0.0262    21.6810     0.36(  78->  80)  0.11(  79->  83)  0.10(  73->  80)
   11    5.463   227.0     0.1053     4.9205     0.17(  78->  80)  0.16(  79->  83)  0.15(  79->  86)
   12    5.491   225.8     0.0609   -14.5645     0.34(  79->  86)  0.17(  79->  83)  0.15(  73->  80)
   13    5.518   224.7     0.0510    -2.6828     0.24(  79->  85)  0.14(  79->  87)  0.09(  79->  84)
   14    5.540   223.8     0.1011   -20.6610     0.22(  79->  85)  0.19(  74->  80)  0.16(  72->  80)
   15    5.563   222.9     0.0035    26.7161     0.54(  78->  89)  0.19(  78->  88)  0.05(  78->  92)
   16    5.596   221.6     0.0065    10.3906     0.33(  79->  87)  0.24(  79->  84)  0.10(  74->  80)
   17    5.628   220.3     0.1012    -3.8075     0.34(  79->  82)  0.19(  75->  80)  0.16(  79->  87)
   18    5.697   217.6     0.1229   -28.8764     0.25(  71->  80)  0.15(  76->  81)  0.15(  78->  88)
   19    5.909   209.8     0.0325    -0.8049     0.30(  75->  80)  0.07(  75->  85)  0.07(  79->  84)
   20    5.918   209.5     0.0638   -11.6693     0.18(  71->  80)  0.14(  78->  88)  0.08(  75->  80)
   21    6.046   205.1     0.0088    -3.1891     0.27(  78->  90)  0.26(  77->  89)  0.10(  77->  88)
   22    6.143   201.8     0.1949    33.4206     0.21(  70->  80)  0.17(  76->  81)  0.08(  69->  80)
   23    6.194   200.2     0.2910   -38.8646     0.15(  77->  81)  0.11(  78->  88)  0.10(  73->  83)
   24    6.206   199.8     0.0074     4.9865     0.25(  79->  92)  0.18(  79->  89)  0.09(  79->  88)
   25    6.285   197.3     0.0406    -2.6056     0.11(  74->  86)  0.10(  72->  82)  0.07(  72->  84)
   26    6.315   196.3     0.1292    34.9468     0.12(  70->  80)  0.10(  69->  80)  0.06(  75->  82)
   27    6.329   195.9     0.0086     3.8813     0.21(  79->  91)  0.19(  79->  90)  0.14(  79->  94)
   28    6.345   195.4     0.0782     4.6490     0.26(  77->  83)  0.15(  73->  81)  0.11(  71->  83)
   29    6.361   194.9     0.0338    -8.9361     0.67(  78->  83)  0.06(  73->  81)  0.05(  77->  83)
   30    6.409   193.5     0.2952    -3.0285     0.22(  77->  88)  0.21(  78->  81)  0.20(  78->  83)
   31    6.477   191.4     0.0280    -3.2408     0.23(  78->  90)  0.23(  77->  89)  0.12(  79->  92)
   32    6.503   190.7     0.2864   -23.4380     0.19(  73->  83)  0.12(  77->  81)  0.06(  75->  84)
   33    6.565   188.9     0.1588   -13.1001     0.19(  75->  82)  0.11(  79->  93)  0.11(  74->  84)
   34    6.677   185.7     0.0449   -14.4282     0.25(  79->  94)  0.06(  72->  87)  0.06(  76->  91)
   35    6.724   184.4     0.0364    38.2784     0.23(  77->  83)  0.11(  73->  81)  0.05(  76->  81)
   36    6.731   184.2     0.0085    16.7381     0.21(  77->  83)  0.12(  73->  81)  0.05(  73->  83)
   37    6.787   182.7     0.1440   -14.3579     0.19(  73->  83)  0.08(  79->  93)  0.07(  69->  80)
   38    6.841   181.2     0.3777    -9.5978     0.20(  78->  93)  0.16(  78->  86)  0.15(  78->  81)
   39    6.858   180.8     0.0147    25.6318     0.10(  76->  81)  0.09(  71->  81)  0.09(  73->  83)
   40    6.882   180.2     0.0166   -11.8054     0.36(  77->  90)  0.11(  77->  91)  0.07(  79->  90)
   41    6.905   179.6     0.0135     5.1714     0.33(  75->  87)  0.12(  75->  91)  0.08(  74->  91)
   42    6.927   179.0     0.0033    16.9645     0.33(  74->  87)  0.12(  75->  91)  0.09(  75->  92)
   43    6.967   178.0     0.0939   -48.5156     0.19(  79->  96)  0.10(  79-> 103)  0.07(  79-> 101)
   44    6.989   177.4     0.0730  -111.6664     0.19(  79->  95)  0.06(  76->  89)  0.05(  77->  92)
   45    7.024   176.5     0.3541   122.5979     0.25(  75->  81)  0.17(  76->  82)  0.07(  76->  84)
   46    7.049   175.9     0.0170     3.1943     0.33(  72->  81)  0.12(  76->  85)  0.09(  77->  85)
   47    7.081   175.1     0.0695    24.5295     0.19(  67->  80)  0.13(  66->  80)  0.07(  77->  93)
   48    7.199   172.2     0.1179   -10.4132     0.14(  76->  82)  0.14(  76->  85)  0.10(  76->  84)
   49    7.224   171.6     0.2537   -56.9597     0.10(  76->  84)  0.07(  72->  81)  0.04(  72->  84)
   50    7.232   171.4     0.0735   -21.9473     0.26(  78->  98)  0.11(  76->  83)  0.05(  78->  96)
   51    7.237   171.3     0.0537    41.2067     0.08(  76->  84)  0.07(  78->  98)  0.06(  76->  82)
   52    7.275   170.4     0.0459    -6.4844     0.41(  74->  81)  0.08(  74->  85)  0.05(  76->  84)
   53    7.293   170.0     0.2215   -37.0574     0.29(  76->  83)  0.12(  73->  81)  0.10(  78->  98)
   54    7.308   169.6     0.0001     1.5881     0.19(  78-> 100)  0.16(  78->  95)  0.10(  78-> 102)
   55    7.338   169.0     0.0231    -5.3616     0.29(  67->  80)  0.14(  66->  80)  0.10(  65->  80)
   56    7.364   168.4     0.0135    18.5545     0.09(  77->  86)  0.08(  79->  96)  0.08(  66->  80)
   57    7.384   167.9     0.0041     2.3442     0.11(  72->  82)  0.08(  72->  84)  0.06(  73->  87)
   58    7.389   167.8     0.0083   -10.3810     0.16(  73->  87)  0.13(  73->  89)  0.10(  73->  92)
   59    7.401   167.5     0.0174    22.1783     0.05(  77->  86)  0.04(  72->  84)  0.04(  79->  96)
   60    7.442   166.6     0.1987   -17.9913     0.22(  74->  82)  0.15(  72->  86)  0.13(  75->  85)
   61    7.454   166.3     0.1579    27.1135     0.13(  75->  82)  0.11(  75->  85)  0.10(  74->  84)
   62    7.464   166.1     0.0042    26.5490     0.10(  79->  97)  0.08(  77->  95)  0.07(  78-> 100)
   63    7.478   165.8     0.0071    32.2457     0.08(  79->  96)  0.07(  79->  99)  0.07(  78->  99)
   64    7.498   165.4     0.0413  -102.6658     0.36(  79->  88)  0.09(  76->  88)  0.07(  79->  89)
   65    7.508   165.1     0.1682    56.7900     0.22(  75->  84)  0.10(  74->  82)  0.09(  72->  84)
   66    7.518   164.9     0.0287    27.2237     0.22(  78-> 102)  0.13(  77->  98)  0.04(  78-> 103)
   67    7.539   164.5     0.0328     2.3052     0.06(  65->  80)  0.06(  68->  80)  0.05(  78-> 102)
   68    7.547   164.3     0.1456    14.7261     0.13(  75->  84)  0.11(  72->  84)  0.11(  74->  85)
   69    7.561   164.0     0.0260    29.0767     0.21(  74->  84)  0.08(  75->  82)  0.06(  65->  80)
   70    7.572   163.7     0.0096    -3.6848     0.08(  78-> 100)  0.08(  74->  84)  0.05(  79->  97)
   71    7.598   163.2     0.0183    55.1947     0.09(  79-> 101)  0.08(  79->  89)  0.07(  78->  99)
   72    7.642   162.3     0.0106    -5.0301     0.14(  79->  89)  0.13(  77->  87)  0.11(  76->  87)
   73    7.659   161.9     0.0521    31.0499     0.13(  66->  80)  0.12(  65->  80)  0.05(  71->  81)
   74    7.669   161.7     0.0057    14.0076     0.10(  77-> 102)  0.09(  78->  99)  0.08(  77-> 100)
   75    7.719   160.6     0.0145    30.8498     0.14(  68->  80)  0.10(  63->  80)  0.07(  67->  80)
   76    7.753   159.9     0.0304   -24.0863     0.15(  71->  81)  0.09(  77->  93)  0.06(  78-> 100)
   77    7.823   158.5     0.0117     5.1198     0.07(  71->  81)  0.06(  79->  91)  0.04(  79->  98)
   78    7.844   158.1     0.0031   -23.8461     0.07(  79->  92)  0.07(  72->  87)  0.04(  79-> 107)
   79    7.852   157.9     0.0264   -44.7615     0.10(  79-> 104)  0.05(  79-> 106)  0.05(  73->  94)
   80    7.863   157.7     0.0054    12.7503     0.24(  64->  80)  0.06(  64->  81)  0.04(  70->  81)
   81    7.907   156.8     0.0038    15.3616     0.14(  76->  83)  0.14(  71->  83)  0.07(  73->  93)
   82    7.922   156.5     0.0047   -40.8914     0.15(  75->  96)  0.09(  75->  95)  0.08(  74->  96)
   83    7.925   156.5     0.0037   -24.0857     0.06(  76->  83)  0.06(  79->  92)  0.05(  71->  83)
   84    7.946   156.0     0.0088    62.4670     0.11(  75->  96)  0.04(  79->  99)  0.04(  74->  97)
   85    7.949   156.0     0.0211   -12.1041     0.51(  78->  85)  0.23(  78->  93)  0.07(  78->  81)
   86    7.976   155.4     0.0399   -29.0367     0.12(  71->  83)  0.10(  73->  86)  0.06(  73->  94)
   87    7.983   155.3     0.0455    16.9099     0.12(  63->  80)  0.07(  73->  86)  0.06(  68->  81)
   88    8.037   154.3     0.0050     9.2476     0.06(  79->  90)  0.03(  78-> 102)  0.03(  77->  90)
   89    8.045   154.1     0.0041     9.3716     0.26(  63->  80)  0.12(  61->  80)  0.09(  63->  81)
   90    8.062   153.8     0.0225    19.8353     0.05(  77->  99)  0.05(  78->  87)  0.04(  78->  92)
   91    8.073   153.6     0.0122    65.9211     0.17(  73->  94)  0.11(  73->  90)  0.04(  79-> 107)
   92    8.103   153.0     0.0251   -34.0285     0.07(  78->  86)  0.04(  78->  85)  0.04(  78-> 104)
   93    8.128   152.5     0.0143    13.1258     0.07(  70->  81)  0.05(  79->  95)  0.03(  78->  86)
   94    8.133   152.4     0.0085    30.6874     0.32(  78->  86)  0.14(  78->  93)  0.14(  78->  85)
   95    8.138   152.4     0.0076    -4.9082     0.08(  70->  81)  0.06(  79->  90)  0.04(  69->  81)
   96    8.220   150.8     0.0197     4.7018     0.18(  77->  85)  0.05(  77->  86)  0.05(  77->  93)
   97    8.236   150.5     0.0034   -59.0164     0.10(  79-> 108)  0.05(  72->  96)  0.05(  79-> 106)
   98    8.242   150.4     0.0017    -1.4041     0.31(  67->  83)  0.24(  66->  83)  0.13(  69->  83)
   99    8.269   149.9     0.0092     5.0826     0.15(  77-> 100)  0.12(  77-> 102)  0.05(  78->  86)
  100    8.282   149.7     0.0002     0.6847     0.97(  78->  82)  0.00(  78->  86)  0.00(  77-> 100)
  101    8.284   149.7     0.0170    -7.4498     0.09(  59->  80)  0.06(  71->  86)  0.06(  61->  80)
  102    8.307   149.3     0.0020   -41.7325     0.08(  79-> 109)  0.06(  77->  94)  0.04(  79->  90)
  103    8.325   148.9     0.0066    -7.9669     0.13(  77->  84)  0.06(  77->  85)  0.04(  77->  82)
  104    8.332   148.8     0.0000   -21.6432     0.06(  77->  95)  0.03(  79->  95)  0.03(  77-> 101)
  105    8.335   148.8     0.0005     8.1260     0.11(  74->  97)  0.09(  75->  97)  0.06(  74->  92)
  106    8.347   148.5     0.0018    -0.3591     0.88(  78->  84)  0.04(  78->  86)  0.03(  78->  85)
  107    8.355   148.4     0.0044     9.6530     0.15(  77->  82)  0.09(  71->  82)  0.06(  70->  82)
  108    8.369   148.2     0.0052   -21.7839     0.10(  77->  84)  0.07(  65->  82)  0.07(  65->  84)
  109    8.375   148.0     0.0018     1.2898     0.09(  75->  87)  0.07(  75->  97)  0.07(  75->  98)
  110    8.383   147.9     0.0362   -20.8169     0.12(  77->  84)  0.06(  76->  93)  0.05(  77->  82)
  111    8.399   147.6     0.0067    12.0769     0.08(  79-> 108)  0.05(  79->  95)  0.04(  77->  99)
  112    8.427   147.1     0.0036    12.1251     0.18(  66->  82)  0.12(  64->  84)  0.12(  77->  84)
  113    8.435   147.0     0.0028     1.4937     0.08(  77->  99)  0.03(  79-> 109)  0.03(  76->  90)
  114    8.444   146.8     0.0123    -9.8933     0.08(  77->  82)  0.06(  79-> 106)  0.05(  64->  82)
  115    8.450   146.7     0.0248    30.8618     0.18(  77->  82)  0.12(  64->  82)  0.06(  66->  84)
  116    8.479   146.2     0.0116    -7.5428     0.11(  58->  80)  0.04(  59->  80)  0.04(  77->  93)
  117    8.506   145.8     0.0031     7.7077     0.08(  57->  80)  0.03(  65->  81)  0.03(  70->  81)
  118    8.535   145.3     0.0497   -22.0864     0.23(  73->  93)  0.05(  73->  81)  0.05(  73->  85)
  119    8.545   145.1     0.0388    24.2754     0.08(  58->  80)  0.08(  73->  93)  0.03(  70->  81)
  120    8.546   145.1     0.0714     2.6294     0.09(  78->  94)  0.08(  73->  93)  0.07(  58->  80)
  121    8.578   144.5     0.0578   -37.8788     0.10(  58->  80)  0.04(  59->  80)  0.03(  52->  80)
  122    8.591   144.3     0.0059     1.5417     0.09(  74->  85)  0.08(  71->  88)  0.05(  74->  86)
  123    8.593   144.3     0.0138    -7.7286     0.09(  74->  85)  0.09(  71->  88)  0.06(  74->  86)
  124    8.614   143.9     0.0016     5.6773     0.06(  73->  88)  0.04(  76->  87)  0.04(  79-> 105)
  125    8.635   143.6     0.0011     1.2831     0.15(  73->  88)  0.06(  52->  80)  0.03(  70->  86)
  126    8.642   143.5     0.0032   -11.2624     0.21(  73->  88)  0.06(  77->  87)  0.04(  73->  92)
  127    8.652   143.3     0.0114     0.3116     0.05(  77->  87)  0.04(  52->  80)  0.03(  79-> 112)
  128    8.665   143.1     0.0022    -1.9793     0.13(  73->  88)  0.04(  72->  91)  0.04(  77->  87)
  129    8.674   142.9     0.0019     2.1466     0.23(  75->  86)  0.08(  75->  93)  0.06(  64->  82)
  130    8.677   142.9     0.0065     1.9176     0.08(  64->  82)  0.08(  64->  84)  0.07(  75->  86)
  131    8.700   142.5     0.0057     2.1656     0.19(  63->  82)  0.07(  65->  82)  0.07(  63->  84)
  132    8.711   142.3     0.0021     7.5720     0.04(  79-> 109)  0.04(  79-> 113)  0.03(  78->  87)
  133    8.726   142.1     0.0021     6.5158     0.06(  75-> 105)  0.05(  75->  92)  0.05(  75->  99)
  134    8.733   142.0     0.0035   -16.1796     0.08(  57->  80)  0.07(  73->  89)  0.07(  51->  80)
  135    8.735   141.9     0.0021     7.3780     0.03(  69->  81)  0.03(  56->  80)  0.03(  58->  80)
  136    8.743   141.8     0.0028   -11.5538     0.32(  73->  89)  0.11(  73->  88)  0.05(  73->  87)
  137    8.749   141.7     0.0027     7.4199     0.14(  78-> 112)  0.09(  78-> 113)  0.08(  78-> 107)
  138    8.762   141.5     0.0016     3.5180     0.06(  74->  96)  0.05(  78->  87)  0.04(  74-> 106)
  139    8.766   141.4     0.0034    -0.0724     0.12(  78->  87)  0.03(  78-> 112)  0.03(  78-> 114)
  140    8.786   141.1     0.0063     2.9034     0.14(  78->  87)  0.04(  73->  89)  0.02(  78-> 108)
  141    8.803   140.8     0.0308    -2.7938     0.10(  72->  83)  0.06(  74->  83)  0.06(  70->  86)
  142    8.807   140.8     0.0060    -2.9925     0.18(  72->  83)  0.10(  74->  83)  0.09(  68->  83)
  143    8.833   140.4     0.0031    -7.5803     0.05(  72->  92)  0.04(  77->  91)  0.03(  72->  87)
  144    8.852   140.1     0.0411    35.7649     0.08(  70->  82)  0.06(  70->  84)  0.06(  71->  82)
  145    8.853   140.0     0.0118   -13.1967     0.05(  65->  85)  0.04(  70->  82)  0.04(  70->  85)
  146    8.869   139.8     0.0029   -26.3364     0.04(  79-> 105)  0.04(  72->  92)  0.04(  79-> 116)
  147    8.891   139.5     0.0054    -2.4285     0.09(  60->  80)  0.08(  60->  81)  0.05(  59->  81)
  148    8.906   139.2     0.0085    11.3220     0.07(  78-> 115)  0.05(  78-> 113)  0.04(  78-> 111)
  149    8.930   138.8     0.0018    11.4201     0.05(  79-> 102)  0.04(  70->  84)  0.03(  71->  84)
  150    8.941   138.7     0.0165     1.8076     0.09(  70->  84)  0.06(  71->  84)  0.04(  71->  82)
  151    8.944   138.6     0.0013    -3.9910     0.16(  68->  83)  0.07(  73->  99)  0.05(  69->  83)
  152    8.973   138.2     0.0013    -0.8345     0.87(  75->  83)  0.03(  74->  83)  0.03(  68->  83)
  153    8.992   137.9     0.0157   -15.1274     0.13(  68->  83)  0.08(  74->  83)  0.07(  72->  83)
  154    9.005   137.7     0.0046   -23.9006     0.04(  74->  83)  0.04(  79-> 111)  0.03(  76->  94)
  155    9.030   137.3     0.0027    -3.2345     0.07(  79-> 113)  0.07(  77-> 112)  0.05(  76-> 103)
  156    9.049   137.0     0.0015    13.7878     0.14(  51->  80)  0.05(  64->  80)  0.04(  64->  81)
  157    9.052   137.0     0.0030     8.5402     0.07(  51->  80)  0.03(  79-> 110)  0.03(  71->  85)
  158    9.061   136.8     0.0002    -1.4278     0.66(  68->  88)  0.19(  68->  89)  0.02(  53->  88)
  159    9.064   136.8     0.0067    59.4946     0.10(  74->  83)  0.06(  79-> 111)  0.03(  72->  83)
  160    9.071   136.7     0.0034     4.2460     0.41(  74->  83)  0.24(  72->  83)  0.02(  79-> 111)
  161    9.082   136.5     0.0002     4.9095     0.87(  73->  82)  0.00(  73->  84)  0.00(  77-> 108)
  162    9.086   136.5     0.0003    29.9527     0.10(  72->  83)  0.06(  73->  82)  0.04(  74->  83)
  163    9.099   136.3     0.0019     5.0281     0.05(  78->  87)  0.05(  78->  92)  0.05(  76->  93)
  164    9.112   136.1     0.0025     2.7186     0.06(  78-> 114)  0.04(  78->  91)  0.03(  78->  90)
  165    9.140   135.7     0.0090   -14.8881     0.06(  78->  91)  0.04(  69->  83)  0.04(  78-> 116)
  166    9.162   135.3     0.0013     4.7528     0.04(  74-> 107)  0.03(  75-> 107)  0.03(  74->  91)
  167    9.164   135.3     0.0120    19.5023     0.10(  69->  83)  0.03(  72->  83)  0.03(  70->  83)
  168    9.170   135.2     0.0037     5.4824     0.06(  52->  80)  0.06(  63->  86)  0.05(  63->  80)
  169    9.172   135.2     0.0144    44.9912     0.07(  69->  83)  0.04(  71->  87)  0.03(  77->  92)
  170    9.189   134.9     0.0223    -2.9734     0.05(  71->  93)  0.05(  77-> 113)  0.04(  77-> 116)
  171    9.202   134.7     0.0010    -1.6654     0.75(  73->  84)  0.09(  73->  85)  0.04(  73->  86)
  172    9.222   134.4     0.0074     8.4670     0.07(  73->  86)  0.05(  69->  88)  0.04(  73->  91)
  173    9.232   134.3     0.0011    -1.7483     0.17(  73->  85)  0.17(  73->  86)  0.04(  73->  91)
  174    9.236   134.2     0.0009    -8.9914     0.11(  75->  87)  0.04(  75->  91)  0.03(  74->  91)
  175    9.250   134.0     0.0106   -18.6614     0.17(  76->  88)  0.14(  69->  88)  0.07(  70->  88)
  176    9.253   134.0     0.0013    -7.1270     0.05(  75->  87)  0.04(  71->  93)  0.03(  67->  81)
  177    9.265   133.8     0.0021    -6.6258     0.05(  77-> 113)  0.05(  73->  85)  0.04(  73->  86)
  178    9.279   133.6     0.0008     4.2446     0.03(  69->  90)  0.02(  77-> 111)  0.02(  79-> 107)
  179    9.305   133.2     0.0055    -1.0984     0.12(  66->  86)  0.07(  64->  86)  0.05(  67->  86)
  180    9.315   133.1     0.0034   -15.3282     0.12(  58->  82)  0.05(  73->  85)  0.03(  73->  98)
  181    9.319   133.0     0.0015     1.3621     0.10(  73->  85)  0.06(  58->  82)  0.05(  73->  98)
  182    9.330   132.9     0.0055   -17.4152     0.05(  77->  87)  0.03(  73->  85)  0.03(  74->  87)
  183    9.335   132.8     0.0082    -5.0175     0.03(  75-> 101)  0.03(  75->  92)  0.03(  75-> 110)
  184    9.347   132.6     0.0218    17.4839     0.03(  75-> 110)  0.03(  66->  81)  0.02(  75-> 105)
  185    9.361   132.4     0.0190     9.6702     0.07(  75->  92)  0.07(  75-> 110)  0.03(  58->  84)
  186    9.375   132.3     0.0007     8.8197     0.03(  74->  92)  0.03(  72-> 110)  0.03(  72-> 101)
  187    9.376   132.2     0.0072    -0.0470     0.04(  58->  82)  0.04(  79-> 119)  0.03(  76-> 104)
  188    9.383   132.1     0.0074    -7.9065     0.08(  42->  80)  0.08(  58->  84)  0.06(  58->  82)
  189    9.407   131.8     0.0045   -31.9246     0.10(  78->  91)  0.08(  76->  89)  0.06(  77->  87)
  190    9.418   131.6     0.0236    12.9582     0.10(  42->  80)  0.04(  58->  84)  0.03(  61->  82)
  191    9.440   131.3     0.0036   -15.1146     0.19(  68->  80)  0.08(  61->  81)  0.06(  57->  81)
  192    9.449   131.2     0.0159    21.2488     0.12(  42->  80)  0.05(  68->  80)  0.04(  77->  91)
  193    9.458   131.1     0.0007    -4.6205     0.05(  79-> 116)  0.05(  79->  98)  0.04(  77->  98)
  194    9.471   130.9     0.0188   -25.6555     0.05(  78->  91)  0.04(  76-> 109)  0.03(  78->  92)
  195    9.499   130.5     0.0031    -4.6768     0.10(  70->  87)  0.04(  79-> 100)  0.04(  79-> 122)
  196    9.503   130.5     0.0007    -6.4185     0.20(  68->  89)  0.06(  60->  90)  0.05(  79-> 100)
  197    9.514   130.3     0.0003     4.9723     0.09(  79-> 100)  0.07(  79-> 102)  0.06(  68->  89)
  198    9.533   130.1     0.0002     5.0967     0.22(  59->  83)  0.09(  56->  83)  0.06(  69->  83)
  199    9.539   130.0     0.0016   -11.0303     0.07(  78->  92)  0.03(  78-> 115)  0.02(  68->  89)
  200    9.547   129.9     0.0024    -4.6457     0.05(  57->  80)  0.04(  65->  81)  0.04(  78->  92)
  201    9.560   129.7     0.0035    14.3635     0.07(  73->  87)  0.07(  59->  83)  0.05(  73-> 108)
  202    9.567   129.6     0.0020    -8.5066     0.11(  79-> 102)  0.03(  79-> 103)  0.03(  76-> 109)
  203    9.571   129.5     0.0061   -12.1648     0.08(  52->  80)  0.04(  71->  86)  0.03(  54->  81)
  204    9.587   129.3     0.0020     1.0528     0.05(  78->  92)  0.03(  79-> 100)  0.03(  78->  95)
  205    9.614   129.0     0.0074    -4.3361     0.05(  71->  86)  0.04(  69->  81)  0.04(  52->  80)
  206    9.618   128.9     0.0070     8.0573     0.05(  79-> 102)  0.03(  77-> 102)  0.02(  77->  95)
  207    9.630   128.7     0.0009     1.0032     0.17(  71->  82)  0.11(  70->  82)  0.10(  69->  82)
  208    9.647   128.5     0.0015    -0.0115     0.06(  70->  83)  0.05(  69->  86)  0.04(  71->  85)
  209    9.649   128.5     0.0175     4.2877     0.54(  62->  80)  0.22(  62->  81)  0.05(  62->  85)
  210    9.650   128.5     0.0128     0.1439     0.12(  71->  82)  0.09(  70->  82)  0.07(  69->  82)
  211    9.659   128.4     0.0126    -7.9612     0.09(  75->  92)  0.06(  75->  94)  0.04(  75-> 109)
  212    9.665   128.3     0.0176     0.1489     0.04(  68->  90)  0.03(  70->  83)  0.03(  75->  92)
  213    9.672   128.2     0.0017    13.3330     0.15(  68->  90)  0.07(  78-> 128)  0.06(  60->  89)
  214    9.678   128.1     0.0105   -33.2849     0.05(  79-> 102)  0.05(  79-> 100)  0.03(  68->  90)
  215    9.694   127.9     0.0057     8.9784     0.05(  70->  83)  0.03(  79-> 105)  0.03(  73->  87)
  216    9.694   127.9     0.0182     4.0508     0.14(  70->  83)  0.03(  67->  81)  0.02(  59->  83)
  217    9.702   127.8     0.0067    -2.0020     0.06(  70->  83)  0.06(  75-> 103)  0.04(  75-> 108)
  218    9.712   127.7     0.0008    15.6571     0.06(  70->  83)  0.05(  79-> 120)  0.02(  71->  93)
  219    9.719   127.6     0.0066    12.6260     0.16(  66->  87)  0.11(  67->  87)  0.04(  66->  92)
  220    9.724   127.5     0.0015     6.7884     0.10(  74-> 108)  0.07(  75-> 108)  0.06(  74-> 101)
  221    9.735   127.4     0.0063     6.8270     0.06(  74-> 109)  0.05(  74->  96)  0.04(  74-> 113)
  222    9.746   127.2     0.0007    -4.5833     0.08(  70->  83)  0.04(  78-> 122)  0.03(  79-> 112)
  223    9.753   127.1     0.0014     7.0787     0.06(  71->  84)  0.05(  70->  84)  0.04(  78->  94)
  224    9.762   127.0     0.0010    -3.8826     0.13(  71->  84)  0.09(  71->  85)  0.07(  70->  84)
  225    9.764   127.0     0.0105    -3.0981     0.05(  70->  83)  0.03(  78->  94)  0.03(  79-> 120)
  226    9.782   126.8     0.0073    -2.9371     0.05(  78->  94)  0.03(  78-> 124)  0.03(  70->  93)
  227    9.783   126.7     0.0014   -12.2946     0.04(  65->  91)  0.04(  72-> 108)  0.03(  65->  87)
  228    9.799   126.5     0.0259    -5.8038     0.07(  78->  94)  0.03(  70->  93)  0.02(  78-> 124)
  229    9.800   126.5     0.0021    -3.6874     0.05(  47->  80)  0.02(  65->  86)  0.02(  57->  80)
  230    9.804   126.5     0.0229    56.2120     0.05(  65->  87)  0.03(  69->  87)  0.03(  69->  89)
  231    9.825   126.2     0.0086   -10.7840     0.05(  67->  87)  0.05(  66->  87)  0.03(  75->  93)
  232    9.833   126.1     0.0005     2.2246     0.04(  77-> 114)  0.03(  71->  95)  0.03(  76->  92)
  233    9.838   126.0     0.0018    27.4647     0.08(  65->  87)  0.07(  65->  91)  0.06(  75->  93)
  234    9.847   125.9     0.0027    12.4960     0.05(  60->  80)  0.03(  56->  80)  0.03(  65->  91)
  235    9.851   125.9     0.0134     2.1543     0.05(  60->  80)  0.04(  73->  90)  0.04(  79-> 115)
  236    9.875   125.5     0.0105     9.3958     0.06(  73->  90)  0.04(  73->  96)  0.03(  72->  93)
  237    9.880   125.5     0.0031   -15.2328     0.22(  60->  88)  0.09(  59->  88)  0.08(  61->  88)
  238    9.889   125.4     0.0090    17.4955     0.03(  72->  93)  0.03(  56->  80)  0.02(  76->  91)
  239    9.902   125.2     0.0035    -6.3090     0.06(  56->  80)  0.04(  79-> 119)  0.04(  79-> 114)
  240    9.912   125.1     0.0111    -9.8659     0.13(  74->  93)  0.12(  78-> 128)  0.04(  75->  93)
  241    9.915   125.1     0.0069     2.2366     0.13(  74->  93)  0.13(  78-> 128)  0.05(  68->  90)
  242    9.920   125.0     0.0024   -10.8676     0.03(  79-> 115)  0.03(  71->  89)  0.03(  71->  95)
  243    9.931   124.9     0.0034    -7.5795     0.05(  79-> 120)  0.03(  79-> 115)  0.03(  79-> 114)
  244    9.944   124.7     0.0025     0.5384     0.03(  77-> 115)  0.03(  79-> 115)  0.02(  76->  97)
  245    9.957   124.5     0.0020    -0.9339     0.06(  55->  81)  0.05(  48->  80)  0.04(  55->  80)
  246    9.962   124.5     0.0051    -0.6584     0.05(  49->  80)  0.05(  54->  80)  0.04(  66->  81)
  247    9.973   124.3     0.0011    -8.3924     0.06(  63->  86)  0.04(  63->  85)  0.03(  51->  80)
  248    9.980   124.2     0.0057   -10.6184     0.04(  48->  80)  0.03(  72-> 101)  0.03(  71->  93)
  249    9.988   124.1     0.0055     4.7329     0.05(  77-> 128)  0.05(  49->  80)  0.04(  54->  81)
  250    9.997   124.0     0.0029    -1.1339     0.03(  79-> 108)  0.02(  71->  93)  0.02(  79-> 110)

  alpha tensor

           1         2         3
 
    1 384.87384
    2  -1.67972 114.92955
    3   1.86620  66.23331 122.00502
 trace alpha_L[0] / au:   207.269472312036     
 sum rule f_L           8.61195929408919     
 
 SOS specific optical rotation 
 including Lorentz factor for common solvent (n=1.4)
 lambda [eV] alpha[grad*cm^3*g^-1*dm^-1]
 632.8  1.96       29.88
 589.3  2.10       15.28        0.00 ##
 579.0  2.14        9.61
 546.0  2.27      -18.67
 436.0  2.84     -923.65
 365.0  3.40     1281.72
 
 sTD-DFT done.
Mon 21 Mar 14:04:12 GMT 2022
