Mon 21 Mar 14:57:43 GMT 2022


                 *********************************************
                 *                                           *
                 *               s  T  D  A                  *
                 *                                           *
                 *                S. Grimme                  *
                 * Mulliken Center for Theoretical Chemistry *
                 *             Universitaet Bonn             *
                 *              Version 1.6.2                *
                 *       Tue Sep 10 14:44:30 CET 2020        *
                 *********************************************
 
 Please cite as:
 S. Grimme, J. Chem. Phys. 138 (2013) 244104
 
 With contributions from:
 C. Bannwarth, P. Shushkov, M. de Wergifosse
 
======================================================================
 
 reading an xTB output...
 
 reading: wfn.xtb
======================================================================
                    M O / A O    I N P U T 
======================================================================
atom  #          x             y             z            charge
  C   1     16.97521923    1.26328180    0.78159065         6.00
  O   2     14.30654824    1.05257735    0.76137058         8.00
  C   3     13.28534034    0.20843677   -1.41767241         6.00
  O   4     14.55769282   -0.32238725   -3.24106898         8.00
  C   5     10.51273443    0.01700753   -1.30504474         6.00
  C   6      9.15080894    0.62663312    0.87210853         6.00
  C   7      6.56396308    0.40345649    0.90158825         6.00
  C   8      5.25759554   -0.43123546   -1.25628981         6.00
  N   9      2.68473366   -0.43123546   -1.39405083         7.00
  N  10      1.39631850   -1.00249962    0.55312279         7.00
  C  11     -1.15915790   -0.66348278    0.43633772         6.00
  C  12     -2.46155702    0.45447909   -1.58755877         6.00
  C  13     -5.03574171    0.75929189   -1.53445747         6.00
  C  14     -6.44245371   -0.05706972    0.58921655         6.00
  C  15     -5.14213328   -1.20054290    2.62388448         6.00
  C  16     -2.56360222   -1.48532460    2.52448490         6.00
  C  17     -6.56982124   -2.09419430    4.91650000         6.00
  C  18     -9.29707373   -2.67774167    4.22070291         6.00
  C  19    -10.41484662   -0.37473266    2.90923310         6.00
  N  20     -9.00530004    0.20446835    0.64704217         7.00
  C  21    -10.31242348    1.59776329   -1.29975351         6.00
  C  22     -9.09241641    1.12155235   -3.86052114         6.00
  C  23     -6.35325864    1.98440122   -3.73825587         6.00
  C  24      6.63331603   -1.01005852   -3.45026164         6.00
  C  25      9.21940599   -0.80729093   -3.45857643         6.00
  H  26     17.84543803   -0.58335840    0.47356532         1.00
  H  27     17.60789948    2.54527188   -0.70770237         1.00
  H  28     17.48185476    1.99933005    2.63182133         1.00
  H  29     10.15274164    1.25723467    2.53261072         1.00
  H  30      5.47604786    0.87853359    2.56209044         1.00
  H  31     -1.38233453    1.07941146   -3.20327446         1.00
  H  32     -1.56809459   -2.35686620    4.07708374         1.00
  H  33     -6.52635754   -0.62134189    6.36894337         1.00
  H  34     -5.64612319   -3.76187745    5.70168113         1.00
  H  35     -9.35735598   -4.28797715    2.93285467         1.00
  H  36    -10.40520902   -3.13788994    5.89556702         1.00
  H  37    -10.40672080    1.24684118    4.21144325         1.00
  H  38    -12.37713805   -0.74152846    2.36952737         1.00
  H  39    -10.29201444    3.63507684   -0.88061229         1.00
  H  40    -12.28510840    0.97755523   -1.32129638         1.00
  H  41    -10.12269499    2.13690210   -5.32770437         1.00
  H  42     -9.16876133   -0.89610805   -4.28400873         1.00
  H  43     -6.28466159    4.04098997   -3.52037047         1.00
  H  44     -5.36360916    1.51631610   -5.48530751         1.00
  H  45      5.62117881   -1.65672274   -5.09885856         1.00
  H  46     10.30694327   -1.26725022   -5.12248013         1.00

 # atoms          =   46
 # mos            =  203
 # primitive  aos = 1583
 # contracted aos =  305

 spherical AO basis
======================================================================
                    A O   I N T E G R A L S
======================================================================
 memory needed for AO int data:   3 Mb
 done.
  
Restricted MOs found... RKS-sTD-DFT will be performed
  
======================================================================
                    s T D A
======================================================================
 spectral range up to (eV)     :    10.0000000000000     
 occ MO cut-off (eV)           :   -36.2703138733190     
 virtMO cut-off (eV)           :    14.2808923478037     
 perturbation thr              :   1.000000000000000E-004
 triplet                       :  F
 MOs in TDA :          162
 oMOs in TDA:           63
 vMOs in TDA:           99
 sorting MOs ...
 reading and transforming R..V..L AO ints ...
 ints done.
 S^1/2 ...
 S^1/2 orthogonalized MO coefficients done.

 SCF atom population (using active MOs):
  3.581  5.521  3.129  5.994  4.012  3.915  3.987  4.028  5.243  5.003
  4.106  3.921  4.058  3.766  4.071  3.954  3.985  4.008  3.893  4.950
  3.893  4.007  3.984  4.030  3.933  0.995  0.997  0.991  0.991  0.999
  1.009  0.993  1.003  1.019  0.985  1.004  0.996  1.028  0.996  1.028
  1.004  0.985  1.001  1.018  0.986  0.996
 
 # electrons in TDA: 126.000
 
 
 ax(DF)   :   0.500000000000000     
 s^K      :    2.00000000000000     
 beta  (J):    4.00000000000000     
 alpha (K):    2.00000000000000     
 
 hardness table read.
 setting up gammas ...
 memory needed for q data (Mb)                      3
 computing q(ij,n) ...
 
         132 CSF included by energy.
 
        6105 considered in PT2.
 ordered frontier orbitals
         eV     # centers
  53   -18.592    29.8
  54   -18.299    27.9
  55   -18.193     4.4
  56   -18.018    17.4
  57   -17.205    12.8
  58   -17.153     2.6
  59   -16.311     5.0
  60   -16.179    10.4
  61   -15.801     5.0
  62   -15.080     6.0
  63   -13.719     7.5
 
  64    -8.270     9.3
  65    -6.325     9.4
  66    -5.706     4.5
  67    -5.580     5.2
  68    -5.448    18.0
  69    -4.848    19.2
  70    -4.689    10.2
  71    -4.427    21.4
  72    -4.411    23.3
  73    -4.205    21.8
  74    -4.169    26.5
 
             lowest CSF states
       eV     nm      excitation i->a               eV
    1  2.84   436.8       62 ->  64     gap,J,K:   6.809   4.416   0.210   Kshft:   0.024  locality: 0.977
    2  3.74   331.7       63 ->  64     gap,J,K:   5.449   3.679   0.984   Kshft:   0.000  locality: 0.903
    3  4.09   303.2       61 ->  64     gap,J,K:   7.531   3.838   0.173   Kshft:   0.050  locality: 0.851
    4  4.55   272.5       63 ->  67     gap,J,K:   8.139   4.217   0.312   Kshft:   0.005  locality: 0.941
    5  4.73   262.4       60 ->  64     gap,J,K:   7.909   3.907   0.361   Kshft:   0.003  locality: 0.974
    6  4.91   252.5       59 ->  64     gap,J,K:   8.040   3.642   0.250   Kshft:   0.013  locality: 0.815
    7  5.04   246.2       63 ->  68     gap,J,K:   8.271   3.752   0.009   Kshft:   0.500  locality: 0.902
    8  5.37   230.8       63 ->  65     gap,J,K:   7.394   2.711   0.343   Kshft:   0.004  locality: 0.661
    9  5.42   228.7       62 ->  65     gap,J,K:   8.755   3.749   0.114   Kshft:   0.188  locality: 0.824
   10  5.70   217.4       62 ->  66     gap,J,K:   9.374   4.055   0.143   Kshft:   0.096  locality: 0.799
   11  5.74   215.9       63 ->  69     gap,J,K:   8.871   3.657   0.014   Kshft:   0.500  locality: 0.905
   12  5.84   212.4       63 ->  66     gap,J,K:   8.013   2.623   0.101   Kshft:   0.244  locality: 0.574
   13  5.98   207.4       63 ->  72     gap,J,K:   9.308   3.759   0.108   Kshft:   0.214  locality: 0.971
   14  6.04   205.2       57 ->  64     gap,J,K:   8.935   3.667   0.385   Kshft:   0.002  locality: 0.958
   15  6.30   196.8       59 ->  65     gap,J,K:   9.986   4.274   0.291   Kshft:   0.007  locality: 0.950
   16  6.36   195.0       62 ->  67     gap,J,K:   9.499   3.685   0.022   Kshft:   0.499  locality: 0.740
   17  6.48   191.4       63 ->  71     gap,J,K:   9.292   3.269   0.215   Kshft:   0.022  locality: 0.918
   18  6.51   190.5       63 ->  73     gap,J,K:   9.514   3.522   0.008   Kshft:   0.500  locality: 0.914
   19  6.72   184.6       60 ->  65     gap,J,K:   9.854   3.747   0.301   Kshft:   0.006  locality: 0.928
   20  6.75   183.6       58 ->  64     gap,J,K:   8.883   2.644   0.007   Kshft:   0.500  locality: 0.528
   21  6.87   180.4       56 ->  64     gap,J,K:   9.747   3.379   0.003   Kshft:   0.500  locality: 0.823
   22  6.94   178.6       58 ->  65     gap,J,K:  10.828   4.395   0.004   Kshft:   0.500  locality: 0.873
   23  6.96   178.2       54 ->  64     gap,J,K:  10.029   3.453   0.147   Kshft:   0.088  locality: 0.939
   24  6.99   177.3       63 ->  75     gap,J,K:   9.903   3.417   0.004   Kshft:   0.500  locality: 0.959
   25  7.00   177.2       61 ->  67     gap,J,K:  10.221   4.960   0.867   Kshft:   0.000  locality: 1.000
 
 selecting CSF ...
 average/max PT2 energy lowering (eV):     0.032     0.288
         918 CSF included by PT.
        1050 CSF in total.
 sTD-DFT procedure...
 setting up A+B and A-B matrices
  calculating (A-B)^0.5 ...
 estimated time (min)     0.05
  calculating (A+B)*(A-B)^0.5 ...
 calculate eigenvalues of (A-B)^0.5*(A+B)*(A-B)^0.5 ...
  rpa vectors ok
  152 roots found, lowest/highest eigenvalue :    1.970   9.987   0
 writing spectral data to tda.dat ...
 
 excitation energies, transition moments and TDA amplitudes
 state    eV      nm       fL         Rv
    1    1.970   629.3     0.1078   197.4963     0.73(  62->  64)  0.12(  63->  64)  0.07(  60->  64)
    2    2.799   443.0     1.3047  -117.9899     0.82(  63->  64)  0.09(  62->  64)  0.04(  60->  64)
    3    3.784   327.7     0.0059    -1.7031     0.90(  61->  64)  0.05(  63->  67)  0.04(  61->  65)
    4    4.191   295.8     0.0777    -7.2690     0.90(  63->  67)  0.05(  61->  64)  0.01(  60->  67)
    5    4.257   291.3     0.0125    -9.2107     0.46(  59->  64)  0.25(  60->  64)  0.08(  62->  66)
    6    4.483   276.6     0.0762   -15.0481     0.48(  60->  64)  0.21(  59->  64)  0.10(  63->  65)
    7    4.639   267.3     0.0953     6.9222     0.58(  63->  68)  0.25(  63->  65)  0.03(  60->  64)
    8    4.800   258.3     0.1193   -13.8566     0.36(  63->  65)  0.30(  63->  68)  0.12(  62->  65)
    9    5.068   244.7     0.0195   -50.2352     0.65(  62->  65)  0.11(  63->  65)  0.05(  60->  65)
   10    5.351   231.7     0.0492    37.7589     0.39(  62->  66)  0.21(  63->  66)  0.20(  59->  64)
   11    5.395   229.8     0.0169   -46.7232     0.64(  57->  64)  0.07(  58->  65)  0.04(  54->  64)
   12    5.435   228.1     0.0133    17.6383     0.86(  63->  69)  0.03(  62->  69)  0.03(  61->  68)
   13    5.480   226.3     0.0026   -11.9877     0.56(  63->  72)  0.14(  63->  71)  0.08(  58->  65)
   14    5.495   225.6     0.0019     9.1526     0.35(  58->  65)  0.31(  58->  64)  0.13(  63->  72)
   15    5.727   216.5     0.0038    -3.1949     0.41(  62->  66)  0.21(  63->  66)  0.16(  60->  66)
   16    5.814   213.3     0.0093    17.6240     0.42(  63->  71)  0.13(  63->  73)  0.11(  63->  72)
   17    5.913   209.7     0.0612   -28.9824     0.43(  59->  65)  0.37(  63->  66)  0.08(  60->  65)
   18    5.972   207.6     0.0214    -2.8716     0.55(  63->  73)  0.14(  63->  74)  0.05(  63->  71)
   19    6.103   203.2     0.0003     4.8671     0.88(  62->  67)  0.06(  60->  67)  0.01(  57->  67)
   20    6.286   197.3     0.3363    34.9112     0.25(  61->  67)  0.15(  60->  65)  0.07(  57->  65)
   21    6.325   196.0     0.2983   -38.1985     0.35(  61->  67)  0.16(  60->  65)  0.09(  54->  64)
   22    6.428   192.9     0.0278   -16.5094     0.27(  63->  75)  0.19(  56->  64)  0.12(  63->  74)
   23    6.438   192.6     0.0022    -9.3459     0.40(  56->  64)  0.24(  63->  75)  0.05(  63->  77)
   24    6.488   191.1     0.0019    -3.7243     0.10(  63->  74)  0.10(  63->  76)  0.09(  63->  70)
   25    6.578   188.5     0.0019    -1.6432     0.29(  63->  77)  0.20(  63->  76)  0.19(  63->  78)
   26    6.727   184.3     0.0452     3.3578     0.49(  54->  64)  0.13(  61->  67)  0.07(  53->  64)
   27    6.819   181.8     0.0664     3.3479     0.18(  57->  67)  0.17(  61->  65)  0.15(  60->  67)
   28    6.831   181.5     0.1064    -4.3254     0.49(  63->  79)  0.15(  59->  66)  0.06(  62->  71)
   29    6.845   181.1     0.2254    17.4903     0.29(  60->  66)  0.27(  59->  66)  0.07(  63->  79)
   30    6.852   181.0     0.1608   -88.0485     0.27(  59->  66)  0.25(  60->  66)  0.09(  63->  79)
   31    6.972   177.8     0.0148     4.4460     0.27(  61->  68)  0.12(  63->  80)  0.08(  63->  75)
   32    7.008   176.9     0.0076    20.9167     0.29(  61->  68)  0.09(  62->  71)  0.06(  61->  71)
   33    7.028   176.4     0.0099    -1.7701     0.36(  63->  80)  0.11(  62->  71)  0.09(  63->  81)
   34    7.140   173.6     0.0120    -8.3265     0.22(  53->  64)  0.08(  62->  72)  0.08(  62->  68)
   35    7.217   171.8     0.0059    -0.2671     0.18(  63->  78)  0.12(  62->  75)  0.08(  63->  80)
   36    7.263   170.7     0.0261     1.0540     0.58(  63->  82)  0.08(  63->  81)  0.05(  61->  69)
   37    7.283   170.2     0.0494    30.1518     0.22(  53->  64)  0.14(  55->  64)  0.12(  55->  65)
   38    7.341   168.9     0.0238   -32.7874     0.26(  58->  64)  0.10(  55->  65)  0.10(  58->  65)
   39    7.365   168.3     0.0583    18.3448     0.23(  58->  64)  0.15(  55->  65)  0.14(  55->  64)
   40    7.421   167.1     0.0621   -27.3742     0.22(  61->  69)  0.17(  49->  64)  0.05(  55->  65)
   41    7.431   166.8     0.0180    13.1649     0.23(  49->  64)  0.19(  61->  69)  0.11(  52->  64)
   42    7.455   166.3     0.0827   -53.8302     0.20(  61->  65)  0.13(  60->  67)  0.11(  57->  67)
   43    7.497   165.4     0.0728     2.8553     0.13(  59->  70)  0.08(  59->  74)  0.08(  61->  65)
   44    7.544   164.3     0.0235     9.6560     0.26(  52->  64)  0.09(  59->  70)  0.06(  49->  64)
   45    7.569   163.8     0.0105   -23.6008     0.14(  52->  64)  0.12(  49->  64)  0.08(  63->  84)
   46    7.636   162.4     0.0085    18.0484     0.31(  62->  68)  0.10(  62->  74)  0.09(  61->  69)
   47    7.664   161.8     0.0193    53.1417     0.17(  63->  86)  0.12(  63->  83)  0.12(  63->  84)
   48    7.750   160.0     0.0365   -23.8443     0.15(  61->  65)  0.13(  63->  70)  0.10(  62->  75)
   49    7.796   159.0     0.0335   -38.8741     0.16(  61->  72)  0.15(  61->  71)  0.11(  61->  68)
   50    7.849   158.0     0.0281    30.5541     0.15(  62->  69)  0.11(  62->  75)  0.07(  61->  72)
   51    7.863   157.7     0.0013     2.4100     0.88(  58->  66)  0.03(  51->  64)  0.01(  57->  66)
   52    7.882   157.3     0.0066   -20.0791     0.26(  57->  68)  0.26(  60->  68)  0.05(  54->  68)
   53    7.892   157.1     0.0006     6.5882     0.54(  51->  64)  0.05(  58->  66)  0.05(  56->  64)
   54    7.960   155.8     0.0281    -1.0862     0.25(  63->  87)  0.12(  61->  72)  0.09(  61->  65)
   55    7.972   155.5     0.0326    -9.8642     0.17(  63->  85)  0.07(  62->  84)  0.07(  62->  80)
   56    8.058   153.9     0.1123   -35.9179     0.17(  63->  87)  0.11(  61->  72)  0.07(  63->  86)
   57    8.081   153.4     0.0094    14.3351     0.70(  58->  70)  0.07(  58->  71)  0.02(  57->  65)
   58    8.091   153.2     0.0250   -16.7177     0.12(  57->  65)  0.08(  63->  87)  0.06(  58->  70)
   59    8.112   152.8     0.0135    60.3172     0.27(  63->  88)  0.07(  62->  69)  0.06(  62->  78)
   60    8.161   151.9     0.0310   -48.7878     0.07(  59->  78)  0.07(  57->  65)  0.04(  63->  76)
   61    8.173   151.7     0.1127   105.1014     0.23(  56->  67)  0.16(  57->  67)  0.07(  61->  72)
   62    8.179   151.6     0.0321   -33.8015     0.09(  57->  65)  0.07(  62->  76)  0.05(  59->  78)
   63    8.197   151.3     0.0186   -29.3203     0.12(  63->  88)  0.08(  63->  90)  0.07(  59->  78)
   64    8.248   150.3     0.0041    -7.4063     0.13(  62->  69)  0.08(  63->  89)  0.05(  62->  78)
   65    8.277   149.8     0.0006    -1.5187     0.10(  54->  66)  0.09(  63->  87)  0.08(  61->  73)
   66    8.281   149.7     0.0080    -3.3767     0.18(  54->  66)  0.14(  53->  66)  0.11(  57->  66)
   67    8.297   149.4     0.0128    15.1096     0.51(  55->  70)  0.09(  55->  71)  0.07(  55->  74)
   68    8.310   149.2     0.0097   -17.0693     0.39(  50->  64)  0.11(  63->  89)  0.08(  56->  67)
   69    8.322   149.0     0.0184    38.9829     0.14(  50->  64)  0.06(  62->  72)  0.05(  62->  68)
   70    8.363   148.3     0.0000     0.0270     0.98(  61->  66)  0.01(  53->  66)  0.00(  52->  66)
   71    8.381   147.9     0.0155    30.7040     0.35(  63->  89)  0.23(  61->  73)  0.04(  61->  74)
   72    8.421   147.2     0.0468   -96.2018     0.10(  63->  90)  0.07(  56->  67)  0.06(  57->  67)
   73    8.432   147.0     0.0133    58.8277     0.09(  56->  67)  0.08(  57->  67)  0.08(  60->  67)
   74    8.453   146.7     0.0090   -13.5693     0.16(  45->  64)  0.14(  47->  64)  0.06(  63->  90)
   75    8.490   146.0     0.0003    -6.3797     0.31(  61->  75)  0.05(  61->  69)  0.05(  63->  92)
   76    8.511   145.7     0.0045     1.7332     0.15(  57->  69)  0.10(  60->  69)  0.06(  45->  64)
   77    8.563   144.8     0.0046     3.5188     0.07(  62->  80)  0.07(  45->  64)  0.05(  63->  92)
   78    8.589   144.3     0.0032    -2.2011     0.51(  46->  64)  0.07(  51->  64)  0.04(  36->  64)
   79    8.605   144.1     0.0104    -0.5819     0.15(  62->  72)  0.08(  53->  65)  0.07(  52->  65)
   80    8.638   143.5     0.0434    -7.8337     0.07(  59->  76)  0.05(  60->  71)  0.05(  63->  92)
   81    8.663   143.1     0.1198    -1.7020     0.10(  59->  71)  0.09(  59->  76)  0.05(  63->  92)
   82    8.667   143.1     0.0219     7.0959     0.46(  48->  64)  0.12(  56->  67)  0.02(  47->  64)
   83    8.755   141.6     0.0477    19.6919     0.28(  55->  64)  0.19(  55->  65)  0.05(  60->  71)
   84    8.767   141.4     0.0086   -22.7256     0.34(  56->  68)  0.10(  55->  64)  0.06(  55->  65)
   85    8.775   141.3     0.0103    -2.2943     0.11(  61->  77)  0.11(  56->  68)  0.06(  61->  76)
   86    8.784   141.1     0.0354    -3.0998     0.08(  56->  68)  0.07(  61->  77)  0.06(  62->  73)
   87    8.801   140.9     0.0069    45.9621     0.11(  61->  77)  0.08(  57->  72)  0.07(  61->  76)
   88    8.814   140.7     0.0158     0.2119     0.21(  61->  79)  0.07(  56->  68)  0.06(  60->  72)
   89    8.848   140.1     0.0071    51.8753     0.12(  47->  65)  0.08(  42->  64)  0.06(  49->  65)
   90    8.856   140.0     0.0112     5.3269     0.14(  61->  79)  0.07(  61->  77)  0.05(  61->  74)
   91    8.896   139.4     0.0193    -8.2235     0.13(  62->  73)  0.06(  62->  74)  0.05(  63->  93)
   92    8.905   139.2     0.0128    -3.3208     0.14(  57->  66)  0.10(  53->  66)  0.09(  49->  66)
   93    8.930   138.8     0.0089     8.0620     0.09(  60->  71)  0.06(  45->  64)  0.06(  57->  66)
   94    8.966   138.3     0.0078     0.2570     0.63(  59->  67)  0.11(  54->  67)  0.08(  60->  67)
   95    8.984   138.0     0.0083   -17.6580     0.30(  44->  64)  0.16(  42->  64)  0.05(  45->  64)
   96    8.999   137.8     0.0127    55.8676     0.09(  62->  70)  0.07(  63->  95)  0.05(  63->  94)
   97    9.014   137.6     0.0042    -5.7801     0.20(  54->  67)  0.09(  49->  65)  0.05(  59->  67)
   98    9.026   137.4     0.0085     1.9846     0.19(  54->  67)  0.17(  59->  67)  0.05(  49->  65)
   99    9.049   137.0     0.0112    13.5524     0.09(  63->  91)  0.07(  59->  84)  0.05(  59->  85)
  100    9.067   136.7     0.0127     3.2743     0.16(  53->  68)  0.09(  52->  68)  0.07(  50->  69)
  101    9.085   136.5     0.0273    -5.4451     0.25(  61->  80)  0.07(  60->  75)  0.06(  61->  73)
  102    9.106   136.2     0.0238     0.2795     0.06(  62->  75)  0.05(  53->  68)  0.05(  42->  64)
  103    9.129   135.8     0.0124   -15.7900     0.09(  61->  80)  0.06(  60->  73)  0.05(  63->  93)
  104    9.135   135.7     0.0114     1.0950     0.13(  42->  64)  0.11(  44->  64)  0.05(  47->  64)
  105    9.160   135.4     0.0254     1.7215     0.25(  56->  69)  0.13(  52->  68)  0.11(  48->  68)
  106    9.168   135.2     0.0163   -30.0479     0.18(  58->  74)  0.12(  58->  71)  0.05(  58->  73)
  107    9.173   135.2     0.0073   -16.1191     0.22(  59->  70)  0.17(  59->  71)  0.05(  60->  70)
  108    9.191   134.9     0.0172    80.4761     0.11(  58->  74)  0.08(  42->  64)  0.05(  58->  76)
  109    9.206   134.7     0.0132   -29.0908     0.10(  51->  68)  0.09(  50->  68)  0.07(  53->  69)
  110    9.226   134.4     0.0011    27.4828     0.06(  63->  93)  0.05(  63->  81)  0.04(  59->  84)
  111    9.240   134.2     0.0239   -27.9011     0.05(  59->  84)  0.05(  63->  91)  0.05(  62->  79)
  112    9.269   133.8     0.0100    -5.2062     0.12(  63->  96)  0.07(  62->  73)  0.06(  63->  84)
  113    9.291   133.5     0.0043   -16.2634     0.07(  35->  64)  0.06(  58->  76)  0.06(  41->  64)
  114    9.299   133.3     0.0055    10.6619     0.07(  50->  68)  0.05(  60->  78)  0.04(  60->  68)
  115    9.319   133.0     0.0132   -17.6608     0.11(  62->  79)  0.07(  62->  77)  0.06(  62->  72)
  116    9.339   132.8     0.0020    -0.0968     0.22(  62->  77)  0.17(  62->  76)  0.09(  62->  78)
  117    9.375   132.2     0.0055    -6.4726     0.10(  60->  76)  0.05(  49->  65)  0.04(  53->  67)
  118    9.396   132.0     0.0132   -14.2004     0.22(  49->  66)  0.10(  57->  66)  0.05(  62->  73)
  119    9.423   131.6     0.0150    36.5799     0.20(  49->  66)  0.09(  57->  66)  0.08(  62->  73)
  120    9.427   131.5     0.0075     8.7818     0.12(  53->  67)  0.09(  52->  67)  0.05(  60->  76)
  121    9.477   130.8     0.0273     9.3003     0.16(  61->  82)  0.11(  53->  67)  0.10(  52->  67)
  122    9.499   130.5     0.0027    -7.0306     0.09(  56->  65)  0.08(  41->  64)  0.07(  53->  67)
  123    9.516   130.3     0.0030   -12.0279     0.10(  61->  82)  0.08(  40->  64)  0.08(  61->  70)
  124    9.523   130.2     0.0062     0.8703     0.09(  63->  96)  0.06(  63->  97)  0.05(  63->  83)
  125    9.539   130.0     0.0045    -6.8148     0.16(  41->  64)  0.09(  56->  65)  0.06(  40->  64)
  126    9.556   129.7     0.0049     3.7620     0.06(  50->  68)  0.06(  63->  98)  0.05(  51->  68)
  127    9.564   129.6     0.0121    -3.5698     0.06(  61->  82)  0.05(  56->  65)  0.04(  63->  83)
  128    9.593   129.2     0.0003    -0.1775     0.90(  55->  66)  0.02(  54->  66)  0.02(  38->  66)
  129    9.604   129.1     0.0026    -0.3563     0.07(  63->  98)  0.03(  63->  95)  0.03(  60->  84)
  130    9.634   128.7     0.0111    51.0261     0.04(  61->  78)  0.04(  61->  84)  0.04(  41->  64)
  131    9.644   128.6     0.0042     0.7376     0.19(  37->  64)  0.09(  39->  64)  0.09(  40->  64)
  132    9.653   128.4     0.0051     6.2202     0.54(  59->  68)  0.08(  60->  68)  0.05(  59->  72)
  133    9.661   128.3     0.0023    -2.1523     0.08(  58->  81)  0.07(  62->  79)  0.07(  63->  98)
  134    9.670   128.2     0.0177    -0.4290     0.30(  58->  81)  0.10(  58->  80)  0.04(  63->  98)
  135    9.691   127.9     0.0009    -3.0574     0.10(  61->  82)  0.08(  57->  75)  0.07(  60->  75)
  136    9.731   127.4     0.0117    -3.1999     0.06(  35->  64)  0.05(  57->  71)  0.04(  61->  78)
  137    9.744   127.2     0.0099    14.7960     0.16(  58->  78)  0.13(  58->  83)  0.06(  58->  75)
  138    9.758   127.1     0.0186   -23.9909     0.13(  58->  78)  0.12(  58->  83)  0.05(  58->  77)
  139    9.764   127.0     0.0085     3.9024     0.09(  57->  77)  0.06(  60->  77)  0.05(  60->  76)
  140    9.796   126.6     0.0337   -16.3588     0.09(  35->  64)  0.05(  57->  68)  0.04(  60->  68)
  141    9.825   126.2     0.0145   -43.3479     0.06(  55->  81)  0.06(  63->  98)  0.05(  57->  71)
  142    9.846   125.9     0.0106    24.8415     0.08(  55->  81)  0.06(  60->  85)  0.04(  62->  86)
  143    9.861   125.7     0.0082    21.6458     0.08(  63->  98)  0.06(  56->  72)  0.04(  62->  83)
  144    9.875   125.6     0.0162     6.9201     0.09(  59->  85)  0.03(  59->  68)  0.03(  59->  79)
  145    9.876   125.5     0.0390   -64.8317     0.29(  56->  72)  0.08(  43->  64)  0.04(  56->  71)
  146    9.881   125.5     0.0114    10.1760     0.05(  59->  85)  0.03(  43->  64)  0.03(  63->  83)
  147    9.904   125.2     0.0137   -12.9217     0.16(  51->  67)  0.08(  43->  64)  0.05(  56->  73)
  148    9.915   125.0     0.0433     2.6527     0.38(  43->  64)  0.11(  51->  67)  0.06(  35->  64)
  149    9.923   124.9     0.0201    25.3782     0.15(  51->  67)  0.05(  56->  72)  0.04(  53->  70)
  150    9.933   124.8     0.0055   -13.1313     0.10(  51->  67)  0.04(  54->  70)  0.03(  57->  74)
  151    9.979   124.2     0.0184     5.0079     0.34(  56->  73)  0.12(  43->  64)  0.07(  56->  74)
  152    9.987   124.1     0.0052    13.6215     0.21(  62->  82)  0.05(  62->  88)  0.05(  60->  79)

  alpha tensor

           1         2         3
 
    1 527.44086
    2 -14.26371  23.21661
    3 -61.12113  -1.64027  75.33982
 trace alpha_L[0] / au:   208.665765296398     
 sum rule f_L           5.54272313700231     
 
 SOS specific optical rotation 
 including Lorentz factor for common solvent (n=1.4)
 lambda [eV] alpha[grad*cm^3*g^-1*dm^-1]
 632.8  1.96   632341.91
 589.3  2.10   -64280.26        0.00 ##
 579.0  2.14   -53373.23
 546.0  2.27   -38172.74
 436.0  2.84   118776.10
 365.0  3.40    -1987.17
 
 sTD-DFT done.
Mon 21 Mar 14:57:47 GMT 2022
