Mon 21 Mar 13:54:09 GMT 2022


                 *********************************************
                 *                                           *
                 *               s  T  D  A                  *
                 *                                           *
                 *                S. Grimme                  *
                 * Mulliken Center for Theoretical Chemistry *
                 *             Universitaet Bonn             *
                 *              Version 1.6.2                *
                 *       Tue Sep 10 14:44:30 CET 2020        *
                 *********************************************
 
 Please cite as:
 S. Grimme, J. Chem. Phys. 138 (2013) 244104
 
 With contributions from:
 C. Bannwarth, P. Shushkov, M. de Wergifosse
 
======================================================================
 
 reading an xTB output...
 
 reading: wfn.xtb
======================================================================
                    M O / A O    I N P U T 
======================================================================
atom  #          x             y             z            charge
  C   1     18.72113703    1.10284406   -0.64798703         6.00
  C   2     17.35410928    1.17937796    1.88235602         6.00
  O   3     14.77822384    0.42670012    1.63555781         8.00
  C   4     13.13302843    2.20342046    0.86228195         6.00
  O   5     13.71033971    4.36356619    0.41989711         8.00
  C   6     10.57566230    1.13307968    0.66499456         6.00
  C   7      8.61582752    2.56700373   -0.05026671         6.00
  C   8      6.02312352    1.75782308   -0.32541081         6.00
  C   9      5.17652629   -0.63948326    0.07691185         6.00
  C  10      2.58514510   -1.27197454   -0.24471951         6.00
  C  11      1.60456630   -3.70726437    0.13700513         6.00
  C  12     -0.91595017   -4.18385325   -0.21448390         6.00
  C  13     -2.56322428   -2.24215984   -0.96224845         6.00
  C  14     -5.21243109   -2.81890420   -1.33017810         6.00
  C  15     -7.21138320   -1.29559611   -2.08021032         6.00
  N  16     -9.22016188   -2.85858844   -2.12310710         7.00
  C  17    -11.81267691   -2.25576587   -2.68076523         6.00
  C  18    -12.96352001   -0.72943422   -0.56257142         6.00
  C  19    -13.96998805    1.65086459   -0.99890914         6.00
  C  20    -14.99346363    3.02923070    0.97585448         6.00
  C  21    -14.99951075    2.04373861    3.39848315         6.00
  C  22    -13.98661764   -0.32881232    3.84483642         6.00
  C  23    -12.97523631   -1.71265863    1.87252944         6.00
  N  24     -8.52379787   -5.17029020   -1.43373508         7.00
  N  25     -6.16409707   -5.17444759   -0.96678380         7.00
  C  26     -1.63045555    0.18103575   -1.34454001         6.00
  C  27      0.92407599    0.66423867   -0.99040537         6.00
  O  28      1.75442157    3.04737207   -1.38932652         8.00
  C  29      4.22675003    3.73636615   -1.10832427         6.00
  O  30      4.77325878    5.90596051   -1.51801686         8.00
  H  31     20.69986908    1.57640939   -0.37700033         1.00
  H  32     18.58394293   -0.77365380   -1.47474213         1.00
  H  33     17.88039796    2.46476956   -1.93640218         1.00
  H  34     18.18067541   -0.16005979    3.21725843         1.00
  H  35     17.41968277    3.09310343    2.66791510         1.00
  H  36     10.42372834   -0.84621928    1.13156790         1.00
  H  37      8.95654511    4.54101146   -0.47413224         1.00
  H  38      6.46456350   -2.11668204    0.64836497         1.00
  H  39      2.87540700   -5.19693533    0.71015901         1.00
  H  40     -1.69508418   -6.04523331    0.06840808         1.00
  H  41     -7.34952216    0.66234895   -2.55717715         1.00
  H  42    -12.79722413   -4.06121004   -2.88939098         1.00
  H  43    -11.90640732   -1.21528276   -4.46428858         1.00
  H  44    -13.96583066    2.42754195   -2.88806817         1.00
  H  45    -15.78110140    4.87738268    0.61945217         1.00
  H  46    -15.79225079    3.12277213    4.93747596         1.00
  H  47    -13.98623970   -1.10378893    5.73191675         1.00
  H  48    -12.18306320   -3.56440109    2.21079039         1.00
  H  49     -2.84252577    1.71511527   -1.91561519         1.00

 # atoms          =   49
 # mos            =  227
 # primitive  aos = 1757
 # contracted aos =  335

 spherical AO basis
======================================================================
                    A O   I N T E G R A L S
======================================================================
 memory needed for AO int data:   4 Mb
 done.
  
Restricted MOs found... RKS-sTD-DFT will be performed
  
======================================================================
                    s T D A
======================================================================
 spectral range up to (eV)     :    10.0000000000000     
 occ MO cut-off (eV)           :   -36.4344243213125     
 virtMO cut-off (eV)           :    12.8807040289824     
 perturbation thr              :   1.000000000000000E-004
 triplet                       :  F
 MOs in TDA :          178
 oMOs in TDA:           72
 vMOs in TDA:          106
 sorting MOs ...
 reading and transforming R..V..L AO ints ...
 ints done.
 S^1/2 ...
 S^1/2 orthogonalized MO coefficients done.

 SCF atom population (using active MOs):
  3.899  3.685  5.499  3.141  5.999  3.932  3.863  3.952  3.792  3.956
  3.932  3.980  4.021  4.026  3.881  4.915  3.944  4.068  3.971  3.999
  3.990  3.995  3.957  5.063  5.135  3.875  3.423  5.042  2.721  5.493
  1.014  0.999  1.012  0.976  0.983  0.973  0.992  0.999  0.980  1.009
  0.974  1.002  1.011  0.999  0.990  0.993  0.987  0.995  0.962
 
 # electrons in TDA: 144.000
 
 
 ax(DF)   :   0.500000000000000     
 s^K      :    2.00000000000000     
 beta  (J):    4.00000000000000     
 alpha (K):    2.00000000000000     
 
 hardness table read.
 setting up gammas ...
 memory needed for q data (Mb)                      4
 computing q(ij,n) ...
 
         140 CSF included by energy.
 
        7492 considered in PT2.
 ordered frontier orbitals
         eV     # centers
  62   -18.245     4.6
  63   -17.846    11.0
  64   -17.704    10.7
  65   -17.605     3.4
  66   -17.424     6.0
  67   -17.101     5.8
  68   -16.493     4.3
  69   -16.409    14.1
  70   -16.371     8.4
  71   -16.154     5.9
  72   -15.119    11.7
 
  73    -8.434    10.0
  74    -6.593    11.4
  75    -6.269    11.5
  76    -6.248    13.1
  77    -6.087     4.6
  78    -5.761    10.6
  79    -5.636    16.1
  80    -5.403    17.1
  81    -4.989    17.3
  82    -4.842    14.7
  83    -4.722    18.6
 
             lowest CSF states
       eV     nm      excitation i->a               eV
    1  4.00   309.8       72 ->  73     gap,J,K:   6.685   3.814   0.565   Kshft:   0.000  locality: 0.982
    2  4.66   265.9       71 ->  73     gap,J,K:   7.720   3.677   0.307   Kshft:   0.006  locality: 0.847
    3  5.54   223.8       67 ->  73     gap,J,K:   8.667   3.629   0.001   Kshft:   0.500  locality: 0.844
    4  5.60   221.5       69 ->  73     gap,J,K:   7.975   3.044   0.331   Kshft:   0.004  locality: 0.863
    5  5.68   218.2       72 ->  74     gap,J,K:   8.527   3.605   0.380   Kshft:   0.002  locality: 0.974
    6  5.75   215.6       66 ->  73     gap,J,K:   8.989   3.742   0.001   Kshft:   0.500  locality: 0.887
    7  6.15   201.7       70 ->  73     gap,J,K:   7.936   2.176   0.134   Kshft:   0.118  locality: 0.564
    8  6.33   195.9       72 ->  76     gap,J,K:   8.871   3.054   0.249   Kshft:   0.013  locality: 0.865
    9  6.41   193.3       72 ->  79     gap,J,K:   9.483   3.638   0.280   Kshft:   0.008  locality: 0.983
   10  6.56   188.9       72 ->  75     gap,J,K:   8.850   2.694   0.182   Kshft:   0.041  locality: 0.752
   11  6.66   186.1       64 ->  73     gap,J,K:   9.269   3.071   0.223   Kshft:   0.019  locality: 0.786
   12  6.78   182.8       71 ->  74     gap,J,K:   9.562   3.475   0.346   Kshft:   0.003  locality: 0.839
   13  6.84   181.4       63 ->  73     gap,J,K:   9.412   3.016   0.207   Kshft:   0.026  locality: 0.794
   14  6.88   180.3       71 ->  76     gap,J,K:   9.906   3.523   0.239   Kshft:   0.015  locality: 0.892
   15  6.90   179.7       72 ->  78     gap,J,K:   9.359   2.871   0.186   Kshft:   0.039  locality: 0.724
   16  7.01   176.9       68 ->  73     gap,J,K:   8.058   1.550   0.001   Kshft:   0.500  locality: 0.339
   17  7.10   174.5       72 ->  81     gap,J,K:  10.130   3.526   0.000   Kshft:   0.500  locality: 0.963
   18  7.11   174.5       65 ->  73     gap,J,K:   9.170   2.565   0.000   Kshft:   0.500  locality: 0.521
   19  7.12   174.2       70 ->  77     gap,J,K:  10.283   4.191   0.512   Kshft:   0.001  locality: 0.966
   20  7.17   172.9       71 ->  75     gap,J,K:   9.885   3.100   0.154   Kshft:   0.076  locality: 0.774
   21  7.23   171.5       68 ->  75     gap,J,K:  10.223   3.764   0.384   Kshft:   0.002  locality: 0.892
   22  7.23   171.5       68 ->  77     gap,J,K:  10.405   5.143   0.984   Kshft:   0.000  locality: 1.000
   23  7.28   170.2       67 ->  74     gap,J,K:  10.509   3.727   0.001   Kshft:   0.500  locality: 0.909
   24  7.29   170.1       69 ->  74     gap,J,K:   9.817   2.913   0.161   Kshft:   0.065  locality: 0.866
   25  7.33   169.2       71 ->  79     gap,J,K:  10.518   3.965   0.385   Kshft:   0.002  locality: 0.958
 
 selecting CSF ...
 average/max PT2 energy lowering (eV):     0.034     0.233
        1065 CSF included by PT.
        1205 CSF in total.
 sTD-DFT procedure...
 setting up A+B and A-B matrices
  calculating (A-B)^0.5 ...
 estimated time (min)     0.07
  calculating (A+B)*(A-B)^0.5 ...
 calculate eigenvalues of (A-B)^0.5*(A+B)*(A-B)^0.5 ...
  rpa vectors ok
  175 roots found, lowest/highest eigenvalue :    3.449   9.999   0
 writing spectral data to tda.dat ...
 
 excitation energies, transition moments and TDA amplitudes
 state    eV      nm       fL         Rv
    1    3.449   359.5     1.1485    -6.8126     0.89(  72->  73)  0.06(  71->  73)  0.01(  69->  74)
    2    4.029   307.7     0.1626    -1.2966     0.64(  71->  73)  0.07(  69->  73)  0.06(  72->  73)
    3    4.854   255.4     0.0032    -6.6522     0.51(  69->  73)  0.17(  71->  73)  0.15(  70->  73)
    4    4.919   252.0     0.0015    -4.1500     0.76(  67->  73)  0.08(  67->  74)  0.07(  66->  74)
    5    5.024   246.8     0.0002    -0.0592     0.33(  70->  77)  0.27(  68->  75)  0.18(  68->  76)
    6    5.084   243.9     0.0579    -6.1017     0.63(  72->  74)  0.08(  69->  73)  0.04(  63->  73)
    7    5.145   241.0     0.0001    -0.4644     0.72(  66->  73)  0.13(  67->  74)  0.05(  67->  79)
    8    5.461   227.0     0.0461     4.2795     0.29(  72->  76)  0.15(  72->  75)  0.09(  72->  79)
    9    5.590   221.8     0.1828    14.9748     0.43(  72->  79)  0.17(  72->  76)  0.12(  72->  75)
   10    5.828   212.7     0.2209   -29.5158     0.38(  64->  73)  0.13(  63->  73)  0.11(  71->  76)
   11    5.868   211.3     0.1425    24.7550     0.27(  72->  78)  0.11(  63->  73)  0.10(  71->  75)
   12    6.099   203.3     0.0122   -11.0354     0.32(  68->  77)  0.23(  70->  75)  0.13(  70->  76)
   13    6.161   201.2     0.0235   139.8654     0.26(  65->  73)  0.17(  70->  73)  0.10(  65->  78)
   14    6.201   199.9     0.4671  -154.8435     0.27(  71->  76)  0.14(  71->  75)  0.12(  63->  73)
   15    6.262   198.0     0.0200   -28.5912     0.41(  70->  73)  0.14(  69->  73)  0.08(  65->  78)
   16    6.345   195.4     0.2487    61.1391     0.51(  71->  74)  0.16(  71->  79)  0.06(  72->  79)
   17    6.379   194.4     0.0018    -4.3292     0.25(  66->  74)  0.16(  67->  74)  0.06(  66->  79)
   18    6.500   190.8     0.0006    21.6397     0.18(  65->  78)  0.16(  65->  73)  0.12(  72->  81)
   19    6.513   190.4     0.0065   -55.5997     0.18(  72->  81)  0.16(  65->  78)  0.10(  65->  73)
   20    6.542   189.5     0.0397   -31.4683     0.18(  70->  78)  0.17(  72->  81)  0.13(  70->  80)
   21    6.572   188.7     0.0032     9.6193     0.22(  72->  75)  0.20(  72->  81)  0.14(  72->  76)
   22    6.674   185.8     0.0076    27.2153     0.13(  69->  75)  0.12(  69->  76)  0.08(  69->  74)
   23    6.702   185.0     0.0346   -31.1553     0.10(  72->  84)  0.09(  72->  80)  0.09(  69->  76)
   24    6.755   183.5     0.0550    36.4709     0.34(  68->  80)  0.16(  68->  78)  0.11(  68->  73)
   25    6.789   182.6     0.0095   -22.0182     0.18(  60->  73)  0.14(  69->  74)  0.07(  71->  79)
   26    6.898   179.7     0.0159    13.6602     0.76(  68->  73)  0.08(  68->  80)  0.03(  68->  74)
   27    6.923   179.1     0.0904    43.7788     0.21(  62->  73)  0.11(  63->  73)  0.06(  62->  74)
   28    6.931   178.9     0.0988     2.2934     0.12(  55->  73)  0.11(  57->  73)  0.10(  60->  73)
   29    6.937   178.7     0.1076   -16.3919     0.50(  62->  73)  0.12(  62->  74)  0.05(  64->  73)
   30    6.963   178.1     0.2467   174.5575     0.10(  68->  77)  0.10(  60->  73)  0.08(  57->  73)
   31    6.999   177.1     0.3197   -33.8992     0.19(  68->  77)  0.16(  71->  74)  0.08(  71->  79)
   32    7.071   175.3     0.1749    12.4111     0.15(  71->  79)  0.14(  60->  73)  0.11(  71->  81)
   33    7.086   175.0     0.1051   -33.3173     0.23(  71->  81)  0.09(  69->  81)  0.07(  71->  78)
   34    7.117   174.2     0.3649  -176.2883     0.19(  70->  77)  0.17(  58->  73)  0.13(  68->  75)
   35    7.123   174.1     0.1557    77.6306     0.28(  58->  73)  0.10(  70->  77)  0.06(  68->  75)
   36    7.237   171.3     0.0106   -26.2074     0.20(  72->  77)  0.07(  69->  77)  0.07(  70->  78)
   37    7.249   171.0     0.1743    70.5354     0.15(  70->  78)  0.14(  69->  78)  0.12(  70->  83)
   38    7.260   170.8     0.0068     7.2648     0.22(  72->  77)  0.10(  69->  79)  0.09(  69->  77)
   39    7.324   169.3     0.0309   -32.4583     0.15(  72->  77)  0.13(  72->  87)  0.11(  71->  81)
   40    7.366   168.3     0.0188   -16.1140     0.41(  71->  78)  0.13(  71->  75)  0.09(  71->  79)
   41    7.402   167.5     0.0019     3.5639     0.12(  67->  74)  0.11(  67->  73)  0.11(  55->  73)
   42    7.513   165.0     0.0966   -31.6513     0.22(  72->  85)  0.15(  64->  78)  0.06(  63->  78)
   43    7.534   164.6     0.0175    24.9398     0.16(  72->  84)  0.10(  72->  87)  0.08(  72->  85)
   44    7.567   163.8     0.0541    -1.0257     0.16(  68->  83)  0.11(  70->  83)  0.07(  68->  78)
   45    7.592   163.3     0.0435    39.9535     0.20(  72->  85)  0.13(  72->  84)  0.09(  72->  87)
   46    7.664   161.8     0.0729   -11.9908     0.19(  53->  73)  0.09(  72->  88)  0.08(  68->  83)
   47    7.681   161.4     0.0017    -9.1885     0.29(  71->  84)  0.11(  71->  80)  0.08(  71->  87)
   48    7.686   161.3     0.0122   -12.4290     0.13(  68->  78)  0.13(  68->  83)  0.12(  70->  83)
   49    7.720   160.6     0.0023     2.9428     0.16(  66->  76)  0.15(  67->  76)  0.10(  66->  74)
   50    7.782   159.3     0.0053     3.4472     0.18(  63->  75)  0.17(  64->  76)  0.12(  63->  78)
   51    7.813   158.7     0.0067     4.6382     0.09(  69->  76)  0.09(  69->  78)  0.07(  53->  73)
   52    7.860   157.7     0.0008    -0.1222     0.14(  66->  79)  0.12(  67->  79)  0.07(  51->  73)
   53    7.872   157.5     0.0152    -7.9466     0.21(  53->  73)  0.16(  72->  88)  0.05(  70->  86)
   54    7.903   156.9     0.0054    25.2155     0.40(  70->  86)  0.14(  69->  86)  0.06(  70->  87)
   55    7.923   156.5     0.0029    -4.6103     0.17(  71->  75)  0.14(  71->  76)  0.08(  71->  78)
   56    7.939   156.2     0.0097     7.9636     0.10(  71->  75)  0.08(  70->  76)  0.06(  71->  76)
   57    7.986   155.2     0.0086    16.3143     0.36(  61->  73)  0.10(  61->  74)  0.05(  55->  73)
   58    7.992   155.1     0.0241   -23.1520     0.44(  68->  86)  0.09(  68->  78)  0.09(  68->  87)
   59    8.011   154.8     0.0836   -14.0214     0.08(  72->  90)  0.07(  64->  80)  0.06(  64->  75)
   60    8.026   154.5     0.0241    59.9375     0.06(  64->  80)  0.05(  63->  80)  0.05(  68->  86)
   61    8.049   154.0     0.0305   -25.4074     0.11(  68->  80)  0.06(  68->  83)  0.06(  68->  78)
   62    8.060   153.8     0.0185    11.9619     0.13(  68->  80)  0.07(  68->  83)  0.06(  68->  78)
   63    8.067   153.7     0.0039    30.3265     0.12(  65->  76)  0.11(  65->  75)  0.08(  68->  80)
   64    8.075   153.5     0.0457   -59.4063     0.10(  72->  82)  0.07(  72->  95)  0.06(  72->  94)
   65    8.100   153.1     0.0073     4.2501     0.09(  72->  94)  0.08(  72->  90)  0.06(  67->  82)
   66    8.114   152.8     0.0140   -11.8594     0.08(  72->  90)  0.07(  67->  82)  0.07(  64->  80)
   67    8.167   151.8     0.0062    -7.4140     0.23(  67->  82)  0.11(  66->  82)  0.08(  72->  82)
   68    8.175   151.7     0.0022     1.2915     0.15(  51->  73)  0.08(  57->  73)  0.07(  57->  74)
   69    8.247   150.3     0.0021    -1.5486     0.32(  59->  75)  0.18(  59->  76)  0.06(  63->  77)
   70    8.266   150.0     0.0015    -2.1036     0.18(  51->  73)  0.17(  68->  76)  0.08(  68->  75)
   71    8.271   149.9     0.0231   -17.6392     0.16(  60->  74)  0.08(  64->  79)  0.05(  63->  74)
   72    8.281   149.7     0.0019    -2.0913     0.30(  68->  76)  0.15(  68->  75)  0.08(  51->  73)
   73    8.282   149.7     0.0014    -2.4926     0.20(  63->  77)  0.15(  56->  77)  0.13(  64->  77)
   74    8.308   149.2     0.0008    -1.2861     0.14(  69->  76)  0.13(  69->  75)  0.10(  70->  75)
   75    8.348   148.5     0.0428    16.6112     0.16(  64->  76)  0.13(  64->  74)  0.10(  64->  75)
   76    8.357   148.4     0.0060     2.3502     0.74(  59->  77)  0.10(  58->  77)  0.07(  60->  77)
   77    8.383   147.9     0.0385   -16.5295     0.20(  71->  85)  0.09(  70->  74)  0.09(  71->  88)
   78    8.397   147.7     0.0152    12.3514     0.12(  70->  89)  0.09(  65->  80)  0.07(  70->  84)
   79    8.403   147.5     0.0043    -4.3826     0.17(  70->  74)  0.13(  70->  89)  0.07(  70->  84)
   80    8.429   147.1     0.0281     8.2546     0.20(  62->  82)  0.04(  72->  95)  0.03(  62->  81)
   81    8.437   147.0     0.0053    -5.1371     0.23(  65->  80)  0.11(  70->  74)  0.06(  65->  76)
   82    8.460   146.6     0.0213    -7.3860     0.07(  69->  81)  0.05(  72->  86)  0.05(  69->  87)
   83    8.518   145.6     0.0012    -2.7124     0.20(  72->  77)  0.19(  71->  77)  0.13(  69->  77)
   84    8.533   145.3     0.0185    16.8206     0.10(  72->  83)  0.05(  71->  85)  0.05(  71->  77)
   85    8.544   145.1     0.0060   -22.6912     0.24(  65->  74)  0.16(  65->  79)  0.09(  65->  73)
   86    8.577   144.6     0.0009     1.1991     0.11(  72->  87)  0.08(  71->  86)  0.08(  69->  81)
   87    8.597   144.2     0.1141    34.5912     0.16(  63->  76)  0.12(  63->  75)  0.06(  63->  74)
   88    8.600   144.2     0.0230    -5.1250     0.24(  62->  82)  0.08(  72->  82)  0.05(  71->  77)
   89    8.632   143.6     0.0055    -2.0933     0.09(  55->  74)  0.08(  49->  73)  0.08(  67->  85)
   90    8.641   143.5     0.0032     4.5665     0.28(  68->  89)  0.24(  68->  84)  0.07(  68->  95)
   91    8.657   143.2     0.0070    -7.5394     0.51(  71->  77)  0.24(  69->  77)  0.08(  70->  77)
   92    8.717   142.2     0.0028    -1.7812     0.08(  71->  90)  0.07(  71->  81)  0.06(  71->  92)
   93    8.724   142.1     0.0095    -7.7884     0.08(  71->  87)  0.06(  71->  81)  0.04(  71->  92)
   94    8.738   141.9     0.0206   -13.6514     0.22(  65->  75)  0.14(  65->  76)  0.10(  65->  78)
   95    8.752   141.7     0.0075    -3.4923     0.20(  70->  90)  0.18(  70->  93)  0.10(  62->  74)
   96    8.755   141.6     0.0273    -3.3423     0.23(  62->  74)  0.09(  62->  73)  0.05(  70->  93)
   97    8.773   141.3     0.0064    54.5047     0.13(  63->  74)  0.08(  63->  79)  0.08(  64->  74)
   98    8.783   141.2     0.0163   -36.5918     0.08(  49->  73)  0.06(  67->  88)  0.05(  63->  74)
   99    8.790   141.1     0.0005    -1.7814     0.73(  68->  74)  0.11(  68->  79)  0.03(  68->  75)
  100    8.799   140.9     0.0069   -30.3965     0.12(  71->  87)  0.05(  72->  86)  0.05(  69->  87)
  101    8.846   140.2     0.0286     7.7125     0.13(  72->  97)  0.11(  72->  98)  0.10(  66->  81)
  102    8.868   139.8     0.0063    -3.5894     0.20(  67->  81)  0.18(  66->  81)  0.07(  72->  98)
  103    8.882   139.6     0.0001     1.7141     0.34(  68->  93)  0.34(  68->  90)  0.04(  68->  94)
  104    8.893   139.4     0.0011     2.7186     0.18(  56->  75)  0.08(  56->  76)  0.07(  57->  76)
  105    8.901   139.3     0.0013    18.0323     0.11(  58->  76)  0.07(  57->  75)  0.07(  56->  76)
  106    8.917   139.0     0.0015    -1.1581     0.26(  71->  80)  0.06(  71->  84)  0.04(  71->  89)
  107    8.961   138.4     0.0057     0.4453     0.13(  70->  93)  0.11(  70->  95)  0.09(  70->  94)
  108    9.001   137.7     0.0005    -2.2534     0.32(  56->  77)  0.20(  65->  77)  0.06(  64->  77)
  109    9.041   137.1     0.0167   -41.4004     0.21(  52->  73)  0.06(  49->  73)  0.06(  52->  74)
  110    9.048   137.0     0.0232   -16.8111     0.08(  52->  73)  0.07(  72->  99)  0.05(  72->  97)
  111    9.057   136.9     0.0118    13.8057     0.16(  54->  77)  0.12(  55->  77)  0.06(  64->  84)
  112    9.088   136.4     0.0005     5.1283     0.41(  65->  77)  0.08(  63->  84)  0.07(  64->  84)
  113    9.134   135.7     0.0086    -4.9990     0.12(  60->  74)  0.06(  45->  73)  0.05(  69->  85)
  114    9.140   135.7     0.0116     5.8987     0.10(  56->  77)  0.09(  68->  93)  0.09(  68->  95)
  115    9.148   135.5     0.0001    -2.6659     0.11(  64->  77)  0.11(  65->  77)  0.11(  54->  77)
  116    9.165   135.3     0.0035     2.8159     0.07(  49->  73)  0.06(  57->  74)  0.06(  55->  74)
  117    9.184   135.0     0.0117     1.8007     0.07(  69->  80)  0.05(  72->  89)  0.04(  71->  89)
  118    9.195   134.8     0.0027   -18.0343     0.14(  54->  75)  0.11(  55->  75)  0.08(  54->  76)
  119    9.199   134.8     0.0007    11.7427     0.10(  66->  81)  0.08(  67->  87)  0.08(  67->  84)
  120    9.222   134.4     0.0101     4.8232     0.25(  65->  84)  0.21(  65->  81)  0.07(  65->  82)
  121    9.288   133.5     0.0106    -1.0335     0.14(  59->  73)  0.09(  64->  78)  0.07(  60->  74)
  122    9.301   133.3     0.0025   -12.3690     0.07(  67->  76)  0.06(  66->  76)  0.06(  67->  75)
  123    9.304   133.3     0.0026    -1.3667     0.19(  59->  73)  0.10(  67->  76)  0.08(  66->  76)
  124    9.312   133.1     0.0043    -1.6612     0.20(  59->  73)  0.04(  70->  96)  0.03(  63->  84)
  125    9.320   133.0     0.0014    11.0091     0.04(  72-> 100)  0.04(  72-> 104)  0.03(  69->  95)
  126    9.332   132.9     0.0008    -2.5028     0.13(  43->  73)  0.09(  58->  74)  0.08(  49->  73)
  127    9.342   132.7     0.0012    -6.3739     0.11(  59->  73)  0.10(  45->  73)  0.05(  64->  79)
  128    9.361   132.4     0.0097     5.9378     0.09(  60->  76)  0.05(  64->  79)  0.04(  60->  75)
  129    9.395   132.0     0.0147    -5.6924     0.09(  60->  76)  0.07(  53->  76)  0.06(  71->  88)
  130    9.416   131.7     0.0026     8.7234     0.08(  69->  85)  0.03(  69->  88)  0.03(  72->  84)
  131    9.418   131.6     0.0067    -4.1403     0.05(  69->  85)  0.05(  60->  76)  0.03(  71->  85)
  132    9.446   131.3     0.0022     0.5717     0.18(  68->  96)  0.11(  68->  84)  0.10(  68->  98)
  133    9.457   131.1     0.0012    -3.4316     0.47(  70->  79)  0.11(  69->  79)  0.09(  70->  74)
  134    9.478   130.8     0.0038   -46.6062     0.15(  51->  76)  0.10(  51->  75)  0.06(  57->  76)
  135    9.499   130.5     0.0172    29.4084     0.08(  53->  76)  0.07(  60->  79)  0.06(  53->  74)
  136    9.512   130.3     0.0399    14.5346     0.09(  64->  81)  0.06(  63->  81)  0.05(  61->  82)
  137    9.523   130.2     0.0945    32.3249     0.06(  64->  81)  0.03(  66->  84)  0.03(  63->  83)
  138    9.549   129.8     0.0514    40.2839     0.10(  63->  83)  0.09(  64->  83)  0.08(  59->  80)
  139    9.559   129.7     0.0193     2.7172     0.18(  59->  80)  0.09(  59->  78)  0.06(  61->  82)
  140    9.562   129.7     0.0021   -45.6085     0.15(  59->  80)  0.09(  61->  82)  0.07(  59->  78)
  141    9.589   129.3     0.0334    23.1106     0.09(  50->  73)  0.06(  72->  88)  0.04(  52->  73)
  142    9.615   128.9     0.0048   -10.4553     0.16(  50->  73)  0.08(  52->  73)  0.05(  43->  73)
  143    9.631   128.7     0.0020     5.8140     0.15(  61->  82)  0.03(  60->  81)  0.03(  71->  89)
  144    9.667   128.3     0.0079     4.0950     0.10(  40->  73)  0.06(  42->  73)  0.06(  47->  73)
  145    9.670   128.2     0.0078   -31.0719     0.22(  56->  73)  0.05(  61->  82)  0.03(  64->  86)
  146    9.687   128.0     0.0054     0.6582     0.11(  58->  79)  0.08(  38->  73)  0.05(  39->  73)
  147    9.694   127.9     0.0025    -5.1383     0.09(  56->  73)  0.04(  65->  86)  0.03(  65->  84)
  148    9.707   127.7     0.0094    -2.5040     0.12(  56->  73)  0.04(  65->  86)  0.04(  64->  86)
  149    9.712   127.7     0.0137   -12.7289     0.08(  63->  86)  0.05(  64->  86)  0.03(  71-> 102)
  150    9.720   127.6     0.0030    27.5266     0.08(  38->  73)  0.07(  56->  73)  0.06(  43->  73)
  151    9.743   127.2     0.0023    31.1740     0.09(  65->  86)  0.08(  43->  73)  0.06(  65->  83)
  152    9.752   127.1     0.0010    -8.2140     0.10(  43->  73)  0.08(  38->  73)  0.06(  40->  73)
  153    9.762   127.0     0.0001     0.0825     0.70(  68->  79)  0.13(  68->  78)  0.12(  68->  74)
  154    9.769   126.9     0.0103   -20.8222     0.16(  72->  91)  0.10(  67->  91)  0.06(  66->  91)
  155    9.778   126.8     0.0034    -3.2617     0.05(  70-> 100)  0.04(  72->  93)  0.04(  71->  93)
  156    9.793   126.6     0.0046    20.9055     0.04(  71->  83)  0.04(  72->  92)  0.03(  66->  85)
  157    9.808   126.4     0.0003     5.2889     0.22(  70-> 100)  0.09(  70->  99)  0.08(  69-> 100)
  158    9.813   126.3     0.0088    -5.5104     0.06(  43->  73)  0.04(  67->  91)  0.03(  70-> 100)
  159    9.833   126.1     0.0054    13.7823     0.09(  53->  76)  0.04(  60->  79)  0.04(  72->  96)
  160    9.842   126.0     0.0121    -2.2937     0.08(  66->  79)  0.07(  67->  92)  0.05(  66->  91)
  161    9.854   125.8     0.0085    -1.2875     0.10(  66->  92)  0.05(  67->  92)  0.03(  66->  85)
  162    9.870   125.6     0.0086    -5.6493     0.05(  67->  79)  0.04(  66->  79)  0.04(  65->  90)
  163    9.885   125.4     0.0033    -4.2159     0.08(  67->  75)  0.05(  67->  79)  0.05(  64->  75)
  164    9.887   125.4     0.0006    -5.7285     0.12(  67->  75)  0.10(  67->  76)  0.07(  66->  75)
  165    9.895   125.3     0.0005    -6.5435     0.08(  65->  90)  0.05(  65->  84)  0.05(  65->  87)
  166    9.906   125.2     0.0023    -2.1363     0.10(  64->  75)  0.10(  63->  75)  0.05(  64->  76)
  167    9.913   125.1     0.0049    -6.1261     0.22(  72->  91)  0.09(  67->  91)  0.05(  66->  91)
  168    9.924   124.9     0.0074    -5.7713     0.27(  54->  73)  0.18(  55->  73)  0.03(  67->  76)
  169    9.931   124.8     0.0078    -5.1378     0.11(  61->  74)  0.05(  61->  73)  0.02(  67->  79)
  170    9.940   124.7     0.0026    12.4819     0.05(  71->  97)  0.05(  72->  98)  0.04(  61->  74)
  171    9.957   124.5     0.0039    -3.6732     0.06(  72->  90)  0.04(  69->  94)  0.04(  72->  92)
  172    9.969   124.4     0.0079   -11.0866     0.12(  71->  83)  0.05(  53->  74)  0.05(  53->  79)
  173    9.973   124.3     0.0411   -23.3881     0.06(  53->  79)  0.05(  69->  82)  0.04(  71->  98)
  174    9.979   124.2     0.0010   -17.3000     0.30(  68-> 100)  0.11(  68->  99)  0.08(  68-> 105)
  175    9.999   124.0     0.0244    30.4141     0.06(  69->  82)  0.06(  60->  79)  0.04(  53->  79)

  alpha tensor

           1         2         3
 
    1 307.22003
    2  49.67840 120.36180
    3  24.40388  -8.09521  46.26622
 trace alpha_L[0] / au:   157.949349284765     
 sum rule f_L           6.60230489584811     
 
 SOS specific optical rotation 
 including Lorentz factor for common solvent (n=1.4)
 lambda [eV] alpha[grad*cm^3*g^-1*dm^-1]
 632.8  1.96     -154.17
 589.3  2.10     -188.60        0.00 ##
 579.0  2.14     -198.69
 546.0  2.27     -238.17
 436.0  2.84     -589.79
 365.0  3.40    -6942.68
 
 sTD-DFT done.
Mon 21 Mar 13:54:13 GMT 2022
